
[1m[46m RUN [49m[22m [36mv4.0.18 [39m[90mC:/My Script/auto-ai[39m

[33m[39m[32m·[39m[33m[39m[32m·[39m[33m[39m[32m·[39m[33m[39m[32m·[39m[33m[39m[32m·[39m[33m[39m[32m·[39m[90mstdout[2m | tests/unit/free-api-router.test.js[2m > [22m[2mFreeApiRouter[2m > [22m[2mConstructor[2m > [22m[2mshould initialize with custom options
[22m[39m[2m07:51:26[0m [36m🔵[0m [0m[38;5;208m[free-api-router.js][0m[0m[0m[33m[FreeRouter][0m[0m Session browser1:task1 -> API Key 2/2[0m
[2m07:51:26[0m [36m🔵[0m [0m[38;5;208m[free-api-router.js][0m[0m[0m[33m[FreeRouter][0m[0m Initialized for session: browser1:task1[0m
[2m07:51:26[0m [36m🔵[0m [0m[38;5;208m[free-api-router.js][0m[0m[0m[33m[FreeRouter][0m[0m API Keys: 2, Selected: 2[0m
[2m07:51:26[0m [36m🔵[0m [0m[38;5;208m[free-api-router.js][0m[0m[0m[33m[FreeRouter][0m[0m Primary model: test/model[0m
[2m07:51:26[0m [36m🔵[0m [0m[38;5;208m[free-api-router.js][0m[0m[0m[33m[FreeRouter][0m[0m Fallback models: 1[0m
[2m07:51:26[0m [36m🔵[0m [0m[38;5;208m[free-api-router.js][0m[0m[0m[33m[FreeRouter][0m[0m Timeout: default=30000ms, quick=10000ms[0m
[2m07:51:26[0m [36m🔵[0m [0m[38;5;208m[free-api-router.js][0m[0m[0m[33m[FreeRouter][0m[0m Proxy enabled: 2 proxies[0m
[2m07:51:26[0m [36m🔵[0m [0m[38;5;208m[free-api-router.js][0m[0m[0m[33m[FreeRouter][0m[0m Advanced features: CircuitBreaker, RateLimitTracker, RequestDedupe, ModelPerfTracker, ApiKeyTimeoutTracker[0m

[90mstdout[2m | tests/unit/free-api-router.test.js[2m > [22m[2mFreeApiRouter[2m > [22m[2mConstructor[2m > [22m[2mshould select API key based on session hash
[22m[39m[2m07:51:26[0m [36m🔵[0m [0m[38;5;208m[free-api-router.js][0m[0m[0m[33m[FreeRouter][0m[0m Session browser1:task1 -> API Key 2/3[0m
[2m07:51:26[0m [36m🔵[0m [0m[38;5;208m[free-api-router.js][0m[0m[0m[33m[FreeRouter][0m[0m Initialized for session: browser1:task1[0m
[2m07:51:26[0m [36m🔵[0m [0m[38;5;208m[free-api-router.js][0m[0m[0m[33m[FreeRouter][0m[0m API Keys: 3, Selected: 2[0m
[2m07:51:26[0m [36m🔵[0m [0m[38;5;208m[free-api-router.js][0m[0m[0m[33m[FreeRouter][0m[0m Primary model: anthropic/claude-3.5-sonnet:free[0m
[2m07:51:26[0m [36m🔵[0m [0m[38;5;208m[free-api-router.js][0m[0m[0m[33m[FreeRouter][0m[0m Fallback models: 0[0m
[2m07:51:26[0m [36m🔵[0m [0m[38;5;208m[free-api-router.js][0m[0m[0m[33m[FreeRouter][0m[0m Timeout: default=60000ms, quick=20000ms[0m
[2m07:51:26[0m [36m🔵[0m [0m[38;5;208m[free-api-router.js][0m[0m[0m[33m[FreeRouter][0m[0m Advanced features: CircuitBreaker, RateLimitTracker, RequestDedupe, ModelPerfTracker, ApiKeyTimeoutTracker[0m

[90mstdout[2m | tests/unit/free-api-router.test.js[2m > [22m[2mFreeApiRouter[2m > [22m[2mConstructor[2m > [22m[2mshould initialize modules when enabled
[22m[39m[2m07:51:26[0m [36m🔵[0m [0m[38;5;208m[free-api-router.js][0m[0m[0m[33m[FreeRouter][0m[0m Session default:default -> API Key 1/1[0m
[2m07:51:26[0m [36m🔵[0m [0m[38;5;208m[free-api-router.js][0m[0m[0m[33m[FreeRouter][0m[0m Initialized for session: default:default[0m
[2m07:51:26[0m [36m🔵[0m [0m[38;5;208m[free-api-router.js][0m[0m[0m[33m[FreeRouter][0m[0m API Keys: 1, Selected: 1[0m
[2m07:51:26[0m [36m🔵[0m [0m[38;5;208m[free-api-router.js][0m[0m[0m[33m[FreeRouter][0m[0m Primary model: anthropic/claude-3.5-sonnet:free[0m
[2m07:51:26[0m [36m🔵[0m [0m[38;5;208m[free-api-router.js][0m[0m[0m[33m[FreeRouter][0m[0m Fallback models: 0[0m
[2m07:51:26[0m [36m🔵[0m [0m[38;5;208m[free-api-router.js][0m[0m[0m[33m[FreeRouter][0m[0m Timeout: default=60000ms, quick=20000ms[0m
[2m07:51:26[0m [36m🔵[0m [0m[38;5;208m[free-api-router.js][0m[0m[0m[33m[FreeRouter][0m[0m Advanced features: CircuitBreaker, RateLimitTracker, RequestDedupe, ModelPerfTracker, ApiKeyTimeoutTracker[0m

[90mstdout[2m | tests/unit/free-api-router.test.js[2m > [22m[2mFreeApiRouter[2m > [22m[2msetTask[2m > [22m[2mshould update browserId and taskId
[22m[39m[2m07:51:26[0m [36m🔵[0m [0m[38;5;208m[free-api-router.js][0m[0m[0m[33m[FreeRouter][0m[0m Session changed: old-browser:old-task -> new-browser:new-task[0m
[2m07:51:26[0m [33m🟡[0m [0m[38;5;208m[free-api-router.js][0m[33m[0m[33m[FreeRouter][0m[33m No API keys configured[0m

[90mstdout[2m | tests/unit/free-api-router.test.js[2m > [22m[2mFreeApiRouter[2m > [22m[2m_parseProxy[2m > [22m[2mshould return null for invalid format
[22m[39m[2m07:51:26[0m [33m🟡[0m [0m[38;5;208m[free-api-router.js][0m[33m[0m[33m[FreeRouter][0m[33m Invalid proxy format: invalid[0m

[90mstdout[2m | tests/unit/free-api-router.test.js[2m > [22m[2mFreeApiRouter[2m > [22m[2mprocessRequest[2m > [22m[2mshould return cached response on dedupe hit
[22m[39m[2m07:51:26[0m [36m🔵[0m [0m[38;5;208m[free-api-router.js][0m[0m[0m[33m[FreeRouter][0m[0m Session default:default -> API Key 1/1[0m
[2m07:51:26[0m [36m🔵[0m [0m[38;5;208m[free-api-router.js][0m[0m[0m[33m[FreeRouter][0m[0m Initialized for session: default:default[0m
[2m07:51:26[0m [36m🔵[0m [0m[38;5;208m[free-api-router.js][0m[0m[0m[33m[FreeRouter][0m[0m API Keys: 1, Selected: 1[0m
[2m07:51:26[0m [36m🔵[0m [0m[38;5;208m[free-api-router.js][0m[0m[0m[33m[FreeRouter][0m[0m Primary model: test/model[0m
[2m07:51:26[0m [36m🔵[0m [0m[38;5;208m[free-api-router.js][0m[0m[0m[33m[FreeRouter][0m[0m Fallback models: 0[0m
[2m07:51:26[0m [36m🔵[0m [0m[38;5;208m[free-api-router.js][0m[0m[0m[33m[FreeRouter][0m[0m Timeout: default=60000ms, quick=20000ms[0m
[2m07:51:26[0m [36m🔵[0m [0m[38;5;208m[free-api-router.js][0m[0m[0m[33m[FreeRouter][0m[0m Advanced features: CircuitBreaker, RateLimitTracker, RequestDedupe, ModelPerfTracker, ApiKeyTimeoutTracker[0m
[2m07:51:26[0m [36m🔵[0m [0m[38;5;208m[free-api-router.js][0m[0m[0m[33m[FreeRouter][0m[0m Dedupe hit, returning cached response[0m

[90mstdout[2m | tests/unit/free-api-router.test.js[2m > [22m[2mFreeApiRouter[2m > [22m[2mprocessRequest[2m > [22m[2mshould make successful API call
[22m[39m[2m07:51:26[0m [36m🔵[0m [0m[38;5;208m[free-api-router.js][0m[0m[0m[33m[FreeRouter][0m[0m Session default:default -> API Key 1/1[0m
[2m07:51:26[0m [36m🔵[0m [0m[38;5;208m[free-api-router.js][0m[0m[0m[33m[FreeRouter][0m[0m Initialized for session: default:default[0m
[2m07:51:26[0m [36m🔵[0m [0m[38;5;208m[free-api-router.js][0m[0m[0m[33m[FreeRouter][0m[0m API Keys: 1, Selected: 1[0m
[2m07:51:26[0m [36m🔵[0m [0m[38;5;208m[free-api-router.js][0m[0m[0m[33m[FreeRouter][0m[0m Primary model: test/model[0m
[2m07:51:26[0m [36m🔵[0m [0m[38;5;208m[free-api-router.js][0m[0m[0m[33m[FreeRouter][0m[0m Fallback models: 0[0m
[2m07:51:26[0m [36m🔵[0m [0m[38;5;208m[free-api-router.js][0m[0m[0m[33m[FreeRouter][0m[0m Timeout: default=60000ms, quick=20000ms[0m
[2m07:51:26[0m [36m🔵[0m [0m[38;5;208m[free-api-router.js][0m[0m[0m[33m[FreeRouter][0m[0m Advanced features: CircuitBreaker, RateLimitTracker, RequestDedupe, ModelPerfTracker, ApiKeyTimeoutTracker[0m
[2m07:51:26[0m [36m🔵[0m [0m[38;5;208m[free-api-router.js][0m[0m[0m[33m[FreeRouter][0m[0m processRequest: calling _tryModelWithKey[0m
[2m07:51:26[0m [36m🔵[0m [0m[38;5;208m[free-api-router.js][0m[0m[0m[33m[FreeRouter][0m[0m No test results available, using 1 configured models[0m
[2m07:51:26[0m [36m🔵[0m [0m[38;5;208m[free-api-router.js][0m[0m[0m[33m[FreeRouter][0m[0m Attempt 1/3: Trying model test/model[0m
[2m07:51:26[0m [36m🔵[0m [0m[38;5;208m[free-api-router.js][0m[0m[0m[33m[FreeRouter][0m[0m _tryModelWithKey: model=test/model[0m
[2m07:51:26[0m [36m🔵[0m [0m[38;5;208m[free-api-router.js][0m[0m[0m[33m[FreeRouter][0m[0m _tryModelWithKey: proxy=null[0m
[2m07:51:26[0m [36m🔵[0m [0m[38;5;208m[free-api-router.js][0m[0m[0m[33m[FreeRouter][0m[0m _callDirect: starting request to test/model[0m

[90mstdout[2m | tests/unit/free-api-router.test.js[2m > [22m[2mFreeApiRouter[2m > [22m[2mprocessRequest[2m > [22m[2mshould make successful API call
[22m[39m[2m07:51:26[0m [90m⚪[0m [0m[38;5;208m[free-api-router.js][0m[0m[0m[33m[FreeRouter][0m[0m Response received [95m(13 chars)[0m[0m: test response...[0m

[90mstdout[2m | tests/unit/free-api-router.test.js[2m > [22m[2mFreeApiRouter[2m > [22m[2mprocessRequest[2m > [22m[2mshould make successful API call
[22m[39m[2m07:51:26[0m [90m⚪[0m [0m[38;5;208m[model-perf-tracker.js][0m[0m[0m[33m[ModelPerfTracker][0m[0m test/model::test-key success [95m(1/1, 2ms avg)[0m[0m[0m
[2m07:51:26[0m [90m⚪[0m [0m[38;5;208m[request-dedupe.js][0m[0m[0m[33m[RequestDedupe][0m[0m Cached response for key 4daae485[0m

[90mstdout[2m | tests/unit/free-api-router.test.js[2m > [22m[2mFreeApiRouter[2m > [22m[2mprocessRequest[2m > [22m[2mshould handle API error with rate limiting
[22m[39m[2m07:51:26[0m [36m🔵[0m [0m[38;5;208m[free-api-router.js][0m[0m[0m[33m[FreeRouter][0m[0m Session default:default -> API Key 1/1[0m
[2m07:51:26[0m [36m🔵[0m [0m[38;5;208m[free-api-router.js][0m[0m[0m[33m[FreeRouter][0m[0m Initialized for session: default:default[0m
[2m07:51:26[0m [36m🔵[0m [0m[38;5;208m[free-api-router.js][0m[0m[0m[33m[FreeRouter][0m[0m API Keys: 1, Selected: 1[0m
[2m07:51:26[0m [36m🔵[0m [0m[38;5;208m[free-api-router.js][0m[0m[0m[33m[FreeRouter][0m[0m Primary model: test/model[0m
[2m07:51:26[0m [36m🔵[0m [0m[38;5;208m[free-api-router.js][0m[0m[0m[33m[FreeRouter][0m[0m Fallback models: 0[0m
[2m07:51:26[0m [36m🔵[0m [0m[38;5;208m[free-api-router.js][0m[0m[0m[33m[FreeRouter][0m[0m Timeout: default=60000ms, quick=20000ms[0m
[2m07:51:26[0m [36m🔵[0m [0m[38;5;208m[free-api-router.js][0m[0m[0m[33m[FreeRouter][0m[0m Advanced features: CircuitBreaker, RateLimitTracker, RequestDedupe, ModelPerfTracker, ApiKeyTimeoutTracker[0m
[2m07:51:26[0m [36m🔵[0m [0m[38;5;208m[free-api-router.js][0m[0m[0m[33m[FreeRouter][0m[0m _tryModelWithKey: model=test/model[0m
[2m07:51:26[0m [36m🔵[0m [0m[38;5;208m[free-api-router.js][0m[0m[0m[33m[FreeRouter][0m[0m _tryModelWithKey: proxy=null[0m
[2m07:51:26[0m [36m🔵[0m [0m[38;5;208m[free-api-router.js][0m[0m[0m[33m[FreeRouter][0m[0m _callDirect: starting request to test/model[0m

[90mstdout[2m | tests/unit/free-api-router.test.js[2m > [22m[2mFreeApiRouter[2m > [22m[2mprocessRequest[2m > [22m[2mshould handle network error gracefully
[22m[39m[2m07:51:26[0m [36m🔵[0m [0m[38;5;208m[free-api-router.js][0m[0m[0m[33m[FreeRouter][0m[0m Session default:default -> API Key 1/1[0m
[2m07:51:26[0m [36m🔵[0m [0m[38;5;208m[free-api-router.js][0m[0m[0m[33m[FreeRouter][0m[0m Initialized for session: default:default[0m
[2m07:51:26[0m [36m🔵[0m [0m[38;5;208m[free-api-router.js][0m[0m[0m[33m[FreeRouter][0m[0m API Keys: 1, Selected: 1[0m
[2m07:51:26[0m [36m🔵[0m [0m[38;5;208m[free-api-router.js][0m[0m[0m[33m[FreeRouter][0m[0m Primary model: test/model[0m
[2m07:51:26[0m [36m🔵[0m [0m[38;5;208m[free-api-router.js][0m[0m[0m[33m[FreeRouter][0m[0m Fallback models: 0[0m
[2m07:51:26[0m [36m🔵[0m [0m[38;5;208m[free-api-router.js][0m[0m[0m[33m[FreeRouter][0m[0m Timeout: default=60000ms, quick=20000ms[0m
[2m07:51:26[0m [36m🔵[0m [0m[38;5;208m[free-api-router.js][0m[0m[0m[33m[FreeRouter][0m[0m Advanced features: CircuitBreaker, RateLimitTracker, RequestDedupe, ModelPerfTracker, ApiKeyTimeoutTracker[0m
[2m07:51:26[0m [36m🔵[0m [0m[38;5;208m[free-api-router.js][0m[0m[0m[33m[FreeRouter][0m[0m _tryModelWithKey: model=test/model[0m
[2m07:51:26[0m [36m🔵[0m [0m[38;5;208m[free-api-router.js][0m[0m[0m[33m[FreeRouter][0m[0m _tryModelWithKey: proxy=null[0m
[2m07:51:26[0m [36m🔵[0m [0m[38;5;208m[free-api-router.js][0m[0m[0m[33m[FreeRouter][0m[0m _callDirect: starting request to test/model[0m

[90mstdout[2m | tests/unit/free-api-router.test.js[2m > [22m[2mFreeApiRouter[2m > [22m[2mprocessRequest[2m > [22m[2mshould track stats correctly
[22m[39m[2m07:51:26[0m [36m🔵[0m [0m[38;5;208m[free-api-router.js][0m[0m[0m[33m[FreeRouter][0m[0m Session default:default -> API Key 1/1[0m
[2m07:51:26[0m [36m🔵[0m [0m[38;5;208m[free-api-router.js][0m[0m[0m[33m[FreeRouter][0m[0m Initialized for session: default:default[0m
[2m07:51:26[0m [36m🔵[0m [0m[38;5;208m[free-api-router.js][0m[0m[0m[33m[FreeRouter][0m[0m API Keys: 1, Selected: 1[0m
[2m07:51:26[0m [36m🔵[0m [0m[38;5;208m[free-api-router.js][0m[0m[0m[33m[FreeRouter][0m[0m Primary model: test/model[0m
[2m07:51:26[0m [36m🔵[0m [0m[38;5;208m[free-api-router.js][0m[0m[0m[33m[FreeRouter][0m[0m Fallback models: 0[0m
[2m07:51:26[0m [36m🔵[0m [0m[38;5;208m[free-api-router.js][0m[0m[0m[33m[FreeRouter][0m[0m Timeout: default=60000ms, quick=20000ms[0m
[2m07:51:26[0m [36m🔵[0m [0m[38;5;208m[free-api-router.js][0m[0m[0m[33m[FreeRouter][0m[0m Advanced features: CircuitBreaker, RateLimitTracker, RequestDedupe, ModelPerfTracker, ApiKeyTimeoutTracker[0m
[2m07:51:26[0m [36m🔵[0m [0m[38;5;208m[free-api-router.js][0m[0m[0m[33m[FreeRouter][0m[0m processRequest: calling _tryModelWithKey[0m
[2m07:51:26[0m [36m🔵[0m [0m[38;5;208m[free-api-router.js][0m[0m[0m[33m[FreeRouter][0m[0m No test results available, using 1 configured models[0m
[2m07:51:26[0m [36m🔵[0m [0m[38;5;208m[free-api-router.js][0m[0m[0m[33m[FreeRouter][0m[0m Attempt 1/3: Trying model test/model[0m
[2m07:51:26[0m [36m🔵[0m [0m[38;5;208m[free-api-router.js][0m[0m[0m[33m[FreeRouter][0m[0m _tryModelWithKey: model=test/model[0m
[2m07:51:26[0m [36m🔵[0m [0m[38;5;208m[free-api-router.js][0m[0m[0m[33m[FreeRouter][0m[0m _tryModelWithKey: proxy=null[0m
[2m07:51:26[0m [36m🔵[0m [0m[38;5;208m[free-api-router.js][0m[0m[0m[33m[FreeRouter][0m[0m _callDirect: starting request to test/model[0m

[90mstdout[2m | tests/unit/free-api-router.test.js[2m > [22m[2mFreeApiRouter[2m > [22m[2mprocessRequest[2m > [22m[2mshould track stats correctly
[22m[39m[2m07:51:26[0m [90m⚪[0m [0m[38;5;208m[free-api-router.js][0m[0m[0m[33m[FreeRouter][0m[0m Response received [95m(8 chars)[0m[0m: response...[0m

[90mstdout[2m | tests/unit/free-api-router.test.js[2m > [22m[2mFreeApiRouter[2m > [22m[2mprocessRequest[2m > [22m[2mshould track stats correctly
[22m[39m[2m07:51:26[0m [90m⚪[0m [0m[38;5;208m[model-perf-tracker.js][0m[0m[0m[33m[ModelPerfTracker][0m[0m test/model::test-key success [95m(1/1, 2ms avg)[0m[0m[0m
[2m07:51:26[0m [90m⚪[0m [0m[38;5;208m[request-dedupe.js][0m[0m[0m[33m[RequestDedupe][0m[0m Cached response for key 4daae485[0m

[90mstdout[2m | tests/unit/free-api-router.test.js[2m > [22m[2mFreeApiRouter[2m > [22m[2m_tryModelWithKey[2m > [22m[2mshould select proxy and call appropriate method
[22m[39m[2m07:51:26[0m [36m🔵[0m [0m[38;5;208m[free-api-router.js][0m[0m[0m[33m[FreeRouter][0m[0m Session default:default -> API Key 1/1[0m
[2m07:51:26[0m [36m🔵[0m [0m[38;5;208m[free-api-router.js][0m[0m[0m[33m[FreeRouter][0m[0m Initialized for session: default:default[0m
[2m07:51:26[0m [36m🔵[0m [0m[38;5;208m[free-api-router.js][0m[0m[0m[33m[FreeRouter][0m[0m API Keys: 1, Selected: 1[0m
[2m07:51:26[0m [36m🔵[0m [0m[38;5;208m[free-api-router.js][0m[0m[0m[33m[FreeRouter][0m[0m Primary model: test/model[0m
[2m07:51:26[0m [36m🔵[0m [0m[38;5;208m[free-api-router.js][0m[0m[0m[33m[FreeRouter][0m[0m Fallback models: 0[0m
[2m07:51:26[0m [36m🔵[0m [0m[38;5;208m[free-api-router.js][0m[0m[0m[33m[FreeRouter][0m[0m Timeout: default=60000ms, quick=20000ms[0m
[2m07:51:26[0m [36m🔵[0m [0m[38;5;208m[free-api-router.js][0m[0m[0m[33m[FreeRouter][0m[0m Proxy enabled: 1 proxies[0m
[2m07:51:26[0m [36m🔵[0m [0m[38;5;208m[free-api-router.js][0m[0m[0m[33m[FreeRouter][0m[0m Advanced features: CircuitBreaker, RateLimitTracker, RequestDedupe, ModelPerfTracker, ApiKeyTimeoutTracker[0m
[2m07:51:26[0m [36m🔵[0m [0m[38;5;208m[free-api-router.js][0m[0m[0m[33m[FreeRouter][0m[0m _tryModelWithKey: model=test/model[0m
[2m07:51:26[0m [36m🔵[0m [0m[38;5;208m[free-api-router.js][0m[0m[0m[33m[FreeRouter][0m[0m _tryModelWithKey: proxy=proxy:8080[0m

[90mstdout[2m | tests/unit/free-api-router.test.js[2m > [22m[2mFreeApiRouter[2m > [22m[2m_callDirect[2m > [22m[2mshould make direct API call
[22m[39m[2m07:51:26[0m [36m🔵[0m [0m[38;5;208m[free-api-router.js][0m[0m[0m[33m[FreeRouter][0m[0m Session default:default -> API Key 1/1[0m
[2m07:51:26[0m [36m🔵[0m [0m[38;5;208m[free-api-router.js][0m[0m[0m[33m[FreeRouter][0m[0m Initialized for session: default:default[0m
[2m07:51:26[0m [36m🔵[0m [0m[38;5;208m[free-api-router.js][0m[0m[0m[33m[FreeRouter][0m[0m API Keys: 1, Selected: 1[0m
[2m07:51:26[0m [36m🔵[0m [0m[38;5;208m[free-api-router.js][0m[0m[0m[33m[FreeRouter][0m[0m Primary model: anthropic/claude-3.5-sonnet:free[0m
[2m07:51:26[0m [36m🔵[0m [0m[38;5;208m[free-api-router.js][0m[0m[0m[33m[FreeRouter][0m[0m Fallback models: 0[0m
[2m07:51:26[0m [36m🔵[0m [0m[38;5;208m[free-api-router.js][0m[0m[0m[33m[FreeRouter][0m[0m Timeout: default=60000ms, quick=20000ms[0m
[2m07:51:26[0m [36m🔵[0m [0m[38;5;208m[free-api-router.js][0m[0m[0m[33m[FreeRouter][0m[0m Advanced features: CircuitBreaker, RateLimitTracker, RequestDedupe, ModelPerfTracker, ApiKeyTimeoutTracker[0m
[2m07:51:26[0m [36m🔵[0m [0m[38;5;208m[free-api-router.js][0m[0m[0m[33m[FreeRouter][0m[0m _callDirect: starting request to test[0m

[90mstdout[2m | tests/unit/free-api-router.test.js[2m > [22m[2mFreeApiRouter[2m > [22m[2m_callDirect[2m > [22m[2mshould make direct API call
[22m[39m[2m07:51:26[0m [90m⚪[0m [0m[38;5;208m[free-api-router.js][0m[0m[0m[33m[FreeRouter][0m[0m Response received [95m(15 chars)[0m[0m: direct response...[0m

[90mstdout[2m | tests/unit/free-api-router.test.js[2m > [22m[2mFreeApiRouter[2m > [22m[2m_callDirect[2m > [22m[2mshould handle timeout
[22m[39m[2m07:51:26[0m [36m🔵[0m [0m[38;5;208m[free-api-router.js][0m[0m[0m[33m[FreeRouter][0m[0m Session default:default -> API Key 1/1[0m
[2m07:51:26[0m [36m🔵[0m [0m[38;5;208m[free-api-router.js][0m[0m[0m[33m[FreeRouter][0m[0m Initialized for session: default:default[0m
[2m07:51:26[0m [36m🔵[0m [0m[38;5;208m[free-api-router.js][0m[0m[0m[33m[FreeRouter][0m[0m API Keys: 1, Selected: 1[0m
[2m07:51:26[0m [36m🔵[0m [0m[38;5;208m[free-api-router.js][0m[0m[0m[33m[FreeRouter][0m[0m Primary model: anthropic/claude-3.5-sonnet:free[0m
[2m07:51:26[0m [36m🔵[0m [0m[38;5;208m[free-api-router.js][0m[0m[0m[33m[FreeRouter][0m[0m Fallback models: 0[0m
[2m07:51:26[0m [36m🔵[0m [0m[38;5;208m[free-api-router.js][0m[0m[0m[33m[FreeRouter][0m[0m Timeout: default=60000ms, quick=20000ms[0m
[2m07:51:26[0m [36m🔵[0m [0m[38;5;208m[free-api-router.js][0m[0m[0m[33m[FreeRouter][0m[0m Advanced features: CircuitBreaker, RateLimitTracker, RequestDedupe, ModelPerfTracker, ApiKeyTimeoutTracker[0m
[2m07:51:26[0m [36m🔵[0m [0m[38;5;208m[free-api-router.js][0m[0m[0m[33m[FreeRouter][0m[0m _callDirect: starting request to test[0m

[90mstdout[2m | tests/unit/free-api-router.test.js[2m > [22m[2mFreeApiRouter[2m > [22m[2m_callDirect[2m > [22m[2mshould handle non-ok response
[22m[39m[2m07:51:26[0m [36m🔵[0m [0m[38;5;208m[free-api-router.js][0m[0m[0m[33m[FreeRouter][0m[0m Session default:default -> API Key 1/1[0m
[2m07:51:26[0m [36m🔵[0m [0m[38;5;208m[free-api-router.js][0m[0m[0m[33m[FreeRouter][0m[0m Initialized for session: default:default[0m
[2m07:51:26[0m [36m🔵[0m [0m[38;5;208m[free-api-router.js][0m[0m[0m[33m[FreeRouter][0m[0m API Keys: 1, Selected: 1[0m
[2m07:51:26[0m [36m🔵[0m [0m[38;5;208m[free-api-router.js][0m[0m[0m[33m[FreeRouter][0m[0m Primary model: anthropic/claude-3.5-sonnet:free[0m
[2m07:51:26[0m [36m🔵[0m [0m[38;5;208m[free-api-router.js][0m[0m[0m[33m[FreeRouter][0m[0m Fallback models: 0[0m
[2m07:51:26[0m [36m🔵[0m [0m[38;5;208m[free-api-router.js][0m[0m[0m[33m[FreeRouter][0m[0m Timeout: default=60000ms, quick=20000ms[0m
[2m07:51:26[0m [36m🔵[0m [0m[38;5;208m[free-api-router.js][0m[0m[0m[33m[FreeRouter][0m[0m Advanced features: CircuitBreaker, RateLimitTracker, RequestDedupe, ModelPerfTracker, ApiKeyTimeoutTracker[0m
[2m07:51:26[0m [36m🔵[0m [0m[38;5;208m[free-api-router.js][0m[0m[0m[33m[FreeRouter][0m[0m _callDirect: starting request to test[0m

[90mstdout[2m | tests/unit/free-api-router.test.js[2m > [22m[2mFreeApiRouter[2m > [22m[2mError handling[2m > [22m[2mshould handle empty messages array
[22m[39m[2m07:51:26[0m [36m🔵[0m [0m[38;5;208m[free-api-router.js][0m[0m[0m[33m[FreeRouter][0m[0m Session default:default -> API Key 1/1[0m
[2m07:51:26[0m [36m🔵[0m [0m[38;5;208m[free-api-router.js][0m[0m[0m[33m[FreeRouter][0m[0m Initialized for session: default:default[0m
[2m07:51:26[0m [36m🔵[0m [0m[38;5;208m[free-api-router.js][0m[0m[0m[33m[FreeRouter][0m[0m API Keys: 1, Selected: 1[0m
[2m07:51:26[0m [36m🔵[0m [0m[38;5;208m[free-api-router.js][0m[0m[0m[33m[FreeRouter][0m[0m Primary model: test/model[0m
[2m07:51:26[0m [36m🔵[0m [0m[38;5;208m[free-api-router.js][0m[0m[0m[33m[FreeRouter][0m[0m Fallback models: 0[0m
[2m07:51:26[0m [36m🔵[0m [0m[38;5;208m[free-api-router.js][0m[0m[0m[33m[FreeRouter][0m[0m Timeout: default=60000ms, quick=20000ms[0m
[2m07:51:26[0m [36m🔵[0m [0m[38;5;208m[free-api-router.js][0m[0m[0m[33m[FreeRouter][0m[0m Advanced features: CircuitBreaker, RateLimitTracker, RequestDedupe, ModelPerfTracker, ApiKeyTimeoutTracker[0m
[2m07:51:26[0m [36m🔵[0m [0m[38;5;208m[free-api-router.js][0m[0m[0m[33m[FreeRouter][0m[0m processRequest: calling _tryModelWithKey[0m
[2m07:51:26[0m [36m🔵[0m [0m[38;5;208m[free-api-router.js][0m[0m[0m[33m[FreeRouter][0m[0m No test results available, using 1 configured models[0m
[2m07:51:26[0m [36m🔵[0m [0m[38;5;208m[free-api-router.js][0m[0m[0m[33m[FreeRouter][0m[0m Attempt 1/3: Trying model test/model[0m
[2m07:51:26[0m [36m🔵[0m [0m[38;5;208m[free-api-router.js][0m[0m[0m[33m[FreeRouter][0m[0m _tryModelWithKey: model=test/model[0m
[2m07:51:26[0m [36m🔵[0m [0m[38;5;208m[free-api-router.js][0m[0m[0m[33m[FreeRouter][0m[0m _tryModelWithKey: proxy=null[0m
[2m07:51:26[0m [36m🔵[0m [0m[38;5;208m[free-api-router.js][0m[0m[0m[33m[FreeRouter][0m[0m _callDirect: starting request to test/model[0m

[90mstdout[2m | tests/unit/free-api-router.test.js[2m > [22m[2mFreeApiRouter[2m > [22m[2mError handling[2m > [22m[2mshould handle empty messages array
[22m[39m[2m07:51:26[0m [90m⚪[0m [0m[38;5;208m[free-api-router.js][0m[0m[0m[33m[FreeRouter][0m[0m Response received [95m(8 chars)[0m[0m: response...[0m

[90mstdout[2m | tests/unit/free-api-router.test.js[2m > [22m[2mFreeApiRouter[2m > [22m[2mError handling[2m > [22m[2mshould handle empty messages array
[22m[39m[2m07:51:26[0m [90m⚪[0m [0m[38;5;208m[model-perf-tracker.js][0m[0m[0m[33m[ModelPerfTracker][0m[0m test/model::test-key success [95m(1/1, 1ms avg)[0m[0m[0m
[2m07:51:26[0m [90m⚪[0m [0m[38;5;208m[request-dedupe.js][0m[0m[0m[33m[RequestDedupe][0m[0m Cached response for key 618642e2[0m

[90mstdout[2m | tests/unit/free-api-router.test.js[2m > [22m[2mFreeApiRouter[2m > [22m[2mError handling[2m > [22m[2mshould use default values for optional params
[22m[39m[2m07:51:26[0m [36m🔵[0m [0m[38;5;208m[free-api-router.js][0m[0m[0m[33m[FreeRouter][0m[0m Session default:default -> API Key 1/1[0m
[2m07:51:26[0m [36m🔵[0m [0m[38;5;208m[free-api-router.js][0m[0m[0m[33m[FreeRouter][0m[0m Initialized for session: default:default[0m
[2m07:51:26[0m [36m🔵[0m [0m[38;5;208m[free-api-router.js][0m[0m[0m[33m[FreeRouter][0m[0m API Keys: 1, Selected: 1[0m
[2m07:51:26[0m [36m🔵[0m [0m[38;5;208m[free-api-router.js][0m[0m[0m[33m[FreeRouter][0m[0m Primary model: test/model[0m
[2m07:51:26[0m [36m🔵[0m [0m[38;5;208m[free-api-router.js][0m[0m[0m[33m[FreeRouter][0m[0m Fallback models: 0[0m
[2m07:51:26[0m [36m🔵[0m [0m[38;5;208m[free-api-router.js][0m[0m[0m[33m[FreeRouter][0m[0m Timeout: default=60000ms, quick=20000ms[0m
[2m07:51:26[0m [36m🔵[0m [0m[38;5;208m[free-api-router.js][0m[0m[0m[33m[FreeRouter][0m[0m Advanced features: CircuitBreaker, RateLimitTracker, RequestDedupe, ModelPerfTracker, ApiKeyTimeoutTracker[0m
[2m07:51:26[0m [36m🔵[0m [0m[38;5;208m[free-api-router.js][0m[0m[0m[33m[FreeRouter][0m[0m processRequest: calling _tryModelWithKey[0m
[2m07:51:26[0m [36m🔵[0m [0m[38;5;208m[free-api-router.js][0m[0m[0m[33m[FreeRouter][0m[0m No test results available, using 1 configured models[0m
[2m07:51:26[0m [36m🔵[0m [0m[38;5;208m[free-api-router.js][0m[0m[0m[33m[FreeRouter][0m[0m Attempt 1/3: Trying model test/model[0m
[2m07:51:26[0m [36m🔵[0m [0m[38;5;208m[free-api-router.js][0m[0m[0m[33m[FreeRouter][0m[0m _tryModelWithKey: model=test/model[0m
[2m07:51:26[0m [36m🔵[0m [0m[38;5;208m[free-api-router.js][0m[0m[0m[33m[FreeRouter][0m[0m _tryModelWithKey: proxy=null[0m
[2m07:51:26[0m [36m🔵[0m [0m[38;5;208m[free-api-router.js][0m[0m[0m[33m[FreeRouter][0m[0m _callDirect: starting request to test/model[0m

[90mstdout[2m | tests/unit/free-api-router.test.js[2m > [22m[2mFreeApiRouter[2m > [22m[2mError handling[2m > [22m[2mshould use default values for optional params
[22m[39m[2m07:51:26[0m [90m⚪[0m [0m[38;5;208m[free-api-router.js][0m[0m[0m[33m[FreeRouter][0m[0m Response received [95m(8 chars)[0m[0m: response...[0m

[90mstdout[2m | tests/unit/free-api-router.test.js[2m > [22m[2mFreeApiRouter[2m > [22m[2mError handling[2m > [22m[2mshould use default values for optional params
[22m[39m[2m07:51:26[0m [90m⚪[0m [0m[38;5;208m[model-perf-tracker.js][0m[0m[0m[33m[ModelPerfTracker][0m[0m test/model::test-key success [95m(1/1, 2ms avg)[0m[0m[0m
[2m07:51:26[0m [90m⚪[0m [0m[38;5;208m[request-dedupe.js][0m[0m[0m[33m[RequestDedupe][0m[0m Cached response for key 4daae485[0m

[90mstdout[2m | tests/unit/free-api-router.test.js[2m > [22m[2mFreeApiRouter[2m > [22m[2mEdge cases[2m > [22m[2mshould handle missing API keys gracefully
[22m[39m[2m07:51:26[0m [33m🟡[0m [0m[38;5;208m[free-api-router.js][0m[33m[0m[33m[FreeRouter][0m[33m No API keys configured[0m
[2m07:51:26[0m [36m🔵[0m [0m[38;5;208m[free-api-router.js][0m[0m[0m[33m[FreeRouter][0m[0m Initialized for session: default:default[0m
[2m07:51:26[0m [36m🔵[0m [0m[38;5;208m[free-api-router.js][0m[0m[0m[33m[FreeRouter][0m[0m API Keys: 0, Selected: 0[0m
[2m07:51:26[0m [36m🔵[0m [0m[38;5;208m[free-api-router.js][0m[0m[0m[33m[FreeRouter][0m[0m Primary model: anthropic/claude-3.5-sonnet:free[0m
[2m07:51:26[0m [36m🔵[0m [0m[38;5;208m[free-api-router.js][0m[0m[0m[33m[FreeRouter][0m[0m Fallback models: 0[0m
[2m07:51:26[0m [36m🔵[0m [0m[38;5;208m[free-api-router.js][0m[0m[0m[33m[FreeRouter][0m[0m Timeout: default=60000ms, quick=20000ms[0m
[2m07:51:26[0m [36m🔵[0m [0m[38;5;208m[free-api-router.js][0m[0m[0m[33m[FreeRouter][0m[0m Advanced features: CircuitBreaker, RateLimitTracker, RequestDedupe, ModelPerfTracker, ApiKeyTimeoutTracker[0m
[2m07:51:26[0m [36m🔵[0m [0m[38;5;208m[free-api-router.js][0m[0m[0m[33m[FreeRouter][0m[0m processRequest: calling _tryModelWithKey[0m
[2m07:51:26[0m [36m🔵[0m [0m[38;5;208m[free-api-router.js][0m[0m[0m[33m[FreeRouter][0m[0m No test results available, using 1 configured models[0m
[2m07:51:26[0m [36m🔵[0m [0m[38;5;208m[free-api-router.js][0m[0m[0m[33m[FreeRouter][0m[0m Attempt 1/3: Trying model anthropic/claude-3.5-sonnet:free[0m
[2m07:51:26[0m [36m🔵[0m [0m[38;5;208m[free-api-router.js][0m[0m[0m[33m[FreeRouter][0m[0m _tryModelWithKey: model=anthropic/claude-3.5-sonnet:free[0m
[2m07:51:26[0m [36m🔵[0m [0m[38;5;208m[free-api-router.js][0m[0m[0m[33m[FreeRouter][0m[0m _tryModelWithKey: proxy=null[0m
[2m07:51:26[0m [36m🔵[0m [0m[38;5;208m[free-api-router.js][0m[0m[0m[33m[FreeRouter][0m[0m _callDirect: starting request to anthropic/claude-3.5-sonnet:free[0m

[90mstdout[2m | tests/unit/free-api-router.test.js[2m > [22m[2mFreeApiRouter[2m > [22m[2mEdge cases[2m > [22m[2mshould handle missing API keys gracefully
[22m[39m[2m07:51:26[0m [33m🟡[0m [0m[38;5;208m[free-api-router.js][0m[33m[0m[33m[FreeRouter][0m[33m Model anthropic/claude-3.5-sonnet:free failed: Cannot read properties of undefined [95m(reading 'ok')[0m[33m[0m
[2m07:51:26[0m [90m⚪[0m [0m[38;5;208m[model-perf-tracker.js][0m[0m[0m[33m[ModelPerfTracker][0m[0m anthropic/claude-3.5-sonnet:free failure [95m(1/1, error: Cannot read properties of undefined (reading 'ok')[0m[0m...)[0m

[90mstdout[2m | tests/unit/free-api-router.test.js[2m > [22m[2mFreeApiRouter[2m > [22m[2mEdge cases[2m > [22m[2mshould handle fallback models when primary fails
[22m[39m[2m07:51:26[0m [36m🔵[0m [0m[38;5;208m[free-api-router.js][0m[0m[0m[33m[FreeRouter][0m[0m Session default:default -> API Key 1/1[0m
[2m07:51:26[0m [36m🔵[0m [0m[38;5;208m[free-api-router.js][0m[0m[0m[33m[FreeRouter][0m[0m Initialized for session: default:default[0m
[2m07:51:26[0m [36m🔵[0m [0m[38;5;208m[free-api-router.js][0m[0m[0m[33m[FreeRouter][0m[0m API Keys: 1, Selected: 1[0m
[2m07:51:26[0m [36m🔵[0m [0m[38;5;208m[free-api-router.js][0m[0m[0m[33m[FreeRouter][0m[0m Primary model: primary/model[0m
[2m07:51:26[0m [36m🔵[0m [0m[38;5;208m[free-api-router.js][0m[0m[0m[33m[FreeRouter][0m[0m Fallback models: 1[0m
[2m07:51:26[0m [36m🔵[0m [0m[38;5;208m[free-api-router.js][0m[0m[0m[33m[FreeRouter][0m[0m Timeout: default=60000ms, quick=20000ms[0m
[2m07:51:26[0m [36m🔵[0m [0m[38;5;208m[free-api-router.js][0m[0m[0m[33m[FreeRouter][0m[0m Advanced features: CircuitBreaker, RateLimitTracker, RequestDedupe, ModelPerfTracker, ApiKeyTimeoutTracker[0m
[2m07:51:26[0m [36m🔵[0m [0m[38;5;208m[free-api-router.js][0m[0m[0m[33m[FreeRouter][0m[0m processRequest: calling _tryModelWithKey[0m
[2m07:51:26[0m [36m🔵[0m [0m[38;5;208m[free-api-router.js][0m[0m[0m[33m[FreeRouter][0m[0m No test results available, using 2 configured models[0m
[2m07:51:26[0m [36m🔵[0m [0m[38;5;208m[free-api-router.js][0m[0m[0m[33m[FreeRouter][0m[0m Attempt 1/3: Trying model primary/model[0m
[2m07:51:26[0m [36m🔵[0m [0m[38;5;208m[free-api-router.js][0m[0m[0m[33m[FreeRouter][0m[0m _tryModelWithKey: model=primary/model[0m
[2m07:51:26[0m [36m🔵[0m [0m[38;5;208m[free-api-router.js][0m[0m[0m[33m[FreeRouter][0m[0m _tryModelWithKey: proxy=null[0m
[2m07:51:26[0m [36m🔵[0m [0m[38;5;208m[free-api-router.js][0m[0m[0m[33m[FreeRouter][0m[0m _callDirect: starting request to primary/model[0m

[90mstdout[2m | tests/unit/free-api-router.test.js[2m > [22m[2mFreeApiRouter[2m > [22m[2mEdge cases[2m > [22m[2mshould handle fallback models when primary fails
[22m[39m[2m07:51:26[0m [33m🟡[0m [0m[38;5;208m[free-api-router.js][0m[33m[0m[33m[FreeRouter][0m[33m Model primary/model failed: Error[0m
[2m07:51:26[0m [90m⚪[0m [0m[38;5;208m[model-perf-tracker.js][0m[0m[0m[33m[ModelPerfTracker][0m[0m primary/model::test-key failure [95m(1/1, error: Error...)[0m[0m[0m
[2m07:51:26[0m [36m🔵[0m [0m[38;5;208m[free-api-router.js][0m[0m[0m[33m[FreeRouter][0m[0m Moving to next model. Progress: 1/3 attempts used, 1 models remaining[0m
[2m07:51:26[0m [36m🔵[0m [0m[38;5;208m[free-api-router.js][0m[0m[0m[33m[FreeRouter][0m[0m Attempt 2/3: Trying model fallback/model[0m
[2m07:51:26[0m [36m🔵[0m [0m[38;5;208m[free-api-router.js][0m[0m[0m[33m[FreeRouter][0m[0m _tryModelWithKey: model=fallback/model[0m
[2m07:51:26[0m [36m🔵[0m [0m[38;5;208m[free-api-router.js][0m[0m[0m[33m[FreeRouter][0m[0m _tryModelWithKey: proxy=null[0m
[2m07:51:26[0m [36m🔵[0m [0m[38;5;208m[free-api-router.js][0m[0m[0m[33m[FreeRouter][0m[0m _callDirect: starting request to fallback/model[0m

[90mstdout[2m | tests/unit/free-api-router.test.js[2m > [22m[2mFreeApiRouter[2m > [22m[2mEdge cases[2m > [22m[2mshould handle fallback models when primary fails
[22m[39m[2m07:51:26[0m [90m⚪[0m [0m[38;5;208m[free-api-router.js][0m[0m[0m[33m[FreeRouter][0m[0m Response received [95m(17 chars)[0m[0m: fallback response...[0m

[90mstdout[2m | tests/unit/free-api-router.test.js[2m > [22m[2mFreeApiRouter[2m > [22m[2mEdge cases[2m > [22m[2mshould handle fallback models when primary fails
[22m[39m[2m07:51:26[0m [90m⚪[0m [0m[38;5;208m[model-perf-tracker.js][0m[0m[0m[33m[ModelPerfTracker][0m[0m fallback/model::test-key success [95m(1/1, 3ms avg)[0m[0m[0m
[2m07:51:26[0m [90m⚪[0m [0m[38;5;208m[request-dedupe.js][0m[0m[0m[33m[RequestDedupe][0m[0m Cached response for key 6127155[0m

[90mstdout[2m | tests/unit/free-api-router.test.js[2m > [22m[2mFreeApiRouter[2m > [22m[2mEdge cases[2m > [22m[2mshould track circuit breaker state
[22m[39m[2m07:51:26[0m [36m🔵[0m [0m[38;5;208m[free-api-router.js][0m[0m[0m[33m[FreeRouter][0m[0m Session default:default -> API Key 1/1[0m
[2m07:51:26[0m [36m🔵[0m [0m[38;5;208m[free-api-router.js][0m[0m[0m[33m[FreeRouter][0m[0m Initialized for session: default:default[0m
[2m07:51:26[0m [36m🔵[0m [0m[38;5;208m[free-api-router.js][0m[0m[0m[33m[FreeRouter][0m[0m API Keys: 1, Selected: 1[0m
[2m07:51:26[0m [36m🔵[0m [0m[38;5;208m[free-api-router.js][0m[0m[0m[33m[FreeRouter][0m[0m Primary model: test/model[0m
[2m07:51:26[0m [36m🔵[0m [0m[38;5;208m[free-api-router.js][0m[0m[0m[33m[FreeRouter][0m[0m Fallback models: 0[0m
[2m07:51:26[0m [36m🔵[0m [0m[38;5;208m[free-api-router.js][0m[0m[0m[33m[FreeRouter][0m[0m Timeout: default=60000ms, quick=20000ms[0m
[2m07:51:26[0m [36m🔵[0m [0m[38;5;208m[free-api-router.js][0m[0m[0m[33m[FreeRouter][0m[0m Advanced features: CircuitBreaker, RateLimitTracker, RequestDedupe, ModelPerfTracker, ApiKeyTimeoutTracker[0m
[2m07:51:26[0m [36m🔵[0m [0m[38;5;208m[free-api-router.js][0m[0m[0m[33m[FreeRouter][0m[0m processRequest: calling _tryModelWithKey[0m
[2m07:51:26[0m [36m🔵[0m [0m[38;5;208m[free-api-router.js][0m[0m[0m[33m[FreeRouter][0m[0m No test results available, using 1 configured models[0m
[2m07:51:26[0m [33m🟡[0m [0m[38;5;208m[free-api-router.js][0m[33m[0m[33m[FreeRouter][0m[33m Circuit open for test/model, skipping[0m

[33m[39m[32m·[39m[33m[39m[32m·[39m[33m[39m[32m·[39m[33m[39m[32m·[39m[33m[39m[32m·[39m[33m[39m[32m·[39m[33m[39m[32m·[39m[33m[39m[32m·[39m[33m[39m[32m·[39m[33m[39m[32m·[39m[33m[39m[32m·[39m[33m[39m[32m·[39m[33m[39m[32m·[39m[33m[39m[32m·[39m[33m[39m[32m·[39m[33m[39m[32m·[39m[33m[39m[32m·[39m[33m[39m[32m·[39m[33m[39m[32m·[39m[33m[39m[32m·[39m[33m[39m[32m·[39m[33m[39m[32m·[39m[33m[39m[32m·[39m[33m[39m[32m·[39m[33m[39m[32m·[39m[33m[39m[32m·[39m[33m[39m[32m·[39m[33m[39m[32m·[39m[33m[39m[32m·[39m[33m[39m[32m·[39m[33m[39m[32m·[39m[33m[39m[32m·[39m[33m[39m[32m·[39m[33m[39m[32m·[39m[90mstdout[2m | tests/unit/free-api-router.test.js[2m > [22m[2mFreeApiRouter[2m > [22m[2mModel Cascading - Working Models < 3[2m > [22m[2mshould add from config when working models < 3
[22m[39m[2m07:51:26[0m [36m🔵[0m [0m[38;5;208m[free-api-router.js][0m[0m[0m[33m[FreeRouter][0m[0m Session default:default -> API Key 1/1[0m
[2m07:51:26[0m [36m🔵[0m [0m[38;5;208m[free-api-router.js][0m[0m[0m[33m[FreeRouter][0m[0m Initialized for session: default:default[0m
[2m07:51:26[0m [36m🔵[0m [0m[38;5;208m[free-api-router.js][0m[0m[0m[33m[FreeRouter][0m[0m API Keys: 1, Selected: 1[0m
[2m07:51:26[0m [36m🔵[0m [0m[38;5;208m[free-api-router.js][0m[0m[0m[33m[FreeRouter][0m[0m Primary model: working1[0m
[2m07:51:26[0m [36m🔵[0m [0m[38;5;208m[free-api-router.js][0m[0m[0m[33m[FreeRouter][0m[0m Fallback models: 3[0m
[2m07:51:26[0m [36m🔵[0m [0m[38;5;208m[free-api-router.js][0m[0m[0m[33m[FreeRouter][0m[0m Timeout: default=60000ms, quick=20000ms[0m
[2m07:51:26[0m [36m🔵[0m [0m[38;5;208m[free-api-router.js][0m[0m[0m[33m[FreeRouter][0m[0m Advanced features: CircuitBreaker, RateLimitTracker, RequestDedupe, ModelPerfTracker, ApiKeyTimeoutTracker[0m
[2m07:51:26[0m [36m🔵[0m [0m[38;5;208m[free-api-router.js][0m[0m[0m[33m[FreeRouter][0m[0m processRequest: calling _tryModelWithKey[0m
[2m07:51:26[0m [33m🟡[0m [0m[38;5;208m[free-api-router.js][0m[33m[0m[33m[FreeRouter][0m[33m Only 2 working models from tester, adding more from config[0m
[2m07:51:26[0m [36m🔵[0m [0m[38;5;208m[free-api-router.js][0m[0m[0m[33m[FreeRouter][0m[0m Using 5 models [95m(shuffled)[0m[0m - 2 tested working + 3 from config[0m
[2m07:51:26[0m [36m🔵[0m [0m[38;5;208m[free-api-router.js][0m[0m[0m[33m[FreeRouter][0m[0m Attempt 1/3: Trying model working2[0m
[2m07:51:26[0m [36m🔵[0m [0m[38;5;208m[free-api-router.js][0m[0m[0m[33m[FreeRouter][0m[0m _tryModelWithKey: model=working2[0m
[2m07:51:26[0m [36m🔵[0m [0m[38;5;208m[free-api-router.js][0m[0m[0m[33m[FreeRouter][0m[0m _tryModelWithKey: proxy=null[0m
[2m07:51:26[0m [36m🔵[0m [0m[38;5;208m[free-api-router.js][0m[0m[0m[33m[FreeRouter][0m[0m _callDirect: starting request to working2[0m

[90mstdout[2m | tests/unit/free-api-router.test.js[2m > [22m[2mFreeApiRouter[2m > [22m[2mModel Cascading - Working Models < 3[2m > [22m[2mshould add from config when working models < 3
[22m[39m[2m07:51:26[0m [90m⚪[0m [0m[38;5;208m[free-api-router.js][0m[0m[0m[33m[FreeRouter][0m[0m Response received [95m(8 chars)[0m[0m: response...[0m

[90mstdout[2m | tests/unit/free-api-router.test.js[2m > [22m[2mFreeApiRouter[2m > [22m[2mModel Cascading - Working Models < 3[2m > [22m[2mshould add from config when working models < 3
[22m[39m[2m07:51:26[0m [90m⚪[0m [0m[38;5;208m[model-perf-tracker.js][0m[0m[0m[33m[ModelPerfTracker][0m[0m working2::test-key success [95m(1/1, 2ms avg)[0m[0m[0m
[2m07:51:26[0m [90m⚪[0m [0m[38;5;208m[request-dedupe.js][0m[0m[0m[33m[RequestDedupe][0m[0m Cached response for key -33a7280[0m

[90mstdout[2m | tests/unit/free-api-router.test.js[2m > [22m[2mFreeApiRouter[2m > [22m[2mModel Cascading - Working Models < 3[2m > [22m[2mshould not add from config when working models >= 3
[22m[39m[2m07:51:26[0m [36m🔵[0m [0m[38;5;208m[free-api-router.js][0m[0m[0m[33m[FreeRouter][0m[0m Session default:default -> API Key 1/1[0m
[2m07:51:26[0m [36m🔵[0m [0m[38;5;208m[free-api-router.js][0m[0m[0m[33m[FreeRouter][0m[0m Initialized for session: default:default[0m
[2m07:51:26[0m [36m🔵[0m [0m[38;5;208m[free-api-router.js][0m[0m[0m[33m[FreeRouter][0m[0m API Keys: 1, Selected: 1[0m
[2m07:51:26[0m [36m🔵[0m [0m[38;5;208m[free-api-router.js][0m[0m[0m[33m[FreeRouter][0m[0m Primary model: working1[0m
[2m07:51:26[0m [36m🔵[0m [0m[38;5;208m[free-api-router.js][0m[0m[0m[33m[FreeRouter][0m[0m Fallback models: 1[0m
[2m07:51:26[0m [36m🔵[0m [0m[38;5;208m[free-api-router.js][0m[0m[0m[33m[FreeRouter][0m[0m Timeout: default=60000ms, quick=20000ms[0m
[2m07:51:26[0m [36m🔵[0m [0m[38;5;208m[free-api-router.js][0m[0m[0m[33m[FreeRouter][0m[0m Advanced features: CircuitBreaker, RateLimitTracker, RequestDedupe, ModelPerfTracker, ApiKeyTimeoutTracker[0m
[2m07:51:26[0m [36m🔵[0m [0m[38;5;208m[free-api-router.js][0m[0m[0m[33m[FreeRouter][0m[0m processRequest: calling _tryModelWithKey[0m
[2m07:51:26[0m [36m🔵[0m [0m[38;5;208m[free-api-router.js][0m[0m[0m[33m[FreeRouter][0m[0m Using 3 models [95m(shuffled)[0m[0m - 3 tested working + 0 from config[0m
[2m07:51:26[0m [36m🔵[0m [0m[38;5;208m[free-api-router.js][0m[0m[0m[33m[FreeRouter][0m[0m Attempt 1/3: Trying model working1[0m
[2m07:51:26[0m [36m🔵[0m [0m[38;5;208m[free-api-router.js][0m[0m[0m[33m[FreeRouter][0m[0m _tryModelWithKey: model=working1[0m
[2m07:51:26[0m [36m🔵[0m [0m[38;5;208m[free-api-router.js][0m[0m[0m[33m[FreeRouter][0m[0m _tryModelWithKey: proxy=null[0m
[2m07:51:26[0m [36m🔵[0m [0m[38;5;208m[free-api-router.js][0m[0m[0m[33m[FreeRouter][0m[0m _callDirect: starting request to working1[0m

[90mstdout[2m | tests/unit/free-api-router.test.js[2m > [22m[2mFreeApiRouter[2m > [22m[2mModel Cascading - Working Models < 3[2m > [22m[2mshould not add from config when working models >= 3
[22m[39m[2m07:51:26[0m [90m⚪[0m [0m[38;5;208m[free-api-router.js][0m[0m[0m[33m[FreeRouter][0m[0m Response received [95m(8 chars)[0m[0m: response...[0m

[90mstdout[2m | tests/unit/free-api-router.test.js[2m > [22m[2mFreeApiRouter[2m > [22m[2mModel Cascading - Working Models < 3[2m > [22m[2mshould not add from config when working models >= 3
[22m[39m[2m07:51:26[0m [90m⚪[0m [0m[38;5;208m[model-perf-tracker.js][0m[0m[0m[33m[ModelPerfTracker][0m[0m working1::test-key success [95m(1/1, 1ms avg)[0m[0m[0m
[2m07:51:26[0m [90m⚪[0m [0m[38;5;208m[request-dedupe.js][0m[0m[0m[33m[RequestDedupe][0m[0m Cached response for key 381468f9[0m

[33m[39m[32m·[39m[33m[39m[32m·[39m[33m[39m[32m·[39m[90mstdout[2m | tests/unit/twitterCloseMedia.test.js[2m > [22m[2mtwitterCloseMedia.js[2m > [22m[2mtwitterCloseMedia[2m > [22m[2mshould return success with no_media_modal_open when no modal detected
[22m[39m[2m07:51:26[0m [36m🔵[0m [0m[38;5;208m[twitterCloseMedia.js][0m[0m[0m[33m[twitterCloseMedia][0m[0m Starting close media flow [95m(URL: https://x.com/user/status/123/media)[0m[0m[0m
[2m07:51:26[0m [36m🔵[0m [0m[38;5;208m[twitterCloseMedia.js][0m[0m[0m[33m[twitterCloseMedia][0m[0m No media modal detected, skipping close[0m

[90mstdout[2m | tests/unit/twitterCloseMedia.test.js[2m > [22m[2mtwitterCloseMedia.js[2m > [22m[2mtwitterCloseMedia[2m > [22m[2mshould close media using escape key when modal detected
[22m[39m[2m07:51:26[0m [36m🔵[0m [0m[38;5;208m[twitterCloseMedia.js][0m[0m[0m[33m[twitterCloseMedia][0m[0m Starting close media flow [95m(URL: https://x.com/user/status/123/media)[0m[0m[0m
[2m07:51:26[0m [36m🔵[0m [0m[38;5;208m[twitterCloseMedia.js][0m[0m[0m[33m[twitterCloseMedia][0m[0m Attempting to close with Escape key [95m(50% chance)[0m[0m[0m

[90mstdout[2m | tests/unit/twitterCloseMedia.test.js[2m > [22m[2mtwitterCloseMedia.js[2m > [22m[2mtwitterCloseMedia[2m > [22m[2mshould close media using escape key when modal detected
[22m[39m[2m07:51:26[0m [36m🔵[0m [0m[38;5;208m[twitterCloseMedia.js][0m[0m[0m[33m[twitterCloseMedia][0m[0m Verification: URL changed=false, Modal closed=true[0m

[90mstdout[2m | tests/unit/twitterCloseMedia.test.js[2m > [22m[2mtwitterCloseMedia.js[2m > [22m[2mtwitterCloseMedia[2m > [22m[2mshould close media using escape key when modal detected
[22m[39m[2m07:51:26[0m [36m🔵[0m [0m[38;5;208m[twitterCloseMedia.js][0m[0m[0m[33m[twitterCloseMedia][0m[0m Successfully closed media using Escape key[0m

[90mstdout[2m | tests/unit/twitterCloseMedia.test.js[2m > [22m[2mtwitterCloseMedia.js[2m > [22m[2mtwitterCloseMedia[2m > [22m[2mshould close media and return success via escape key
[22m[39m[2m07:51:26[0m [36m🔵[0m [0m[38;5;208m[twitterCloseMedia.js][0m[0m[0m[33m[twitterCloseMedia][0m[0m Starting close media flow [95m(URL: https://x.com/status/123)[0m[0m[0m
[2m07:51:26[0m [36m🔵[0m [0m[38;5;208m[twitterCloseMedia.js][0m[0m[0m[33m[twitterCloseMedia][0m[0m Attempting to close with Escape key [95m(50% chance)[0m[0m[0m

[90mstdout[2m | tests/unit/twitterCloseMedia.test.js[2m > [22m[2mtwitterCloseMedia.js[2m > [22m[2mtwitterCloseMedia[2m > [22m[2mshould close media and return success via escape key
[22m[39m[2m07:51:26[0m [36m🔵[0m [0m[38;5;208m[twitterCloseMedia.js][0m[0m[0m[33m[twitterCloseMedia][0m[0m Verification: URL changed=true, Modal closed=true[0m

[90mstdout[2m | tests/unit/twitterCloseMedia.test.js[2m > [22m[2mtwitterCloseMedia.js[2m > [22m[2mtwitterCloseMedia[2m > [22m[2mshould close media and return success via escape key
[22m[39m[2m07:51:26[0m [36m🔵[0m [0m[38;5;208m[twitterCloseMedia.js][0m[0m[0m[33m[twitterCloseMedia][0m[0m Successfully closed media using Escape key[0m

[90mstdout[2m | tests/unit/twitterCloseMedia.test.js[2m > [22m[2mtwitterCloseMedia.js[2m > [22m[2mtwitterCloseMedia[2m > [22m[2mshould fallback to button when escape key throws error
[22m[39m[2m07:51:26[0m [36m🔵[0m [0m[38;5;208m[twitterCloseMedia.js][0m[0m[0m[33m[twitterCloseMedia][0m[0m Starting close media flow [95m(URL: https://x.com/user/status/123/media)[0m[0m[0m
[2m07:51:26[0m [36m🔵[0m [0m[38;5;208m[twitterCloseMedia.js][0m[0m[0m[33m[twitterCloseMedia][0m[0m Attempting to close with Escape key [95m(50% chance)[0m[0m[0m

[90mstdout[2m | tests/unit/twitterCloseMedia.test.js[2m > [22m[2mtwitterCloseMedia.js[2m > [22m[2mtwitterCloseMedia[2m > [22m[2mshould fallback to button when escape key throws error
[22m[39m[2m07:51:26[0m [31m🔴[0m [0m[38;5;208m[twitterCloseMedia.js][0m[31m[0m[33m[twitterCloseMedia][0m[31m Escape key failed: keyboard error[0m
[2m07:51:26[0m [36m🔵[0m [0m[38;5;208m[twitterCloseMedia.js][0m[0m[0m[33m[twitterCloseMedia][0m[0m Attempting to close with button click [95m(ghost click)[0m[0m[0m

[90mstdout[2m | tests/unit/twitterCloseMedia.test.js[2m > [22m[2mtwitterCloseMedia.js[2m > [22m[2mtwitterCloseMedia[2m > [22m[2mshould fallback to button when escape key throws error
[22m[39m[2m07:51:26[0m [36m🔵[0m [0m[38;5;208m[twitterCloseMedia.js][0m[0m[0m[33m[twitterCloseMedia][0m[0m Verification: URL changed=false, Modal closed=true[0m

[90mstdout[2m | tests/unit/twitterCloseMedia.test.js[2m > [22m[2mtwitterCloseMedia.js[2m > [22m[2mtwitterCloseMedia[2m > [22m[2mshould fallback to button when escape key throws error
[22m[39m[2m07:51:26[0m [36m🔵[0m [0m[38;5;208m[twitterCloseMedia.js][0m[0m[0m[33m[twitterCloseMedia][0m[0m Successfully closed media using ghost click[0m

[90mstdout[2m | tests/unit/twitterCloseMedia.test.js[2m > [22m[2mtwitterCloseMedia.js[2m > [22m[2mtwitterCloseMedia[2m > [22m[2mshould use button click when escape chance is 0
[22m[39m[2m07:51:26[0m [36m🔵[0m [0m[38;5;208m[twitterCloseMedia.js][0m[0m[0m[33m[twitterCloseMedia][0m[0m Starting close media flow [95m(URL: https://x.com/user/status/123/media)[0m[0m[0m
[2m07:51:26[0m [36m🔵[0m [0m[38;5;208m[twitterCloseMedia.js][0m[0m[0m[33m[twitterCloseMedia][0m[0m Attempting to close with button click [95m(ghost click)[0m[0m[0m

[90mstdout[2m | tests/unit/twitterCloseMedia.test.js[2m > [22m[2mtwitterCloseMedia.js[2m > [22m[2mtwitterCloseMedia[2m > [22m[2mshould use button click when escape chance is 0
[22m[39m[2m07:51:26[0m [36m🔵[0m [0m[38;5;208m[twitterCloseMedia.js][0m[0m[0m[33m[twitterCloseMedia][0m[0m Verification: URL changed=false, Modal closed=true[0m

[90mstdout[2m | tests/unit/twitterCloseMedia.test.js[2m > [22m[2mtwitterCloseMedia.js[2m > [22m[2mtwitterCloseMedia[2m > [22m[2mshould use button click when escape chance is 0
[22m[39m[2m07:51:26[0m [36m🔵[0m [0m[38;5;208m[twitterCloseMedia.js][0m[0m[0m[33m[twitterCloseMedia][0m[0m Successfully closed media using ghost click[0m

[90mstdout[2m | tests/unit/twitterCloseMedia.test.js[2m > [22m[2mtwitterCloseMedia.js[2m > [22m[2mtwitterCloseMedia[2m > [22m[2mshould use alternative selector when primary not found
[22m[39m[2m07:51:26[0m [36m🔵[0m [0m[38;5;208m[twitterCloseMedia.js][0m[0m[0m[33m[twitterCloseMedia][0m[0m Starting close media flow [95m(URL: https://x.com/user/status/123/media)[0m[0m[0m
[2m07:51:26[0m [36m🔵[0m [0m[38;5;208m[twitterCloseMedia.js][0m[0m[0m[33m[twitterCloseMedia][0m[0m Attempting to close with button click [95m(ghost click)[0m[0m[0m

[90mstdout[2m | tests/unit/twitterCloseMedia.test.js[2m > [22m[2mtwitterCloseMedia.js[2m > [22m[2mtwitterCloseMedia[2m > [22m[2mshould use alternative selector when primary not found
[22m[39m[2m07:51:26[0m [33m🟡[0m [0m[38;5;208m[twitterCloseMedia.js][0m[33m[0m[33m[twitterCloseMedia][0m[33m Close button not found with [0m[33m[aria-label=[93m"Close"[0m[33m][0m[33m[0m

[90mstdout[2m | tests/unit/twitterCloseMedia.test.js[2m > [22m[2mtwitterCloseMedia.js[2m > [22m[2mtwitterCloseMedia[2m > [22m[2mshould use alternative selector when primary not found
[22m[39m[2m07:51:26[0m [36m🔵[0m [0m[38;5;208m[twitterCloseMedia.js][0m[0m[0m[33m[twitterCloseMedia][0m[0m Found close button with alternative selector: button[0m[33m[aria-label=[93m"Close"[0m[0m][0m[0m[0m

[33m[39m[32m·[39m[33m[39m[32m·[39m[33m[39m[32m·[39m[33m[39m[32m·[39m[33m[39m[32m·[39m[33m[39m[32m·[39m[33m[39m[32m·[39m[33m[39m[32m·[39m[33m[39m[32m·[39m[33m[39m[32m·[39m[33m[39m[32m·[39m[33m[39m[32m·[39m[33m[39m[32m·[39m[33m[39m[32m·[39m[33m[39m[32m·[39m[33m[39m[32m·[39m[33m[39m[32m·[39m[33m[39m[32m·[39m[33m[39m[32m·[39m[33m[39m[32m·[39m[33m[39m[32m·[39m[33m[39m[32m·[39m[33m[39m[32m·[39m[33m[39m[32m·[39m[33m[39m[32m·[39m[33m[39m[32m·[39m[33m[39m[32m·[39m[90mstdout[2m | tests/unit/motor-control.test.js[2m > [22m[2mmotorControl[2m > [22m[2msmartSelector[2m > [22m[2mshould return primary selector if found and visible
[22m[39m[Motor] Primary selector found: .test-selector

[90mstdout[2m | tests/unit/motor-control.test.js[2m > [22m[2mmotorControl[2m > [22m[2msmartSelector[2m > [22m[2mshould try fallbacks if primary not visible
[22m[39m[Motor] Using fallback selector [1/1]: .fallback1

[90mstdout[2m | tests/unit/motor-control.test.js[2m > [22m[2mmotorControl[2m > [22m[2msmartSelector[2m > [22m[2mshould handle errors gracefully
[22m[39m[Motor] Primary selector error: Selector error

[90mstdout[2m | tests/unit/async-queue.test.js[2m > [22m[2mAsyncQueue[2m > [22m[2mInitialization[2m > [22m[2mshould initialize with correct values
[22m[39m[2m07:51:26[0m [36m🔵[0m [0m[38;5;208m[async-queue.js][0m[0m[0m[33m[AsyncQueue][0m[0m Initialized [95m(maxConcurrent: 2, maxQueueSize: 10, defaultTimeout: 5000ms)[0m[0m[0m

[90mstdout[2m | tests/unit/async-queue.test.js[2m > [22m[2mAsyncQueue[2m > [22m[2mInitialization[2m > [22m[2mshould use default values when not provided
[22m[39m[2m07:51:26[0m [36m🔵[0m [0m[38;5;208m[async-queue.js][0m[0m[0m[33m[AsyncQueue][0m[0m Initialized [95m(maxConcurrent: 2, maxQueueSize: 10, defaultTimeout: 5000ms)[0m[0m[0m

[90mstdout[2m | tests/unit/async-queue.test.js[2m > [22m[2mAsyncQueue[2m > [22m[2mInitialization[2m > [22m[2mshould use default values when not provided
[22m[39m[2m07:51:26[0m [36m🔵[0m [0m[38;5;208m[async-queue.js][0m[0m[0m[33m[AsyncQueue][0m[0m Initialized [95m(maxConcurrent: 3, maxQueueSize: 50, defaultTimeout: 5000ms)[0m[0m[0m

[90mstdout[2m | tests/unit/async-queue.test.js[2m > [22m[2mAsyncQueue[2m > [22m[2madd[2m > [22m[2mshould add item to queue
[22m[39m[2m07:51:26[0m [36m🔵[0m [0m[38;5;208m[async-queue.js][0m[0m[0m[33m[AsyncQueue][0m[0m Initialized [95m(maxConcurrent: 2, maxQueueSize: 10, defaultTimeout: 5000ms)[0m[0m[0m

[90mstdout[2m | tests/unit/async-queue.test.js[2m > [22m[2mAsyncQueue[2m > [22m[2madd[2m > [22m[2mshould add item to queue
[22m[39m[2m07:51:26[0m [90m⚪[0m [0m[38;5;208m[async-queue.js][0m[0m[0m[33m[AsyncQueue][0m[0m Starting task: unnamed [95m(queue: 0, active: 0/2)[0m[0m[0m

[90mstdout[2m | tests/unit/async-queue.test.js[2m > [22m[2mAsyncQueue[2m > [22m[2madd[2m > [22m[2mshould add item to queue
[22m[39m[2m07:51:26[0m [36m🔵[0m [0m[38;5;208m[async-queue.js][0m[0m[0m[33m[AsyncQueue][0m[0m ✓ Completed task: unnamed in 1ms[0m

[90mstdout[2m | tests/unit/async-queue.test.js[2m > [22m[2mAsyncQueue[2m > [22m[2madd[2m > [22m[2mshould track statistics
[22m[39m[2m07:51:26[0m [36m🔵[0m [0m[38;5;208m[async-queue.js][0m[0m[0m[33m[AsyncQueue][0m[0m Initialized [95m(maxConcurrent: 2, maxQueueSize: 10, defaultTimeout: 5000ms)[0m[0m[0m

[90mstdout[2m | tests/unit/async-queue.test.js[2m > [22m[2mAsyncQueue[2m > [22m[2madd[2m > [22m[2mshould track statistics
[22m[39m[2m07:51:26[0m [90m⚪[0m [0m[38;5;208m[async-queue.js][0m[0m[0m[33m[AsyncQueue][0m[0m Starting task: unnamed [95m(queue: 0, active: 0/2)[0m[0m[0m

[90mstdout[2m | tests/unit/async-queue.test.js[2m > [22m[2mAsyncQueue[2m > [22m[2madd[2m > [22m[2mshould track statistics
[22m[39m[2m07:51:26[0m [36m🔵[0m [0m[38;5;208m[async-queue.js][0m[0m[0m[33m[AsyncQueue][0m[0m ✓ Completed task: unnamed in 1ms[0m

[90mstdout[2m | tests/unit/async-queue.test.js[2m > [22m[2mAsyncQueue[2m > [22m[2mgetStatus[2m > [22m[2mshould return current queue status
[22m[39m[2m07:51:26[0m [36m🔵[0m [0m[38;5;208m[async-queue.js][0m[0m[0m[33m[AsyncQueue][0m[0m Initialized [95m(maxConcurrent: 2, maxQueueSize: 10, defaultTimeout: 5000ms)[0m[0m[0m

[90mstdout[2m | tests/unit/async-queue.test.js[2m > [22m[2mAsyncQueue[2m > [22m[2mgetStatus[2m > [22m[2mshould return current queue status
[22m[39m[2m07:51:26[0m [90m⚪[0m [0m[38;5;208m[async-queue.js][0m[0m[0m[33m[AsyncQueue][0m[0m Starting task: unnamed [95m(queue: 0, active: 0/2)[0m[0m[0m

[90mstdout[2m | tests/unit/async-queue.test.js[2m > [22m[2mAsyncQueue[2m > [22m[2mgetStatus[2m > [22m[2mshould return current queue status
[22m[39m[2m07:51:26[0m [36m🔵[0m [0m[38;5;208m[async-queue.js][0m[0m[0m[33m[AsyncQueue][0m[0m ✓ Completed task: unnamed in 1ms[0m

[90mstdout[2m | tests/unit/async-queue.test.js[2m > [22m[2mDiveQueue[2m > [22m[2mInitialization[2m > [22m[2mshould initialize with engagement counters
[22m[39m[2m07:51:26[0m [36m🔵[0m [0m[38;5;208m[async-queue.js][0m[0m[0m[33m[AsyncQueue][0m[0m Initialized [95m(maxConcurrent: 1, maxQueueSize: 10, defaultTimeout: 10000ms)[0m[0m[0m
[2m07:51:26[0m [36m🔵[0m [0m[38;5;208m[async-queue.js][0m[0m[0m[33m[DiveQueue][0m[0m Initialized with engagement limits: {[93m"replies"[0m[0m:3,[93m"retweets"[0m[0m:1,[93m"quotes"[0m[0m:1,[93m"likes"[0m[0m:5,[93m"follows"[0m[0m:2,[93m"bookmarks"[0m[0m:2}[0m

[90mstdout[2m | tests/unit/async-queue.test.js[2m > [22m[2mDiveQueue[2m > [22m[2mInitialization[2m > [22m[2mshould initialize quickMode to false
[22m[39m[2m07:51:26[0m [36m🔵[0m [0m[38;5;208m[async-queue.js][0m[0m[0m[33m[AsyncQueue][0m[0m Initialized [95m(maxConcurrent: 1, maxQueueSize: 10, defaultTimeout: 10000ms)[0m[0m[0m
[2m07:51:26[0m [36m🔵[0m [0m[38;5;208m[async-queue.js][0m[0m[0m[33m[DiveQueue][0m[0m Initialized with engagement limits: {[93m"replies"[0m[0m:3,[93m"retweets"[0m[0m:1,[93m"quotes"[0m[0m:1,[93m"likes"[0m[0m:5,[93m"follows"[0m[0m:2,[93m"bookmarks"[0m[0m:2}[0m

[90mstdout[2m | tests/unit/async-queue.test.js[2m > [22m[2mDiveQueue[2m > [22m[2maddDive[2m > [22m[2mshould add dive with fallback support
[22m[39m[2m07:51:26[0m [36m🔵[0m [0m[38;5;208m[async-queue.js][0m[0m[0m[33m[AsyncQueue][0m[0m Initialized [95m(maxConcurrent: 1, maxQueueSize: 10, defaultTimeout: 10000ms)[0m[0m[0m
[2m07:51:26[0m [36m🔵[0m [0m[38;5;208m[async-queue.js][0m[0m[0m[33m[DiveQueue][0m[0m Initialized with engagement limits: {[93m"replies"[0m[0m:3,[93m"retweets"[0m[0m:1,[93m"quotes"[0m[0m:1,[93m"likes"[0m[0m:5,[93m"follows"[0m[0m:2,[93m"bookmarks"[0m[0m:2}[0m

[90mstdout[2m | tests/unit/async-queue.test.js[2m > [22m[2mDiveQueue[2m > [22m[2maddDive[2m > [22m[2mshould add dive with fallback support
[22m[39m[2m07:51:26[0m [90m⚪[0m [0m[38;5;208m[async-queue.js][0m[0m[0m[33m[DiveQueue][0m[0m addDive called: dive_1771635086880, timeout: 5000ms[0m
[2m07:51:26[0m [90m⚪[0m [0m[38;5;208m[async-queue.js][0m[0m[0m[33m[AsyncQueue][0m[0m Starting task: dive_1771635086880 [95m(queue: 0, active: 0/1)[0m[0m[0m
[2m07:51:26[0m [90m⚪[0m [0m[38;5;208m[async-queue.js][0m[0m[0m[33m[DiveQueue][0m[0m Starting dive function: dive_1771635086880[0m

[90mstdout[2m | tests/unit/async-queue.test.js[2m > [22m[2mDiveQueue[2m > [22m[2maddDive[2m > [22m[2mshould add dive with fallback support
[22m[39m[2m07:51:26[0m [90m⚪[0m [0m[38;5;208m[async-queue.js][0m[0m[0m[33m[DiveQueue][0m[0m Dive function completed: dive_1771635086880[0m

[90mstdout[2m | tests/unit/async-queue.test.js[2m > [22m[2mDiveQueue[2m > [22m[2maddDive[2m > [22m[2mshould add dive with fallback support
[22m[39m[2m07:51:26[0m [36m🔵[0m [0m[38;5;208m[async-queue.js][0m[0m[0m[33m[AsyncQueue][0m[0m ✓ Completed task: dive_1771635086880 in 1ms[0m

[90mstdout[2m | tests/unit/async-queue.test.js[2m > [22m[2mDiveQueue[2m > [22m[2mquickMode[2m > [22m[2mshould enable quick mode
[22m[39m[2m07:51:26[0m [36m🔵[0m [0m[38;5;208m[async-queue.js][0m[0m[0m[33m[AsyncQueue][0m[0m Initialized [95m(maxConcurrent: 1, maxQueueSize: 10, defaultTimeout: 10000ms)[0m[0m[0m
[2m07:51:26[0m [36m🔵[0m [0m[38;5;208m[async-queue.js][0m[0m[0m[33m[DiveQueue][0m[0m Initialized with engagement limits: {[93m"replies"[0m[0m:3,[93m"retweets"[0m[0m:1,[93m"quotes"[0m[0m:1,[93m"likes"[0m[0m:5,[93m"follows"[0m[0m:2,[93m"bookmarks"[0m[0m:2}[0m

[90mstdout[2m | tests/unit/async-queue.test.js[2m > [22m[2mDiveQueue[2m > [22m[2mquickMode[2m > [22m[2mshould enable quick mode
[22m[39m[2m07:51:26[0m [36m🔵[0m [0m[38;5;208m[async-queue.js][0m[0m[0m[33m[DiveQueue][0m[0m Quick mode enabled [95m(timeout: 15000ms)[0m[0m[0m

[90mstdout[2m | tests/unit/async-queue.test.js[2m > [22m[2mDiveQueue[2m > [22m[2mquickMode[2m > [22m[2mshould disable quick mode
[22m[39m[2m07:51:26[0m [36m🔵[0m [0m[38;5;208m[async-queue.js][0m[0m[0m[33m[AsyncQueue][0m[0m Initialized [95m(maxConcurrent: 1, maxQueueSize: 10, defaultTimeout: 10000ms)[0m[0m[0m
[2m07:51:26[0m [36m🔵[0m [0m[38;5;208m[async-queue.js][0m[0m[0m[33m[DiveQueue][0m[0m Initialized with engagement limits: {[93m"replies"[0m[0m:3,[93m"retweets"[0m[0m:1,[93m"quotes"[0m[0m:1,[93m"likes"[0m[0m:5,[93m"follows"[0m[0m:2,[93m"bookmarks"[0m[0m:2}[0m

[90mstdout[2m | tests/unit/async-queue.test.js[2m > [22m[2mDiveQueue[2m > [22m[2mquickMode[2m > [22m[2mshould disable quick mode
[22m[39m[2m07:51:26[0m [36m🔵[0m [0m[38;5;208m[async-queue.js][0m[0m[0m[33m[DiveQueue][0m[0m Quick mode enabled [95m(timeout: 15000ms)[0m[0m[0m
[2m07:51:26[0m [36m🔵[0m [0m[38;5;208m[async-queue.js][0m[0m[0m[33m[DiveQueue][0m[0m Quick mode disabled [95m(timeout: 20000ms)[0m[0m[0m

[90mstdout[2m | tests/unit/async-queue.test.js[2m > [22m[2mDiveQueue[2m > [22m[2mengagement tracking[2m > [22m[2mshould record likes
[22m[39m[2m07:51:26[0m [36m🔵[0m [0m[38;5;208m[async-queue.js][0m[0m[0m[33m[AsyncQueue][0m[0m Initialized [95m(maxConcurrent: 1, maxQueueSize: 10, defaultTimeout: 10000ms)[0m[0m[0m
[2m07:51:26[0m [36m🔵[0m [0m[38;5;208m[async-queue.js][0m[0m[0m[33m[DiveQueue][0m[0m Initialized with engagement limits: {[93m"replies"[0m[0m:3,[93m"retweets"[0m[0m:1,[93m"quotes"[0m[0m:1,[93m"likes"[0m[0m:5,[93m"follows"[0m[0m:2,[93m"bookmarks"[0m[0m:2}[0m

[90mstdout[2m | tests/unit/async-queue.test.js[2m > [22m[2mDiveQueue[2m > [22m[2mengagement tracking[2m > [22m[2mshould record likes
[22m[39m[2m07:51:26[0m [90m⚪[0m [0m[38;5;208m[async-queue.js][0m[0m[0m[33m[DiveQueue][0m[0m ✓ Engagement recorded: likes [95m(1/5)[0m[0m[0m

[90mstdout[2m | tests/unit/async-queue.test.js[2m > [22m[2mDiveQueue[2m > [22m[2mengagement tracking[2m > [22m[2mshould not exceed limit
[22m[39m[2m07:51:26[0m [36m🔵[0m [0m[38;5;208m[async-queue.js][0m[0m[0m[33m[AsyncQueue][0m[0m Initialized [95m(maxConcurrent: 1, maxQueueSize: 10, defaultTimeout: 10000ms)[0m[0m[0m
[2m07:51:26[0m [36m🔵[0m [0m[38;5;208m[async-queue.js][0m[0m[0m[33m[DiveQueue][0m[0m Initialized with engagement limits: {[93m"replies"[0m[0m:3,[93m"retweets"[0m[0m:1,[93m"quotes"[0m[0m:1,[93m"likes"[0m[0m:5,[93m"follows"[0m[0m:2,[93m"bookmarks"[0m[0m:2}[0m

[90mstdout[2m | tests/unit/async-queue.test.js[2m > [22m[2mDiveQueue[2m > [22m[2mengagement tracking[2m > [22m[2mshould not exceed limit
[22m[39m[2m07:51:26[0m [90m⚪[0m [0m[38;5;208m[async-queue.js][0m[0m[0m[33m[DiveQueue][0m[0m ⚠ Engagement limit reached: likes [95m(5/5)[0m[0m[0m

[90mstdout[2m | tests/unit/async-queue.test.js[2m > [22m[2mDiveQueue[2m > [22m[2mcanEngage[2m > [22m[2mshould return true when under limit
[22m[39m[2m07:51:26[0m [36m🔵[0m [0m[38;5;208m[async-queue.js][0m[0m[0m[33m[AsyncQueue][0m[0m Initialized [95m(maxConcurrent: 1, maxQueueSize: 10, defaultTimeout: 10000ms)[0m[0m[0m
[2m07:51:26[0m [36m🔵[0m [0m[38;5;208m[async-queue.js][0m[0m[0m[33m[DiveQueue][0m[0m Initialized with engagement limits: {[93m"replies"[0m[0m:3,[93m"retweets"[0m[0m:1,[93m"quotes"[0m[0m:1,[93m"likes"[0m[0m:5,[93m"follows"[0m[0m:2,[93m"bookmarks"[0m[0m:2}[0m

[90mstdout[2m | tests/unit/async-queue.test.js[2m > [22m[2mDiveQueue[2m > [22m[2mcanEngage[2m > [22m[2mshould return false when at limit
[22m[39m[2m07:51:26[0m [36m🔵[0m [0m[38;5;208m[async-queue.js][0m[0m[0m[33m[AsyncQueue][0m[0m Initialized [95m(maxConcurrent: 1, maxQueueSize: 10, defaultTimeout: 10000ms)[0m[0m[0m
[2m07:51:26[0m [36m🔵[0m [0m[38;5;208m[async-queue.js][0m[0m[0m[33m[DiveQueue][0m[0m Initialized with engagement limits: {[93m"replies"[0m[0m:3,[93m"retweets"[0m[0m:1,[93m"quotes"[0m[0m:1,[93m"likes"[0m[0m:5,[93m"follows"[0m[0m:2,[93m"bookmarks"[0m[0m:2}[0m

[90mstdout[2m | tests/unit/async-queue.test.js[2m > [22m[2mDiveQueue[2m > [22m[2mgetFullStatus[2m > [22m[2mshould include engagement metrics
[22m[39m[2m07:51:26[0m [36m🔵[0m [0m[38;5;208m[async-queue.js][0m[0m[0m[33m[AsyncQueue][0m[0m Initialized [95m(maxConcurrent: 1, maxQueueSize: 10, defaultTimeout: 10000ms)[0m[0m[0m
[2m07:51:26[0m [36m🔵[0m [0m[38;5;208m[async-queue.js][0m[0m[0m[33m[DiveQueue][0m[0m Initialized with engagement limits: {[93m"replies"[0m[0m:3,[93m"retweets"[0m[0m:1,[93m"quotes"[0m[0m:1,[93m"likes"[0m[0m:5,[93m"follows"[0m[0m:2,[93m"bookmarks"[0m[0m:2}[0m

[90mstdout[2m | tests/unit/async-queue.test.js[2m > [22m[2mDiveQueue[2m > [22m[2mgetFullStatus[2m > [22m[2mshould include engagement metrics
[22m[39m[2m07:51:26[0m [90m⚪[0m [0m[38;5;208m[async-queue.js][0m[0m[0m[33m[DiveQueue][0m[0m ✓ Engagement recorded: likes [95m(1/5)[0m[0m[0m
[2m07:51:26[0m [90m⚪[0m [0m[38;5;208m[async-queue.js][0m[0m[0m[33m[DiveQueue][0m[0m ✓ Engagement recorded: replies [95m(1/3)[0m[0m[0m

[90mstdout[2m | tests/unit/async-queue.test.js[2m > [22m[2mCoverage Gap Tests[2m > [22m[2mAsyncQueue - add() method[2m > [22m[2mshould reject task when queue is full
[22m[39m[2m07:51:26[0m [36m🔵[0m [0m[38;5;208m[async-queue.js][0m[0m[0m[33m[AsyncQueue][0m[0m Initialized [95m(maxConcurrent: 1, maxQueueSize: 2, defaultTimeout: 1000ms)[0m[0m[0m

[90mstdout[2m | tests/unit/async-queue.test.js[2m > [22m[2mCoverage Gap Tests[2m > [22m[2mAsyncQueue - add() method[2m > [22m[2mshould reject task when queue is full
[22m[39m[2m07:51:26[0m [90m⚪[0m [0m[38;5;208m[async-queue.js][0m[0m[0m[33m[AsyncQueue][0m[0m Starting task: task1 [95m(queue: 0, active: 0/1)[0m[0m[0m

[33m[39m[32m·[39m[33m[39m[32m·[39m[33m[39m[32m·[39m[33m[39m[32m·[39m[33m[39m[32m·[39m[33m[39m[32m·[39m[33m[39m[32m·[39m[33m[39m[32m·[39m[33m[39m[32m·[39m[33m[39m[32m·[39m[33m[39m[32m·[39m[33m[39m[32m·[39m[33m[39m[32m·[39m[33m[39m[32m·[39m[33m[39m[32m·[39m[33m[39m[32m·[39m[33m[39m[32m·[39m[33m[39m[32m·[39m[33m[39m[32m·[39m[33m[39m[32m·[39m[33m[39m[32m·[39m[33m[39m[32m·[39m[33m[39m[32m·[39m[33m[39m[32m·[39m[90mstdout[2m | tests/unit/async-queue.test.js[2m > [22m[2mCoverage Gap Tests[2m > [22m[2mAsyncQueue - add() method[2m > [22m[2mshould reject task when queue is full
[22m[39m[2m07:51:26[0m [33m🟡[0m [0m[38;5;208m[async-queue.js][0m[33m[0m[33m[AsyncQueue][0m[33m Queue full, rejecting task: task3 [95m(current: 2, max: 2)[0m[33m[0m

[90mstdout[2m | tests/unit/async-queue.test.js[2m > [22m[2mCoverage Gap Tests[2m > [22m[2mAsyncQueue - add() method[2m > [22m[2mshould handle priority correctly - higher priority first
[22m[39m[2m07:51:26[0m [36m🔵[0m [0m[38;5;208m[async-queue.js][0m[0m[0m[33m[AsyncQueue][0m[0m Initialized [95m(maxConcurrent: 1, maxQueueSize: 2, defaultTimeout: 1000ms)[0m[0m[0m

[90mstdout[2m | tests/unit/async-queue.test.js[2m > [22m[2mCoverage Gap Tests[2m > [22m[2mAsyncQueue - add() method[2m > [22m[2mshould handle priority correctly - higher priority first
[22m[39m[2m07:51:26[0m [90m⚪[0m [0m[38;5;208m[async-queue.js][0m[0m[0m[33m[AsyncQueue][0m[0m Starting task: low [95m(queue: 0, active: 0/1)[0m[0m[0m

[90mstdout[2m | tests/unit/async-queue.test.js[2m > [22m[2mCoverage Gap Tests[2m > [22m[2mAsyncQueue - add() method[2m > [22m[2mshould handle priority correctly - higher priority first
[22m[39m[2m07:51:26[0m [36m🔵[0m [0m[38;5;208m[async-queue.js][0m[0m[0m[33m[AsyncQueue][0m[0m ✓ Completed task: low in 0ms[0m

[90mstdout[2m | tests/unit/async-queue.test.js[2m > [22m[2mCoverage Gap Tests[2m > [22m[2mAsyncQueue - add() method[2m > [22m[2mshould handle priority correctly - higher priority first
[22m[39m[2m07:51:26[0m [90m⚪[0m [0m[38;5;208m[async-queue.js][0m[0m[0m[33m[AsyncQueue][0m[0m Starting task: high [95m(queue: 0, active: 0/1)[0m[0m[0m

[90mstdout[2m | tests/unit/async-queue.test.js[2m > [22m[2mCoverage Gap Tests[2m > [22m[2mAsyncQueue - add() method[2m > [22m[2mshould handle priority correctly - higher priority first
[22m[39m[2m07:51:26[0m [36m🔵[0m [0m[38;5;208m[async-queue.js][0m[0m[0m[33m[AsyncQueue][0m[0m ✓ Completed task: high in 0ms[0m

[33m[39m[32m·[39m[33m[39m[32m·[39m[33m[39m[32m·[39m[33m[39m[32m·[39m[33m[39m[32m·[39m[33m[39m[32m·[39m[33m[39m[32m·[39m[33m[39m[32m·[39m[33m[39m[32m·[39m[33m[39m[32m·[39m[33m[39m[32m·[39m[33m[39m[32m·[39m[33m[39m[32m·[39m[33m[39m[32m·[39m[33m[39m[32m·[39m[33m[39m[32m·[39m[33m[39m[32m·[39m[33m[39m[32m·[39m[33m[39m[32m·[39m[33m[39m[32m·[39m[33m[39m[32m·[39m[33m[39m[32m·[39m[33m[39m[32m·[39m[33m[39m[32m·[39m[33m[39m[32m·[39m[33m[39m[32m·[39m[33m[39m[32m·[39m[33m[39m[32m·[39m[33m[39m[32m·[39m[33m[39m[32m·[39m[33m[39m[32m·[39m[33m[39m[32m·[39m[33m[39m[32m·[39m[33m[39m[32m·[39m[33m[39m[32m·[39m[33m[39m[32m·[39m[33m[39m[32m·[39m[90mstdout[2m | tests/unit/human-interaction.test.js
[22m[39m[2m07:51:26[0m [36m🔵[0m [0m[33m[EntropyController][0m[0m[0m[33m[session-1771635086907-yvd2y7zzp][0m[0m Session initialized with paceMultiplier=0.92[0m
[2m07:51:26[0m [36m🔵[0m [0m[33m[EntropyController][0m[0m[0m[33m[session-1771635086907-yvd2y7zzp][0m[0m Fatigue scheduled for T+3.6m[0m

[33m[39m[32m·[39m[90mstdout[2m | tests/unit/twitterCloseMedia.test.js[2m > [22m[2mtwitterCloseMedia.js[2m > [22m[2mtwitterCloseMedia[2m > [22m[2mshould use alternative selector when primary not found
[22m[39m[2m07:51:26[0m [33m🟡[0m [0m[38;5;208m[twitterCloseMedia.js][0m[33m[0m[33m[twitterCloseMedia][0m[33m Button click didn't close media[0m

[33m[39m[32m·[39m[33m[39m[32m·[39m[33m[39m[32m·[39m[33m[39m[32m·[39m[33m[39m[32m·[39m[90mstdout[2m | tests/unit/twitterCloseMedia.test.js[2m > [22m[2mtwitterCloseMedia.js[2m > [22m[2mtwitterCloseMedia[2m > [22m[2mshould return failure when media not closed after button click
[22m[39m[2m07:51:26[0m [36m🔵[0m [0m[38;5;208m[twitterCloseMedia.js][0m[0m[0m[33m[twitterCloseMedia][0m[0m Starting close media flow [95m(URL: https://x.com/status/123)[0m[0m[0m
[2m07:51:26[0m [36m🔵[0m [0m[38;5;208m[twitterCloseMedia.js][0m[0m[0m[33m[twitterCloseMedia][0m[0m Attempting to close with button click [95m(ghost click)[0m[0m[0m

[90mstdout[2m | tests/unit/twitterAgent.test.js[2m > [22m[2mtwitterAgent[2m > [22m[2mnormalizes probabilities with refresh suppression and aliasing
[22m[39m[2m07:51:26[0m [36m🔵[0m [0m[33m[EntropyController][0m[0m[0m[33m[session-1771635086934-rxkr54abd][0m[0m Session initialized with paceMultiplier=1.09[0m
[2m07:51:26[0m [36m🔵[0m [0m[33m[EntropyController][0m[0m[0m[33m[session-1771635086934-rxkr54abd][0m[0m Fatigue scheduled for T+3.5m[0m

[90mstdout[2m | tests/unit/random-scrolling.test.js[2m > [22m[2mrandomScrolling.js[2m > [22m[2mcreateRandomScroller[2m > [22m[2mshould handle page closed during scroll
[22m[39m[2m07:51:26[0m [90m⚪[0m [0m[38;5;208m[randomScrolling.js][0m [0mStarting human-like scrolling for 0.01 seconds.[0m

[90mstdout[2m | tests/unit/random-scrolling.test.js[2m > [22m[2mrandomScrolling.js[2m > [22m[2mcreateRandomScroller[2m > [22m[2mshould handle page closed during scroll
[22m[39m[2m07:51:26[0m [90m⚪[0m [0m[38;5;208m[configLoader.js][0m [0mLoaded configuration from timeouts.json[0m

[90mstdout[2m | tests/unit/random-scrolling.test.js[2m > [22m[2mrandomScrolling.js[2m > [22m[2mcreateRandomScroller[2m > [22m[2mshould handle page closed during scroll
[22m[39m[2m07:51:26[0m [90m⚪[0m [0m[38;5;208m[configLoader.js][0m [0mLoaded configuration from timeouts.json[0m

[90mstdout[2m | tests/unit/random-scrolling.test.js[2m > [22m[2mrandomScrolling.js[2m > [22m[2mcreateRandomScroller[2m > [22m[2mshould handle page closed during scroll
[22m[39m[2m07:51:26[0m [90m⚪[0m [0m[38;5;208m[configLoader.js][0m [0mLoaded configuration from timeouts.json[0m

[90mstdout[2m | tests/unit/random-scrolling.test.js[2m > [22m[2mrandomScrolling.js[2m > [22m[2mcreateRandomScroller[2m > [22m[2mshould handle page closed during scroll
[22m[39m[2m07:51:26[0m [90m⚪[0m [0m[38;5;208m[configLoader.js][0m [0mLoaded configuration from timeouts.json[0m

[33m[39m[32m·[39m[33m[39m[32m·[39m[33m[39m[32m·[39m[33m[39m[32m·[39m[33m[39m[32m·[39m[33m[39m[32m·[39m[33m[39m[32m·[39m[33m[39m[32m·[39m[33m[39m[32m·[39m[33m[39m[32m·[39m[33m[39m[32m·[39m[33m[39m[32m·[39m[33m[39m[32m·[39m[33m[39m[32m·[39m[33m[39m[32m·[39m[33m[39m[32m·[39m[33m[39m[32m·[39m[33m[39m[32m·[39m[33m[39m[32m·[39m[33m[39m[32m·[39m[33m[39m[32m·[39m[33m[39m[32m·[39m[33m[39m[32m·[39m[33m[39m[32m·[39m[33m[39m[32m·[39m[33m[39m[32m·[39m[33m[39m[32m·[39m[33m[39m[32m·[39m[33m[39m[32m·[39m[33m[39m[32m·[39m[33m[39m[32m·[39m[33m[39m[32m·[39m[33m[39m[32m·[39m[33m[39m[32m·[39m[33m[39m[32m·[39m[33m[39m[32m·[39m[33m[39m[32m·[39m[33m[39m[32m·[39m[33m[39m[32m·[39m[33m[39m[32m·[39m[33m[39m[32m·[39m[33m[39m[32m·[39m[33m[39m[32m·[39m[33m[39m[32m·[39m[33m[39m[32m·[39m[33m[39m[32m·[39m[33m[39m[32m·[39m[33m[39m[32m·[39m[33m[39m[32m·[39m[33m[39m[32m·[39m[33m[39m[32m·[39m[33m[39m[32m·[39m[33m[39m[32m·[39m[33m[39m[32m·[39m[33m[39m[32m·[39m[33m[39m[32m·[39m[33m[39m[32m·[39m[33m[39m[32m·[39m[33m[39m[32m·[39m[33m[39m[32m·[39m[33m[39m[32m·[39m[33m[39m[32m·[39m[33m[39m[32m·[39m[33m[39m[32m·[39m[33m[39m[32m·[39m[33m[39m[32m·[39m[33m[39m[32m·[39m[33m[39m[32m·[39m[33m[39m[32m·[39m[33m[39m[32m·[39m[33m[39m[32m·[39m[33m[39m[32m·[39m[33m[39m[32m·[39m[33m[39m[32m·[39m[33m[39m[32m·[39m[33m[39m[32m·[39m[33m[39m[32m·[39m[33m[39m[32m·[39m[33m[39m[32m·[39m[33m[39m[32m·[39m[33m[39m[32m·[39m[33m[39m[32m·[39m[33m[39m[32m·[39m[33m[39m[32m·[39m[33m[39m[32m·[39m[33m[39m[32m·[39m[33m[39m[32m·[39m[33m[39m[32m·[39m[33m[39m[32m·[39m[33m[39m[32m·[39m[33m[39m[32m·[39m[33m[39m[32m·[39m[33m[39m[32m·[39m[33m[39m[32m·[39m[33m[39m[32m·[39m[33m[39m[32m·[39m[33m[39m[32m·[39m[33m[39m[32m·[39m[33m[39m[32m·[39m[33m[39m[32m·[39m[33m[39m[32m·[39m[33m[39m[32m·[39m[33m[39m[32m·[39m[33m[39m[32m·[39m[33m[39m[32m·[39m[33m[39m[32m·[39m[33m[39m[32m·[39m[33m[39m[32m·[39m[33m[39m[32m·[39m[33m[39m[32m·[39m[33m[39m[32m·[39m[33m[39m[32m·[39m[33m[39m[32m·[39m[33m[39m[32m·[39m[33m[39m[32m·[39m[33m[39m[32m·[39m[33m[39m[32m·[39m[33m[39m[32m·[39m[33m[39m[32m·[39m[33m[39m[32m·[39m[33m[39m[32m·[39m[90mstdout[2m | tests/unit/async-queue.test.js[2m > [22m[2mCoverage Gap Tests[2m > [22m[2mAsyncQueue - add() method[2m > [22m[2mshould use custom timeout from options
[22m[39m[2m07:51:27[0m [36m🔵[0m [0m[38;5;208m[async-queue.js][0m[0m[0m[33m[AsyncQueue][0m[0m Initialized [95m(maxConcurrent: 1, maxQueueSize: 2, defaultTimeout: 1000ms)[0m[0m[0m

[90mstdout[2m | tests/unit/async-queue.test.js[2m > [22m[2mCoverage Gap Tests[2m > [22m[2mAsyncQueue - add() method[2m > [22m[2mshould use custom timeout from options
[22m[39m[2m07:51:27[0m [90m⚪[0m [0m[38;5;208m[async-queue.js][0m[0m[0m[33m[AsyncQueue][0m[0m Starting task: timeout-test [95m(queue: 0, active: 0/1)[0m[0m[0m

[33m[39m[32m·[39m[33m[39m[32m·[39m[33m[39m[32m·[39m[33m[39m[32m·[39m[33m[39m[32m·[39m[33m[39m[32m·[39m[33m[39m[32m·[39m[33m[39m[32m·[39m[33m[39m[32m·[39m[33m[39m[32m·[39m[33m[39m[32m·[39m[33m[39m[32m·[39m[33m[39m[32m·[39m[33m[39m[32m·[39m[33m[39m[32m·[39m[33m[39m[32m·[39m[33m[39m[32m·[39m[33m[39m[32m·[39m[33m[39m[32m·[39m[33m[39m[32m·[39m[33m[39m[32m·[39m[33m[39m[32m·[39m[33m[39m[32m·[39m[33m[39m[32m·[39m[33m[39m[32m·[39m[33m[39m[32m·[39m[33m[39m[32m·[39m[33m[39m[32m·[39m[33m[39m[32m·[39m[33m[39m[32m·[39m[33m[39m[32m·[39m[33m[39m[32m·[39m[33m[39m[32m·[39m[33m[39m[32m·[39m[33m[39m[32m·[39m[33m[39m[32m·[39m[33m[39m[32m·[39m[33m[39m[32m·[39m[33m[39m[32m·[39m[33m[39m[32m·[39m[33m[39m[32m·[39m[33m[39m[32m·[39m[33m[39m[32m·[39m[33m[39m[32m·[39m[33m[39m[32m·[39m[33m[39m[32m·[39m[33m[39m[32m·[39m[33m[39m[32m·[39m[33m[39m[32m·[39m[33m[39m[32m·[39m[33m[39m[32m·[39m[33m[39m[32m·[39m[33m[39m[32m·[39m[33m[39m[32m·[39m[33m[39m[32m·[39m[33m[39m[32m·[39m[33m[39m[32m·[39m[33m[39m[32m·[39m[33m[39m[32m·[39m[33m[39m[32m·[39m[33m[39m[32m·[39m[33m[39m[32m·[39m[33m[39m[32m·[39m[33m[39m[32m·[39m[33m[39m[32m·[39m[33m[39m[32m·[39m[33m[39m[32m·[39m[33m[39m[32m·[39m[33m[39m[32m·[39m[33m[39m[32m·[39m[33m[39m[32m·[39m[33m[39m[32m·[39m[33m[39m[32m·[39m[33m[39m[32m·[39m[33m[39m[32m·[39m[33m[39m[32m·[39m[33m[39m[32m·[39m[33m[39m[32m·[39m[33m[39m[32m·[39m[33m[39m[32m·[39m[33m[39m[32m·[39m[33m[39m[32m·[39m[33m[39m[32m·[39m[33m[39m[32m·[39m[33m[39m[32m·[39m[33m[39m[32m·[39m[33m[39m[32m·[39m[33m[39m[32m·[39m[33m[39m[32m·[39m[33m[39m[32m·[39m[33m[39m[32m·[39m[33m[39m[32m·[39m[33m[39m[32m·[39m[33m[39m[32m·[39m[33m[39m[32m·[39m[33m[39m[32m·[39m[33m[39m[32m·[39m[33m[39m[32m·[39m[33m[39m[32m·[39m[33m[39m[32m·[39m[33m[39m[32m·[39m[33m[39m[32m·[39m[33m[39m[32m·[39m[33m[39m[32m·[39m[33m[39m[32m·[39m[33m[39m[32m·[39m[33m[39m[32m·[39m[33m[39m[32m·[39m[33m[39m[32m·[39m[33m[39m[32m·[39m[33m[39m[32m·[39m[33m[39m[32m·[39m[33m[39m[32m·[39m[33m[39m[32m·[39m[33m[39m[32m·[39m[90mstdout[2m | tests/unit/twitterCloseMedia.test.js[2m > [22m[2mtwitterCloseMedia.js[2m > [22m[2mtwitterCloseMedia[2m > [22m[2mshould return failure when media not closed after button click
[22m[39m[2m07:51:27[0m [33m🟡[0m [0m[38;5;208m[twitterCloseMedia.js][0m[33m[0m[33m[twitterCloseMedia][0m[33m Button click didn't close media[0m

[33m[39m[32m·[39m[90mstdout[2m | tests/unit/twitterCloseMedia.test.js[2m > [22m[2mtwitterCloseMedia.js[2m > [22m[2mtwitterCloseMedia[2m > [22m[2mshould close media when escape succeeds but URL verification times out
[22m[39m[2m07:51:27[0m [36m🔵[0m [0m[38;5;208m[twitterCloseMedia.js][0m[0m[0m[33m[twitterCloseMedia][0m[0m Starting close media flow [95m(URL: https://x.com/user/status/123/media)[0m[0m[0m
[2m07:51:27[0m [36m🔵[0m [0m[38;5;208m[twitterCloseMedia.js][0m[0m[0m[33m[twitterCloseMedia][0m[0m Attempting to close with Escape key [95m(50% chance)[0m[0m[0m

[90mstdout[2m | tests/unit/twitterCloseMedia.test.js[2m > [22m[2mtwitterCloseMedia.js[2m > [22m[2mtwitterCloseMedia[2m > [22m[2mshould close media when escape succeeds but URL verification times out
[22m[39m[2m07:51:27[0m [36m🔵[0m [0m[38;5;208m[twitterCloseMedia.js][0m[0m[0m[33m[twitterCloseMedia][0m[0m Verification: URL changed=false, Modal closed=true[0m

[90mstdout[2m | tests/unit/twitterCloseMedia.test.js[2m > [22m[2mtwitterCloseMedia.js[2m > [22m[2mtwitterCloseMedia[2m > [22m[2mshould close media when escape succeeds but URL verification times out
[22m[39m[2m07:51:27[0m [36m🔵[0m [0m[38;5;208m[twitterCloseMedia.js][0m[0m[0m[33m[twitterCloseMedia][0m[0m Successfully closed media using Escape key[0m

[33m[39m[32m·[39m[33m[39m[32m·[39m[33m[39m[32m·[39m[33m[39m[32m·[39m[33m[39m[32m·[39m[33m[39m[32m·[39m[33m[39m[32m·[39m[33m[39m[32m·[39m[33m[39m[32m·[39m[33m[39m[32m·[39m[33m[39m[32m·[39m[33m[39m[32m·[39m[33m[39m[32m·[39m[33m[39m[32m·[39m[33m[39m[32m·[39m[33m[39m[32m·[39m[33m[39m[32m·[39m[33m[39m[32m·[39m[33m[39m[32m·[39m[33m[39m[32m·[39m[33m[39m[32m·[39m[33m[39m[32m·[39m[33m[39m[32m·[39m[33m[39m[32m·[39m[33m[39m[32m·[39m[33m[39m[32m·[39m[33m[39m[32m·[39m[33m[39m[32m·[39m[33m[39m[32m·[39m[33m[39m[32m·[39m[33m[39m[32m·[39m[33m[39m[32m·[39m[33m[39m[32m·[39m[33m[39m[32m·[39m[33m[39m[32m·[39m[33m[39m[32m·[39m[33m[39m[32m·[39m[33m[39m[32m·[39m[33m[39m[32m·[39m[33m[39m[32m·[39m[33m[39m[32m·[39m[33m[39m[32m·[39m[33m[39m[32m·[39m[33m[39m[32m·[39m[33m[39m[32m·[39m[33m[39m[32m·[39m[33m[39m[32m·[39m[33m[39m[32m·[39m[33m[39m[32m·[39m[33m[39m[32m·[39m[33m[39m[32m·[39m[33m[39m[32m·[39m[33m[39m[32m·[39m[33m[39m[32m·[39m[33m[39m[32m·[39m[33m[39m[32m·[39m[33m[39m[32m·[39m[33m[39m[32m·[39m[33m[39m[32m·[39m[33m[39m[32m·[39m[33m[39m[32m·[39m[33m[39m[32m·[39m[33m[39m[32m·[39m[33m[39m[32m·[39m[33m[39m[32m·[39m[33m[39m[32m·[39m[33m[39m[32m·[39m[33m[39m[32m·[39m[33m[39m[32m·[39m[33m[39m[32m·[39m[33m[39m[32m·[39m[33m[39m[32m·[39m[33m[39m[32m·[39m[33m[39m[32m·[39m[33m[39m[32m·[39m[33m[39m[32m·[39m[90mstdout[2m | tests/unit/motor-control.test.js[2m > [22m[2mmotorControl[2m > [22m[2mfindUncoveredArea[2m > [22m[2mshould find uncovered area
[22m[39m[Motor] Found uncovered area at (125, 75)

[90mstdout[2m | tests/unit/motor-control.test.js[2m > [22m[2mmotorControl[2m > [22m[2mspiralSearch[2m > [22m[2mshould find uncovered position
[22m[39m[Motor] Spiral search attempt 1: (100, 90)

[90mstdout[2m | tests/unit/motor-control.test.js[2m > [22m[2mmotorControl[2m > [22m[2mspiralSearch[2m > [22m[2mshould return failure after max attempts
[22m[39m[Motor] Spiral search attempt 1: (100, 90)

[90mstdout[2m | tests/unit/motor-control.test.js[2m > [22m[2mmotorControl[2m > [22m[2mspiralSearch[2m > [22m[2mshould return failure after max attempts
[22m[39m[Motor] Spiral search attempt 2: (100, 110)

[90mstdout[2m | tests/unit/motor-control.test.js[2m > [22m[2mmotorControl[2m > [22m[2msmartClick[2m > [22m[2mshould return failure if element not found
[22m[39m[Motor] Smart click on: .test

[90mstdout[2m | tests/unit/motor-control.test.js[2m > [22m[2mmotorControl[2m > [22m[2mclickWithVerification[2m > [22m[2mshould verify click with selector
[22m[39m[Motor] Click verified: .verified appeared

[90mstdout[2m | tests/unit/motor-control.test.js[2m > [22m[2mmotorControl[2m > [22m[2mclickWithVerification[2m > [22m[2mshould handle non-Error rejection from waitForSelector
[22m[39m[Motor] Smart click on: .target

[90mstdout[2m | tests/unit/motor-control.test.js[2m > [22m[2mmotorControl[2m > [22m[2mclickWithVerification[2m > [22m[2mshould handle non-Error rejection from waitForSelector
[22m[39m[Motor] Primary selector found: .target

[90mstdout[2m | tests/unit/motor-control.test.js[2m > [22m[2mmotorControl[2m > [22m[2msmartClick - additional coverage[2m > [22m[2mshould use stableResult.box over element.boundingBox
[22m[39m[Motor] Smart click on: .test

[90mstdout[2m | tests/unit/motor-control.test.js[2m > [22m[2mmotorControl[2m > [22m[2msmartClick - additional coverage[2m > [22m[2mshould use stableResult.box over element.boundingBox
[22m[39m[Motor] Primary selector found: .test

[90mstdout[2m | tests/unit/motor-control.test.js[2m > [22m[2mmotorControl[2m > [22m[2msmartClick - additional coverage[2m > [22m[2mshould fallback to element.boundingBox when stableResult.box undefined
[22m[39m[Motor] Smart click on: .test

[90mstdout[2m | tests/unit/motor-control.test.js[2m > [22m[2mmotorControl[2m > [22m[2msmartClick - additional coverage[2m > [22m[2mshould fallback to element.boundingBox when stableResult.box undefined
[22m[39m[Motor] Primary selector found: .test

[90mstdout[2m | tests/unit/motor-control.test.js[2m > [22m[2mmotorControl[2m > [22m[2msmartClick - additional coverage[2m > [22m[2mshould use default verifyTimeout when not provided
[22m[39m[Motor] Smart click on: [data-testid="reply"]

[90mstdout[2m | tests/unit/motor-control.test.js[2m > [22m[2mmotorControl[2m > [22m[2msmartClick - additional coverage[2m > [22m[2mshould use default verifyTimeout when not provided
[22m[39m[Motor] Primary selector found: [data-testid="reply"]

[90mstdout[2m | tests/unit/motor-control.test.js[2m > [22m[2mmotorControl[2m > [22m[2msmartClick - additional coverage[2m > [22m[2mshould use default verifyTimeout when not provided
[22m[39m[Motor] Click verified: .verified

[90mstdout[2m | tests/unit/motor-control.test.js[2m > [22m[2mmotorControl[2m > [22m[2msmartClick - additional coverage[2m > [22m[2mshould handle overlap and use findUncoveredArea
[22m[39m[Motor] Smart click on: .test

[90mstdout[2m | tests/unit/motor-control.test.js[2m > [22m[2mmotorControl[2m > [22m[2msmartClick - additional coverage[2m > [22m[2mshould handle overlap and use findUncoveredArea
[22m[39m[Motor] Primary selector found: .test

[90mstdout[2m | tests/unit/motor-control.test.js[2m > [22m[2mmotorControl[2m > [22m[2msmartClick - additional coverage[2m > [22m[2mshould handle overlap and use spiralSearch when findUncoveredArea fails
[22m[39m[Motor] Smart click on: .test

[90mstdout[2m | tests/unit/motor-control.test.js[2m > [22m[2mmotorControl[2m > [22m[2msmartClick - additional coverage[2m > [22m[2mshould handle overlap and use spiralSearch when findUncoveredArea fails
[22m[39m[Motor] Primary selector found: .test

[90mstdout[2m | tests/unit/motor-control.test.js[2m > [22m[2mmotorControl[2m > [22m[2msmartClick - additional coverage[2m > [22m[2mshould return failure when overlap cannot be recovered
[22m[39m[Motor] Smart click on: .test

[90mstdout[2m | tests/unit/motor-control.test.js[2m > [22m[2mmotorControl[2m > [22m[2msmartClick - additional coverage[2m > [22m[2mshould return failure when overlap cannot be recovered
[22m[39m[Motor] Primary selector found: .test

[90mstdout[2m | tests/unit/motor-control.test.js[2m > [22m[2mmotorControl[2m > [22m[2msmartClick - additional coverage[2m > [22m[2mshould attempt recovery when target not stable
[22m[39m[Motor] Smart click on: .test

[90mstdout[2m | tests/unit/motor-control.test.js[2m > [22m[2mmotorControl[2m > [22m[2msmartClick - additional coverage[2m > [22m[2mshould attempt recovery when target not stable
[22m[39m[Motor] Primary selector found: .test

[90mstdout[2m | tests/unit/motor-control.test.js[2m > [22m[2mmotorControl[2m > [22m[2msmartClick - additional coverage[2m > [22m[2mshould return failure when recovery also fails
[22m[39m[Motor] Smart click on: .test

[90mstdout[2m | tests/unit/motor-control.test.js[2m > [22m[2mmotorControl[2m > [22m[2msmartClick - additional coverage[2m > [22m[2mshould return failure when recovery also fails
[22m[39m[Motor] Primary selector found: .test

[90mstdout[2m | tests/unit/cloud-client.test.js[2m > [22m[2mCloudClient[2m > [22m[2mCoverage Edge Cases[2m > [22m[2mshould execute testFreeModels successfully
[22m[39mStarting testFreeModels

[33m[39m[32m·[39m[33m[39m[32m·[39m[33m[39m[32m·[39m[33m[39m[32m·[39m[33m[39m[32m·[39m[33m[39m[32m·[39m[33m[39m[32m·[39m[33m[39m[32m·[39m[33m[39m[32m·[39m[33m[39m[32m·[39m[33m[39m[32m·[39m[33m[39m[32m·[39m[33m[39m[32m·[39m[33m[39m[32m·[39m[33m[39m[32m·[39m[33m[39m[32m·[39m[33m[39m[32m·[39m[33m[39m[32m·[39m[33m[39m[32m·[39m[33m[39m[32m·[39m[33m[39m[32m·[39m[33m[39m[32m·[39m[33m[39m[32m·[39m[33m[39m[32m·[39m[33m[39m[32m·[39m[33m[39m[32m·[39m[33m[39m[32m·[39m[33m[39m[32m·[39m[33m[39m[32m·[39m[33m[39m[32m·[39m[33m[39m[32m·[39m[33m[39m[32m·[39m[33m[39m[32m·[39m[33m[39m[32m·[39m[33m[39m[32m·[39m[33m[39m[32m·[39m[33m[39m[32m·[39m[33m[39m[32m·[39m[33m[39m[32m·[39m[33m[39m[32m·[39m[33m[39m[32m·[39m[33m[39m[32m·[39m[33m[39m[32m·[39m[33m[39m[32m·[39m[33m[39m[32m·[39m[33m[39m[32m·[39m[33m[39m[32m·[39m[90mstdout[2m | tests/unit/async-queue.test.js[2m > [22m[2mCoverage Gap Tests[2m > [22m[2mAsyncQueue - add() method[2m > [22m[2mshould use custom timeout from options
[22m[39m[2m07:51:27[0m [33m🟡[0m [0m[38;5;208m[async-queue.js][0m[33m[0m[33m[AsyncQueue][0m[33m ⚠ Task timeout reached: 100ms for timeout-test[0m

[90mstdout[2m | tests/unit/async-queue.test.js[2m > [22m[2mCoverage Gap Tests[2m > [22m[2mAsyncQueue - add() method[2m > [22m[2mshould use custom timeout from options
[22m[39m[2m07:51:27[0m [33m🟡[0m [0m[38;5;208m[async-queue.js][0m[33m[0m[33m[AsyncQueue][0m[33m ⚠ Task timed out: timeout-test after 109ms[0m

[90mstdout[2m | tests/unit/async-queue.test.js[2m > [22m[2mCoverage Gap Tests[2m > [22m[2mAsyncQueue - add() method[2m > [22m[2mshould track totalAdded in stats
[22m[39m[2m07:51:27[0m [36m🔵[0m [0m[38;5;208m[async-queue.js][0m[0m[0m[33m[AsyncQueue][0m[0m Initialized [95m(maxConcurrent: 1, maxQueueSize: 2, defaultTimeout: 1000ms)[0m[0m[0m

[90mstdout[2m | tests/unit/async-queue.test.js[2m > [22m[2mCoverage Gap Tests[2m > [22m[2mAsyncQueue - add() method[2m > [22m[2mshould track totalAdded in stats
[22m[39m[2m07:51:27[0m [90m⚪[0m [0m[38;5;208m[async-queue.js][0m[0m[0m[33m[AsyncQueue][0m[0m Starting task: task1 [95m(queue: 0, active: 0/1)[0m[0m[0m

[90mstdout[2m | tests/unit/async-queue.test.js[2m > [22m[2mCoverage Gap Tests[2m > [22m[2mAsyncQueue - add() method[2m > [22m[2mshould track totalAdded in stats
[22m[39m[2m07:51:27[0m [36m🔵[0m [0m[38;5;208m[async-queue.js][0m[0m[0m[33m[AsyncQueue][0m[0m ✓ Completed task: task1 in 0ms[0m

[90mstdout[2m | tests/unit/async-queue.test.js[2m > [22m[2mCoverage Gap Tests[2m > [22m[2mAsyncQueue - add() method[2m > [22m[2mshould track totalAdded in stats
[22m[39m[2m07:51:27[0m [90m⚪[0m [0m[38;5;208m[async-queue.js][0m[0m[0m[33m[AsyncQueue][0m[0m Starting task: task2 [95m(queue: 0, active: 0/1)[0m[0m[0m

[90mstdout[2m | tests/unit/async-queue.test.js[2m > [22m[2mCoverage Gap Tests[2m > [22m[2mAsyncQueue - add() method[2m > [22m[2mshould track totalAdded in stats
[22m[39m[2m07:51:27[0m [36m🔵[0m [0m[38;5;208m[async-queue.js][0m[0m[0m[33m[AsyncQueue][0m[0m ✓ Completed task: task2 in 1ms[0m

[90mstdout[2m | tests/unit/async-queue.test.js[2m > [22m[2mCoverage Gap Tests[2m > [22m[2mAsyncQueue - _processQueue() and _processItems()[2m > [22m[2mshould process items concurrently up to maxConcurrent
[22m[39m[2m07:51:27[0m [36m🔵[0m [0m[38;5;208m[async-queue.js][0m[0m[0m[33m[AsyncQueue][0m[0m Initialized [95m(maxConcurrent: 2, maxQueueSize: 10, defaultTimeout: 5000ms)[0m[0m[0m

[90mstdout[2m | tests/unit/async-queue.test.js[2m > [22m[2mCoverage Gap Tests[2m > [22m[2mAsyncQueue - _processQueue() and _processItems()[2m > [22m[2mshould process items concurrently up to maxConcurrent
[22m[39m[2m07:51:27[0m [90m⚪[0m [0m[38;5;208m[async-queue.js][0m[0m[0m[33m[AsyncQueue][0m[0m Starting task: task1 [95m(queue: 0, active: 0/2)[0m[0m[0m

[33m[39m[32m·[39m[33m[39m[32m·[39m[33m[39m[32m·[39m[33m[39m[32m·[39m[33m[39m[32m·[39m[33m[39m[32m·[39m[33m[39m[32m·[39m[33m[39m[32m·[39m[33m[39m[32m·[39m[33m[39m[32m·[39m[33m[39m[32m·[39m[33m[39m[32m·[39m[33m[39m[32m·[39m[33m[39m[32m·[39m[33m[39m[32m·[39m[33m[39m[32m·[39m[33m[39m[32m·[39m[33m[39m[32m·[39m[33m[39m[32m·[39m[33m[39m[32m·[39m[33m[39m[32m·[39m[33m[39m[32m·[39m[33m[39m[32m·[39m[33m[39m[32m·[39m[33m[39m[32m·[39m[33m[39m[32m·[39m[33m[39m[32m·[39m[33m[39m[32m·[39m[33m[39m[32m·[39m[33m[39m[32m·[39m[33m[39m[32m·[39m[33m[39m[32m·[39m[33m[39m[32m·[39m[33m[39m[32m·[39m[33m[39m[32m·[39m[33m[39m[32m·[39m[33m[39m[32m·[39m[33m[39m[32m·[39m[33m[39m[32m·[39m[33m[39m[32m·[39m[33m[39m[32m·[39m[33m[39m[32m·[39m[33m[39m[32m·[39m[33m[39m[32m·[39m[33m[39m[32m·[39m[33m[39m[32m·[39m[33m[39m[32m·[39m[33m[39m[32m·[39m[33m[39m[32m·[39m[33m[39m[32m·[39m[33m[39m[32m·[39m[33m[39m[32m·[39m[33m[39m[32m·[39m[33m[39m[32m·[39m[33m[39m[32m·[39m[33m[39m[32m·[39m[33m[39m[32m·[39m[33m[39m[32m·[39m[33m[39m[32m·[39m[33m[39m[32m·[39m[33m[39m[32m·[39m[33m[39m[32m·[39m[33m[39m[32m·[39m[33m[39m[32m·[39m[33m[39m[32m·[39m[33m[39m[32m·[39m[33m[39m[32m·[39m[33m[39m[32m·[39m[33m[39m[32m·[39m[33m[39m[32m·[39m[33m[39m[32m·[39m[33m[39m[32m·[39m[33m[39m[32m·[39m[33m[39m[32m·[39m[33m[39m[32m·[39m[33m[39m[32m·[39m[33m[39m[32m·[39m[33m[39m[32m·[39m[33m[39m[32m·[39m[33m[39m[32m·[39m[33m[39m[32m·[39m[33m[39m[32m·[39m[33m[39m[32m·[39m[33m[39m[32m·[39m[33m[39m[32m·[39m[33m[39m[32m·[39m[33m[39m[32m·[39m[33m[39m[32m·[39m[33m[39m[32m·[39m[33m[39m[32m·[39m[33m[39m[32m·[39m[33m[39m[32m·[39m[33m[39m[32m·[39m[33m[39m[32m·[39m[33m[39m[32m·[39m[33m[39m[32m·[39m[33m[39m[32m·[39m[33m[39m[32m·[39m[33m[39m[32m·[39m[33m[39m[32m·[39m[33m[39m[32m·[39m[33m[39m[32m·[39m[33m[39m[32m·[39m[33m[39m[32m·[39m[33m[39m[32m·[39m[33m[39m[32m·[39m[33m[39m[32m·[39m[33m[39m[32m·[39m[33m[39m[32m·[39m[33m[39m[32m·[39m[33m[39m[32m·[39m[33m[39m[32m·[39m[33m[39m[32m·[39m[33m[39m[32m·[39m[33m[39m[32m·[39m[33m[39m[32m·[39m[33m[39m[32m·[39m[33m[39m[32m·[39m[33m[39m[32m·[39m[33m[39m[32m·[39m[90mstdout[2m | tests/unit/async-queue.test.js[2m > [22m[2mCoverage Gap Tests[2m > [22m[2mAsyncQueue - _processQueue() and _processItems()[2m > [22m[2mshould process items concurrently up to maxConcurrent
[22m[39m[2m07:51:27[0m [36m🔵[0m [0m[38;5;208m[async-queue.js][0m[0m[0m[33m[AsyncQueue][0m[0m ✓ Completed task: task1 in 58ms[0m
[2m07:51:27[0m [90m⚪[0m [0m[38;5;208m[async-queue.js][0m[0m[0m[33m[AsyncQueue][0m[0m Starting task: task2 [95m(queue: 1, active: 0/2)[0m[0m[0m

[33m[39m[32m·[39m[33m[39m[32m·[39m[33m[39m[32m·[39m[33m[39m[32m·[39m[33m[39m[32m·[39m[33m[39m[32m·[39m[33m[39m[32m·[39m[33m[39m[32m·[39m[33m[39m[32m·[39m[33m[39m[32m·[39m[33m[39m[32m·[39m[33m[39m[32m·[39m[33m[39m[32m·[39m[33m[39m[32m·[39m[33m[39m[32m·[39m[33m[39m[32m·[39m[33m[39m[32m·[39m[33m[39m[32m·[39m[33m[39m[32m·[39m[33m[39m[32m·[39m[33m[39m[32m·[39m[33m[39m[32m·[39m[33m[39m[32m·[39m[33m[39m[32m·[39m[33m[39m[32m·[39m[33m[39m[32m·[39m[33m[39m[32m·[39m[33m[39m[32m·[39m[33m[39m[32m·[39m[33m[39m[32m·[39m[33m[39m[32m·[39m[33m[39m[32m·[39m[33m[39m[32m·[39m[33m[39m[32m·[39m[33m[39m[32m·[39m[33m[39m[32m·[39m[33m[39m[32m·[39m[33m[39m[32m·[39m[33m[39m[32m·[39m[33m[39m[32m·[39m[33m[39m[32m·[39m[33m[39m[32m·[39m[33m[39m[32m·[39m[33m[39m[32m·[39m[33m[39m[32m·[39m[33m[39m[32m·[39m[33m[39m[32m·[39m[33m[39m[32m·[39m[33m[39m[32m·[39m[33m[39m[32m·[39m[33m[39m[32m·[39m[33m[39m[32m·[39m[33m[39m[32m·[39m[33m[39m[32m·[39m[33m[39m[32m·[39m[33m[39m[32m·[39m[33m[39m[32m·[39m[33m[39m[32m·[39m[33m[39m[32m·[39m[33m[39m[32m·[39m[33m[39m[32m·[39m[33m[39m[32m·[39m[33m[39m[32m·[39m[33m[39m[32m·[39m[33m[39m[32m·[39m[33m[39m[32m·[39m[33m[39m[32m·[39m[33m[39m[32m·[39m[33m[39m[32m·[39m[33m[39m[32m·[39m[33m[39m[32m·[39m[33m[39m[32m·[39m[33m[39m[32m·[39m[33m[39m[32m·[39m[33m[39m[32m·[39m[33m[39m[32m·[39m[33m[39m[32m·[39m[33m[39m[32m·[39m[33m[39m[32m·[39m[33m[39m[32m·[39m[33m[39m[32m·[39m[33m[39m[32m·[39m[33m[39m[32m·[39m[33m[39m[32m·[39m[33m[39m[32m·[39m[33m[39m[32m·[39m[33m[39m[32m·[39m[33m[39m[32m·[39m[33m[39m[32m·[39m[33m[39m[32m·[39m[33m[39m[32m·[39m[33m[39m[32m·[39m[33m[39m[32m·[39m[33m[39m[32m·[39m[33m[39m[32m·[39m[33m[39m[32m·[39m[90mstdout[2m | tests/unit/async-queue.test.js[2m > [22m[2mCoverage Gap Tests[2m > [22m[2mAsyncQueue - _processQueue() and _processItems()[2m > [22m[2mshould process items concurrently up to maxConcurrent
[22m[39m[2m07:51:27[0m [36m🔵[0m [0m[38;5;208m[async-queue.js][0m[0m[0m[33m[AsyncQueue][0m[0m ✓ Completed task: task2 in 62ms[0m
[2m07:51:27[0m [90m⚪[0m [0m[38;5;208m[async-queue.js][0m[0m[0m[33m[AsyncQueue][0m[0m Starting task: task3 [95m(queue: 0, active: 0/2)[0m[0m[0m

[33m[39m[32m·[39m[33m[39m[32m·[39m[33m[39m[32m·[39m[33m[39m[32m·[39m[33m[39m[32m·[39m[33m[39m[32m·[39m[33m[39m[32m·[39m[33m[39m[32m·[39m[33m[39m[32m·[39m[33m[39m[32m·[39m[33m[39m[32m·[39m[33m[39m[32m·[39m[33m[39m[32m·[39m[33m[39m[32m·[39m[33m[39m[32m·[39m[33m[39m[32m·[39m[33m[39m[32m·[39m[33m[39m[32m·[39m[33m[39m[32m·[39m[33m[39m[32m·[39m[33m[39m[32m·[39m[33m[39m[32m·[39m[90mstdout[2m | tests/unit/free-api-router.test.js[2m > [22m[2mFreeApiRouter[2m > [22m[2m_callThroughProxy Edge Cases[2m > [22m[2mshould handle timeout in proxy call
[22m[39m[2m07:51:27[0m [36m🔵[0m [0m[38;5;208m[free-api-router.js][0m[0m[0m[33m[FreeRouter][0m[0m Session default:default -> API Key 1/1[0m
[2m07:51:27[0m [36m🔵[0m [0m[38;5;208m[free-api-router.js][0m[0m[0m[33m[FreeRouter][0m[0m Initialized for session: default:default[0m
[2m07:51:27[0m [36m🔵[0m [0m[38;5;208m[free-api-router.js][0m[0m[0m[33m[FreeRouter][0m[0m API Keys: 1, Selected: 1[0m
[2m07:51:27[0m [36m🔵[0m [0m[38;5;208m[free-api-router.js][0m[0m[0m[33m[FreeRouter][0m[0m Primary model: test/model[0m
[2m07:51:27[0m [36m🔵[0m [0m[38;5;208m[free-api-router.js][0m[0m[0m[33m[FreeRouter][0m[0m Fallback models: 0[0m
[2m07:51:27[0m [36m🔵[0m [0m[38;5;208m[free-api-router.js][0m[0m[0m[33m[FreeRouter][0m[0m Timeout: default=1ms, quick=20000ms[0m
[2m07:51:27[0m [36m🔵[0m [0m[38;5;208m[free-api-router.js][0m[0m[0m[33m[FreeRouter][0m[0m Proxy enabled: 1 proxies[0m
[2m07:51:27[0m [36m🔵[0m [0m[38;5;208m[free-api-router.js][0m[0m[0m[33m[FreeRouter][0m[0m Advanced features: CircuitBreaker, RateLimitTracker, RequestDedupe, ModelPerfTracker, ApiKeyTimeoutTracker[0m
[2m07:51:27[0m [36m🔵[0m [0m[38;5;208m[free-api-router.js][0m[0m[0m[33m[FreeRouter][0m[0m _tryModelWithKey: model=test/model[0m
[2m07:51:27[0m [36m🔵[0m [0m[38;5;208m[free-api-router.js][0m[0m[0m[33m[FreeRouter][0m[0m _tryModelWithKey: proxy=proxy1:8080[0m

[33m[39m[32m·[39m[33m[39m[32m·[39m[33m[39m[32m·[39m[33m[39m[32m·[39m[33m[39m[32m·[39m[33m[39m[32m·[39m[33m[39m[32m·[39m[33m[39m[32m·[39m[33m[39m[32m·[39m[33m[39m[32m·[39m[33m[39m[32m·[39m[33m[39m[32m·[39m[33m[39m[32m·[39m[33m[39m[32m·[39m[33m[39m[32m·[39m[33m[39m[32m·[39m[33m[39m[32m·[39m[33m[39m[32m·[39m[33m[39m[32m·[39m[33m[39m[32m·[39m[33m[39m[32m·[39m[33m[39m[32m·[39m[33m[39m[32m·[39m[90mstdout[2m | tests/unit/free-api-router.test.js[2m > [22m[2mFreeApiRouter[2m > [22m[2m_callDirect Error Handling[2m > [22m[2mshould wrap error when error does not have name/code
[22m[39m[2m07:51:27[0m [36m🔵[0m [0m[38;5;208m[free-api-router.js][0m[0m[0m[33m[FreeRouter][0m[0m Session default:default -> API Key 1/1[0m
[2m07:51:27[0m [36m🔵[0m [0m[38;5;208m[free-api-router.js][0m[0m[0m[33m[FreeRouter][0m[0m Initialized for session: default:default[0m
[2m07:51:27[0m [36m🔵[0m [0m[38;5;208m[free-api-router.js][0m[0m[0m[33m[FreeRouter][0m[0m API Keys: 1, Selected: 1[0m
[2m07:51:27[0m [36m🔵[0m [0m[38;5;208m[free-api-router.js][0m[0m[0m[33m[FreeRouter][0m[0m Primary model: anthropic/claude-3.5-sonnet:free[0m
[2m07:51:27[0m [36m🔵[0m [0m[38;5;208m[free-api-router.js][0m[0m[0m[33m[FreeRouter][0m[0m Fallback models: 0[0m
[2m07:51:27[0m [36m🔵[0m [0m[38;5;208m[free-api-router.js][0m[0m[0m[33m[FreeRouter][0m[0m Timeout: default=60000ms, quick=20000ms[0m
[2m07:51:27[0m [36m🔵[0m [0m[38;5;208m[free-api-router.js][0m[0m[0m[33m[FreeRouter][0m[0m Advanced features: CircuitBreaker, RateLimitTracker, RequestDedupe, ModelPerfTracker, ApiKeyTimeoutTracker[0m
[2m07:51:27[0m [36m🔵[0m [0m[38;5;208m[free-api-router.js][0m[0m[0m[33m[FreeRouter][0m[0m _callDirect: starting request to test[0m

[90mstdout[2m | tests/unit/free-api-router.test.js[2m > [22m[2mFreeApiRouter[2m > [22m[2m_callDirect Error Handling[2m > [22m[2mshould rethrow AppError when error has name and code
[22m[39m[2m07:51:27[0m [36m🔵[0m [0m[38;5;208m[free-api-router.js][0m[0m[0m[33m[FreeRouter][0m[0m Session default:default -> API Key 1/1[0m
[2m07:51:27[0m [36m🔵[0m [0m[38;5;208m[free-api-router.js][0m[0m[0m[33m[FreeRouter][0m[0m Initialized for session: default:default[0m
[2m07:51:27[0m [36m🔵[0m [0m[38;5;208m[free-api-router.js][0m[0m[0m[33m[FreeRouter][0m[0m API Keys: 1, Selected: 1[0m
[2m07:51:27[0m [36m🔵[0m [0m[38;5;208m[free-api-router.js][0m[0m[0m[33m[FreeRouter][0m[0m Primary model: anthropic/claude-3.5-sonnet:free[0m
[2m07:51:27[0m [36m🔵[0m [0m[38;5;208m[free-api-router.js][0m[0m[0m[33m[FreeRouter][0m[0m Fallback models: 0[0m
[2m07:51:27[0m [36m🔵[0m [0m[38;5;208m[free-api-router.js][0m[0m[0m[33m[FreeRouter][0m[0m Timeout: default=60000ms, quick=20000ms[0m
[2m07:51:27[0m [36m🔵[0m [0m[38;5;208m[free-api-router.js][0m[0m[0m[33m[FreeRouter][0m[0m Advanced features: CircuitBreaker, RateLimitTracker, RequestDedupe, ModelPerfTracker, ApiKeyTimeoutTracker[0m
[2m07:51:27[0m [36m🔵[0m [0m[38;5;208m[free-api-router.js][0m[0m[0m[33m[FreeRouter][0m[0m _callDirect: starting request to test[0m

[90mstdout[2m | tests/unit/free-api-router.test.js[2m > [22m[2mFreeApiRouter[2m > [22m[2mgetSessionInfo - Different Configurations[2m > [22m[2mshould return correct info when proxy disabled
[22m[39m[2m07:51:27[0m [36m🔵[0m [0m[38;5;208m[free-api-router.js][0m[0m[0m[33m[FreeRouter][0m[0m Session browser1:task1 -> API Key 2/2[0m
[2m07:51:27[0m [36m🔵[0m [0m[38;5;208m[free-api-router.js][0m[0m[0m[33m[FreeRouter][0m[0m Initialized for session: browser1:task1[0m
[2m07:51:27[0m [36m🔵[0m [0m[38;5;208m[free-api-router.js][0m[0m[0m[33m[FreeRouter][0m[0m API Keys: 2, Selected: 2[0m
[2m07:51:27[0m [36m🔵[0m [0m[38;5;208m[free-api-router.js][0m[0m[0m[33m[FreeRouter][0m[0m Primary model: test/model[0m
[2m07:51:27[0m [36m🔵[0m [0m[38;5;208m[free-api-router.js][0m[0m[0m[33m[FreeRouter][0m[0m Fallback models: 1[0m
[2m07:51:27[0m [36m🔵[0m [0m[38;5;208m[free-api-router.js][0m[0m[0m[33m[FreeRouter][0m[0m Timeout: default=60000ms, quick=20000ms[0m
[2m07:51:27[0m [36m🔵[0m [0m[38;5;208m[free-api-router.js][0m[0m[0m[33m[FreeRouter][0m[0m Advanced features: CircuitBreaker, RateLimitTracker, RequestDedupe, ModelPerfTracker, ApiKeyTimeoutTracker[0m

[90mstdout[2m | tests/unit/free-api-router.test.js[2m > [22m[2mFreeApiRouter[2m > [22m[2mgetSessionInfo - Different Configurations[2m > [22m[2mshould return correct info with no fallback models
[22m[39m[2m07:51:27[0m [36m🔵[0m [0m[38;5;208m[free-api-router.js][0m[0m[0m[33m[FreeRouter][0m[0m Session browser1:task1 -> API Key 1/1[0m
[2m07:51:27[0m [36m🔵[0m [0m[38;5;208m[free-api-router.js][0m[0m[0m[33m[FreeRouter][0m[0m Initialized for session: browser1:task1[0m
[2m07:51:27[0m [36m🔵[0m [0m[38;5;208m[free-api-router.js][0m[0m[0m[33m[FreeRouter][0m[0m API Keys: 1, Selected: 1[0m
[2m07:51:27[0m [36m🔵[0m [0m[38;5;208m[free-api-router.js][0m[0m[0m[33m[FreeRouter][0m[0m Primary model: test/model[0m
[2m07:51:27[0m [36m🔵[0m [0m[38;5;208m[free-api-router.js][0m[0m[0m[33m[FreeRouter][0m[0m Fallback models: 0[0m
[2m07:51:27[0m [36m🔵[0m [0m[38;5;208m[free-api-router.js][0m[0m[0m[33m[FreeRouter][0m[0m Timeout: default=60000ms, quick=20000ms[0m
[2m07:51:27[0m [36m🔵[0m [0m[38;5;208m[free-api-router.js][0m[0m[0m[33m[FreeRouter][0m[0m Advanced features: CircuitBreaker, RateLimitTracker, RequestDedupe, ModelPerfTracker, ApiKeyTimeoutTracker[0m

[90mstdout[2m | tests/unit/free-api-router.test.js[2m > [22m[2mFreeApiRouter[2m > [22m[2mgetSessionInfo - Different Configurations[2m > [22m[2mshould return correct info with no API keys
[22m[39m[2m07:51:27[0m [33m🟡[0m [0m[38;5;208m[free-api-router.js][0m[33m[0m[33m[FreeRouter][0m[33m No API keys configured[0m
[2m07:51:27[0m [36m🔵[0m [0m[38;5;208m[free-api-router.js][0m[0m[0m[33m[FreeRouter][0m[0m Initialized for session: default:default[0m
[2m07:51:27[0m [36m🔵[0m [0m[38;5;208m[free-api-router.js][0m[0m[0m[33m[FreeRouter][0m[0m API Keys: 0, Selected: 0[0m
[2m07:51:27[0m [36m🔵[0m [0m[38;5;208m[free-api-router.js][0m[0m[0m[33m[FreeRouter][0m[0m Primary model: test/model[0m
[2m07:51:27[0m [36m🔵[0m [0m[38;5;208m[free-api-router.js][0m[0m[0m[33m[FreeRouter][0m[0m Fallback models: 1[0m
[2m07:51:27[0m [36m🔵[0m [0m[38;5;208m[free-api-router.js][0m[0m[0m[33m[FreeRouter][0m[0m Timeout: default=60000ms, quick=20000ms[0m
[2m07:51:27[0m [36m🔵[0m [0m[38;5;208m[free-api-router.js][0m[0m[0m[33m[FreeRouter][0m[0m Advanced features: CircuitBreaker, RateLimitTracker, RequestDedupe, ModelPerfTracker, ApiKeyTimeoutTracker[0m

[90mstdout[2m | tests/unit/free-api-router.test.js[2m > [22m[2mFreeApiRouter[2m > [22m[2mAdditional Cascading Edge Cases[2m > [22m[2mshould handle empty working array in test results
[22m[39m[2m07:51:27[0m [36m🔵[0m [0m[38;5;208m[free-api-router.js][0m[0m[0m[33m[FreeRouter][0m[0m Session default:default -> API Key 1/1[0m
[2m07:51:27[0m [36m🔵[0m [0m[38;5;208m[free-api-router.js][0m[0m[0m[33m[FreeRouter][0m[0m Initialized for session: default:default[0m
[2m07:51:27[0m [36m🔵[0m [0m[38;5;208m[free-api-router.js][0m[0m[0m[33m[FreeRouter][0m[0m API Keys: 1, Selected: 1[0m
[2m07:51:27[0m [36m🔵[0m [0m[38;5;208m[free-api-router.js][0m[0m[0m[33m[FreeRouter][0m[0m Primary model: configured1[0m
[2m07:51:27[0m [36m🔵[0m [0m[38;5;208m[free-api-router.js][0m[0m[0m[33m[FreeRouter][0m[0m Fallback models: 1[0m
[2m07:51:27[0m [36m🔵[0m [0m[38;5;208m[free-api-router.js][0m[0m[0m[33m[FreeRouter][0m[0m Timeout: default=60000ms, quick=20000ms[0m
[2m07:51:27[0m [36m🔵[0m [0m[38;5;208m[free-api-router.js][0m[0m[0m[33m[FreeRouter][0m[0m Advanced features: CircuitBreaker, RateLimitTracker, RequestDedupe, ModelPerfTracker, ApiKeyTimeoutTracker[0m
[2m07:51:27[0m [36m🔵[0m [0m[38;5;208m[free-api-router.js][0m[0m[0m[33m[FreeRouter][0m[0m processRequest: calling _tryModelWithKey[0m
[2m07:51:27[0m [36m🔵[0m [0m[38;5;208m[free-api-router.js][0m[0m[0m[33m[FreeRouter][0m[0m No test results available, using 2 configured models[0m
[2m07:51:27[0m [36m🔵[0m [0m[38;5;208m[free-api-router.js][0m[0m[0m[33m[FreeRouter][0m[0m Attempt 1/3: Trying model configured1[0m
[2m07:51:27[0m [36m🔵[0m [0m[38;5;208m[free-api-router.js][0m[0m[0m[33m[FreeRouter][0m[0m _tryModelWithKey: model=configured1[0m
[2m07:51:27[0m [36m🔵[0m [0m[38;5;208m[free-api-router.js][0m[0m[0m[33m[FreeRouter][0m[0m _tryModelWithKey: proxy=null[0m
[2m07:51:27[0m [36m🔵[0m [0m[38;5;208m[free-api-router.js][0m[0m[0m[33m[FreeRouter][0m[0m _callDirect: starting request to configured1[0m

[90mstdout[2m | tests/unit/free-api-router.test.js[2m > [22m[2mFreeApiRouter[2m > [22m[2mAdditional Cascading Edge Cases[2m > [22m[2mshould handle empty working array in test results
[22m[39m[2m07:51:27[0m [90m⚪[0m [0m[38;5;208m[free-api-router.js][0m[0m[0m[33m[FreeRouter][0m[0m Response received [95m(8 chars)[0m[0m: response...[0m

[90mstdout[2m | tests/unit/free-api-router.test.js[2m > [22m[2mFreeApiRouter[2m > [22m[2mAdditional Cascading Edge Cases[2m > [22m[2mshould handle empty working array in test results
[22m[39m[2m07:51:27[0m [90m⚪[0m [0m[38;5;208m[model-perf-tracker.js][0m[0m[0m[33m[ModelPerfTracker][0m[0m configured1::test-key success [95m(1/1, 2ms avg)[0m[0m[0m
[2m07:51:27[0m [90m⚪[0m [0m[38;5;208m[request-dedupe.js][0m[0m[0m[33m[RequestDedupe][0m[0m Cached response for key -6655e31[0m

[90mstdout[2m | tests/unit/free-api-router.test.js[2m > [22m[2mFreeApiRouter[2m > [22m[2mAdditional Cascading Edge Cases[2m > [22m[2mshould handle testResults with no working property
[22m[39m[2m07:51:27[0m [36m🔵[0m [0m[38;5;208m[free-api-router.js][0m[0m[0m[33m[FreeRouter][0m[0m Session default:default -> API Key 1/1[0m
[2m07:51:27[0m [36m🔵[0m [0m[38;5;208m[free-api-router.js][0m[0m[0m[33m[FreeRouter][0m[0m Initialized for session: default:default[0m
[2m07:51:27[0m [36m🔵[0m [0m[38;5;208m[free-api-router.js][0m[0m[0m[33m[FreeRouter][0m[0m API Keys: 1, Selected: 1[0m
[2m07:51:27[0m [36m🔵[0m [0m[38;5;208m[free-api-router.js][0m[0m[0m[33m[FreeRouter][0m[0m Primary model: configured1[0m
[2m07:51:27[0m [36m🔵[0m [0m[38;5;208m[free-api-router.js][0m[0m[0m[33m[FreeRouter][0m[0m Fallback models: 1[0m
[2m07:51:27[0m [36m🔵[0m [0m[38;5;208m[free-api-router.js][0m[0m[0m[33m[FreeRouter][0m[0m Timeout: default=60000ms, quick=20000ms[0m
[2m07:51:27[0m [36m🔵[0m [0m[38;5;208m[free-api-router.js][0m[0m[0m[33m[FreeRouter][0m[0m Advanced features: CircuitBreaker, RateLimitTracker, RequestDedupe, ModelPerfTracker, ApiKeyTimeoutTracker[0m
[2m07:51:27[0m [36m🔵[0m [0m[38;5;208m[free-api-router.js][0m[0m[0m[33m[FreeRouter][0m[0m processRequest: calling _tryModelWithKey[0m
[2m07:51:27[0m [36m🔵[0m [0m[38;5;208m[free-api-router.js][0m[0m[0m[33m[FreeRouter][0m[0m No test results available, using 2 configured models[0m
[2m07:51:27[0m [36m🔵[0m [0m[38;5;208m[free-api-router.js][0m[0m[0m[33m[FreeRouter][0m[0m Attempt 1/3: Trying model configured1[0m
[2m07:51:27[0m [36m🔵[0m [0m[38;5;208m[free-api-router.js][0m[0m[0m[33m[FreeRouter][0m[0m _tryModelWithKey: model=configured1[0m
[2m07:51:27[0m [36m🔵[0m [0m[38;5;208m[free-api-router.js][0m[0m[0m[33m[FreeRouter][0m[0m _tryModelWithKey: proxy=null[0m
[2m07:51:27[0m [36m🔵[0m [0m[38;5;208m[free-api-router.js][0m[0m[0m[33m[FreeRouter][0m[0m _callDirect: starting request to configured1[0m

[90mstdout[2m | tests/unit/free-api-router.test.js[2m > [22m[2mFreeApiRouter[2m > [22m[2mAdditional Cascading Edge Cases[2m > [22m[2mshould handle testResults with no working property
[22m[39m[2m07:51:27[0m [90m⚪[0m [0m[38;5;208m[free-api-router.js][0m[0m[0m[33m[FreeRouter][0m[0m Response received [95m(8 chars)[0m[0m: response...[0m

[90mstdout[2m | tests/unit/free-api-router.test.js[2m > [22m[2mFreeApiRouter[2m > [22m[2mAdditional Cascading Edge Cases[2m > [22m[2mshould handle testResults with no working property
[22m[39m[2m07:51:27[0m [90m⚪[0m [0m[38;5;208m[model-perf-tracker.js][0m[0m[0m[33m[ModelPerfTracker][0m[0m configured1::test-key success [95m(1/1, 1ms avg)[0m[0m[0m
[2m07:51:27[0m [90m⚪[0m [0m[38;5;208m[request-dedupe.js][0m[0m[0m[33m[RequestDedupe][0m[0m Cached response for key -6655e31[0m

[90mstdout[2m | tests/unit/async-queue.test.js[2m > [22m[2mCoverage Gap Tests[2m > [22m[2mAsyncQueue - _processQueue() and _processItems()[2m > [22m[2mshould process items concurrently up to maxConcurrent
[22m[39m[2m07:51:27[0m [36m🔵[0m [0m[38;5;208m[async-queue.js][0m[0m[0m[33m[AsyncQueue][0m[0m ✓ Completed task: task3 in 62ms[0m

[90mstdout[2m | tests/unit/async-queue.test.js[2m > [22m[2mCoverage Gap Tests[2m > [22m[2mAsyncQueue - _processQueue() and _processItems()[2m > [22m[2mshould handle task errors gracefully
[22m[39m[2m07:51:27[0m [36m🔵[0m [0m[38;5;208m[async-queue.js][0m[0m[0m[33m[AsyncQueue][0m[0m Initialized [95m(maxConcurrent: 2, maxQueueSize: 10, defaultTimeout: 5000ms)[0m[0m[0m

[90mstdout[2m | tests/unit/async-queue.test.js[2m > [22m[2mCoverage Gap Tests[2m > [22m[2mAsyncQueue - _processQueue() and _processItems()[2m > [22m[2mshould handle task errors gracefully
[22m[39m[2m07:51:27[0m [90m⚪[0m [0m[38;5;208m[async-queue.js][0m[0m[0m[33m[AsyncQueue][0m[0m Starting task: error-task [95m(queue: 0, active: 0/2)[0m[0m[0m

[90mstdout[2m | tests/unit/async-queue.test.js[2m > [22m[2mCoverage Gap Tests[2m > [22m[2mAsyncQueue - _processQueue() and _processItems()[2m > [22m[2mshould handle task errors gracefully
[22m[39m[2m07:51:27[0m [31m🔴[0m [0m[38;5;208m[async-queue.js][0m[31m[0m[33m[AsyncQueue][0m[31m ✗ Task failed: error-task - Task failed[0m

[90mstdout[2m | tests/unit/async-queue.test.js[2m > [22m[2mCoverage Gap Tests[2m > [22m[2mAsyncQueue - _processQueue() and _processItems()[2m > [22m[2mshould handle timeout errors
[22m[39m[2m07:51:27[0m [36m🔵[0m [0m[38;5;208m[async-queue.js][0m[0m[0m[33m[AsyncQueue][0m[0m Initialized [95m(maxConcurrent: 2, maxQueueSize: 10, defaultTimeout: 5000ms)[0m[0m[0m

[90mstdout[2m | tests/unit/async-queue.test.js[2m > [22m[2mCoverage Gap Tests[2m > [22m[2mAsyncQueue - _processQueue() and _processItems()[2m > [22m[2mshould handle timeout errors
[22m[39m[2m07:51:27[0m [90m⚪[0m [0m[38;5;208m[async-queue.js][0m[0m[0m[33m[AsyncQueue][0m[0m Starting task: timeout-task [95m(queue: 0, active: 0/2)[0m[0m[0m

[90mstdout[2m | tests/unit/free-api-router.test.js[2m > [22m[2mFreeApiRouter[2m > [22m[2mEmpty Response Handling[2m > [22m[2mshould handle response with empty content but reasoning_content
[22m[39m[2m07:51:27[0m [36m🔵[0m [0m[38;5;208m[free-api-router.js][0m[0m[0m[33m[FreeRouter][0m[0m Session default:default -> API Key 1/1[0m
[2m07:51:27[0m [36m🔵[0m [0m[38;5;208m[free-api-router.js][0m[0m[0m[33m[FreeRouter][0m[0m Initialized for session: default:default[0m
[2m07:51:27[0m [36m🔵[0m [0m[38;5;208m[free-api-router.js][0m[0m[0m[33m[FreeRouter][0m[0m API Keys: 1, Selected: 1[0m
[2m07:51:27[0m [36m🔵[0m [0m[38;5;208m[free-api-router.js][0m[0m[0m[33m[FreeRouter][0m[0m Primary model: test/model[0m
[2m07:51:27[0m [36m🔵[0m [0m[38;5;208m[free-api-router.js][0m[0m[0m[33m[FreeRouter][0m[0m Fallback models: 0[0m
[2m07:51:27[0m [36m🔵[0m [0m[38;5;208m[free-api-router.js][0m[0m[0m[33m[FreeRouter][0m[0m Timeout: default=60000ms, quick=20000ms[0m
[2m07:51:27[0m [36m🔵[0m [0m[38;5;208m[free-api-router.js][0m[0m[0m[33m[FreeRouter][0m[0m Advanced features: CircuitBreaker, RateLimitTracker, RequestDedupe, ModelPerfTracker, ApiKeyTimeoutTracker[0m
[2m07:51:27[0m [36m🔵[0m [0m[38;5;208m[free-api-router.js][0m[0m[0m[33m[FreeRouter][0m[0m processRequest: calling _tryModelWithKey[0m
[2m07:51:27[0m [36m🔵[0m [0m[38;5;208m[free-api-router.js][0m[0m[0m[33m[FreeRouter][0m[0m No test results available, using 1 configured models[0m
[2m07:51:27[0m [36m🔵[0m [0m[38;5;208m[free-api-router.js][0m[0m[0m[33m[FreeRouter][0m[0m Attempt 1/3: Trying model test/model[0m
[2m07:51:27[0m [36m🔵[0m [0m[38;5;208m[free-api-router.js][0m[0m[0m[33m[FreeRouter][0m[0m _tryModelWithKey: model=test/model[0m
[2m07:51:27[0m [36m🔵[0m [0m[38;5;208m[free-api-router.js][0m[0m[0m[33m[FreeRouter][0m[0m _tryModelWithKey: proxy=null[0m
[2m07:51:27[0m [36m🔵[0m [0m[38;5;208m[free-api-router.js][0m[0m[0m[33m[FreeRouter][0m[0m _callDirect: starting request to test/model[0m

[90mstdout[2m | tests/unit/free-api-router.test.js[2m > [22m[2mFreeApiRouter[2m > [22m[2mEmpty Response Handling[2m > [22m[2mshould handle response with empty content but reasoning_content
[22m[39m[2m07:51:27[0m [33m🟡[0m [0m[38;5;208m[free-api-router.js][0m[33m[0m[33m[FreeRouter][0m[33m ⚠️ Content empty but reasoning_content has 14 chars - using reasoning_content[0m
[2m07:51:27[0m [90m⚪[0m [0m[38;5;208m[free-api-router.js][0m[0m[0m[33m[FreeRouter][0m[0m Response received [95m(14 chars)[0m[0m: reasoning text...[0m
[2m07:51:27[0m [90m⚪[0m [0m[38;5;208m[free-api-router.js][0m[0m[0m[33m[FreeRouter][0m[0m Reasoning content excluded by API [95m(14 chars)[0m[0m[0m

[90mstdout[2m | tests/unit/free-api-router.test.js[2m > [22m[2mFreeApiRouter[2m > [22m[2mEmpty Response Handling[2m > [22m[2mshould handle response with empty content but reasoning_content
[22m[39m[2m07:51:27[0m [90m⚪[0m [0m[38;5;208m[model-perf-tracker.js][0m[0m[0m[33m[ModelPerfTracker][0m[0m test/model::test-key success [95m(1/1, 3ms avg)[0m[0m[0m
[2m07:51:27[0m [90m⚪[0m [0m[38;5;208m[request-dedupe.js][0m[0m[0m[33m[RequestDedupe][0m[0m Cached response for key 4daae485[0m

[90mstdout[2m | tests/unit/free-api-router.test.js[2m > [22m[2mFreeApiRouter[2m > [22m[2mEmpty Response Handling[2m > [22m[2mshould handle completely empty response
[22m[39m[2m07:51:27[0m [36m🔵[0m [0m[38;5;208m[free-api-router.js][0m[0m[0m[33m[FreeRouter][0m[0m Session default:default -> API Key 1/1[0m
[2m07:51:27[0m [36m🔵[0m [0m[38;5;208m[free-api-router.js][0m[0m[0m[33m[FreeRouter][0m[0m Initialized for session: default:default[0m
[2m07:51:27[0m [36m🔵[0m [0m[38;5;208m[free-api-router.js][0m[0m[0m[33m[FreeRouter][0m[0m API Keys: 1, Selected: 1[0m
[2m07:51:27[0m [36m🔵[0m [0m[38;5;208m[free-api-router.js][0m[0m[0m[33m[FreeRouter][0m[0m Primary model: test/model[0m
[2m07:51:27[0m [36m🔵[0m [0m[38;5;208m[free-api-router.js][0m[0m[0m[33m[FreeRouter][0m[0m Fallback models: 0[0m
[2m07:51:27[0m [36m🔵[0m [0m[38;5;208m[free-api-router.js][0m[0m[0m[33m[FreeRouter][0m[0m Timeout: default=60000ms, quick=20000ms[0m
[2m07:51:27[0m [36m🔵[0m [0m[38;5;208m[free-api-router.js][0m[0m[0m[33m[FreeRouter][0m[0m Advanced features: CircuitBreaker, RateLimitTracker, RequestDedupe, ModelPerfTracker, ApiKeyTimeoutTracker[0m
[2m07:51:27[0m [36m🔵[0m [0m[38;5;208m[free-api-router.js][0m[0m[0m[33m[FreeRouter][0m[0m processRequest: calling _tryModelWithKey[0m
[2m07:51:27[0m [36m🔵[0m [0m[38;5;208m[free-api-router.js][0m[0m[0m[33m[FreeRouter][0m[0m No test results available, using 1 configured models[0m
[2m07:51:27[0m [36m🔵[0m [0m[38;5;208m[free-api-router.js][0m[0m[0m[33m[FreeRouter][0m[0m Attempt 1/3: Trying model test/model[0m
[2m07:51:27[0m [36m🔵[0m [0m[38;5;208m[free-api-router.js][0m[0m[0m[33m[FreeRouter][0m[0m _tryModelWithKey: model=test/model[0m
[2m07:51:27[0m [36m🔵[0m [0m[38;5;208m[free-api-router.js][0m[0m[0m[33m[FreeRouter][0m[0m _tryModelWithKey: proxy=null[0m
[2m07:51:27[0m [36m🔵[0m [0m[38;5;208m[free-api-router.js][0m[0m[0m[33m[FreeRouter][0m[0m _callDirect: starting request to test/model[0m

[90mstdout[2m | tests/unit/free-api-router.test.js[2m > [22m[2mFreeApiRouter[2m > [22m[2mEmpty Response Handling[2m > [22m[2mshould handle completely empty response
[22m[39m[2m07:51:27[0m [33m🟡[0m [0m[38;5;208m[free-api-router.js][0m[33m[0m[33m[FreeRouter][0m[33m ⚠️ EMPTY RESPONSE from model test/model[0m
[2m07:51:27[0m [33m🟡[0m [0m[38;5;208m[free-api-router.js][0m[33m[0m[33m[FreeRouter][0m[33m Full API Response: {
  [93m"choices"[0m[33m: [
    {
      [93m"message"[0m[33m: {
        [93m"content"[0m[33m: [93m""[0m[33m
      }
    }
  ]
}[0m
[2m07:51:27[0m [33m🟡[0m [0m[38;5;208m[free-api-router.js][0m[33m[0m[33m[FreeRouter][0m[33m Message object: {
  [93m"content"[0m[33m: [93m""[0m[33m
}[0m
[2m07:51:27[0m [33m🟡[0m [0m[38;5;208m[free-api-router.js][0m[33m[0m[33m[FreeRouter][0m[33m All choices: [
  {
    [93m"message"[0m[33m: {
      [93m"content"[0m[33m: [93m""[0m[33m
    }
  }
][0m

[90mstdout[2m | tests/unit/free-api-router.test.js[2m > [22m[2mFreeApiRouter[2m > [22m[2mEmpty Response Handling[2m > [22m[2mshould handle completely empty response
[22m[39m[2m07:51:27[0m [90m⚪[0m [0m[38;5;208m[model-perf-tracker.js][0m[0m[0m[33m[ModelPerfTracker][0m[0m test/model::test-key success [95m(1/1, 1ms avg)[0m[0m[0m
[2m07:51:27[0m [90m⚪[0m [0m[38;5;208m[request-dedupe.js][0m[0m[0m[33m[RequestDedupe][0m[0m Not caching empty response[0m

[90mstdout[2m | tests/unit/free-api-router.test.js[2m > [22m[2mFreeApiRouter[2m > [22m[2mDirect Fallback from Proxy[2m > [22m[2mshould fallback to direct when proxy fails and fallbackToDirect is enabled
[22m[39m[2m07:51:27[0m [36m🔵[0m [0m[38;5;208m[free-api-router.js][0m[0m[0m[33m[FreeRouter][0m[0m Session default:default -> API Key 1/1[0m
[2m07:51:27[0m [36m🔵[0m [0m[38;5;208m[free-api-router.js][0m[0m[0m[33m[FreeRouter][0m[0m Initialized for session: default:default[0m
[2m07:51:27[0m [36m🔵[0m [0m[38;5;208m[free-api-router.js][0m[0m[0m[33m[FreeRouter][0m[0m API Keys: 1, Selected: 1[0m
[2m07:51:27[0m [36m🔵[0m [0m[38;5;208m[free-api-router.js][0m[0m[0m[33m[FreeRouter][0m[0m Primary model: test/model[0m
[2m07:51:27[0m [36m🔵[0m [0m[38;5;208m[free-api-router.js][0m[0m[0m[33m[FreeRouter][0m[0m Fallback models: 0[0m
[2m07:51:27[0m [36m🔵[0m [0m[38;5;208m[free-api-router.js][0m[0m[0m[33m[FreeRouter][0m[0m Timeout: default=60000ms, quick=20000ms[0m
[2m07:51:27[0m [36m🔵[0m [0m[38;5;208m[free-api-router.js][0m[0m[0m[33m[FreeRouter][0m[0m Proxy enabled: 1 proxies[0m
[2m07:51:27[0m [36m🔵[0m [0m[38;5;208m[free-api-router.js][0m[0m[0m[33m[FreeRouter][0m[0m Advanced features: CircuitBreaker, RateLimitTracker, RequestDedupe, ModelPerfTracker, ApiKeyTimeoutTracker[0m
[2m07:51:27[0m [36m🔵[0m [0m[38;5;208m[free-api-router.js][0m[0m[0m[33m[FreeRouter][0m[0m processRequest: calling _tryModelWithKey[0m
[2m07:51:27[0m [36m🔵[0m [0m[38;5;208m[free-api-router.js][0m[0m[0m[33m[FreeRouter][0m[0m No test results available, using 1 configured models[0m
[2m07:51:27[0m [36m🔵[0m [0m[38;5;208m[free-api-router.js][0m[0m[0m[33m[FreeRouter][0m[0m Attempt 1/3: Trying model test/model[0m
[2m07:51:27[0m [36m🔵[0m [0m[38;5;208m[free-api-router.js][0m[0m[0m[33m[FreeRouter][0m[0m _tryModelWithKey: model=test/model[0m
[2m07:51:27[0m [36m🔵[0m [0m[38;5;208m[free-api-router.js][0m[0m[0m[33m[FreeRouter][0m[0m _tryModelWithKey: proxy=proxy1:8080[0m

[90mstdout[2m | tests/unit/free-api-router.test.js[2m > [22m[2mFreeApiRouter[2m > [22m[2mDirect Fallback from Proxy[2m > [22m[2mshould fallback to direct when proxy fails and fallbackToDirect is enabled
[22m[39m[2m07:51:27[0m [33m🟡[0m [0m[38;5;208m[free-api-router.js][0m[33m[0m[33m[FreeRouter][0m[33m Model test/model failed: Proxy Error[0m
[2m07:51:27[0m [90m⚪[0m [0m[38;5;208m[model-perf-tracker.js][0m[0m[0m[33m[ModelPerfTracker][0m[0m test/model::test-key failure [95m(1/1, error: Proxy Error...)[0m[0m[0m
[2m07:51:27[0m [36m🔵[0m [0m[38;5;208m[free-api-router.js][0m[0m[0m[33m[FreeRouter][0m[0m Proxy failed, trying direct connection...[0m
[2m07:51:27[0m [36m🔵[0m [0m[38;5;208m[free-api-router.js][0m[0m[0m[33m[FreeRouter][0m[0m _callDirect: starting request to test/model[0m

[90mstdout[2m | tests/unit/free-api-router.test.js[2m > [22m[2mFreeApiRouter[2m > [22m[2mDirect Fallback from Proxy[2m > [22m[2mshould fallback to direct when proxy fails and fallbackToDirect is enabled
[22m[39m[2m07:51:27[0m [90m⚪[0m [0m[38;5;208m[free-api-router.js][0m[0m[0m[33m[FreeRouter][0m[0m Response received [95m(14 chars)[0m[0m: direct success...[0m

[90mstdout[2m | tests/unit/free-api-router.test.js[2m > [22m[2mFreeApiRouter[2m > [22m[2mDirect Fallback from Proxy[2m > [22m[2mshould fallback to direct when proxy fails and fallbackToDirect is enabled
[22m[39m[2m07:51:27[0m [90m⚪[0m [0m[38;5;208m[model-perf-tracker.js][0m[0m[0m[33m[ModelPerfTracker][0m[0m test/model::test-key success [95m(1/2, 3ms avg)[0m[0m[0m
[2m07:51:27[0m [90m⚪[0m [0m[38;5;208m[request-dedupe.js][0m[0m[0m[33m[RequestDedupe][0m[0m Cached response for key 4daae485[0m

[90mstdout[2m | tests/unit/free-api-router.test.js[2m > [22m[2mFreeApiRouter[2m > [22m[2mDirect Fallback from Proxy[2m > [22m[2mshould not fallback to direct when fallbackToDirect is disabled
[22m[39m[2m07:51:27[0m [36m🔵[0m [0m[38;5;208m[free-api-router.js][0m[0m[0m[33m[FreeRouter][0m[0m Session default:default -> API Key 1/1[0m
[2m07:51:27[0m [36m🔵[0m [0m[38;5;208m[free-api-router.js][0m[0m[0m[33m[FreeRouter][0m[0m Initialized for session: default:default[0m
[2m07:51:27[0m [36m🔵[0m [0m[38;5;208m[free-api-router.js][0m[0m[0m[33m[FreeRouter][0m[0m API Keys: 1, Selected: 1[0m
[2m07:51:27[0m [36m🔵[0m [0m[38;5;208m[free-api-router.js][0m[0m[0m[33m[FreeRouter][0m[0m Primary model: test/model[0m
[2m07:51:27[0m [36m🔵[0m [0m[38;5;208m[free-api-router.js][0m[0m[0m[33m[FreeRouter][0m[0m Fallback models: 0[0m
[2m07:51:27[0m [36m🔵[0m [0m[38;5;208m[free-api-router.js][0m[0m[0m[33m[FreeRouter][0m[0m Timeout: default=60000ms, quick=20000ms[0m
[2m07:51:27[0m [36m🔵[0m [0m[38;5;208m[free-api-router.js][0m[0m[0m[33m[FreeRouter][0m[0m Proxy enabled: 1 proxies[0m
[2m07:51:27[0m [36m🔵[0m [0m[38;5;208m[free-api-router.js][0m[0m[0m[33m[FreeRouter][0m[0m Advanced features: CircuitBreaker, RateLimitTracker, RequestDedupe, ModelPerfTracker, ApiKeyTimeoutTracker[0m
[2m07:51:27[0m [36m🔵[0m [0m[38;5;208m[free-api-router.js][0m[0m[0m[33m[FreeRouter][0m[0m processRequest: calling _tryModelWithKey[0m
[2m07:51:27[0m [36m🔵[0m [0m[38;5;208m[free-api-router.js][0m[0m[0m[33m[FreeRouter][0m[0m No test results available, using 1 configured models[0m
[2m07:51:27[0m [36m🔵[0m [0m[38;5;208m[free-api-router.js][0m[0m[0m[33m[FreeRouter][0m[0m Attempt 1/3: Trying model test/model[0m
[2m07:51:27[0m [36m🔵[0m [0m[38;5;208m[free-api-router.js][0m[0m[0m[33m[FreeRouter][0m[0m _tryModelWithKey: model=test/model[0m
[2m07:51:27[0m [36m🔵[0m [0m[38;5;208m[free-api-router.js][0m[0m[0m[33m[FreeRouter][0m[0m _tryModelWithKey: proxy=proxy1:8080[0m

[90mstdout[2m | tests/unit/free-api-router.test.js[2m > [22m[2mFreeApiRouter[2m > [22m[2mDirect Fallback from Proxy[2m > [22m[2mshould not fallback to direct when fallbackToDirect is disabled
[22m[39m[2m07:51:27[0m [33m🟡[0m [0m[38;5;208m[free-api-router.js][0m[33m[0m[33m[FreeRouter][0m[33m Model test/model failed: Proxy Error[0m
[2m07:51:27[0m [90m⚪[0m [0m[38;5;208m[model-perf-tracker.js][0m[0m[0m[33m[ModelPerfTracker][0m[0m test/model::test-key failure [95m(1/1, error: Proxy Error...)[0m[0m[0m

[33m[39m[32m·[39m[90mstdout[2m | tests/unit/free-api-router.test.js[2m > [22m[2mFreeApiRouter[2m > [22m[2mCircuit Breaker and Rate Limit Exhaustion[2m > [22m[2mshould track circuit breaker opens in stats
[22m[39m[2m07:51:27[0m [36m🔵[0m [0m[38;5;208m[free-api-router.js][0m[0m[0m[33m[FreeRouter][0m[0m Session default:default -> API Key 1/1[0m
[2m07:51:27[0m [36m🔵[0m [0m[38;5;208m[free-api-router.js][0m[0m[0m[33m[FreeRouter][0m[0m Initialized for session: default:default[0m
[2m07:51:27[0m [36m🔵[0m [0m[38;5;208m[free-api-router.js][0m[0m[0m[33m[FreeRouter][0m[0m API Keys: 1, Selected: 1[0m
[2m07:51:27[0m [36m🔵[0m [0m[38;5;208m[free-api-router.js][0m[0m[0m[33m[FreeRouter][0m[0m Primary model: model1[0m
[2m07:51:27[0m [36m🔵[0m [0m[38;5;208m[free-api-router.js][0m[0m[0m[33m[FreeRouter][0m[0m Fallback models: 1[0m
[2m07:51:27[0m [36m🔵[0m [0m[38;5;208m[free-api-router.js][0m[0m[0m[33m[FreeRouter][0m[0m Timeout: default=60000ms, quick=20000ms[0m
[2m07:51:27[0m [36m🔵[0m [0m[38;5;208m[free-api-router.js][0m[0m[0m[33m[FreeRouter][0m[0m Advanced features: CircuitBreaker, RateLimitTracker, RequestDedupe, ModelPerfTracker, ApiKeyTimeoutTracker[0m
[2m07:51:27[0m [36m🔵[0m [0m[38;5;208m[free-api-router.js][0m[0m[0m[33m[FreeRouter][0m[0m processRequest: calling _tryModelWithKey[0m
[2m07:51:27[0m [36m🔵[0m [0m[38;5;208m[free-api-router.js][0m[0m[0m[33m[FreeRouter][0m[0m No test results available, using 2 configured models[0m
[2m07:51:27[0m [33m🟡[0m [0m[38;5;208m[free-api-router.js][0m[33m[0m[33m[FreeRouter][0m[33m Circuit open for model1, skipping[0m
[2m07:51:27[0m [33m🟡[0m [0m[38;5;208m[free-api-router.js][0m[33m[0m[33m[FreeRouter][0m[33m Circuit open for model2, skipping[0m

[90mstdout[2m | tests/unit/free-api-router.test.js[2m > [22m[2mFreeApiRouter[2m > [22m[2m_callThroughProxy Error Scenarios[2m > [22m[2mshould handle proxy timeout
[22m[39m[2m07:51:27[0m [36m🔵[0m [0m[38;5;208m[free-api-router.js][0m[0m[0m[33m[FreeRouter][0m[0m Session default:default -> API Key 1/1[0m
[2m07:51:27[0m [36m🔵[0m [0m[38;5;208m[free-api-router.js][0m[0m[0m[33m[FreeRouter][0m[0m Initialized for session: default:default[0m
[2m07:51:27[0m [36m🔵[0m [0m[38;5;208m[free-api-router.js][0m[0m[0m[33m[FreeRouter][0m[0m API Keys: 1, Selected: 1[0m
[2m07:51:27[0m [36m🔵[0m [0m[38;5;208m[free-api-router.js][0m[0m[0m[33m[FreeRouter][0m[0m Primary model: test/model[0m
[2m07:51:27[0m [36m🔵[0m [0m[38;5;208m[free-api-router.js][0m[0m[0m[33m[FreeRouter][0m[0m Fallback models: 0[0m
[2m07:51:27[0m [36m🔵[0m [0m[38;5;208m[free-api-router.js][0m[0m[0m[33m[FreeRouter][0m[0m Timeout: default=1ms, quick=20000ms[0m
[2m07:51:27[0m [36m🔵[0m [0m[38;5;208m[free-api-router.js][0m[0m[0m[33m[FreeRouter][0m[0m Proxy enabled: 1 proxies[0m
[2m07:51:27[0m [36m🔵[0m [0m[38;5;208m[free-api-router.js][0m[0m[0m[33m[FreeRouter][0m[0m Advanced features: CircuitBreaker, RateLimitTracker, RequestDedupe, ModelPerfTracker, ApiKeyTimeoutTracker[0m
[2m07:51:27[0m [36m🔵[0m [0m[38;5;208m[free-api-router.js][0m[0m[0m[33m[FreeRouter][0m[0m _tryModelWithKey: model=test/model[0m
[2m07:51:27[0m [36m🔵[0m [0m[38;5;208m[free-api-router.js][0m[0m[0m[33m[FreeRouter][0m[0m _tryModelWithKey: proxy=proxy1:8080[0m

[33m[39m[32m·[39m[33m[39m[32m·[39m[33m[39m[32m·[39m[33m[39m[32m·[39m[33m[39m[32m·[39m[33m[39m[32m·[39m[33m[39m[32m·[39m[33m[39m[32m·[39m[33m[39m[32m·[39m[33m[39m[32m·[39m[33m[39m[32m·[39m[33m[39m[32m·[39m[33m[39m[32m·[39m[33m[39m[32m·[39m[33m[39m[32m·[39m[33m[39m[32m·[39m[33m[39m[32m·[39m[33m[39m[32m·[39m[33m[39m[32m·[39m[33m[39m[32m·[39m[33m[39m[32m·[39m[33m[39m[32m·[39m[33m[39m[32m·[39m[33m[39m[32m·[39m[33m[39m[32m·[39m[33m[39m[32m·[39m[33m[39m[32m·[39m[33m[39m[32m·[39m[33m[39m[32m·[39m[33m[39m[32m·[39m[33m[39m[32m·[39m[33m[39m[32m·[39m[33m[39m[32m·[39m[33m[39m[32m·[39m[33m[39m[32m·[39m[33m[39m[32m·[39m[33m[39m[32m·[39m[33m[39m[32m·[39m[33m[39m[32m·[39m[33m[39m[32m·[39m[33m[39m[32m·[39m[33m[39m[32m·[39m[33m[39m[32m·[39m[33m[39m[32m·[39m[33m[39m[32m·[39m[33m[39m[32m·[39m[33m[39m[32m·[39m[33m[39m[32m·[39m[33m[39m[32m·[39m[33m[39m[32m·[39m[33m[39m[32m·[39m[33m[39m[32m·[39m[33m[39m[32m·[39m[90mstdout[2m | tests/unit/free-api-router.test.js[2m > [22m[2mFreeApiRouter[2m > [22m[2m_callThroughProxy Error Scenarios[2m > [22m[2mshould handle proxy non-ok response
[22m[39m[2m07:51:27[0m [36m🔵[0m [0m[38;5;208m[free-api-router.js][0m[0m[0m[33m[FreeRouter][0m[0m Session default:default -> API Key 1/1[0m
[2m07:51:27[0m [36m🔵[0m [0m[38;5;208m[free-api-router.js][0m[0m[0m[33m[FreeRouter][0m[0m Initialized for session: default:default[0m
[2m07:51:27[0m [36m🔵[0m [0m[38;5;208m[free-api-router.js][0m[0m[0m[33m[FreeRouter][0m[0m API Keys: 1, Selected: 1[0m
[2m07:51:27[0m [36m🔵[0m [0m[38;5;208m[free-api-router.js][0m[0m[0m[33m[FreeRouter][0m[0m Primary model: test/model[0m
[2m07:51:27[0m [36m🔵[0m [0m[38;5;208m[free-api-router.js][0m[0m[0m[33m[FreeRouter][0m[0m Fallback models: 0[0m
[2m07:51:27[0m [36m🔵[0m [0m[38;5;208m[free-api-router.js][0m[0m[0m[33m[FreeRouter][0m[0m Timeout: default=60000ms, quick=20000ms[0m
[2m07:51:27[0m [36m🔵[0m [0m[38;5;208m[free-api-router.js][0m[0m[0m[33m[FreeRouter][0m[0m Proxy enabled: 1 proxies[0m
[2m07:51:27[0m [36m🔵[0m [0m[38;5;208m[free-api-router.js][0m[0m[0m[33m[FreeRouter][0m[0m Advanced features: CircuitBreaker, RateLimitTracker, RequestDedupe, ModelPerfTracker, ApiKeyTimeoutTracker[0m
[2m07:51:27[0m [36m🔵[0m [0m[38;5;208m[free-api-router.js][0m[0m[0m[33m[FreeRouter][0m[0m _tryModelWithKey: model=test/model[0m
[2m07:51:27[0m [36m🔵[0m [0m[38;5;208m[free-api-router.js][0m[0m[0m[33m[FreeRouter][0m[0m _tryModelWithKey: proxy=proxy1:8080[0m

[33m[39m[32m·[39m[33m[39m[32m·[39m[33m[39m[32m·[39m[33m[39m[32m·[39m[33m[39m[32m·[39m[33m[39m[32m·[39m[33m[39m[32m·[39m[33m[39m[32m·[39m[33m[39m[32m·[39m[33m[39m[32m·[39m[33m[39m[32m·[39m[33m[39m[32m·[39m[33m[39m[32m·[39m[33m[39m[32m·[39m[33m[39m[32m·[39m[33m[39m[32m·[39m[33m[39m[32m·[39m[33m[39m[32m·[39m[33m[39m[32m·[39m[33m[39m[32m·[39m[33m[39m[32m·[39m[33m[39m[32m·[39m[33m[39m[32m·[39m[90mstdout[2m | tests/unit/free-api-router.test.js[2m > [22m[2mFreeApiRouter[2m > [22m[2m_callThroughProxy Error Scenarios[2m > [22m[2mshould handle proxy response with reasoning_content
[22m[39m[2m07:51:27[0m [36m🔵[0m [0m[38;5;208m[free-api-router.js][0m[0m[0m[33m[FreeRouter][0m[0m Session default:default -> API Key 1/1[0m
[2m07:51:27[0m [36m🔵[0m [0m[38;5;208m[free-api-router.js][0m[0m[0m[33m[FreeRouter][0m[0m Initialized for session: default:default[0m
[2m07:51:27[0m [36m🔵[0m [0m[38;5;208m[free-api-router.js][0m[0m[0m[33m[FreeRouter][0m[0m API Keys: 1, Selected: 1[0m
[2m07:51:27[0m [36m🔵[0m [0m[38;5;208m[free-api-router.js][0m[0m[0m[33m[FreeRouter][0m[0m Primary model: test/model[0m
[2m07:51:27[0m [36m🔵[0m [0m[38;5;208m[free-api-router.js][0m[0m[0m[33m[FreeRouter][0m[0m Fallback models: 0[0m
[2m07:51:27[0m [36m🔵[0m [0m[38;5;208m[free-api-router.js][0m[0m[0m[33m[FreeRouter][0m[0m Timeout: default=60000ms, quick=20000ms[0m
[2m07:51:27[0m [36m🔵[0m [0m[38;5;208m[free-api-router.js][0m[0m[0m[33m[FreeRouter][0m[0m Proxy enabled: 1 proxies[0m
[2m07:51:27[0m [36m🔵[0m [0m[38;5;208m[free-api-router.js][0m[0m[0m[33m[FreeRouter][0m[0m Advanced features: CircuitBreaker, RateLimitTracker, RequestDedupe, ModelPerfTracker, ApiKeyTimeoutTracker[0m
[2m07:51:27[0m [36m🔵[0m [0m[38;5;208m[free-api-router.js][0m[0m[0m[33m[FreeRouter][0m[0m _tryModelWithKey: model=test/model[0m
[2m07:51:27[0m [36m🔵[0m [0m[38;5;208m[free-api-router.js][0m[0m[0m[33m[FreeRouter][0m[0m _tryModelWithKey: proxy=proxy1:8080[0m

[90mstdout[2m | tests/unit/free-api-router.test.js[2m > [22m[2mFreeApiRouter[2m > [22m[2m_callThroughProxy Error Scenarios[2m > [22m[2mshould handle proxy response with reasoning_content
[22m[39m[2m07:51:27[0m [33m🟡[0m [0m[38;5;208m[free-api-router.js][0m[33m[0m[33m[FreeRouter][0m[33m ⚠️ Content empty but reasoning_content has 15 chars via proxy - using reasoning_content[0m
[2m07:51:27[0m [90m⚪[0m [0m[38;5;208m[free-api-router.js][0m[0m[0m[33m[FreeRouter][0m[0m Response received [95m(15 chars)[0m[0m: proxy reasoning...[0m
[2m07:51:27[0m [90m⚪[0m [0m[38;5;208m[free-api-router.js][0m[0m[0m[33m[FreeRouter][0m[0m Reasoning content excluded by API [95m(15 chars)[0m[0m[0m

[90mstdout[2m | tests/unit/free-api-router.test.js[2m > [22m[2mFreeApiRouter[2m > [22m[2m_callDirect Error Wrapping[2m > [22m[2mshould wrap error when error does not have name/code properties
[22m[39m[2m07:51:27[0m [36m🔵[0m [0m[38;5;208m[free-api-router.js][0m[0m[0m[33m[FreeRouter][0m[0m Session default:default -> API Key 1/1[0m
[2m07:51:27[0m [36m🔵[0m [0m[38;5;208m[free-api-router.js][0m[0m[0m[33m[FreeRouter][0m[0m Initialized for session: default:default[0m
[2m07:51:27[0m [36m🔵[0m [0m[38;5;208m[free-api-router.js][0m[0m[0m[33m[FreeRouter][0m[0m API Keys: 1, Selected: 1[0m
[2m07:51:27[0m [36m🔵[0m [0m[38;5;208m[free-api-router.js][0m[0m[0m[33m[FreeRouter][0m[0m Primary model: anthropic/claude-3.5-sonnet:free[0m
[2m07:51:27[0m [36m🔵[0m [0m[38;5;208m[free-api-router.js][0m[0m[0m[33m[FreeRouter][0m[0m Fallback models: 0[0m
[2m07:51:27[0m [36m🔵[0m [0m[38;5;208m[free-api-router.js][0m[0m[0m[33m[FreeRouter][0m[0m Timeout: default=60000ms, quick=20000ms[0m
[2m07:51:27[0m [36m🔵[0m [0m[38;5;208m[free-api-router.js][0m[0m[0m[33m[FreeRouter][0m[0m Advanced features: CircuitBreaker, RateLimitTracker, RequestDedupe, ModelPerfTracker, ApiKeyTimeoutTracker[0m
[2m07:51:27[0m [36m🔵[0m [0m[38;5;208m[free-api-router.js][0m[0m[0m[33m[FreeRouter][0m[0m _callDirect: starting request to test[0m

[90mstdout[2m | tests/unit/free-api-router.test.js[2m > [22m[2mFreeApiRouter[2m > [22m[2m_callDirect Error Wrapping[2m > [22m[2mshould rethrow AppError when error has name and code
[22m[39m[2m07:51:27[0m [36m🔵[0m [0m[38;5;208m[free-api-router.js][0m[0m[0m[33m[FreeRouter][0m[0m Session default:default -> API Key 1/1[0m
[2m07:51:27[0m [36m🔵[0m [0m[38;5;208m[free-api-router.js][0m[0m[0m[33m[FreeRouter][0m[0m Initialized for session: default:default[0m
[2m07:51:27[0m [36m🔵[0m [0m[38;5;208m[free-api-router.js][0m[0m[0m[33m[FreeRouter][0m[0m API Keys: 1, Selected: 1[0m
[2m07:51:27[0m [36m🔵[0m [0m[38;5;208m[free-api-router.js][0m[0m[0m[33m[FreeRouter][0m[0m Primary model: anthropic/claude-3.5-sonnet:free[0m
[2m07:51:27[0m [36m🔵[0m [0m[38;5;208m[free-api-router.js][0m[0m[0m[33m[FreeRouter][0m[0m Fallback models: 0[0m
[2m07:51:27[0m [36m🔵[0m [0m[38;5;208m[free-api-router.js][0m[0m[0m[33m[FreeRouter][0m[0m Timeout: default=60000ms, quick=20000ms[0m
[2m07:51:27[0m [36m🔵[0m [0m[38;5;208m[free-api-router.js][0m[0m[0m[33m[FreeRouter][0m[0m Advanced features: CircuitBreaker, RateLimitTracker, RequestDedupe, ModelPerfTracker, ApiKeyTimeoutTracker[0m
[2m07:51:27[0m [36m🔵[0m [0m[38;5;208m[free-api-router.js][0m[0m[0m[33m[FreeRouter][0m[0m _callDirect: starting request to test[0m

[33m[39m[32m·[39m[33m[39m[32m·[39m[33m[39m[32m·[39m[33m[39m[32m·[39m[33m[39m[32m·[39m[33m[39m[32m·[39m[90mstdout[2m | tests/unit/free-api-router.test.js[2m > [22m[2mFreeApiRouter[2m > [22m[2mModel Cascading with Shuffle[2m > [22m[2mshould add from config when working models < 3
[22m[39m[2m07:51:27[0m [36m🔵[0m [0m[38;5;208m[free-api-router.js][0m[0m[0m[33m[FreeRouter][0m[0m Session default:default -> API Key 1/1[0m
[2m07:51:27[0m [36m🔵[0m [0m[38;5;208m[free-api-router.js][0m[0m[0m[33m[FreeRouter][0m[0m Initialized for session: default:default[0m
[2m07:51:27[0m [36m🔵[0m [0m[38;5;208m[free-api-router.js][0m[0m[0m[33m[FreeRouter][0m[0m API Keys: 1, Selected: 1[0m
[2m07:51:27[0m [36m🔵[0m [0m[38;5;208m[free-api-router.js][0m[0m[0m[33m[FreeRouter][0m[0m Primary model: working1[0m
[2m07:51:27[0m [36m🔵[0m [0m[38;5;208m[free-api-router.js][0m[0m[0m[33m[FreeRouter][0m[0m Fallback models: 3[0m
[2m07:51:27[0m [36m🔵[0m [0m[38;5;208m[free-api-router.js][0m[0m[0m[33m[FreeRouter][0m[0m Timeout: default=60000ms, quick=20000ms[0m
[2m07:51:27[0m [36m🔵[0m [0m[38;5;208m[free-api-router.js][0m[0m[0m[33m[FreeRouter][0m[0m Advanced features: CircuitBreaker, RateLimitTracker, RequestDedupe, ModelPerfTracker, ApiKeyTimeoutTracker[0m
[2m07:51:27[0m [36m🔵[0m [0m[38;5;208m[free-api-router.js][0m[0m[0m[33m[FreeRouter][0m[0m processRequest: calling _tryModelWithKey[0m
[2m07:51:27[0m [33m🟡[0m [0m[38;5;208m[free-api-router.js][0m[33m[0m[33m[FreeRouter][0m[33m Only 2 working models from tester, adding more from config[0m
[2m07:51:27[0m [36m🔵[0m [0m[38;5;208m[free-api-router.js][0m[0m[0m[33m[FreeRouter][0m[0m Using 5 models [95m(shuffled)[0m[0m - 2 tested working + 3 from config[0m
[2m07:51:27[0m [36m🔵[0m [0m[38;5;208m[free-api-router.js][0m[0m[0m[33m[FreeRouter][0m[0m Attempt 1/3: Trying model config1[0m
[2m07:51:27[0m [36m🔵[0m [0m[38;5;208m[free-api-router.js][0m[0m[0m[33m[FreeRouter][0m[0m _tryModelWithKey: model=config1[0m
[2m07:51:27[0m [36m🔵[0m [0m[38;5;208m[free-api-router.js][0m[0m[0m[33m[FreeRouter][0m[0m _tryModelWithKey: proxy=null[0m
[2m07:51:27[0m [36m🔵[0m [0m[38;5;208m[free-api-router.js][0m[0m[0m[33m[FreeRouter][0m[0m _callDirect: starting request to config1[0m

[90mstdout[2m | tests/unit/free-api-router.test.js[2m > [22m[2mFreeApiRouter[2m > [22m[2mModel Cascading with Shuffle[2m > [22m[2mshould add from config when working models < 3
[22m[39m[2m07:51:27[0m [90m⚪[0m [0m[38;5;208m[free-api-router.js][0m[0m[0m[33m[FreeRouter][0m[0m Response received [95m(8 chars)[0m[0m: response...[0m

[90mstdout[2m | tests/unit/free-api-router.test.js[2m > [22m[2mFreeApiRouter[2m > [22m[2mModel Cascading with Shuffle[2m > [22m[2mshould add from config when working models < 3
[22m[39m[2m07:51:27[0m [90m⚪[0m [0m[38;5;208m[model-perf-tracker.js][0m[0m[0m[33m[ModelPerfTracker][0m[0m config1::test-key success [95m(1/1, 2ms avg)[0m[0m[0m
[2m07:51:27[0m [90m⚪[0m [0m[38;5;208m[request-dedupe.js][0m[0m[0m[33m[RequestDedupe][0m[0m Cached response for key -61bda11[0m

[33m[39m[32m·[39m[33m[39m[32m·[39m[33m[39m[32m·[39m[90mstdout[2m | tests/unit/async-queue.test.js[2m > [22m[2mCoverage Gap Tests[2m > [22m[2mAsyncQueue - _processQueue() and _processItems()[2m > [22m[2mshould handle timeout errors
[22m[39m[2m07:51:27[0m [33m🟡[0m [0m[38;5;208m[async-queue.js][0m[33m[0m[33m[AsyncQueue][0m[33m ⚠ Task timeout reached: 50ms for timeout-task[0m

[90mstdout[2m | tests/unit/async-queue.test.js[2m > [22m[2mCoverage Gap Tests[2m > [22m[2mAsyncQueue - _processQueue() and _processItems()[2m > [22m[2mshould handle timeout errors
[22m[39m[2m07:51:27[0m [33m🟡[0m [0m[38;5;208m[async-queue.js][0m[33m[0m[33m[AsyncQueue][0m[33m ⚠ Task timed out: timeout-task after 59ms[0m

[33m[39m[32m·[39m[33m[39m[32m·[39m[33m[39m[32m·[39m[90mstdout[2m | tests/unit/async-queue.test.js[2m > [22m[2mCoverage Gap Tests[2m > [22m[2mAsyncQueue - _processQueue() and _processItems()[2m > [22m[2mshould process items in priority order
[22m[39m[2m07:51:27[0m [36m🔵[0m [0m[38;5;208m[async-queue.js][0m[0m[0m[33m[AsyncQueue][0m[0m Initialized [95m(maxConcurrent: 2, maxQueueSize: 10, defaultTimeout: 5000ms)[0m[0m[0m

[90mstdout[2m | tests/unit/async-queue.test.js[2m > [22m[2mCoverage Gap Tests[2m > [22m[2mAsyncQueue - _processQueue() and _processItems()[2m > [22m[2mshould process items in priority order
[22m[39m[2m07:51:27[0m [90m⚪[0m [0m[38;5;208m[async-queue.js][0m[0m[0m[33m[AsyncQueue][0m[0m Starting task: p10 [95m(queue: 2, active: 0/2)[0m[0m[0m

[33m[39m[32m·[39m[90mstdout[2m | tests/unit/async-queue.test.js[2m > [22m[2mCoverage Gap Tests[2m > [22m[2mAsyncQueue - _processQueue() and _processItems()[2m > [22m[2mshould process items in priority order
[22m[39m[2m07:51:27[0m [36m🔵[0m [0m[38;5;208m[async-queue.js][0m[0m[0m[33m[AsyncQueue][0m[0m ✓ Completed task: p10 in 0ms[0m
[2m07:51:27[0m [90m⚪[0m [0m[38;5;208m[async-queue.js][0m[0m[0m[33m[AsyncQueue][0m[0m Starting task: p5 [95m(queue: 1, active: 0/2)[0m[0m[0m

[90mstdout[2m | tests/unit/async-queue.test.js[2m > [22m[2mCoverage Gap Tests[2m > [22m[2mAsyncQueue - _processQueue() and _processItems()[2m > [22m[2mshould process items in priority order
[22m[39m[2m07:51:27[0m [36m🔵[0m [0m[38;5;208m[async-queue.js][0m[0m[0m[33m[AsyncQueue][0m[0m ✓ Completed task: p5 in 1ms[0m
[2m07:51:27[0m [90m⚪[0m [0m[38;5;208m[async-queue.js][0m[0m[0m[33m[AsyncQueue][0m[0m Starting task: p1 [95m(queue: 0, active: 0/2)[0m[0m[0m

[90mstdout[2m | tests/unit/async-queue.test.js[2m > [22m[2mCoverage Gap Tests[2m > [22m[2mAsyncQueue - _processQueue() and _processItems()[2m > [22m[2mshould process items in priority order
[22m[39m[2m07:51:27[0m [36m🔵[0m [0m[38;5;208m[async-queue.js][0m[0m[0m[33m[AsyncQueue][0m[0m ✓ Completed task: p1 in 0ms[0m

[90mstdout[2m | tests/unit/async-queue.test.js[2m > [22m[2mCoverage Gap Tests[2m > [22m[2mAsyncQueue - Statistics tracking[2m > [22m[2mshould track averageProcessingTime
[22m[39m[2m07:51:27[0m [36m🔵[0m [0m[38;5;208m[async-queue.js][0m[0m[0m[33m[AsyncQueue][0m[0m Initialized [95m(maxConcurrent: 2, maxQueueSize: 10, defaultTimeout: 5000ms)[0m[0m[0m

[90mstdout[2m | tests/unit/async-queue.test.js[2m > [22m[2mCoverage Gap Tests[2m > [22m[2mAsyncQueue - Statistics tracking[2m > [22m[2mshould track averageProcessingTime
[22m[39m[2m07:51:27[0m [90m⚪[0m [0m[38;5;208m[async-queue.js][0m[0m[0m[33m[AsyncQueue][0m[0m Starting task: task1 [95m(queue: 0, active: 0/2)[0m[0m[0m

[90mstdout[2m | tests/unit/free-api-router.test.js[2m > [22m[2mFreeApiRouter[2m > [22m[2mModel Cascading with Shuffle[2m > [22m[2mshould not add from config when working models >= 3
[22m[39m[2m07:51:27[0m [36m🔵[0m [0m[38;5;208m[free-api-router.js][0m[0m[0m[33m[FreeRouter][0m[0m Session default:default -> API Key 1/1[0m
[2m07:51:27[0m [36m🔵[0m [0m[38;5;208m[free-api-router.js][0m[0m[0m[33m[FreeRouter][0m[0m Initialized for session: default:default[0m
[2m07:51:27[0m [36m🔵[0m [0m[38;5;208m[free-api-router.js][0m[0m[0m[33m[FreeRouter][0m[0m API Keys: 1, Selected: 1[0m
[2m07:51:27[0m [36m🔵[0m [0m[38;5;208m[free-api-router.js][0m[0m[0m[33m[FreeRouter][0m[0m Primary model: working1[0m
[2m07:51:27[0m [36m🔵[0m [0m[38;5;208m[free-api-router.js][0m[0m[0m[33m[FreeRouter][0m[0m Fallback models: 1[0m
[2m07:51:27[0m [36m🔵[0m [0m[38;5;208m[free-api-router.js][0m[0m[0m[33m[FreeRouter][0m[0m Timeout: default=60000ms, quick=20000ms[0m
[2m07:51:27[0m [36m🔵[0m [0m[38;5;208m[free-api-router.js][0m[0m[0m[33m[FreeRouter][0m[0m Advanced features: CircuitBreaker, RateLimitTracker, RequestDedupe, ModelPerfTracker, ApiKeyTimeoutTracker[0m
[2m07:51:27[0m [36m🔵[0m [0m[38;5;208m[free-api-router.js][0m[0m[0m[33m[FreeRouter][0m[0m processRequest: calling _tryModelWithKey[0m
[2m07:51:27[0m [36m🔵[0m [0m[38;5;208m[free-api-router.js][0m[0m[0m[33m[FreeRouter][0m[0m Using 3 models [95m(shuffled)[0m[0m - 3 tested working + 0 from config[0m
[2m07:51:27[0m [36m🔵[0m [0m[38;5;208m[free-api-router.js][0m[0m[0m[33m[FreeRouter][0m[0m Attempt 1/3: Trying model working3[0m
[2m07:51:27[0m [36m🔵[0m [0m[38;5;208m[free-api-router.js][0m[0m[0m[33m[FreeRouter][0m[0m _tryModelWithKey: model=working3[0m
[2m07:51:27[0m [36m🔵[0m [0m[38;5;208m[free-api-router.js][0m[0m[0m[33m[FreeRouter][0m[0m _tryModelWithKey: proxy=null[0m
[2m07:51:27[0m [36m🔵[0m [0m[38;5;208m[free-api-router.js][0m[0m[0m[33m[FreeRouter][0m[0m _callDirect: starting request to working3[0m

[90mstdout[2m | tests/unit/free-api-router.test.js[2m > [22m[2mFreeApiRouter[2m > [22m[2mModel Cascading with Shuffle[2m > [22m[2mshould not add from config when working models >= 3
[22m[39m[2m07:51:27[0m [90m⚪[0m [0m[38;5;208m[free-api-router.js][0m[0m[0m[33m[FreeRouter][0m[0m Response received [95m(8 chars)[0m[0m: response...[0m

[90mstdout[2m | tests/unit/free-api-router.test.js[2m > [22m[2mFreeApiRouter[2m > [22m[2mModel Cascading with Shuffle[2m > [22m[2mshould not add from config when working models >= 3
[22m[39m[2m07:51:27[0m [90m⚪[0m [0m[38;5;208m[model-perf-tracker.js][0m[0m[0m[33m[ModelPerfTracker][0m[0m working3::test-key success [95m(1/1, 2ms avg)[0m[0m[0m
[2m07:51:27[0m [90m⚪[0m [0m[38;5;208m[request-dedupe.js][0m[0m[0m[33m[RequestDedupe][0m[0m Cached response for key 609d46fb[0m

[90mstdout[2m | tests/unit/free-api-router.test.js[2m > [22m[2mFreeApiRouter[2m > [22m[2mgetModelsInfo[2m > [22m[2mshould return models info with test results
[22m[39m[2m07:51:27[0m [36m🔵[0m [0m[38;5;208m[free-api-router.js][0m[0m[0m[33m[FreeRouter][0m[0m Session default:default -> API Key 1/1[0m
[2m07:51:27[0m [36m🔵[0m [0m[38;5;208m[free-api-router.js][0m[0m[0m[33m[FreeRouter][0m[0m Initialized for session: default:default[0m
[2m07:51:27[0m [36m🔵[0m [0m[38;5;208m[free-api-router.js][0m[0m[0m[33m[FreeRouter][0m[0m API Keys: 1, Selected: 1[0m
[2m07:51:27[0m [36m🔵[0m [0m[38;5;208m[free-api-router.js][0m[0m[0m[33m[FreeRouter][0m[0m Primary model: primary[0m
[2m07:51:27[0m [36m🔵[0m [0m[38;5;208m[free-api-router.js][0m[0m[0m[33m[FreeRouter][0m[0m Fallback models: 2[0m
[2m07:51:27[0m [36m🔵[0m [0m[38;5;208m[free-api-router.js][0m[0m[0m[33m[FreeRouter][0m[0m Timeout: default=60000ms, quick=20000ms[0m
[2m07:51:27[0m [36m🔵[0m [0m[38;5;208m[free-api-router.js][0m[0m[0m[33m[FreeRouter][0m[0m Advanced features: CircuitBreaker, RateLimitTracker, RequestDedupe, ModelPerfTracker, ApiKeyTimeoutTracker[0m

[90mstdout[2m | tests/unit/free-api-router.test.js[2m > [22m[2mFreeApiRouter[2m > [22m[2mgetModelsInfo[2m > [22m[2mshould return models info without test results
[22m[39m[2m07:51:27[0m [36m🔵[0m [0m[38;5;208m[free-api-router.js][0m[0m[0m[33m[FreeRouter][0m[0m Session default:default -> API Key 1/1[0m
[2m07:51:27[0m [36m🔵[0m [0m[38;5;208m[free-api-router.js][0m[0m[0m[33m[FreeRouter][0m[0m Initialized for session: default:default[0m
[2m07:51:27[0m [36m🔵[0m [0m[38;5;208m[free-api-router.js][0m[0m[0m[33m[FreeRouter][0m[0m API Keys: 1, Selected: 1[0m
[2m07:51:27[0m [36m🔵[0m [0m[38;5;208m[free-api-router.js][0m[0m[0m[33m[FreeRouter][0m[0m Primary model: primary[0m
[2m07:51:27[0m [36m🔵[0m [0m[38;5;208m[free-api-router.js][0m[0m[0m[33m[FreeRouter][0m[0m Fallback models: 1[0m
[2m07:51:27[0m [36m🔵[0m [0m[38;5;208m[free-api-router.js][0m[0m[0m[33m[FreeRouter][0m[0m Timeout: default=60000ms, quick=20000ms[0m
[2m07:51:27[0m [36m🔵[0m [0m[38;5;208m[free-api-router.js][0m[0m[0m[33m[FreeRouter][0m[0m Advanced features: CircuitBreaker, RateLimitTracker, RequestDedupe, ModelPerfTracker, ApiKeyTimeoutTracker[0m

[90mstdout[2m | tests/unit/free-api-router.test.js[2m > [22m[2mFreeApiRouter[2m > [22m[2msyncWithHelper[2m > [22m[2mshould sync with helper when helper has results
[22m[39m[2m07:51:27[0m [36m🔵[0m [0m[38;5;208m[free-api-router.js][0m[0m[0m[33m[FreeRouter][0m[0m Session default:default -> API Key 1/1[0m
[2m07:51:27[0m [36m🔵[0m [0m[38;5;208m[free-api-router.js][0m[0m[0m[33m[FreeRouter][0m[0m Initialized for session: default:default[0m
[2m07:51:27[0m [36m🔵[0m [0m[38;5;208m[free-api-router.js][0m[0m[0m[33m[FreeRouter][0m[0m API Keys: 1, Selected: 1[0m
[2m07:51:27[0m [36m🔵[0m [0m[38;5;208m[free-api-router.js][0m[0m[0m[33m[FreeRouter][0m[0m Primary model: old-primary[0m
[2m07:51:27[0m [36m🔵[0m [0m[38;5;208m[free-api-router.js][0m[0m[0m[33m[FreeRouter][0m[0m Fallback models: 1[0m
[2m07:51:27[0m [36m🔵[0m [0m[38;5;208m[free-api-router.js][0m[0m[0m[33m[FreeRouter][0m[0m Timeout: default=60000ms, quick=20000ms[0m
[2m07:51:27[0m [36m🔵[0m [0m[38;5;208m[free-api-router.js][0m[0m[0m[33m[FreeRouter][0m[0m Advanced features: CircuitBreaker, RateLimitTracker, RequestDedupe, ModelPerfTracker, ApiKeyTimeoutTracker[0m
[2m07:51:27[0m [36m🔵[0m [0m[38;5;208m[free-api-router.js][0m[0m[0m[33m[FreeRouter][0m[0m Synced with helper: primary=model1, fallbacks=2[0m

[33m[39m[32m·[39m[33m[39m[32m·[39m[33m[39m[32m·[39m[33m[39m[32m·[39m[33m[39m[32m·[39m[33m[39m[32m·[39m[33m[39m[32m·[39m[33m[39m[32m·[39m[33m[39m[32m·[39m[33m[39m[32m·[39m[33m[39m[32m·[39m[33m[39m[32m·[39m[33m[39m[32m·[39m[33m[39m[32m·[39m[33m[39m[32m·[39m[33m[39m[32m·[39m[33m[39m[32m·[39m[33m[39m[32m·[39m[33m[39m[32m·[39m[33m[39m[32m·[39m[33m[39m[32m·[39m[33m[39m[32m·[39m[33m[39m[32m·[39m[33m[39m[32m·[39m[33m[39m[32m·[39m[33m[39m[32m·[39m[33m[39m[32m·[39m[33m[39m[32m·[39m[33m[39m[32m·[39m[33m[39m[32m·[39m[33m[39m[32m·[39m[33m[39m[32m·[39m[33m[39m[32m·[39m[33m[39m[32m·[39m[33m[39m[32m·[39m[33m[39m[32m·[39m[33m[39m[32m·[39m[33m[39m[32m·[39m[33m[39m[32m·[39m[33m[39m[32m·[39m[33m[39m[32m·[39m[33m[39m[32m·[39m[33m[39m[32m·[39m[33m[39m[32m·[39m[90mstdout[2m | tests/unit/free-api-router.test.js[2m > [22m[2mFreeApiRouter[2m > [22m[2msyncWithHelper[2m > [22m[2mshould return false when helper is null
[22m[39m[2m07:51:27[0m [36m🔵[0m [0m[38;5;208m[free-api-router.js][0m[0m[0m[33m[FreeRouter][0m[0m Session default:default -> API Key 1/1[0m
[2m07:51:27[0m [36m🔵[0m [0m[38;5;208m[free-api-router.js][0m[0m[0m[33m[FreeRouter][0m[0m Initialized for session: default:default[0m
[2m07:51:27[0m [36m🔵[0m [0m[38;5;208m[free-api-router.js][0m[0m[0m[33m[FreeRouter][0m[0m API Keys: 1, Selected: 1[0m
[2m07:51:27[0m [36m🔵[0m [0m[38;5;208m[free-api-router.js][0m[0m[0m[33m[FreeRouter][0m[0m Primary model: primary[0m
[2m07:51:27[0m [36m🔵[0m [0m[38;5;208m[free-api-router.js][0m[0m[0m[33m[FreeRouter][0m[0m Fallback models: 1[0m
[2m07:51:27[0m [36m🔵[0m [0m[38;5;208m[free-api-router.js][0m[0m[0m[33m[FreeRouter][0m[0m Timeout: default=60000ms, quick=20000ms[0m
[2m07:51:27[0m [36m🔵[0m [0m[38;5;208m[free-api-router.js][0m[0m[0m[33m[FreeRouter][0m[0m Advanced features: CircuitBreaker, RateLimitTracker, RequestDedupe, ModelPerfTracker, ApiKeyTimeoutTracker[0m

[90mstdout[2m | tests/unit/free-api-router.test.js[2m > [22m[2mFreeApiRouter[2m > [22m[2msyncWithHelper[2m > [22m[2mshould return false when helper has no working models
[22m[39m[2m07:51:27[0m [36m🔵[0m [0m[38;5;208m[free-api-router.js][0m[0m[0m[33m[FreeRouter][0m[0m Session default:default -> API Key 1/1[0m
[2m07:51:27[0m [36m🔵[0m [0m[38;5;208m[free-api-router.js][0m[0m[0m[33m[FreeRouter][0m[0m Initialized for session: default:default[0m
[2m07:51:27[0m [36m🔵[0m [0m[38;5;208m[free-api-router.js][0m[0m[0m[33m[FreeRouter][0m[0m API Keys: 1, Selected: 1[0m
[2m07:51:27[0m [36m🔵[0m [0m[38;5;208m[free-api-router.js][0m[0m[0m[33m[FreeRouter][0m[0m Primary model: primary[0m
[2m07:51:27[0m [36m🔵[0m [0m[38;5;208m[free-api-router.js][0m[0m[0m[33m[FreeRouter][0m[0m Fallback models: 1[0m
[2m07:51:27[0m [36m🔵[0m [0m[38;5;208m[free-api-router.js][0m[0m[0m[33m[FreeRouter][0m[0m Timeout: default=60000ms, quick=20000ms[0m
[2m07:51:27[0m [36m🔵[0m [0m[38;5;208m[free-api-router.js][0m[0m[0m[33m[FreeRouter][0m[0m Advanced features: CircuitBreaker, RateLimitTracker, RequestDedupe, ModelPerfTracker, ApiKeyTimeoutTracker[0m

[90mstdout[2m | tests/unit/free-api-router.test.js[2m > [22m[2mFreeApiRouter[2m > [22m[2mrefreshRateLimits[2m > [22m[2mshould refresh rate limits when sessionApiKey exists
[22m[39m[2m07:51:27[0m [36m🔵[0m [0m[38;5;208m[free-api-router.js][0m[0m[0m[33m[FreeRouter][0m[0m Session default:default -> API Key 1/1[0m
[2m07:51:27[0m [36m🔵[0m [0m[38;5;208m[free-api-router.js][0m[0m[0m[33m[FreeRouter][0m[0m Initialized for session: default:default[0m
[2m07:51:27[0m [36m🔵[0m [0m[38;5;208m[free-api-router.js][0m[0m[0m[33m[FreeRouter][0m[0m API Keys: 1, Selected: 1[0m
[2m07:51:27[0m [36m🔵[0m [0m[38;5;208m[free-api-router.js][0m[0m[0m[33m[FreeRouter][0m[0m Primary model: test/model[0m
[2m07:51:27[0m [36m🔵[0m [0m[38;5;208m[free-api-router.js][0m[0m[0m[33m[FreeRouter][0m[0m Fallback models: 0[0m
[2m07:51:27[0m [36m🔵[0m [0m[38;5;208m[free-api-router.js][0m[0m[0m[33m[FreeRouter][0m[0m Timeout: default=60000ms, quick=20000ms[0m
[2m07:51:27[0m [36m🔵[0m [0m[38;5;208m[free-api-router.js][0m[0m[0m[33m[FreeRouter][0m[0m Advanced features: CircuitBreaker, RateLimitTracker, RequestDedupe, ModelPerfTracker, ApiKeyTimeoutTracker[0m

[90mstdout[2m | tests/unit/free-api-router.test.js[2m > [22m[2mFreeApiRouter[2m > [22m[2mrefreshRateLimits[2m > [22m[2mshould return null when no sessionApiKey
[22m[39m[2m07:51:27[0m [33m🟡[0m [0m[38;5;208m[free-api-router.js][0m[33m[0m[33m[FreeRouter][0m[33m No API keys configured[0m
[2m07:51:27[0m [36m🔵[0m [0m[38;5;208m[free-api-router.js][0m[0m[0m[33m[FreeRouter][0m[0m Initialized for session: default:default[0m
[2m07:51:27[0m [36m🔵[0m [0m[38;5;208m[free-api-router.js][0m[0m[0m[33m[FreeRouter][0m[0m API Keys: 0, Selected: 0[0m
[2m07:51:27[0m [36m🔵[0m [0m[38;5;208m[free-api-router.js][0m[0m[0m[33m[FreeRouter][0m[0m Primary model: test/model[0m
[2m07:51:27[0m [36m🔵[0m [0m[38;5;208m[free-api-router.js][0m[0m[0m[33m[FreeRouter][0m[0m Fallback models: 0[0m
[2m07:51:27[0m [36m🔵[0m [0m[38;5;208m[free-api-router.js][0m[0m[0m[33m[FreeRouter][0m[0m Timeout: default=60000ms, quick=20000ms[0m
[2m07:51:27[0m [36m🔵[0m [0m[38;5;208m[free-api-router.js][0m[0m[0m[33m[FreeRouter][0m[0m Advanced features: CircuitBreaker, RateLimitTracker, RequestDedupe, ModelPerfTracker, ApiKeyTimeoutTracker[0m

[90mstdout[2m | tests/unit/free-api-router.test.js[2m > [22m[2mFreeApiRouter[2m > [22m[2mresetStats[2m > [22m[2mshould reset all stats and module states
[22m[39m[2m07:51:27[0m [36m🔵[0m [0m[38;5;208m[free-api-router.js][0m[0m[0m[33m[FreeRouter][0m[0m Session default:default -> API Key 1/1[0m
[2m07:51:27[0m [36m🔵[0m [0m[38;5;208m[free-api-router.js][0m[0m[0m[33m[FreeRouter][0m[0m Initialized for session: default:default[0m
[2m07:51:27[0m [36m🔵[0m [0m[38;5;208m[free-api-router.js][0m[0m[0m[33m[FreeRouter][0m[0m API Keys: 1, Selected: 1[0m
[2m07:51:27[0m [36m🔵[0m [0m[38;5;208m[free-api-router.js][0m[0m[0m[33m[FreeRouter][0m[0m Primary model: test/model[0m
[2m07:51:27[0m [36m🔵[0m [0m[38;5;208m[free-api-router.js][0m[0m[0m[33m[FreeRouter][0m[0m Fallback models: 0[0m
[2m07:51:27[0m [36m🔵[0m [0m[38;5;208m[free-api-router.js][0m[0m[0m[33m[FreeRouter][0m[0m Timeout: default=60000ms, quick=20000ms[0m
[2m07:51:27[0m [36m🔵[0m [0m[38;5;208m[free-api-router.js][0m[0m[0m[33m[FreeRouter][0m[0m Advanced features: CircuitBreaker, RateLimitTracker, RequestDedupe, ModelPerfTracker, ApiKeyTimeoutTracker[0m
[2m07:51:27[0m [36m🔵[0m [0m[38;5;208m[circuit-breaker.js][0m[0m[0m[33m[CircuitBreaker][0m[0m Reset all circuits[0m
[2m07:51:27[0m [36m🔵[0m [0m[38;5;208m[rate-limit-tracker.js][0m[0m[0m[33m[RateLimitTracker][0m[0m Cache cleared[0m
[2m07:51:27[0m [36m🔵[0m [0m[38;5;208m[request-dedupe.js][0m[0m[0m[33m[RequestDedupe][0m[0m Cache cleared[0m
[2m07:51:27[0m [36m🔵[0m [0m[38;5;208m[model-perf-tracker.js][0m[0m[0m[33m[ModelPerfTracker][0m[0m Reset all stats[0m
[2m07:51:27[0m [36m🔵[0m [0m[38;5;208m[api-key-timeout-tracker.js][0m[0m[0m[33m[ApiKeyTimeoutTracker][0m[0m Reset all stats[0m
[2m07:51:27[0m [36m🔵[0m [0m[38;5;208m[free-api-router.js][0m[0m[0m[33m[FreeRouter][0m[0m All stats reset[0m

[90mstdout[2m | tests/unit/free-api-router.test.js[2m > [22m[2mFreeApiRouter[2m > [22m[2misReady[2m > [22m[2mshould return true when enabled with API key
[22m[39m[2m07:51:27[0m [36m🔵[0m [0m[38;5;208m[free-api-router.js][0m[0m[0m[33m[FreeRouter][0m[0m Session default:default -> API Key 1/1[0m
[2m07:51:27[0m [36m🔵[0m [0m[38;5;208m[free-api-router.js][0m[0m[0m[33m[FreeRouter][0m[0m Initialized for session: default:default[0m
[2m07:51:27[0m [36m🔵[0m [0m[38;5;208m[free-api-router.js][0m[0m[0m[33m[FreeRouter][0m[0m API Keys: 1, Selected: 1[0m
[2m07:51:27[0m [36m🔵[0m [0m[38;5;208m[free-api-router.js][0m[0m[0m[33m[FreeRouter][0m[0m Primary model: test/model[0m
[2m07:51:27[0m [36m🔵[0m [0m[38;5;208m[free-api-router.js][0m[0m[0m[33m[FreeRouter][0m[0m Fallback models: 0[0m
[2m07:51:27[0m [36m🔵[0m [0m[38;5;208m[free-api-router.js][0m[0m[0m[33m[FreeRouter][0m[0m Timeout: default=60000ms, quick=20000ms[0m
[2m07:51:27[0m [36m🔵[0m [0m[38;5;208m[free-api-router.js][0m[0m[0m[33m[FreeRouter][0m[0m Advanced features: CircuitBreaker, RateLimitTracker, RequestDedupe, ModelPerfTracker, ApiKeyTimeoutTracker[0m

[90mstdout[2m | tests/unit/free-api-router.test.js[2m > [22m[2mFreeApiRouter[2m > [22m[2misReady[2m > [22m[2mshould return false when no API keys
[22m[39m[2m07:51:27[0m [33m🟡[0m [0m[38;5;208m[free-api-router.js][0m[33m[0m[33m[FreeRouter][0m[33m No API keys configured[0m
[2m07:51:27[0m [36m🔵[0m [0m[38;5;208m[free-api-router.js][0m[0m[0m[33m[FreeRouter][0m[0m Initialized for session: default:default[0m
[2m07:51:27[0m [36m🔵[0m [0m[38;5;208m[free-api-router.js][0m[0m[0m[33m[FreeRouter][0m[0m API Keys: 0, Selected: 0[0m
[2m07:51:27[0m [36m🔵[0m [0m[38;5;208m[free-api-router.js][0m[0m[0m[33m[FreeRouter][0m[0m Primary model: test/model[0m
[2m07:51:27[0m [36m🔵[0m [0m[38;5;208m[free-api-router.js][0m[0m[0m[33m[FreeRouter][0m[0m Fallback models: 0[0m
[2m07:51:27[0m [36m🔵[0m [0m[38;5;208m[free-api-router.js][0m[0m[0m[33m[FreeRouter][0m[0m Timeout: default=60000ms, quick=20000ms[0m
[2m07:51:27[0m [36m🔵[0m [0m[38;5;208m[free-api-router.js][0m[0m[0m[33m[FreeRouter][0m[0m Advanced features: CircuitBreaker, RateLimitTracker, RequestDedupe, ModelPerfTracker, ApiKeyTimeoutTracker[0m

[90mstdout[2m | tests/unit/free-api-router.test.js[2m > [22m[2mFreeApiRouter[2m > [22m[2mgetDetailedStats[2m > [22m[2mshould return detailed stats including best model
[22m[39m[2m07:51:27[0m [36m🔵[0m [0m[38;5;208m[free-api-router.js][0m[0m[0m[33m[FreeRouter][0m[0m Session default:default -> API Key 1/1[0m
[2m07:51:27[0m [36m🔵[0m [0m[38;5;208m[free-api-router.js][0m[0m[0m[33m[FreeRouter][0m[0m Initialized for session: default:default[0m
[2m07:51:27[0m [36m🔵[0m [0m[38;5;208m[free-api-router.js][0m[0m[0m[33m[FreeRouter][0m[0m API Keys: 1, Selected: 1[0m
[2m07:51:27[0m [36m🔵[0m [0m[38;5;208m[free-api-router.js][0m[0m[0m[33m[FreeRouter][0m[0m Primary model: model1[0m
[2m07:51:27[0m [36m🔵[0m [0m[38;5;208m[free-api-router.js][0m[0m[0m[33m[FreeRouter][0m[0m Fallback models: 1[0m
[2m07:51:27[0m [36m🔵[0m [0m[38;5;208m[free-api-router.js][0m[0m[0m[33m[FreeRouter][0m[0m Timeout: default=60000ms, quick=20000ms[0m
[2m07:51:27[0m [36m🔵[0m [0m[38;5;208m[free-api-router.js][0m[0m[0m[33m[FreeRouter][0m[0m Advanced features: CircuitBreaker, RateLimitTracker, RequestDedupe, ModelPerfTracker, ApiKeyTimeoutTracker[0m

[90mstdout[2m | tests/unit/free-api-router.test.js[2m > [22m[2mFreeApiRouter[2m > [22m[2mAdditional processRequest Edge Cases[2m > [22m[2mshould execute shuffle loop when working models >= 3
[22m[39m[2m07:51:27[0m [36m🔵[0m [0m[38;5;208m[free-api-router.js][0m[0m[0m[33m[FreeRouter][0m[0m Session default:default -> API Key 1/1[0m
[2m07:51:27[0m [36m🔵[0m [0m[38;5;208m[free-api-router.js][0m[0m[0m[33m[FreeRouter][0m[0m Initialized for session: default:default[0m
[2m07:51:27[0m [36m🔵[0m [0m[38;5;208m[free-api-router.js][0m[0m[0m[33m[FreeRouter][0m[0m API Keys: 1, Selected: 1[0m
[2m07:51:27[0m [36m🔵[0m [0m[38;5;208m[free-api-router.js][0m[0m[0m[33m[FreeRouter][0m[0m Primary model: working1[0m
[2m07:51:27[0m [36m🔵[0m [0m[38;5;208m[free-api-router.js][0m[0m[0m[33m[FreeRouter][0m[0m Fallback models: 2[0m
[2m07:51:27[0m [36m🔵[0m [0m[38;5;208m[free-api-router.js][0m[0m[0m[33m[FreeRouter][0m[0m Timeout: default=60000ms, quick=20000ms[0m
[2m07:51:27[0m [36m🔵[0m [0m[38;5;208m[free-api-router.js][0m[0m[0m[33m[FreeRouter][0m[0m Advanced features: CircuitBreaker, RateLimitTracker, RequestDedupe, ModelPerfTracker, ApiKeyTimeoutTracker[0m
[2m07:51:27[0m [36m🔵[0m [0m[38;5;208m[free-api-router.js][0m[0m[0m[33m[FreeRouter][0m[0m processRequest: calling _tryModelWithKey[0m
[2m07:51:27[0m [36m🔵[0m [0m[38;5;208m[free-api-router.js][0m[0m[0m[33m[FreeRouter][0m[0m Using 3 models [95m(shuffled)[0m[0m - 3 tested working + 0 from config[0m
[2m07:51:27[0m [36m🔵[0m [0m[38;5;208m[free-api-router.js][0m[0m[0m[33m[FreeRouter][0m[0m Attempt 1/3: Trying model working1[0m
[2m07:51:27[0m [36m🔵[0m [0m[38;5;208m[free-api-router.js][0m[0m[0m[33m[FreeRouter][0m[0m _tryModelWithKey: model=working1[0m
[2m07:51:27[0m [36m🔵[0m [0m[38;5;208m[free-api-router.js][0m[0m[0m[33m[FreeRouter][0m[0m _tryModelWithKey: proxy=null[0m
[2m07:51:27[0m [36m🔵[0m [0m[38;5;208m[free-api-router.js][0m[0m[0m[33m[FreeRouter][0m[0m _callDirect: starting request to working1[0m

[90mstdout[2m | tests/unit/free-api-router.test.js[2m > [22m[2mFreeApiRouter[2m > [22m[2mAdditional processRequest Edge Cases[2m > [22m[2mshould execute shuffle loop when working models >= 3
[22m[39m[2m07:51:27[0m [90m⚪[0m [0m[38;5;208m[free-api-router.js][0m[0m[0m[33m[FreeRouter][0m[0m Response received [95m(8 chars)[0m[0m: response...[0m

[90mstdout[2m | tests/unit/free-api-router.test.js[2m > [22m[2mFreeApiRouter[2m > [22m[2mAdditional processRequest Edge Cases[2m > [22m[2mshould execute shuffle loop when working models >= 3
[22m[39m[2m07:51:27[0m [90m⚪[0m [0m[38;5;208m[model-perf-tracker.js][0m[0m[0m[33m[ModelPerfTracker][0m[0m working1::test-key success [95m(1/1, 2ms avg)[0m[0m[0m
[2m07:51:27[0m [90m⚪[0m [0m[38;5;208m[request-dedupe.js][0m[0m[0m[33m[RequestDedupe][0m[0m Cached response for key 381468f9[0m

[33m[39m[32m·[39m[33m[39m[32m·[39m[33m[39m[32m·[39m[33m[39m[32m·[39m[33m[39m[32m·[39m[33m[39m[32m·[39m[33m[39m[32m·[39m[33m[39m[32m·[39m[33m[39m[32m·[39m[33m[39m[32m·[39m[33m[39m[32m·[39m[33m[39m[32m·[39m[33m[39m[32m·[39m[33m[39m[32m·[39m[33m[39m[32m·[39m[33m[39m[32m·[39m[90mstdout[2m | tests/unit/async-queue.test.js[2m > [22m[2mCoverage Gap Tests[2m > [22m[2mAsyncQueue - Statistics tracking[2m > [22m[2mshould track averageProcessingTime
[22m[39m[2m07:51:27[0m [36m🔵[0m [0m[38;5;208m[async-queue.js][0m[0m[0m[33m[AsyncQueue][0m[0m ✓ Completed task: task1 in 12ms[0m

[90mstdout[2m | tests/unit/async-queue.test.js[2m > [22m[2mCoverage Gap Tests[2m > [22m[2mAsyncQueue - Statistics tracking[2m > [22m[2mshould track averageProcessingTime
[22m[39m[2m07:51:27[0m [90m⚪[0m [0m[38;5;208m[async-queue.js][0m[0m[0m[33m[AsyncQueue][0m[0m Starting task: task2 [95m(queue: 0, active: 0/2)[0m[0m[0m

[90mstdout[2m | tests/unit/async-queue.test.js[2m > [22m[2mCoverage Gap Tests[2m > [22m[2mAsyncQueue - Statistics tracking[2m > [22m[2mshould track averageProcessingTime
[22m[39m[2m07:51:27[0m [36m🔵[0m [0m[38;5;208m[async-queue.js][0m[0m[0m[33m[AsyncQueue][0m[0m ✓ Completed task: task2 in 15ms[0m

[90mstdout[2m | tests/unit/async-queue.test.js[2m > [22m[2mCoverage Gap Tests[2m > [22m[2mAsyncQueue - Statistics tracking[2m > [22m[2mshould update processedCount and failedCount
[22m[39m[2m07:51:27[0m [36m🔵[0m [0m[38;5;208m[async-queue.js][0m[0m[0m[33m[AsyncQueue][0m[0m Initialized [95m(maxConcurrent: 2, maxQueueSize: 10, defaultTimeout: 5000ms)[0m[0m[0m

[90mstdout[2m | tests/unit/async-queue.test.js[2m > [22m[2mCoverage Gap Tests[2m > [22m[2mAsyncQueue - Statistics tracking[2m > [22m[2mshould update processedCount and failedCount
[22m[39m[2m07:51:27[0m [90m⚪[0m [0m[38;5;208m[async-queue.js][0m[0m[0m[33m[AsyncQueue][0m[0m Starting task: success [95m(queue: 0, active: 0/2)[0m[0m[0m

[90mstdout[2m | tests/unit/async-queue.test.js[2m > [22m[2mCoverage Gap Tests[2m > [22m[2mAsyncQueue - Statistics tracking[2m > [22m[2mshould update processedCount and failedCount
[22m[39m[2m07:51:27[0m [36m🔵[0m [0m[38;5;208m[async-queue.js][0m[0m[0m[33m[AsyncQueue][0m[0m ✓ Completed task: success in 0ms[0m

[90mstdout[2m | tests/unit/async-queue.test.js[2m > [22m[2mCoverage Gap Tests[2m > [22m[2mAsyncQueue - Statistics tracking[2m > [22m[2mshould update processedCount and failedCount
[22m[39m[2m07:51:27[0m [90m⚪[0m [0m[38;5;208m[async-queue.js][0m[0m[0m[33m[AsyncQueue][0m[0m Starting task: fail [95m(queue: 0, active: 0/2)[0m[0m[0m

[90mstdout[2m | tests/unit/async-queue.test.js[2m > [22m[2mCoverage Gap Tests[2m > [22m[2mAsyncQueue - Statistics tracking[2m > [22m[2mshould update processedCount and failedCount
[22m[39m[2m07:51:27[0m [31m🔴[0m [0m[38;5;208m[async-queue.js][0m[31m[0m[33m[AsyncQueue][0m[31m ✗ Task failed: fail - fail[0m

[90mstdout[2m | tests/unit/async-queue.test.js[2m > [22m[2mCoverage Gap Tests[2m > [22m[2mAsyncQueue - Statistics tracking[2m > [22m[2mshould track timedOutCount
[22m[39m[2m07:51:27[0m [36m🔵[0m [0m[38;5;208m[async-queue.js][0m[0m[0m[33m[AsyncQueue][0m[0m Initialized [95m(maxConcurrent: 2, maxQueueSize: 10, defaultTimeout: 5000ms)[0m[0m[0m

[33m[39m[32m·[39m[90mstdout[2m | tests/unit/async-queue.test.js[2m > [22m[2mCoverage Gap Tests[2m > [22m[2mAsyncQueue - Statistics tracking[2m > [22m[2mshould track timedOutCount
[22m[39m[2m07:51:27[0m [90m⚪[0m [0m[38;5;208m[async-queue.js][0m[0m[0m[33m[AsyncQueue][0m[0m Starting task: timeout1 [95m(queue: 0, active: 0/2)[0m[0m[0m

[90mstdout[2m | tests/unit/free-api-router.test.js[2m > [22m[2mFreeApiRouter[2m > [22m[2mAdditional processRequest Edge Cases[2m > [22m[2mshould add only unique models from config when working < 3
[22m[39m[2m07:51:27[0m [36m🔵[0m [0m[38;5;208m[free-api-router.js][0m[0m[0m[33m[FreeRouter][0m[0m Session default:default -> API Key 1/1[0m
[2m07:51:27[0m [36m🔵[0m [0m[38;5;208m[free-api-router.js][0m[0m[0m[33m[FreeRouter][0m[0m Initialized for session: default:default[0m
[2m07:51:27[0m [36m🔵[0m [0m[38;5;208m[free-api-router.js][0m[0m[0m[33m[FreeRouter][0m[0m API Keys: 1, Selected: 1[0m
[2m07:51:27[0m [36m🔵[0m [0m[38;5;208m[free-api-router.js][0m[0m[0m[33m[FreeRouter][0m[0m Primary model: working1[0m
[2m07:51:27[0m [36m🔵[0m [0m[38;5;208m[free-api-router.js][0m[0m[0m[33m[FreeRouter][0m[0m Fallback models: 3[0m
[2m07:51:27[0m [36m🔵[0m [0m[38;5;208m[free-api-router.js][0m[0m[0m[33m[FreeRouter][0m[0m Timeout: default=60000ms, quick=20000ms[0m
[2m07:51:27[0m [36m🔵[0m [0m[38;5;208m[free-api-router.js][0m[0m[0m[33m[FreeRouter][0m[0m Advanced features: CircuitBreaker, RateLimitTracker, RequestDedupe, ModelPerfTracker, ApiKeyTimeoutTracker[0m
[2m07:51:27[0m [36m🔵[0m [0m[38;5;208m[free-api-router.js][0m[0m[0m[33m[FreeRouter][0m[0m processRequest: calling _tryModelWithKey[0m
[2m07:51:27[0m [33m🟡[0m [0m[38;5;208m[free-api-router.js][0m[33m[0m[33m[FreeRouter][0m[33m Only 1 working models from tester, adding more from config[0m
[2m07:51:27[0m [36m🔵[0m [0m[38;5;208m[free-api-router.js][0m[0m[0m[33m[FreeRouter][0m[0m Using 3 models [95m(shuffled)[0m[0m - 1 tested working + 2 from config[0m
[2m07:51:27[0m [36m🔵[0m [0m[38;5;208m[free-api-router.js][0m[0m[0m[33m[FreeRouter][0m[0m Attempt 1/3: Trying model working3[0m
[2m07:51:27[0m [36m🔵[0m [0m[38;5;208m[free-api-router.js][0m[0m[0m[33m[FreeRouter][0m[0m _tryModelWithKey: model=working3[0m
[2m07:51:27[0m [36m🔵[0m [0m[38;5;208m[free-api-router.js][0m[0m[0m[33m[FreeRouter][0m[0m _tryModelWithKey: proxy=null[0m
[2m07:51:27[0m [36m🔵[0m [0m[38;5;208m[free-api-router.js][0m[0m[0m[33m[FreeRouter][0m[0m _callDirect: starting request to working3[0m

[90mstdout[2m | tests/unit/free-api-router.test.js[2m > [22m[2mFreeApiRouter[2m > [22m[2mAdditional processRequest Edge Cases[2m > [22m[2mshould add only unique models from config when working < 3
[22m[39m[2m07:51:27[0m [90m⚪[0m [0m[38;5;208m[free-api-router.js][0m[0m[0m[33m[FreeRouter][0m[0m Response received [95m(8 chars)[0m[0m: response...[0m

[90mstdout[2m | tests/unit/free-api-router.test.js[2m > [22m[2mFreeApiRouter[2m > [22m[2mAdditional processRequest Edge Cases[2m > [22m[2mshould add only unique models from config when working < 3
[22m[39m[2m07:51:27[0m [90m⚪[0m [0m[38;5;208m[model-perf-tracker.js][0m[0m[0m[33m[ModelPerfTracker][0m[0m working3::test-key success [95m(1/1, 3ms avg)[0m[0m[0m
[2m07:51:27[0m [90m⚪[0m [0m[38;5;208m[request-dedupe.js][0m[0m[0m[33m[RequestDedupe][0m[0m Cached response for key 609d46fb[0m

[90mstdout[2m | tests/unit/free-api-router.test.js[2m > [22m[2mFreeApiRouter[2m > [22m[2m_callThroughProxy Additional Edge Cases[2m > [22m[2mshould handle timeout in proxy call with AbortError
[22m[39m[2m07:51:27[0m [36m🔵[0m [0m[38;5;208m[free-api-router.js][0m[0m[0m[33m[FreeRouter][0m[0m Session default:default -> API Key 1/1[0m
[2m07:51:27[0m [36m🔵[0m [0m[38;5;208m[free-api-router.js][0m[0m[0m[33m[FreeRouter][0m[0m Initialized for session: default:default[0m
[2m07:51:27[0m [36m🔵[0m [0m[38;5;208m[free-api-router.js][0m[0m[0m[33m[FreeRouter][0m[0m API Keys: 1, Selected: 1[0m
[2m07:51:27[0m [36m🔵[0m [0m[38;5;208m[free-api-router.js][0m[0m[0m[33m[FreeRouter][0m[0m Primary model: test/model[0m
[2m07:51:27[0m [36m🔵[0m [0m[38;5;208m[free-api-router.js][0m[0m[0m[33m[FreeRouter][0m[0m Fallback models: 0[0m
[2m07:51:27[0m [36m🔵[0m [0m[38;5;208m[free-api-router.js][0m[0m[0m[33m[FreeRouter][0m[0m Timeout: default=10ms, quick=20000ms[0m
[2m07:51:27[0m [36m🔵[0m [0m[38;5;208m[free-api-router.js][0m[0m[0m[33m[FreeRouter][0m[0m Proxy enabled: 1 proxies[0m
[2m07:51:27[0m [36m🔵[0m [0m[38;5;208m[free-api-router.js][0m[0m[0m[33m[FreeRouter][0m[0m Advanced features: CircuitBreaker, RateLimitTracker, RequestDedupe, ModelPerfTracker, ApiKeyTimeoutTracker[0m

[90mstdout[2m | tests/unit/free-api-router.test.js[2m > [22m[2mFreeApiRouter[2m > [22m[2m_callThroughProxy Additional Edge Cases[2m > [22m[2mshould handle proxy fetch network error
[22m[39m[2m07:51:27[0m [36m🔵[0m [0m[38;5;208m[free-api-router.js][0m[0m[0m[33m[FreeRouter][0m[0m Session default:default -> API Key 1/1[0m
[2m07:51:27[0m [36m🔵[0m [0m[38;5;208m[free-api-router.js][0m[0m[0m[33m[FreeRouter][0m[0m Initialized for session: default:default[0m
[2m07:51:27[0m [36m🔵[0m [0m[38;5;208m[free-api-router.js][0m[0m[0m[33m[FreeRouter][0m[0m API Keys: 1, Selected: 1[0m
[2m07:51:27[0m [36m🔵[0m [0m[38;5;208m[free-api-router.js][0m[0m[0m[33m[FreeRouter][0m[0m Primary model: test/model[0m
[2m07:51:27[0m [36m🔵[0m [0m[38;5;208m[free-api-router.js][0m[0m[0m[33m[FreeRouter][0m[0m Fallback models: 0[0m
[2m07:51:27[0m [36m🔵[0m [0m[38;5;208m[free-api-router.js][0m[0m[0m[33m[FreeRouter][0m[0m Timeout: default=60000ms, quick=20000ms[0m
[2m07:51:27[0m [36m🔵[0m [0m[38;5;208m[free-api-router.js][0m[0m[0m[33m[FreeRouter][0m[0m Proxy enabled: 1 proxies[0m
[2m07:51:27[0m [36m🔵[0m [0m[38;5;208m[free-api-router.js][0m[0m[0m[33m[FreeRouter][0m[0m Advanced features: CircuitBreaker, RateLimitTracker, RequestDedupe, ModelPerfTracker, ApiKeyTimeoutTracker[0m

[90mstdout[2m | tests/unit/free-api-router.test.js[2m > [22m[2mFreeApiRouter[2m > [22m[2m_callDirect Error Wrapping Edge Cases[2m > [22m[2mshould wrap plain error without name/code
[22m[39m[2m07:51:27[0m [36m🔵[0m [0m[38;5;208m[free-api-router.js][0m[0m[0m[33m[FreeRouter][0m[0m Session default:default -> API Key 1/1[0m
[2m07:51:27[0m [36m🔵[0m [0m[38;5;208m[free-api-router.js][0m[0m[0m[33m[FreeRouter][0m[0m Initialized for session: default:default[0m
[2m07:51:27[0m [36m🔵[0m [0m[38;5;208m[free-api-router.js][0m[0m[0m[33m[FreeRouter][0m[0m API Keys: 1, Selected: 1[0m
[2m07:51:27[0m [36m🔵[0m [0m[38;5;208m[free-api-router.js][0m[0m[0m[33m[FreeRouter][0m[0m Primary model: anthropic/claude-3.5-sonnet:free[0m
[2m07:51:27[0m [36m🔵[0m [0m[38;5;208m[free-api-router.js][0m[0m[0m[33m[FreeRouter][0m[0m Fallback models: 0[0m
[2m07:51:27[0m [36m🔵[0m [0m[38;5;208m[free-api-router.js][0m[0m[0m[33m[FreeRouter][0m[0m Timeout: default=60000ms, quick=20000ms[0m
[2m07:51:27[0m [36m🔵[0m [0m[38;5;208m[free-api-router.js][0m[0m[0m[33m[FreeRouter][0m[0m Advanced features: CircuitBreaker, RateLimitTracker, RequestDedupe, ModelPerfTracker, ApiKeyTimeoutTracker[0m
[2m07:51:27[0m [36m🔵[0m [0m[38;5;208m[free-api-router.js][0m[0m[0m[33m[FreeRouter][0m[0m _callDirect: starting request to test[0m

[90mstdout[2m | tests/unit/free-api-router.test.js[2m > [22m[2mFreeApiRouter[2m > [22m[2m_callDirect Error Wrapping Edge Cases[2m > [22m[2mshould wrap error with empty string name
[22m[39m[2m07:51:27[0m [36m🔵[0m [0m[38;5;208m[free-api-router.js][0m[0m[0m[33m[FreeRouter][0m[0m Session default:default -> API Key 1/1[0m
[2m07:51:27[0m [36m🔵[0m [0m[38;5;208m[free-api-router.js][0m[0m[0m[33m[FreeRouter][0m[0m Initialized for session: default:default[0m
[2m07:51:27[0m [36m🔵[0m [0m[38;5;208m[free-api-router.js][0m[0m[0m[33m[FreeRouter][0m[0m API Keys: 1, Selected: 1[0m
[2m07:51:27[0m [36m🔵[0m [0m[38;5;208m[free-api-router.js][0m[0m[0m[33m[FreeRouter][0m[0m Primary model: anthropic/claude-3.5-sonnet:free[0m
[2m07:51:27[0m [36m🔵[0m [0m[38;5;208m[free-api-router.js][0m[0m[0m[33m[FreeRouter][0m[0m Fallback models: 0[0m
[2m07:51:27[0m [36m🔵[0m [0m[38;5;208m[free-api-router.js][0m[0m[0m[33m[FreeRouter][0m[0m Timeout: default=60000ms, quick=20000ms[0m
[2m07:51:27[0m [36m🔵[0m [0m[38;5;208m[free-api-router.js][0m[0m[0m[33m[FreeRouter][0m[0m Advanced features: CircuitBreaker, RateLimitTracker, RequestDedupe, ModelPerfTracker, ApiKeyTimeoutTracker[0m
[2m07:51:27[0m [36m🔵[0m [0m[38;5;208m[free-api-router.js][0m[0m[0m[33m[FreeRouter][0m[0m _callDirect: starting request to test[0m

[90mstdout[2m | tests/unit/free-api-router.test.js[2m > [22m[2mFreeApiRouter[2m > [22m[2mModel Cascading Edge Cases[2m > [22m[2mshould use configured models when no test results
[22m[39m[2m07:51:27[0m [36m🔵[0m [0m[38;5;208m[free-api-router.js][0m[0m[0m[33m[FreeRouter][0m[0m Session default:default -> API Key 1/1[0m
[2m07:51:27[0m [36m🔵[0m [0m[38;5;208m[free-api-router.js][0m[0m[0m[33m[FreeRouter][0m[0m Initialized for session: default:default[0m
[2m07:51:27[0m [36m🔵[0m [0m[38;5;208m[free-api-router.js][0m[0m[0m[33m[FreeRouter][0m[0m API Keys: 1, Selected: 1[0m
[2m07:51:27[0m [36m🔵[0m [0m[38;5;208m[free-api-router.js][0m[0m[0m[33m[FreeRouter][0m[0m Primary model: primary1[0m
[2m07:51:27[0m [36m🔵[0m [0m[38;5;208m[free-api-router.js][0m[0m[0m[33m[FreeRouter][0m[0m Fallback models: 2[0m
[2m07:51:27[0m [36m🔵[0m [0m[38;5;208m[free-api-router.js][0m[0m[0m[33m[FreeRouter][0m[0m Timeout: default=60000ms, quick=20000ms[0m
[2m07:51:27[0m [36m🔵[0m [0m[38;5;208m[free-api-router.js][0m[0m[0m[33m[FreeRouter][0m[0m Advanced features: CircuitBreaker, RateLimitTracker, RequestDedupe, ModelPerfTracker, ApiKeyTimeoutTracker[0m
[2m07:51:27[0m [36m🔵[0m [0m[38;5;208m[free-api-router.js][0m[0m[0m[33m[FreeRouter][0m[0m processRequest: calling _tryModelWithKey[0m
[2m07:51:27[0m [36m🔵[0m [0m[38;5;208m[free-api-router.js][0m[0m[0m[33m[FreeRouter][0m[0m No test results available, using 3 configured models[0m
[2m07:51:27[0m [36m🔵[0m [0m[38;5;208m[free-api-router.js][0m[0m[0m[33m[FreeRouter][0m[0m Attempt 1/3: Trying model primary1[0m
[2m07:51:27[0m [36m🔵[0m [0m[38;5;208m[free-api-router.js][0m[0m[0m[33m[FreeRouter][0m[0m _tryModelWithKey: model=primary1[0m
[2m07:51:27[0m [36m🔵[0m [0m[38;5;208m[free-api-router.js][0m[0m[0m[33m[FreeRouter][0m[0m _tryModelWithKey: proxy=null[0m
[2m07:51:27[0m [36m🔵[0m [0m[38;5;208m[free-api-router.js][0m[0m[0m[33m[FreeRouter][0m[0m _callDirect: starting request to primary1[0m

[90mstdout[2m | tests/unit/free-api-router.test.js[2m > [22m[2mFreeApiRouter[2m > [22m[2mModel Cascading Edge Cases[2m > [22m[2mshould use configured models when no test results
[22m[39m[2m07:51:27[0m [90m⚪[0m [0m[38;5;208m[free-api-router.js][0m[0m[0m[33m[FreeRouter][0m[0m Response received [95m(8 chars)[0m[0m: response...[0m

[90mstdout[2m | tests/unit/free-api-router.test.js[2m > [22m[2mFreeApiRouter[2m > [22m[2mModel Cascading Edge Cases[2m > [22m[2mshould use configured models when no test results
[22m[39m[2m07:51:27[0m [90m⚪[0m [0m[38;5;208m[model-perf-tracker.js][0m[0m[0m[33m[ModelPerfTracker][0m[0m primary1::test-key success [95m(1/1, 1ms avg)[0m[0m[0m
[2m07:51:27[0m [90m⚪[0m [0m[38;5;208m[request-dedupe.js][0m[0m[0m[33m[RequestDedupe][0m[0m Cached response for key 4a132148[0m

[90mstdout[2m | tests/unit/free-api-router.test.js[2m > [22m[2mFreeApiRouter[2m > [22m[2mModel Cascading Edge Cases[2m > [22m[2mshould handle working array with length 0
[22m[39m[2m07:51:27[0m [36m🔵[0m [0m[38;5;208m[free-api-router.js][0m[0m[0m[33m[FreeRouter][0m[0m Session default:default -> API Key 1/1[0m
[2m07:51:27[0m [36m🔵[0m [0m[38;5;208m[free-api-router.js][0m[0m[0m[33m[FreeRouter][0m[0m Initialized for session: default:default[0m
[2m07:51:27[0m [36m🔵[0m [0m[38;5;208m[free-api-router.js][0m[0m[0m[33m[FreeRouter][0m[0m API Keys: 1, Selected: 1[0m
[2m07:51:27[0m [36m🔵[0m [0m[38;5;208m[free-api-router.js][0m[0m[0m[33m[FreeRouter][0m[0m Primary model: config1[0m
[2m07:51:27[0m [36m🔵[0m [0m[38;5;208m[free-api-router.js][0m[0m[0m[33m[FreeRouter][0m[0m Fallback models: 1[0m
[2m07:51:27[0m [36m🔵[0m [0m[38;5;208m[free-api-router.js][0m[0m[0m[33m[FreeRouter][0m[0m Timeout: default=60000ms, quick=20000ms[0m
[2m07:51:27[0m [36m🔵[0m [0m[38;5;208m[free-api-router.js][0m[0m[0m[33m[FreeRouter][0m[0m Advanced features: CircuitBreaker, RateLimitTracker, RequestDedupe, ModelPerfTracker, ApiKeyTimeoutTracker[0m
[2m07:51:27[0m [36m🔵[0m [0m[38;5;208m[free-api-router.js][0m[0m[0m[33m[FreeRouter][0m[0m processRequest: calling _tryModelWithKey[0m
[2m07:51:27[0m [36m🔵[0m [0m[38;5;208m[free-api-router.js][0m[0m[0m[33m[FreeRouter][0m[0m No test results available, using 2 configured models[0m
[2m07:51:27[0m [36m🔵[0m [0m[38;5;208m[free-api-router.js][0m[0m[0m[33m[FreeRouter][0m[0m Attempt 1/3: Trying model config1[0m
[2m07:51:27[0m [36m🔵[0m [0m[38;5;208m[free-api-router.js][0m[0m[0m[33m[FreeRouter][0m[0m _tryModelWithKey: model=config1[0m
[2m07:51:27[0m [36m🔵[0m [0m[38;5;208m[free-api-router.js][0m[0m[0m[33m[FreeRouter][0m[0m _tryModelWithKey: proxy=null[0m
[2m07:51:27[0m [36m🔵[0m [0m[38;5;208m[free-api-router.js][0m[0m[0m[33m[FreeRouter][0m[0m _callDirect: starting request to config1[0m

[90mstdout[2m | tests/unit/free-api-router.test.js[2m > [22m[2mFreeApiRouter[2m > [22m[2mModel Cascading Edge Cases[2m > [22m[2mshould handle working array with length 0
[22m[39m[2m07:51:27[0m [90m⚪[0m [0m[38;5;208m[free-api-router.js][0m[0m[0m[33m[FreeRouter][0m[0m Response received [95m(8 chars)[0m[0m: response...[0m

[90mstdout[2m | tests/unit/free-api-router.test.js[2m > [22m[2mFreeApiRouter[2m > [22m[2mModel Cascading Edge Cases[2m > [22m[2mshould handle working array with length 0
[22m[39m[2m07:51:27[0m [90m⚪[0m [0m[38;5;208m[model-perf-tracker.js][0m[0m[0m[33m[ModelPerfTracker][0m[0m config1::test-key success [95m(1/1, 1ms avg)[0m[0m[0m
[2m07:51:27[0m [90m⚪[0m [0m[38;5;208m[request-dedupe.js][0m[0m[0m[33m[RequestDedupe][0m[0m Cached response for key -61bda11[0m

[90mstdout[2m | tests/unit/free-api-router.test.js[2m > [22m[2mFreeApiRouter[2m > [22m[2mModel Cascading Edge Cases[2m > [22m[2mshould filter out duplicate models when adding from config
[22m[39m[2m07:51:27[0m [36m🔵[0m [0m[38;5;208m[free-api-router.js][0m[0m[0m[33m[FreeRouter][0m[0m Session default:default -> API Key 1/1[0m
[2m07:51:27[0m [36m🔵[0m [0m[38;5;208m[free-api-router.js][0m[0m[0m[33m[FreeRouter][0m[0m Initialized for session: default:default[0m
[2m07:51:27[0m [36m🔵[0m [0m[38;5;208m[free-api-router.js][0m[0m[0m[33m[FreeRouter][0m[0m API Keys: 1, Selected: 1[0m
[2m07:51:27[0m [36m🔵[0m [0m[38;5;208m[free-api-router.js][0m[0m[0m[33m[FreeRouter][0m[0m Primary model: model1[0m
[2m07:51:27[0m [36m🔵[0m [0m[38;5;208m[free-api-router.js][0m[0m[0m[33m[FreeRouter][0m[0m Fallback models: 3[0m
[2m07:51:27[0m [36m🔵[0m [0m[38;5;208m[free-api-router.js][0m[0m[0m[33m[FreeRouter][0m[0m Timeout: default=60000ms, quick=20000ms[0m
[2m07:51:27[0m [36m🔵[0m [0m[38;5;208m[free-api-router.js][0m[0m[0m[33m[FreeRouter][0m[0m Advanced features: CircuitBreaker, RateLimitTracker, RequestDedupe, ModelPerfTracker, ApiKeyTimeoutTracker[0m
[2m07:51:27[0m [36m🔵[0m [0m[38;5;208m[free-api-router.js][0m[0m[0m[33m[FreeRouter][0m[0m processRequest: calling _tryModelWithKey[0m
[2m07:51:27[0m [33m🟡[0m [0m[38;5;208m[free-api-router.js][0m[33m[0m[33m[FreeRouter][0m[33m Only 2 working models from tester, adding more from config[0m
[2m07:51:27[0m [36m🔵[0m [0m[38;5;208m[free-api-router.js][0m[0m[0m[33m[FreeRouter][0m[0m Using 3 models [95m(shuffled)[0m[0m - 2 tested working + 1 from config[0m
[2m07:51:27[0m [36m🔵[0m [0m[38;5;208m[free-api-router.js][0m[0m[0m[33m[FreeRouter][0m[0m Attempt 1/3: Trying model model2[0m
[2m07:51:27[0m [36m🔵[0m [0m[38;5;208m[free-api-router.js][0m[0m[0m[33m[FreeRouter][0m[0m _tryModelWithKey: model=model2[0m
[2m07:51:27[0m [36m🔵[0m [0m[38;5;208m[free-api-router.js][0m[0m[0m[33m[FreeRouter][0m[0m _tryModelWithKey: proxy=null[0m
[2m07:51:27[0m [36m🔵[0m [0m[38;5;208m[free-api-router.js][0m[0m[0m[33m[FreeRouter][0m[0m _callDirect: starting request to model2[0m

[90mstdout[2m | tests/unit/free-api-router.test.js[2m > [22m[2mFreeApiRouter[2m > [22m[2mModel Cascading Edge Cases[2m > [22m[2mshould filter out duplicate models when adding from config
[22m[39m[2m07:51:27[0m [90m⚪[0m [0m[38;5;208m[free-api-router.js][0m[0m[0m[33m[FreeRouter][0m[0m Response received [95m(8 chars)[0m[0m: response...[0m

[90mstdout[2m | tests/unit/free-api-router.test.js[2m > [22m[2mFreeApiRouter[2m > [22m[2mModel Cascading Edge Cases[2m > [22m[2mshould filter out duplicate models when adding from config
[22m[39m[2m07:51:27[0m [90m⚪[0m [0m[38;5;208m[model-perf-tracker.js][0m[0m[0m[33m[ModelPerfTracker][0m[0m model2::test-key success [95m(1/1, 1ms avg)[0m[0m[0m
[2m07:51:27[0m [90m⚪[0m [0m[38;5;208m[request-dedupe.js][0m[0m[0m[33m[RequestDedupe][0m[0m Cached response for key 4499bbc2[0m

[90mstdout[2m | tests/unit/free-api-router.test.js[2m > [22m[2mFreeApiRouter[2m > [22m[2mAll Models Exhausted Scenarios[2m > [22m[2mshould return exhausted error when all models fail with circuit open
[22m[39m[2m07:51:27[0m [36m🔵[0m [0m[38;5;208m[free-api-router.js][0m[0m[0m[33m[FreeRouter][0m[0m Session default:default -> API Key 1/1[0m
[2m07:51:27[0m [36m🔵[0m [0m[38;5;208m[free-api-router.js][0m[0m[0m[33m[FreeRouter][0m[0m Initialized for session: default:default[0m
[2m07:51:27[0m [36m🔵[0m [0m[38;5;208m[free-api-router.js][0m[0m[0m[33m[FreeRouter][0m[0m API Keys: 1, Selected: 1[0m
[2m07:51:27[0m [36m🔵[0m [0m[38;5;208m[free-api-router.js][0m[0m[0m[33m[FreeRouter][0m[0m Primary model: model1[0m
[2m07:51:27[0m [36m🔵[0m [0m[38;5;208m[free-api-router.js][0m[0m[0m[33m[FreeRouter][0m[0m Fallback models: 1[0m
[2m07:51:27[0m [36m🔵[0m [0m[38;5;208m[free-api-router.js][0m[0m[0m[33m[FreeRouter][0m[0m Timeout: default=60000ms, quick=20000ms[0m
[2m07:51:27[0m [36m🔵[0m [0m[38;5;208m[free-api-router.js][0m[0m[0m[33m[FreeRouter][0m[0m Advanced features: CircuitBreaker, RateLimitTracker, RequestDedupe, ModelPerfTracker, ApiKeyTimeoutTracker[0m
[2m07:51:27[0m [36m🔵[0m [0m[38;5;208m[free-api-router.js][0m[0m[0m[33m[FreeRouter][0m[0m processRequest: calling _tryModelWithKey[0m
[2m07:51:27[0m [33m🟡[0m [0m[38;5;208m[free-api-router.js][0m[33m[0m[33m[FreeRouter][0m[33m Only 2 working models from tester, adding more from config[0m
[2m07:51:27[0m [36m🔵[0m [0m[38;5;208m[free-api-router.js][0m[0m[0m[33m[FreeRouter][0m[0m Using 2 models [95m(shuffled)[0m[0m - 2 tested working + 0 from config[0m
[2m07:51:27[0m [33m🟡[0m [0m[38;5;208m[free-api-router.js][0m[33m[0m[33m[FreeRouter][0m[33m Circuit open for model2, skipping[0m
[2m07:51:27[0m [33m🟡[0m [0m[38;5;208m[free-api-router.js][0m[33m[0m[33m[FreeRouter][0m[33m Circuit open for model1, skipping[0m

[90mstdout[2m | tests/unit/free-api-router.test.js[2m > [22m[2mFreeApiRouter[2m > [22m[2mAll Models Exhausted Scenarios[2m > [22m[2mshould return exhausted error when all models get rate limited
[22m[39m[2m07:51:27[0m [36m🔵[0m [0m[38;5;208m[free-api-router.js][0m[0m[0m[33m[FreeRouter][0m[0m Session default:default -> API Key 1/1[0m
[2m07:51:27[0m [36m🔵[0m [0m[38;5;208m[free-api-router.js][0m[0m[0m[33m[FreeRouter][0m[0m Initialized for session: default:default[0m
[2m07:51:27[0m [36m🔵[0m [0m[38;5;208m[free-api-router.js][0m[0m[0m[33m[FreeRouter][0m[0m API Keys: 1, Selected: 1[0m
[2m07:51:27[0m [36m🔵[0m [0m[38;5;208m[free-api-router.js][0m[0m[0m[33m[FreeRouter][0m[0m Primary model: model1[0m
[2m07:51:27[0m [36m🔵[0m [0m[38;5;208m[free-api-router.js][0m[0m[0m[33m[FreeRouter][0m[0m Fallback models: 2[0m
[2m07:51:27[0m [36m🔵[0m [0m[38;5;208m[free-api-router.js][0m[0m[0m[33m[FreeRouter][0m[0m Timeout: default=60000ms, quick=20000ms[0m
[2m07:51:27[0m [36m🔵[0m [0m[38;5;208m[free-api-router.js][0m[0m[0m[33m[FreeRouter][0m[0m Advanced features: CircuitBreaker, RateLimitTracker, RequestDedupe, ModelPerfTracker, ApiKeyTimeoutTracker[0m
[2m07:51:27[0m [36m🔵[0m [0m[38;5;208m[free-api-router.js][0m[0m[0m[33m[FreeRouter][0m[0m processRequest: calling _tryModelWithKey[0m
[2m07:51:27[0m [33m🟡[0m [0m[38;5;208m[free-api-router.js][0m[33m[0m[33m[FreeRouter][0m[33m Only 2 working models from tester, adding more from config[0m
[2m07:51:27[0m [36m🔵[0m [0m[38;5;208m[free-api-router.js][0m[0m[0m[33m[FreeRouter][0m[0m Using 3 models [95m(shuffled)[0m[0m - 2 tested working + 1 from config[0m
[2m07:51:27[0m [36m🔵[0m [0m[38;5;208m[free-api-router.js][0m[0m[0m[33m[FreeRouter][0m[0m Attempt 1/3: Trying model model1[0m
[2m07:51:27[0m [36m🔵[0m [0m[38;5;208m[free-api-router.js][0m[0m[0m[33m[FreeRouter][0m[0m _tryModelWithKey: model=model1[0m
[2m07:51:27[0m [36m🔵[0m [0m[38;5;208m[free-api-router.js][0m[0m[0m[33m[FreeRouter][0m[0m _tryModelWithKey: proxy=null[0m
[2m07:51:27[0m [36m🔵[0m [0m[38;5;208m[free-api-router.js][0m[0m[0m[33m[FreeRouter][0m[0m _callDirect: starting request to model1[0m

[33m[39m[32m·[39m[33m[39m[32m·[39m[90mstdout[2m | tests/unit/motor-control.test.js[2m > [22m[2mmotorControl[2m > [22m[2mspiralSearch - additional coverage[2m > [22m[2mshould find uncovered position on second attempt
[22m[39m[Motor] Spiral search attempt 1: (100, 90)

[90mstdout[2m | tests/unit/motor-control.test.js[2m > [22m[2mmotorControl[2m > [22m[2mspiralSearch - additional coverage[2m > [22m[2mshould find uncovered position on second attempt
[22m[39m[Motor] Spiral search attempt 2: (100, 110)

[90mstdout[2m | tests/unit/motor-control.test.js[2m > [22m[2mmotorControl[2m > [22m[2mspiralSearch - additional coverage[2m > [22m[2mshould use custom maxAttempts
[22m[39m[Motor] Spiral search attempt 1: (100, 90)

[90mstdout[2m | tests/unit/motor-control.test.js[2m > [22m[2mmotorControl[2m > [22m[2mspiralSearch - additional coverage[2m > [22m[2mshould use custom maxAttempts
[22m[39m[Motor] Spiral search attempt 2: (100, 110)

[90mstdout[2m | tests/unit/motor-control.test.js[2m > [22m[2mmotorControl[2m > [22m[2mspiralSearch - additional coverage[2m > [22m[2mshould use custom maxAttempts
[22m[39m[Motor] Spiral search attempt 3: (90, 100)

[90mstdout[2m | tests/unit/motor-control.test.js[2m > [22m[2mmotorControl[2m > [22m[2mspiralSearch - additional coverage[2m > [22m[2mshould use custom maxAttempts
[22m[39m[Motor] Spiral search attempt 4: (110, 100)

[90mstdout[2m | tests/unit/motor-control.test.js[2m > [22m[2mmotorControl[2m > [22m[2mspiralSearch - additional coverage[2m > [22m[2mshould use custom maxAttempts
[22m[39m[Motor] Spiral search attempt 5: (92, 92)

[90mstdout[2m | tests/unit/free-api-router.test.js[2m > [22m[2mFreeApiRouter[2m > [22m[2mAll Models Exhausted Scenarios[2m > [22m[2mshould return exhausted error when all models get rate limited
[22m[39m[2m07:51:27[0m [33m🟡[0m [0m[38;5;208m[free-api-router.js][0m[33m[0m[33m[FreeRouter][0m[33m Model model1 failed: Rate Limited[0m
[2m07:51:27[0m [90m⚪[0m [0m[38;5;208m[model-perf-tracker.js][0m[0m[0m[33m[ModelPerfTracker][0m[0m model1::test-key failure [95m(1/1, error: Rate Limited...)[0m[0m[0m
[2m07:51:27[0m [36m🔵[0m [0m[38;5;208m[free-api-router.js][0m[0m[0m[33m[FreeRouter][0m[0m Moving to next model. Progress: 1/3 attempts used, 2 models remaining[0m
[2m07:51:27[0m [36m🔵[0m [0m[38;5;208m[free-api-router.js][0m[0m[0m[33m[FreeRouter][0m[0m Attempt 2/3: Trying model model3[0m
[2m07:51:27[0m [36m🔵[0m [0m[38;5;208m[free-api-router.js][0m[0m[0m[33m[FreeRouter][0m[0m _tryModelWithKey: model=model3[0m
[2m07:51:27[0m [36m🔵[0m [0m[38;5;208m[free-api-router.js][0m[0m[0m[33m[FreeRouter][0m[0m _tryModelWithKey: proxy=null[0m
[2m07:51:27[0m [36m🔵[0m [0m[38;5;208m[free-api-router.js][0m[0m[0m[33m[FreeRouter][0m[0m _callDirect: starting request to model3[0m

[90mstdout[2m | tests/unit/free-api-router.test.js[2m > [22m[2mFreeApiRouter[2m > [22m[2mAll Models Exhausted Scenarios[2m > [22m[2mshould return exhausted error when all models get rate limited
[22m[39m[2m07:51:27[0m [33m🟡[0m [0m[38;5;208m[free-api-router.js][0m[33m[0m[33m[FreeRouter][0m[33m Model model3 failed: Rate Limited[0m
[2m07:51:27[0m [90m⚪[0m [0m[38;5;208m[model-perf-tracker.js][0m[0m[0m[33m[ModelPerfTracker][0m[0m model3::test-key failure [95m(1/1, error: Rate Limited...)[0m[0m[0m
[2m07:51:27[0m [36m🔵[0m [0m[38;5;208m[free-api-router.js][0m[0m[0m[33m[FreeRouter][0m[0m Moving to next model. Progress: 2/3 attempts used, 1 models remaining[0m
[2m07:51:27[0m [36m🔵[0m [0m[38;5;208m[free-api-router.js][0m[0m[0m[33m[FreeRouter][0m[0m Attempt 3/3: Trying model model2[0m
[2m07:51:27[0m [36m🔵[0m [0m[38;5;208m[free-api-router.js][0m[0m[0m[33m[FreeRouter][0m[0m _tryModelWithKey: model=model2[0m
[2m07:51:27[0m [36m🔵[0m [0m[38;5;208m[free-api-router.js][0m[0m[0m[33m[FreeRouter][0m[0m _tryModelWithKey: proxy=null[0m
[2m07:51:27[0m [36m🔵[0m [0m[38;5;208m[free-api-router.js][0m[0m[0m[33m[FreeRouter][0m[0m _callDirect: starting request to model2[0m

[33m[39m[32m·[39m[33m[39m[32m·[39m[33m[39m[32m·[39m[33m[39m[32m·[39m[33m[39m[32m·[39m[33m[39m[32m·[39m[33m[39m[32m·[39m[33m[39m[32m·[39m[33m[39m[32m·[39m[33m[39m[32m·[39m[33m[39m[32m·[39m[33m[39m[32m·[39m[33m[39m[32m·[39m[33m[39m[32m·[39m[33m[39m[32m·[39m[33m[39m[32m·[39m[33m[39m[32m·[39m[33m[39m[32m·[39m[33m[39m[32m·[39m[33m[39m[32m·[39m[33m[39m[32m·[39m[33m[39m[32m·[39m[33m[39m[32m·[39m[33m[39m[32m·[39m[33m[39m[32m·[39m[33m[39m[32m·[39m[33m[39m[32m·[39m[33m[39m[32m·[39m[33m[39m[32m·[39m[33m[39m[32m·[39m[33m[39m[32m·[39m[33m[39m[32m·[39m[33m[39m[32m·[39m[33m[39m[32m·[39m[33m[39m[32m·[39m[33m[39m[32m·[39m[90mstdout[2m | tests/unit/free-api-router.test.js[2m > [22m[2mFreeApiRouter[2m > [22m[2mAll Models Exhausted Scenarios[2m > [22m[2mshould return exhausted error when all models get rate limited
[22m[39m[2m07:51:27[0m [33m🟡[0m [0m[38;5;208m[free-api-router.js][0m[33m[0m[33m[FreeRouter][0m[33m Model model2 failed: Rate Limited[0m
[2m07:51:27[0m [90m⚪[0m [0m[38;5;208m[model-perf-tracker.js][0m[0m[0m[33m[ModelPerfTracker][0m[0m model2::test-key failure [95m(1/1, error: Rate Limited...)[0m[0m[0m

[90mstdout[2m | tests/unit/free-api-router.test.js[2m > [22m[2mFreeApiRouter[2m > [22m[2mAll Models Exhausted Scenarios[2m > [22m[2mshould return exhausted error when all models fail with server errors
[22m[39m[2m07:51:27[0m [36m🔵[0m [0m[38;5;208m[free-api-router.js][0m[0m[0m[33m[FreeRouter][0m[0m Session default:default -> API Key 1/1[0m
[2m07:51:27[0m [36m🔵[0m [0m[38;5;208m[free-api-router.js][0m[0m[0m[33m[FreeRouter][0m[0m Initialized for session: default:default[0m
[2m07:51:27[0m [36m🔵[0m [0m[38;5;208m[free-api-router.js][0m[0m[0m[33m[FreeRouter][0m[0m API Keys: 1, Selected: 1[0m
[2m07:51:27[0m [36m🔵[0m [0m[38;5;208m[free-api-router.js][0m[0m[0m[33m[FreeRouter][0m[0m Primary model: model1[0m
[2m07:51:27[0m [36m🔵[0m [0m[38;5;208m[free-api-router.js][0m[0m[0m[33m[FreeRouter][0m[0m Fallback models: 1[0m
[2m07:51:27[0m [36m🔵[0m [0m[38;5;208m[free-api-router.js][0m[0m[0m[33m[FreeRouter][0m[0m Timeout: default=60000ms, quick=20000ms[0m
[2m07:51:27[0m [36m🔵[0m [0m[38;5;208m[free-api-router.js][0m[0m[0m[33m[FreeRouter][0m[0m Advanced features: CircuitBreaker, RateLimitTracker, RequestDedupe, ModelPerfTracker, ApiKeyTimeoutTracker[0m
[2m07:51:27[0m [36m🔵[0m [0m[38;5;208m[free-api-router.js][0m[0m[0m[33m[FreeRouter][0m[0m processRequest: calling _tryModelWithKey[0m
[2m07:51:27[0m [33m🟡[0m [0m[38;5;208m[free-api-router.js][0m[33m[0m[33m[FreeRouter][0m[33m Only 2 working models from tester, adding more from config[0m
[2m07:51:27[0m [36m🔵[0m [0m[38;5;208m[free-api-router.js][0m[0m[0m[33m[FreeRouter][0m[0m Using 2 models [95m(shuffled)[0m[0m - 2 tested working + 0 from config[0m
[2m07:51:27[0m [36m🔵[0m [0m[38;5;208m[free-api-router.js][0m[0m[0m[33m[FreeRouter][0m[0m Attempt 1/3: Trying model model2[0m
[2m07:51:27[0m [36m🔵[0m [0m[38;5;208m[free-api-router.js][0m[0m[0m[33m[FreeRouter][0m[0m _tryModelWithKey: model=model2[0m
[2m07:51:27[0m [36m🔵[0m [0m[38;5;208m[free-api-router.js][0m[0m[0m[33m[FreeRouter][0m[0m _tryModelWithKey: proxy=null[0m
[2m07:51:27[0m [36m🔵[0m [0m[38;5;208m[free-api-router.js][0m[0m[0m[33m[FreeRouter][0m[0m _callDirect: starting request to model2[0m

[33m[39m[32m·[39m[33m[39m[32m·[39m[33m[39m[32m·[39m[33m[39m[32m·[39m[33m[39m[32m·[39m[33m[39m[32m·[39m[33m[39m[32m·[39m[33m[39m[32m·[39m[33m[39m[32m·[39m[33m[39m[32m·[39m[33m[39m[32m·[39m[33m[39m[32m·[39m[33m[39m[32m·[39m[33m[39m[32m·[39m[33m[39m[32m·[39m[33m[39m[32m·[39m[33m[39m[32m·[39m[33m[39m[32m·[39m[33m[39m[32m·[39m[33m[39m[32m·[39m[33m[39m[32m·[39m[33m[39m[32m·[39m[33m[39m[32m·[39m[33m[39m[32m·[39m[33m[39m[32m·[39m[33m[39m[32m·[39m[33m[39m[32m·[39m[33m[39m[32m·[39m[33m[39m[32m·[39m[33m[39m[32m·[39m[33m[39m[32m·[39m[33m[39m[32m·[39m[33m[39m[32m·[39m[33m[39m[32m·[39m[33m[39m[32m·[39m[33m[39m[32m·[39m[33m[39m[32m·[39m[33m[39m[32m·[39m[33m[39m[32m·[39m[33m[39m[32m·[39m[33m[39m[32m·[39m[33m[39m[32m·[39m[33m[39m[32m·[39m[33m[39m[32m·[39m[90mstdout[2m | tests/unit/free-api-router.test.js[2m > [22m[2mFreeApiRouter[2m > [22m[2mAll Models Exhausted Scenarios[2m > [22m[2mshould return exhausted error when all models fail with server errors
[22m[39m[2m07:51:27[0m [33m🟡[0m [0m[38;5;208m[free-api-router.js][0m[33m[0m[33m[FreeRouter][0m[33m Model model2 failed: Server Error[0m
[2m07:51:27[0m [90m⚪[0m [0m[38;5;208m[model-perf-tracker.js][0m[0m[0m[33m[ModelPerfTracker][0m[0m model2::test-key failure [95m(1/1, error: Server Error...)[0m[0m[0m
[2m07:51:27[0m [36m🔵[0m [0m[38;5;208m[free-api-router.js][0m[0m[0m[33m[FreeRouter][0m[0m Moving to next model. Progress: 1/3 attempts used, 1 models remaining[0m
[2m07:51:27[0m [36m🔵[0m [0m[38;5;208m[free-api-router.js][0m[0m[0m[33m[FreeRouter][0m[0m Attempt 2/3: Trying model model1[0m
[2m07:51:27[0m [36m🔵[0m [0m[38;5;208m[free-api-router.js][0m[0m[0m[33m[FreeRouter][0m[0m _tryModelWithKey: model=model1[0m
[2m07:51:27[0m [36m🔵[0m [0m[38;5;208m[free-api-router.js][0m[0m[0m[33m[FreeRouter][0m[0m _tryModelWithKey: proxy=null[0m
[2m07:51:27[0m [36m🔵[0m [0m[38;5;208m[free-api-router.js][0m[0m[0m[33m[FreeRouter][0m[0m _callDirect: starting request to model1[0m

[90mstdout[2m | tests/unit/free-api-router.test.js[2m > [22m[2mFreeApiRouter[2m > [22m[2mAll Models Exhausted Scenarios[2m > [22m[2mshould return exhausted error when all models fail with server errors
[22m[39m[2m07:51:27[0m [33m🟡[0m [0m[38;5;208m[free-api-router.js][0m[33m[0m[33m[FreeRouter][0m[33m Model model1 failed: Server Error[0m
[2m07:51:27[0m [90m⚪[0m [0m[38;5;208m[model-perf-tracker.js][0m[0m[0m[33m[ModelPerfTracker][0m[0m model1::test-key failure [95m(1/1, error: Server Error...)[0m[0m[0m

[90mstdout[2m | tests/unit/free-api-router.test.js[2m > [22m[2mFreeApiRouter[2m > [22m[2mDirect Fallback Error Paths[2m > [22m[2mshould handle proxy fallback to direct when both fail
[22m[39m[2m07:51:27[0m [36m🔵[0m [0m[38;5;208m[free-api-router.js][0m[0m[0m[33m[FreeRouter][0m[0m Session default:default -> API Key 1/1[0m
[2m07:51:27[0m [36m🔵[0m [0m[38;5;208m[free-api-router.js][0m[0m[0m[33m[FreeRouter][0m[0m Initialized for session: default:default[0m
[2m07:51:27[0m [36m🔵[0m [0m[38;5;208m[free-api-router.js][0m[0m[0m[33m[FreeRouter][0m[0m API Keys: 1, Selected: 1[0m
[2m07:51:27[0m [36m🔵[0m [0m[38;5;208m[free-api-router.js][0m[0m[0m[33m[FreeRouter][0m[0m Primary model: test/model[0m
[2m07:51:27[0m [36m🔵[0m [0m[38;5;208m[free-api-router.js][0m[0m[0m[33m[FreeRouter][0m[0m Fallback models: 0[0m
[2m07:51:27[0m [36m🔵[0m [0m[38;5;208m[free-api-router.js][0m[0m[0m[33m[FreeRouter][0m[0m Timeout: default=60000ms, quick=20000ms[0m
[2m07:51:27[0m [36m🔵[0m [0m[38;5;208m[free-api-router.js][0m[0m[0m[33m[FreeRouter][0m[0m Proxy enabled: 1 proxies[0m
[2m07:51:27[0m [36m🔵[0m [0m[38;5;208m[free-api-router.js][0m[0m[0m[33m[FreeRouter][0m[0m Advanced features: CircuitBreaker, RateLimitTracker, RequestDedupe, ModelPerfTracker, ApiKeyTimeoutTracker[0m
[2m07:51:27[0m [36m🔵[0m [0m[38;5;208m[free-api-router.js][0m[0m[0m[33m[FreeRouter][0m[0m processRequest: calling _tryModelWithKey[0m
[2m07:51:27[0m [33m🟡[0m [0m[38;5;208m[free-api-router.js][0m[33m[0m[33m[FreeRouter][0m[33m Only 2 working models from tester, adding more from config[0m
[2m07:51:27[0m [36m🔵[0m [0m[38;5;208m[free-api-router.js][0m[0m[0m[33m[FreeRouter][0m[0m Using 3 models [95m(shuffled)[0m[0m - 2 tested working + 1 from config[0m
[2m07:51:27[0m [36m🔵[0m [0m[38;5;208m[free-api-router.js][0m[0m[0m[33m[FreeRouter][0m[0m Attempt 1/3: Trying model test/model[0m
[2m07:51:27[0m [36m🔵[0m [0m[38;5;208m[free-api-router.js][0m[0m[0m[33m[FreeRouter][0m[0m _tryModelWithKey: model=test/model[0m
[2m07:51:27[0m [36m🔵[0m [0m[38;5;208m[free-api-router.js][0m[0m[0m[33m[FreeRouter][0m[0m _tryModelWithKey: proxy=proxy1:8080[0m

[90mstdout[2m | tests/unit/free-api-router.test.js[2m > [22m[2mFreeApiRouter[2m > [22m[2mDirect Fallback Error Paths[2m > [22m[2mshould handle proxy fallback to direct when both fail
[22m[39m[2m07:51:27[0m [33m🟡[0m [0m[38;5;208m[free-api-router.js][0m[33m[0m[33m[FreeRouter][0m[33m Model test/model failed: Error[0m
[2m07:51:27[0m [90m⚪[0m [0m[38;5;208m[model-perf-tracker.js][0m[0m[0m[33m[ModelPerfTracker][0m[0m test/model::test-key failure [95m(1/1, error: Error...)[0m[0m[0m
[2m07:51:27[0m [36m🔵[0m [0m[38;5;208m[free-api-router.js][0m[0m[0m[33m[FreeRouter][0m[0m Proxy failed, trying direct connection...[0m
[2m07:51:27[0m [36m🔵[0m [0m[38;5;208m[free-api-router.js][0m[0m[0m[33m[FreeRouter][0m[0m _callDirect: starting request to test/model[0m

[33m[39m[32m·[39m[33m[39m[32m·[39m[33m[39m[32m·[39m[33m[39m[32m·[39m[33m[39m[32m·[39m[33m[39m[32m·[39m[33m[39m[32m·[39m[33m[39m[32m·[39m[33m[39m[32m·[39m[33m[39m[32m·[39m[33m[39m[32m·[39m[33m[39m[32m·[39m[33m[39m[32m·[39m[33m[39m[32m·[39m[33m[39m[32m·[39m[33m[39m[32m·[39m[33m[39m[32m·[39m[33m[39m[32m·[39m[33m[39m[32m·[39m[33m[39m[32m·[39m[33m[39m[32m·[39m[33m[39m[32m·[39m[33m[39m[32m·[39m[33m[39m[32m·[39m[33m[39m[32m·[39m[33m[39m[32m·[39m[33m[39m[32m·[39m[33m[39m[32m·[39m[33m[39m[32m·[39m[33m[39m[32m·[39m[33m[39m[32m·[39m[33m[39m[32m·[39m[33m[39m[32m·[39m[33m[39m[32m·[39m[33m[39m[32m·[39m[33m[39m[32m·[39m[33m[39m[32m·[39m[90mstdout[2m | tests/unit/free-api-router.test.js[2m > [22m[2mFreeApiRouter[2m > [22m[2mRate Limit Warning Status[2m > [22m[2mshould continue when rate limit status is warning
[22m[39m[2m07:51:27[0m [36m🔵[0m [0m[38;5;208m[free-api-router.js][0m[0m[0m[33m[FreeRouter][0m[0m Session default:default -> API Key 1/1[0m
[2m07:51:27[0m [36m🔵[0m [0m[38;5;208m[free-api-router.js][0m[0m[0m[33m[FreeRouter][0m[0m Initialized for session: default:default[0m
[2m07:51:27[0m [36m🔵[0m [0m[38;5;208m[free-api-router.js][0m[0m[0m[33m[FreeRouter][0m[0m API Keys: 1, Selected: 1[0m
[2m07:51:27[0m [36m🔵[0m [0m[38;5;208m[free-api-router.js][0m[0m[0m[33m[FreeRouter][0m[0m Primary model: model1[0m
[2m07:51:27[0m [36m🔵[0m [0m[38;5;208m[free-api-router.js][0m[0m[0m[33m[FreeRouter][0m[0m Fallback models: 0[0m
[2m07:51:27[0m [36m🔵[0m [0m[38;5;208m[free-api-router.js][0m[0m[0m[33m[FreeRouter][0m[0m Timeout: default=60000ms, quick=20000ms[0m
[2m07:51:27[0m [36m🔵[0m [0m[38;5;208m[free-api-router.js][0m[0m[0m[33m[FreeRouter][0m[0m Advanced features: CircuitBreaker, RateLimitTracker, RequestDedupe, ModelPerfTracker, ApiKeyTimeoutTracker[0m
[2m07:51:27[0m [36m🔵[0m [0m[38;5;208m[free-api-router.js][0m[0m[0m[33m[FreeRouter][0m[0m processRequest: calling _tryModelWithKey[0m
[2m07:51:27[0m [33m🟡[0m [0m[38;5;208m[free-api-router.js][0m[33m[0m[33m[FreeRouter][0m[33m Only 2 working models from tester, adding more from config[0m
[2m07:51:27[0m [36m🔵[0m [0m[38;5;208m[free-api-router.js][0m[0m[0m[33m[FreeRouter][0m[0m Using 2 models [95m(shuffled)[0m[0m - 2 tested working + 0 from config[0m
[2m07:51:27[0m [36m🔵[0m [0m[38;5;208m[free-api-router.js][0m[0m[0m[33m[FreeRouter][0m[0m Attempt 1/3: Trying model model2[0m
[2m07:51:27[0m [36m🔵[0m [0m[38;5;208m[free-api-router.js][0m[0m[0m[33m[FreeRouter][0m[0m _tryModelWithKey: model=model2[0m
[2m07:51:27[0m [36m🔵[0m [0m[38;5;208m[free-api-router.js][0m[0m[0m[33m[FreeRouter][0m[0m _tryModelWithKey: proxy=null[0m
[2m07:51:27[0m [36m🔵[0m [0m[38;5;208m[free-api-router.js][0m[0m[0m[33m[FreeRouter][0m[0m _callDirect: starting request to model2[0m

[90mstdout[2m | tests/unit/free-api-router.test.js[2m > [22m[2mFreeApiRouter[2m > [22m[2mRate Limit Warning Status[2m > [22m[2mshould continue when rate limit status is warning
[22m[39m[2m07:51:27[0m [90m⚪[0m [0m[38;5;208m[free-api-router.js][0m[0m[0m[33m[FreeRouter][0m[0m Response received [95m(8 chars)[0m[0m: response...[0m

[90mstdout[2m | tests/unit/free-api-router.test.js[2m > [22m[2mFreeApiRouter[2m > [22m[2mRate Limit Warning Status[2m > [22m[2mshould continue when rate limit status is warning
[22m[39m[2m07:51:27[0m [90m⚪[0m [0m[38;5;208m[model-perf-tracker.js][0m[0m[0m[33m[ModelPerfTracker][0m[0m model2::test-key success [95m(1/1, 3ms avg)[0m[0m[0m
[2m07:51:27[0m [90m⚪[0m [0m[38;5;208m[request-dedupe.js][0m[0m[0m[33m[RequestDedupe][0m[0m Cached response for key 4499bbc2[0m

[90mstdout[2m | tests/unit/free-api-router.test.js[2m > [22m[2mFreeApiRouter[2m > [22m[2mDirect Fallback Error Paths[2m > [22m[2mshould handle proxy fallback to direct when both fail
[22m[39m[2m07:51:27[0m [36m🔵[0m [0m[38;5;208m[free-api-router.js][0m[0m[0m[33m[FreeRouter][0m[0m Session default:default -> API Key 1/1[0m
[2m07:51:27[0m [36m🔵[0m [0m[38;5;208m[free-api-router.js][0m[0m[0m[33m[FreeRouter][0m[0m Initialized for session: default:default[0m
[2m07:51:27[0m [36m🔵[0m [0m[38;5;208m[free-api-router.js][0m[0m[0m[33m[FreeRouter][0m[0m API Keys: 1, Selected: 1[0m
[2m07:51:27[0m [36m🔵[0m [0m[38;5;208m[free-api-router.js][0m[0m[0m[33m[FreeRouter][0m[0m Primary model: test/model[0m
[2m07:51:27[0m [36m🔵[0m [0m[38;5;208m[free-api-router.js][0m[0m[0m[33m[FreeRouter][0m[0m Fallback models: 0[0m
[2m07:51:27[0m [36m🔵[0m [0m[38;5;208m[free-api-router.js][0m[0m[0m[33m[FreeRouter][0m[0m Timeout: default=60000ms, quick=20000ms[0m
[2m07:51:27[0m [36m🔵[0m [0m[38;5;208m[free-api-router.js][0m[0m[0m[33m[FreeRouter][0m[0m Proxy enabled: 1 proxies[0m
[2m07:51:27[0m [36m🔵[0m [0m[38;5;208m[free-api-router.js][0m[0m[0m[33m[FreeRouter][0m[0m Advanced features: CircuitBreaker, RateLimitTracker, RequestDedupe, ModelPerfTracker, ApiKeyTimeoutTracker[0m
[2m07:51:27[0m [36m🔵[0m [0m[38;5;208m[free-api-router.js][0m[0m[0m[33m[FreeRouter][0m[0m processRequest: calling _tryModelWithKey[0m
[2m07:51:27[0m [33m🟡[0m [0m[38;5;208m[free-api-router.js][0m[33m[0m[33m[FreeRouter][0m[33m Only 2 working models from tester, adding more from config[0m
[2m07:51:27[0m [36m🔵[0m [0m[38;5;208m[free-api-router.js][0m[0m[0m[33m[FreeRouter][0m[0m Using 3 models [95m(shuffled)[0m[0m - 2 tested working + 1 from config[0m
[2m07:51:27[0m [36m🔵[0m [0m[38;5;208m[free-api-router.js][0m[0m[0m[33m[FreeRouter][0m[0m Attempt 1/3: Trying model test/model[0m
[2m07:51:27[0m [36m🔵[0m [0m[38;5;208m[free-api-router.js][0m[0m[0m[33m[FreeRouter][0m[0m _tryModelWithKey: model=test/model[0m
[2m07:51:27[0m [36m🔵[0m [0m[38;5;208m[free-api-router.js][0m[0m[0m[33m[FreeRouter][0m[0m _tryModelWithKey: proxy=proxy1:8080[0m

[90mstdout[2m | tests/unit/free-api-router.test.js[2m > [22m[2mFreeApiRouter[2m > [22m[2mDirect Fallback Error Paths[2m > [22m[2mshould handle proxy fallback to direct when both fail
[22m[39m[2m07:51:27[0m [33m🟡[0m [0m[38;5;208m[free-api-router.js][0m[33m[0m[33m[FreeRouter][0m[33m Model test/model failed: Error[0m
[2m07:51:27[0m [90m⚪[0m [0m[38;5;208m[model-perf-tracker.js][0m[0m[0m[33m[ModelPerfTracker][0m[0m test/model::test-key failure [95m(1/1, error: Error...)[0m[0m[0m
[2m07:51:27[0m [36m🔵[0m [0m[38;5;208m[free-api-router.js][0m[0m[0m[33m[FreeRouter][0m[0m Proxy failed, trying direct connection...[0m
[2m07:51:27[0m [36m🔵[0m [0m[38;5;208m[free-api-router.js][0m[0m[0m[33m[FreeRouter][0m[0m _callDirect: starting request to test/model[0m

[90mstdout[2m | tests/unit/free-api-router.test.js[2m > [22m[2mFreeApiRouter[2m > [22m[2mWarning Status in Response[2m > [22m[2mshould include warningStatus in response
[22m[39m[2m07:51:27[0m [36m🔵[0m [0m[38;5;208m[free-api-router.js][0m[0m[0m[33m[FreeRouter][0m[0m Session default:default -> API Key 1/1[0m
[2m07:51:27[0m [36m🔵[0m [0m[38;5;208m[free-api-router.js][0m[0m[0m[33m[FreeRouter][0m[0m Initialized for session: default:default[0m
[2m07:51:27[0m [36m🔵[0m [0m[38;5;208m[free-api-router.js][0m[0m[0m[33m[FreeRouter][0m[0m API Keys: 1, Selected: 1[0m
[2m07:51:27[0m [36m🔵[0m [0m[38;5;208m[free-api-router.js][0m[0m[0m[33m[FreeRouter][0m[0m Primary model: test/model[0m
[2m07:51:27[0m [36m🔵[0m [0m[38;5;208m[free-api-router.js][0m[0m[0m[33m[FreeRouter][0m[0m Fallback models: 0[0m
[2m07:51:27[0m [36m🔵[0m [0m[38;5;208m[free-api-router.js][0m[0m[0m[33m[FreeRouter][0m[0m Timeout: default=60000ms, quick=20000ms[0m
[2m07:51:27[0m [36m🔵[0m [0m[38;5;208m[free-api-router.js][0m[0m[0m[33m[FreeRouter][0m[0m Advanced features: CircuitBreaker, RateLimitTracker, RequestDedupe, ModelPerfTracker, ApiKeyTimeoutTracker[0m
[2m07:51:27[0m [36m🔵[0m [0m[38;5;208m[free-api-router.js][0m[0m[0m[33m[FreeRouter][0m[0m processRequest: calling _tryModelWithKey[0m
[2m07:51:27[0m [33m🟡[0m [0m[38;5;208m[free-api-router.js][0m[33m[0m[33m[FreeRouter][0m[33m Only 2 working models from tester, adding more from config[0m
[2m07:51:27[0m [36m🔵[0m [0m[38;5;208m[free-api-router.js][0m[0m[0m[33m[FreeRouter][0m[0m Using 3 models [95m(shuffled)[0m[0m - 2 tested working + 1 from config[0m
[2m07:51:27[0m [36m🔵[0m [0m[38;5;208m[free-api-router.js][0m[0m[0m[33m[FreeRouter][0m[0m Attempt 1/3: Trying model test/model[0m
[2m07:51:27[0m [36m🔵[0m [0m[38;5;208m[free-api-router.js][0m[0m[0m[33m[FreeRouter][0m[0m _tryModelWithKey: model=test/model[0m
[2m07:51:27[0m [36m🔵[0m [0m[38;5;208m[free-api-router.js][0m[0m[0m[33m[FreeRouter][0m[0m _tryModelWithKey: proxy=null[0m
[2m07:51:27[0m [36m🔵[0m [0m[38;5;208m[free-api-router.js][0m[0m[0m[33m[FreeRouter][0m[0m _callDirect: starting request to test/model[0m

[90mstdout[2m | tests/unit/free-api-router.test.js[2m > [22m[2mFreeApiRouter[2m > [22m[2mWarning Status in Response[2m > [22m[2mshould include warningStatus in response
[22m[39m[2m07:51:27[0m [90m⚪[0m [0m[38;5;208m[free-api-router.js][0m[0m[0m[33m[FreeRouter][0m[0m Response received [95m(8 chars)[0m[0m: response...[0m

[90mstdout[2m | tests/unit/free-api-router.test.js[2m > [22m[2mFreeApiRouter[2m > [22m[2mWarning Status in Response[2m > [22m[2mshould include warningStatus in response
[22m[39m[2m07:51:27[0m [90m⚪[0m [0m[38;5;208m[model-perf-tracker.js][0m[0m[0m[33m[ModelPerfTracker][0m[0m test/model::test-key success [95m(1/1, 2ms avg)[0m[0m[0m
[2m07:51:27[0m [90m⚪[0m [0m[38;5;208m[request-dedupe.js][0m[0m[0m[33m[RequestDedupe][0m[0m Cached response for key 4daae485[0m

[90mstdout[2m | tests/unit/free-api-router.test.js[2m > [22m[2mFreeApiRouter[2m > [22m[2mResponse with usage data[2m > [22m[2mshould track usage when present in response
[22m[39m[2m07:51:27[0m [36m🔵[0m [0m[38;5;208m[free-api-router.js][0m[0m[0m[33m[FreeRouter][0m[0m Session default:default -> API Key 1/1[0m
[2m07:51:27[0m [36m🔵[0m [0m[38;5;208m[free-api-router.js][0m[0m[0m[33m[FreeRouter][0m[0m Initialized for session: default:default[0m
[2m07:51:27[0m [36m🔵[0m [0m[38;5;208m[free-api-router.js][0m[0m[0m[33m[FreeRouter][0m[0m API Keys: 1, Selected: 1[0m
[2m07:51:27[0m [36m🔵[0m [0m[38;5;208m[free-api-router.js][0m[0m[0m[33m[FreeRouter][0m[0m Primary model: test/model[0m
[2m07:51:27[0m [36m🔵[0m [0m[38;5;208m[free-api-router.js][0m[0m[0m[33m[FreeRouter][0m[0m Fallback models: 0[0m
[2m07:51:27[0m [36m🔵[0m [0m[38;5;208m[free-api-router.js][0m[0m[0m[33m[FreeRouter][0m[0m Timeout: default=60000ms, quick=20000ms[0m
[2m07:51:27[0m [36m🔵[0m [0m[38;5;208m[free-api-router.js][0m[0m[0m[33m[FreeRouter][0m[0m Advanced features: CircuitBreaker, RateLimitTracker, RequestDedupe, ModelPerfTracker, ApiKeyTimeoutTracker[0m
[2m07:51:27[0m [36m🔵[0m [0m[38;5;208m[free-api-router.js][0m[0m[0m[33m[FreeRouter][0m[0m processRequest: calling _tryModelWithKey[0m
[2m07:51:27[0m [33m🟡[0m [0m[38;5;208m[free-api-router.js][0m[33m[0m[33m[FreeRouter][0m[33m Only 2 working models from tester, adding more from config[0m
[2m07:51:27[0m [36m🔵[0m [0m[38;5;208m[free-api-router.js][0m[0m[0m[33m[FreeRouter][0m[0m Using 3 models [95m(shuffled)[0m[0m - 2 tested working + 1 from config[0m
[2m07:51:27[0m [36m🔵[0m [0m[38;5;208m[free-api-router.js][0m[0m[0m[33m[FreeRouter][0m[0m Attempt 1/3: Trying model test/model[0m
[2m07:51:27[0m [36m🔵[0m [0m[38;5;208m[free-api-router.js][0m[0m[0m[33m[FreeRouter][0m[0m _tryModelWithKey: model=test/model[0m
[2m07:51:27[0m [36m🔵[0m [0m[38;5;208m[free-api-router.js][0m[0m[0m[33m[FreeRouter][0m[0m _tryModelWithKey: proxy=null[0m
[2m07:51:27[0m [36m🔵[0m [0m[38;5;208m[free-api-router.js][0m[0m[0m[33m[FreeRouter][0m[0m _callDirect: starting request to test/model[0m

[90mstdout[2m | tests/unit/free-api-router.test.js[2m > [22m[2mFreeApiRouter[2m > [22m[2mResponse with usage data[2m > [22m[2mshould track usage when present in response
[22m[39m[2m07:51:27[0m [90m⚪[0m [0m[38;5;208m[free-api-router.js][0m[0m[0m[33m[FreeRouter][0m[0m Response received [95m(8 chars)[0m[0m: response...[0m

[90mstdout[2m | tests/unit/free-api-router.test.js[2m > [22m[2mFreeApiRouter[2m > [22m[2mResponse with usage data[2m > [22m[2mshould track usage when present in response
[22m[39m[2m07:51:27[0m [90m⚪[0m [0m[38;5;208m[model-perf-tracker.js][0m[0m[0m[33m[ModelPerfTracker][0m[0m test/model::test-key success [95m(1/1, 1ms avg)[0m[0m[0m
[2m07:51:27[0m [90m⚪[0m [0m[38;5;208m[request-dedupe.js][0m[0m[0m[33m[RequestDedupe][0m[0m Cached response for key 4daae485[0m

[33m[39m[32m·[39m[33m[39m[32m·[39m[33m[39m[32m·[39m[33m[39m[32m·[39m[33m[39m[32m·[39m[33m[39m[32m·[39m[33m[39m[32m·[39m[33m[39m[32m·[39m[33m[39m[32m·[39m[33m[39m[32m·[39m[90mstdout[2m | tests/unit/async-queue.test.js[2m > [22m[2mCoverage Gap Tests[2m > [22m[2mAsyncQueue - Statistics tracking[2m > [22m[2mshould track timedOutCount
[22m[39m[2m07:51:27[0m [33m🟡[0m [0m[38;5;208m[async-queue.js][0m[33m[0m[33m[AsyncQueue][0m[33m ⚠ Task timeout reached: 50ms for timeout1[0m

[90mstdout[2m | tests/unit/async-queue.test.js[2m > [22m[2mCoverage Gap Tests[2m > [22m[2mAsyncQueue - Statistics tracking[2m > [22m[2mshould track timedOutCount
[22m[39m[2m07:51:27[0m [33m🟡[0m [0m[38;5;208m[async-queue.js][0m[33m[0m[33m[AsyncQueue][0m[33m ⚠ Task timed out: timeout1 after 60ms[0m

[90mstdout[2m | tests/unit/async-queue.test.js[2m > [22m[2mCoverage Gap Tests[2m > [22m[2mAsyncQueue - Statistics tracking[2m > [22m[2mshould track timedOutCount
[22m[39m[2m07:51:27[0m [90m⚪[0m [0m[38;5;208m[async-queue.js][0m[0m[0m[33m[AsyncQueue][0m[0m Starting task: timeout2 [95m(queue: 0, active: 0/2)[0m[0m[0m

[33m[39m[32m·[39m[33m[39m[32m·[39m[33m[39m[32m·[39m[33m[39m[32m·[39m[33m[39m[32m·[39m[33m[39m[32m·[39m[33m[39m[32m·[39m[33m[39m[32m·[39m[33m[39m[32m·[39m[33m[39m[32m·[39m[33m[39m[32m·[39m[33m[39m[32m·[39m[33m[39m[32m·[39m[33m[39m[32m·[39m[33m[39m[32m·[39m[33m[39m[32m·[39m[33m[39m[32m·[39m[33m[39m[32m·[39m[33m[39m[32m·[39m[33m[39m[32m·[39m[33m[39m[32m·[39m[33m[39m[32m·[39m[33m[39m[32m·[39m[33m[39m[32m·[39m[90mstdout[2m | tests/unit/free-api-router.test.js[2m > [22m[2mFreeApiRouter[2m > [22m[2mEmpty configured models array[2m > [22m[2mshould handle empty configured models
[22m[39m[2m07:51:27[0m [36m🔵[0m [0m[38;5;208m[free-api-router.js][0m[0m[0m[33m[FreeRouter][0m[0m Session default:default -> API Key 1/1[0m
[2m07:51:27[0m [36m🔵[0m [0m[38;5;208m[free-api-router.js][0m[0m[0m[33m[FreeRouter][0m[0m Initialized for session: default:default[0m
[2m07:51:27[0m [36m🔵[0m [0m[38;5;208m[free-api-router.js][0m[0m[0m[33m[FreeRouter][0m[0m API Keys: 1, Selected: 1[0m
[2m07:51:27[0m [36m🔵[0m [0m[38;5;208m[free-api-router.js][0m[0m[0m[33m[FreeRouter][0m[0m Primary model: anthropic/claude-3.5-sonnet:free[0m
[2m07:51:27[0m [36m🔵[0m [0m[38;5;208m[free-api-router.js][0m[0m[0m[33m[FreeRouter][0m[0m Fallback models: 0[0m
[2m07:51:27[0m [36m🔵[0m [0m[38;5;208m[free-api-router.js][0m[0m[0m[33m[FreeRouter][0m[0m Timeout: default=60000ms, quick=20000ms[0m
[2m07:51:27[0m [36m🔵[0m [0m[38;5;208m[free-api-router.js][0m[0m[0m[33m[FreeRouter][0m[0m Advanced features: CircuitBreaker, RateLimitTracker, RequestDedupe, ModelPerfTracker, ApiKeyTimeoutTracker[0m
[2m07:51:27[0m [36m🔵[0m [0m[38;5;208m[free-api-router.js][0m[0m[0m[33m[FreeRouter][0m[0m processRequest: calling _tryModelWithKey[0m
[2m07:51:27[0m [36m🔵[0m [0m[38;5;208m[free-api-router.js][0m[0m[0m[33m[FreeRouter][0m[0m No test results available, using 1 configured models[0m
[2m07:51:27[0m [36m🔵[0m [0m[38;5;208m[free-api-router.js][0m[0m[0m[33m[FreeRouter][0m[0m Attempt 1/3: Trying model anthropic/claude-3.5-sonnet:free[0m
[2m07:51:27[0m [36m🔵[0m [0m[38;5;208m[free-api-router.js][0m[0m[0m[33m[FreeRouter][0m[0m _tryModelWithKey: model=anthropic/claude-3.5-sonnet:free[0m
[2m07:51:27[0m [36m🔵[0m [0m[38;5;208m[free-api-router.js][0m[0m[0m[33m[FreeRouter][0m[0m _tryModelWithKey: proxy=null[0m
[2m07:51:27[0m [36m🔵[0m [0m[38;5;208m[free-api-router.js][0m[0m[0m[33m[FreeRouter][0m[0m _callDirect: starting request to anthropic/claude-3.5-sonnet:free[0m

[90mstdout[2m | tests/unit/free-api-router.test.js[2m > [22m[2mFreeApiRouter[2m > [22m[2mEmpty configured models array[2m > [22m[2mshould handle empty configured models
[22m[39m[2m07:51:27[0m [33m🟡[0m [0m[38;5;208m[free-api-router.js][0m[33m[0m[33m[FreeRouter][0m[33m Model anthropic/claude-3.5-sonnet:free failed: Cannot read properties of undefined [95m(reading 'ok')[0m[33m[0m
[2m07:51:27[0m [90m⚪[0m [0m[38;5;208m[model-perf-tracker.js][0m[0m[0m[33m[ModelPerfTracker][0m[0m anthropic/claude-3.5-sonnet:free::test-key failure [95m(1/1, error: Cannot read properties of undefined (reading 'ok')[0m[0m...)[0m

[90mstdout[2m | tests/unit/free-api-router.test.js[2m > [22m[2mFreeApiRouter[2m > [22m[2mMultiple fallback models with mixed results[2m > [22m[2mshould try multiple fallbacks until success
[22m[39m[2m07:51:27[0m [36m🔵[0m [0m[38;5;208m[free-api-router.js][0m[0m[0m[33m[FreeRouter][0m[0m Session default:default -> API Key 1/1[0m
[2m07:51:27[0m [36m🔵[0m [0m[38;5;208m[free-api-router.js][0m[0m[0m[33m[FreeRouter][0m[0m Initialized for session: default:default[0m
[2m07:51:27[0m [36m🔵[0m [0m[38;5;208m[free-api-router.js][0m[0m[0m[33m[FreeRouter][0m[0m API Keys: 1, Selected: 1[0m
[2m07:51:27[0m [36m🔵[0m [0m[38;5;208m[free-api-router.js][0m[0m[0m[33m[FreeRouter][0m[0m Primary model: model1[0m
[2m07:51:27[0m [36m🔵[0m [0m[38;5;208m[free-api-router.js][0m[0m[0m[33m[FreeRouter][0m[0m Fallback models: 2[0m
[2m07:51:27[0m [36m🔵[0m [0m[38;5;208m[free-api-router.js][0m[0m[0m[33m[FreeRouter][0m[0m Timeout: default=60000ms, quick=20000ms[0m
[2m07:51:27[0m [36m🔵[0m [0m[38;5;208m[free-api-router.js][0m[0m[0m[33m[FreeRouter][0m[0m Advanced features: CircuitBreaker, RateLimitTracker, RequestDedupe, ModelPerfTracker, ApiKeyTimeoutTracker[0m
[2m07:51:27[0m [36m🔵[0m [0m[38;5;208m[free-api-router.js][0m[0m[0m[33m[FreeRouter][0m[0m processRequest: calling _tryModelWithKey[0m
[2m07:51:27[0m [36m🔵[0m [0m[38;5;208m[free-api-router.js][0m[0m[0m[33m[FreeRouter][0m[0m No test results available, using 3 configured models[0m
[2m07:51:27[0m [36m🔵[0m [0m[38;5;208m[free-api-router.js][0m[0m[0m[33m[FreeRouter][0m[0m Attempt 1/3: Trying model model1[0m
[2m07:51:27[0m [36m🔵[0m [0m[38;5;208m[free-api-router.js][0m[0m[0m[33m[FreeRouter][0m[0m _tryModelWithKey: model=model1[0m
[2m07:51:27[0m [36m🔵[0m [0m[38;5;208m[free-api-router.js][0m[0m[0m[33m[FreeRouter][0m[0m _tryModelWithKey: proxy=null[0m
[2m07:51:27[0m [36m🔵[0m [0m[38;5;208m[free-api-router.js][0m[0m[0m[33m[FreeRouter][0m[0m _callDirect: starting request to model1[0m

[90mstdout[2m | tests/unit/free-api-router.test.js[2m > [22m[2mFreeApiRouter[2m > [22m[2mMultiple fallback models with mixed results[2m > [22m[2mshould try multiple fallbacks until success
[22m[39m[2m07:51:27[0m [33m🟡[0m [0m[38;5;208m[free-api-router.js][0m[33m[0m[33m[FreeRouter][0m[33m Model model1 failed: Error[0m
[2m07:51:27[0m [90m⚪[0m [0m[38;5;208m[model-perf-tracker.js][0m[0m[0m[33m[ModelPerfTracker][0m[0m model1::test-key failure [95m(1/1, error: Error...)[0m[0m[0m
[2m07:51:27[0m [36m🔵[0m [0m[38;5;208m[free-api-router.js][0m[0m[0m[33m[FreeRouter][0m[0m Moving to next model. Progress: 1/3 attempts used, 2 models remaining[0m
[2m07:51:27[0m [36m🔵[0m [0m[38;5;208m[free-api-router.js][0m[0m[0m[33m[FreeRouter][0m[0m Attempt 2/3: Trying model model2[0m
[2m07:51:27[0m [36m🔵[0m [0m[38;5;208m[free-api-router.js][0m[0m[0m[33m[FreeRouter][0m[0m _tryModelWithKey: model=model2[0m
[2m07:51:27[0m [36m🔵[0m [0m[38;5;208m[free-api-router.js][0m[0m[0m[33m[FreeRouter][0m[0m _tryModelWithKey: proxy=null[0m
[2m07:51:27[0m [36m🔵[0m [0m[38;5;208m[free-api-router.js][0m[0m[0m[33m[FreeRouter][0m[0m _callDirect: starting request to model2[0m

[90mstdout[2m | tests/unit/free-api-router.test.js[2m > [22m[2mFreeApiRouter[2m > [22m[2mMultiple fallback models with mixed results[2m > [22m[2mshould try multiple fallbacks until success
[22m[39m[2m07:51:27[0m [33m🟡[0m [0m[38;5;208m[free-api-router.js][0m[33m[0m[33m[FreeRouter][0m[33m Model model2 failed: Rate Limited[0m
[2m07:51:27[0m [90m⚪[0m [0m[38;5;208m[model-perf-tracker.js][0m[0m[0m[33m[ModelPerfTracker][0m[0m model2::test-key failure [95m(1/1, error: Rate Limited...)[0m[0m[0m
[2m07:51:27[0m [36m🔵[0m [0m[38;5;208m[free-api-router.js][0m[0m[0m[33m[FreeRouter][0m[0m Moving to next model. Progress: 2/3 attempts used, 1 models remaining[0m
[2m07:51:27[0m [36m🔵[0m [0m[38;5;208m[free-api-router.js][0m[0m[0m[33m[FreeRouter][0m[0m Attempt 3/3: Trying model model3[0m
[2m07:51:27[0m [36m🔵[0m [0m[38;5;208m[free-api-router.js][0m[0m[0m[33m[FreeRouter][0m[0m _tryModelWithKey: model=model3[0m
[2m07:51:27[0m [36m🔵[0m [0m[38;5;208m[free-api-router.js][0m[0m[0m[33m[FreeRouter][0m[0m _tryModelWithKey: proxy=null[0m
[2m07:51:27[0m [36m🔵[0m [0m[38;5;208m[free-api-router.js][0m[0m[0m[33m[FreeRouter][0m[0m _callDirect: starting request to model3[0m

[90mstdout[2m | tests/unit/free-api-router.test.js[2m > [22m[2mFreeApiRouter[2m > [22m[2mMultiple fallback models with mixed results[2m > [22m[2mshould try multiple fallbacks until success
[22m[39m[2m07:51:27[0m [90m⚪[0m [0m[38;5;208m[free-api-router.js][0m[0m[0m[33m[FreeRouter][0m[0m Response received [95m(7 chars)[0m[0m: success...[0m

[33m[39m[32m·[39m[33m[39m[32m·[39m[33m[39m[32m·[39m[33m[39m[32m·[39m[90mstdout[2m | tests/unit/free-api-router.test.js[2m > [22m[2mFreeApiRouter[2m > [22m[2mMultiple fallback models with mixed results[2m > [22m[2mshould try multiple fallbacks until success
[22m[39m[2m07:51:27[0m [90m⚪[0m [0m[38;5;208m[model-perf-tracker.js][0m[0m[0m[33m[ModelPerfTracker][0m[0m model3::test-key success [95m(1/1, 3ms avg)[0m[0m[0m
[2m07:51:27[0m [90m⚪[0m [0m[38;5;208m[request-dedupe.js][0m[0m[0m[33m[RequestDedupe][0m[0m Cached response for key -2721d53[0m

[90mstdout[2m | tests/unit/free-api-router.test.js[2m > [22m[2mFreeApiRouter[2m > [22m[2mRetry behavior with maxRetries[2m > [22m[2mshould retry up to maxRetries times
[22m[39m[2m07:51:27[0m [36m🔵[0m [0m[38;5;208m[free-api-router.js][0m[0m[0m[33m[FreeRouter][0m[0m Session default:default -> API Key 1/1[0m
[2m07:51:27[0m [36m🔵[0m [0m[38;5;208m[free-api-router.js][0m[0m[0m[33m[FreeRouter][0m[0m Initialized for session: default:default[0m
[2m07:51:27[0m [36m🔵[0m [0m[38;5;208m[free-api-router.js][0m[0m[0m[33m[FreeRouter][0m[0m API Keys: 1, Selected: 1[0m
[2m07:51:27[0m [36m🔵[0m [0m[38;5;208m[free-api-router.js][0m[0m[0m[33m[FreeRouter][0m[0m Primary model: model1[0m
[2m07:51:27[0m [36m🔵[0m [0m[38;5;208m[free-api-router.js][0m[0m[0m[33m[FreeRouter][0m[0m Fallback models: 1[0m
[2m07:51:27[0m [36m🔵[0m [0m[38;5;208m[free-api-router.js][0m[0m[0m[33m[FreeRouter][0m[0m Timeout: default=60000ms, quick=20000ms[0m
[2m07:51:27[0m [36m🔵[0m [0m[38;5;208m[free-api-router.js][0m[0m[0m[33m[FreeRouter][0m[0m Advanced features: CircuitBreaker, RateLimitTracker, RequestDedupe, ModelPerfTracker, ApiKeyTimeoutTracker[0m
[2m07:51:27[0m [36m🔵[0m [0m[38;5;208m[free-api-router.js][0m[0m[0m[33m[FreeRouter][0m[0m processRequest: calling _tryModelWithKey[0m
[2m07:51:27[0m [36m🔵[0m [0m[38;5;208m[free-api-router.js][0m[0m[0m[33m[FreeRouter][0m[0m No test results available, using 2 configured models[0m
[2m07:51:27[0m [36m🔵[0m [0m[38;5;208m[free-api-router.js][0m[0m[0m[33m[FreeRouter][0m[0m Attempt 1/3: Trying model model1[0m
[2m07:51:27[0m [36m🔵[0m [0m[38;5;208m[free-api-router.js][0m[0m[0m[33m[FreeRouter][0m[0m _tryModelWithKey: model=model1[0m
[2m07:51:27[0m [36m🔵[0m [0m[38;5;208m[free-api-router.js][0m[0m[0m[33m[FreeRouter][0m[0m _tryModelWithKey: proxy=null[0m
[2m07:51:27[0m [36m🔵[0m [0m[38;5;208m[free-api-router.js][0m[0m[0m[33m[FreeRouter][0m[0m _callDirect: starting request to model1[0m

[90mstdout[2m | tests/unit/free-api-router.test.js[2m > [22m[2mFreeApiRouter[2m > [22m[2mRetry behavior with maxRetries[2m > [22m[2mshould retry up to maxRetries times
[22m[39m[2m07:51:27[0m [33m🟡[0m [0m[38;5;208m[free-api-router.js][0m[33m[0m[33m[FreeRouter][0m[33m Model model1 failed: Error[0m
[2m07:51:27[0m [90m⚪[0m [0m[38;5;208m[model-perf-tracker.js][0m[0m[0m[33m[ModelPerfTracker][0m[0m model1::test-key failure [95m(1/1, error: Error...)[0m[0m[0m
[2m07:51:27[0m [36m🔵[0m [0m[38;5;208m[free-api-router.js][0m[0m[0m[33m[FreeRouter][0m[0m Moving to next model. Progress: 1/3 attempts used, 1 models remaining[0m
[2m07:51:27[0m [36m🔵[0m [0m[38;5;208m[free-api-router.js][0m[0m[0m[33m[FreeRouter][0m[0m Attempt 2/3: Trying model model2[0m
[2m07:51:27[0m [36m🔵[0m [0m[38;5;208m[free-api-router.js][0m[0m[0m[33m[FreeRouter][0m[0m _tryModelWithKey: model=model2[0m
[2m07:51:27[0m [36m🔵[0m [0m[38;5;208m[free-api-router.js][0m[0m[0m[33m[FreeRouter][0m[0m _tryModelWithKey: proxy=null[0m
[2m07:51:27[0m [36m🔵[0m [0m[38;5;208m[free-api-router.js][0m[0m[0m[33m[FreeRouter][0m[0m _callDirect: starting request to model2[0m

[90mstdout[2m | tests/unit/free-api-router.test.js[2m > [22m[2mFreeApiRouter[2m > [22m[2mRetry behavior with maxRetries[2m > [22m[2mshould retry up to maxRetries times
[22m[39m[2m07:51:27[0m [33m🟡[0m [0m[38;5;208m[free-api-router.js][0m[33m[0m[33m[FreeRouter][0m[33m Model model2 failed: Error[0m
[2m07:51:27[0m [90m⚪[0m [0m[38;5;208m[model-perf-tracker.js][0m[0m[0m[33m[ModelPerfTracker][0m[0m model2::test-key failure [95m(1/1, error: Error...)[0m[0m[0m

[90mstdout[2m | tests/unit/free-api-router.test.js[2m > [22m[2mFreeApiRouter[2m > [22m[2mResponse with only reasoning_content[2m > [22m[2mshould use reasoning_content when content is empty
[22m[39m[2m07:51:27[0m [36m🔵[0m [0m[38;5;208m[free-api-router.js][0m[0m[0m[33m[FreeRouter][0m[0m Session default:default -> API Key 1/1[0m
[2m07:51:27[0m [36m🔵[0m [0m[38;5;208m[free-api-router.js][0m[0m[0m[33m[FreeRouter][0m[0m Initialized for session: default:default[0m
[2m07:51:27[0m [36m🔵[0m [0m[38;5;208m[free-api-router.js][0m[0m[0m[33m[FreeRouter][0m[0m API Keys: 1, Selected: 1[0m
[2m07:51:27[0m [36m🔵[0m [0m[38;5;208m[free-api-router.js][0m[0m[0m[33m[FreeRouter][0m[0m Primary model: test/model[0m
[2m07:51:27[0m [36m🔵[0m [0m[38;5;208m[free-api-router.js][0m[0m[0m[33m[FreeRouter][0m[0m Fallback models: 0[0m
[2m07:51:27[0m [36m🔵[0m [0m[38;5;208m[free-api-router.js][0m[0m[0m[33m[FreeRouter][0m[0m Timeout: default=60000ms, quick=20000ms[0m
[2m07:51:27[0m [36m🔵[0m [0m[38;5;208m[free-api-router.js][0m[0m[0m[33m[FreeRouter][0m[0m Advanced features: CircuitBreaker, RateLimitTracker, RequestDedupe, ModelPerfTracker, ApiKeyTimeoutTracker[0m
[2m07:51:27[0m [36m🔵[0m [0m[38;5;208m[free-api-router.js][0m[0m[0m[33m[FreeRouter][0m[0m processRequest: calling _tryModelWithKey[0m
[2m07:51:27[0m [36m🔵[0m [0m[38;5;208m[free-api-router.js][0m[0m[0m[33m[FreeRouter][0m[0m No test results available, using 1 configured models[0m
[2m07:51:27[0m [36m🔵[0m [0m[38;5;208m[free-api-router.js][0m[0m[0m[33m[FreeRouter][0m[0m Attempt 1/3: Trying model test/model[0m
[2m07:51:27[0m [36m🔵[0m [0m[38;5;208m[free-api-router.js][0m[0m[0m[33m[FreeRouter][0m[0m _tryModelWithKey: model=test/model[0m
[2m07:51:27[0m [36m🔵[0m [0m[38;5;208m[free-api-router.js][0m[0m[0m[33m[FreeRouter][0m[0m _tryModelWithKey: proxy=null[0m
[2m07:51:27[0m [36m🔵[0m [0m[38;5;208m[free-api-router.js][0m[0m[0m[33m[FreeRouter][0m[0m _callDirect: starting request to test/model[0m

[33m[39m[32m·[39m[33m[39m[32m·[39m[33m[39m[32m·[39m[33m[39m[32m·[39m[33m[39m[32m·[39m[33m[39m[32m·[39m[33m[39m[32m·[39m[33m[39m[32m·[39m[33m[39m[32m·[39m[33m[39m[32m·[39m[33m[39m[32m·[39m[33m[39m[32m·[39m[33m[39m[32m·[39m[33m[39m[32m·[39m[33m[39m[32m·[39m[33m[39m[32m·[39m[90mstdout[2m | tests/unit/free-api-router.test.js[2m > [22m[2mFreeApiRouter[2m > [22m[2mResponse with only reasoning_content[2m > [22m[2mshould use reasoning_content when content is empty
[22m[39m[2m07:51:27[0m [33m🟡[0m [0m[38;5;208m[free-api-router.js][0m[33m[0m[33m[FreeRouter][0m[33m ⚠️ Content empty but reasoning_content has 16 chars - using reasoning_content[0m
[2m07:51:27[0m [90m⚪[0m [0m[38;5;208m[free-api-router.js][0m[0m[0m[33m[FreeRouter][0m[0m Response received [95m(16 chars)[0m[0m: reasoning result...[0m
[2m07:51:27[0m [90m⚪[0m [0m[38;5;208m[free-api-router.js][0m[0m[0m[33m[FreeRouter][0m[0m Reasoning content excluded by API [95m(16 chars)[0m[0m[0m

[90mstdout[2m | tests/unit/free-api-router.test.js[2m > [22m[2mFreeApiRouter[2m > [22m[2mResponse with only reasoning_content[2m > [22m[2mshould use reasoning_content when content is empty
[22m[39m[2m07:51:27[0m [90m⚪[0m [0m[38;5;208m[model-perf-tracker.js][0m[0m[0m[33m[ModelPerfTracker][0m[0m test/model::test-key success [95m(1/1, 2ms avg)[0m[0m[0m
[2m07:51:27[0m [90m⚪[0m [0m[38;5;208m[request-dedupe.js][0m[0m[0m[33m[RequestDedupe][0m[0m Cached response for key 4daae485[0m

[90mstdout[2m | tests/unit/free-api-router.test.js[2m > [22m[2mFreeApiRouter[2m > [22m[2mDedupe cache hit scenarios[2m > [22m[2mshould return cached result on dedupe hit with all fields
[22m[39m[2m07:51:27[0m [36m🔵[0m [0m[38;5;208m[free-api-router.js][0m[0m[0m[33m[FreeRouter][0m[0m Session default:default -> API Key 1/1[0m
[2m07:51:27[0m [36m🔵[0m [0m[38;5;208m[free-api-router.js][0m[0m[0m[33m[FreeRouter][0m[0m Initialized for session: default:default[0m
[2m07:51:27[0m [36m🔵[0m [0m[38;5;208m[free-api-router.js][0m[0m[0m[33m[FreeRouter][0m[0m API Keys: 1, Selected: 1[0m
[2m07:51:27[0m [36m🔵[0m [0m[38;5;208m[free-api-router.js][0m[0m[0m[33m[FreeRouter][0m[0m Primary model: test/model[0m
[2m07:51:27[0m [36m🔵[0m [0m[38;5;208m[free-api-router.js][0m[0m[0m[33m[FreeRouter][0m[0m Fallback models: 0[0m
[2m07:51:27[0m [36m🔵[0m [0m[38;5;208m[free-api-router.js][0m[0m[0m[33m[FreeRouter][0m[0m Timeout: default=60000ms, quick=20000ms[0m
[2m07:51:27[0m [36m🔵[0m [0m[38;5;208m[free-api-router.js][0m[0m[0m[33m[FreeRouter][0m[0m Advanced features: CircuitBreaker, RateLimitTracker, RequestDedupe, ModelPerfTracker, ApiKeyTimeoutTracker[0m
[2m07:51:27[0m [36m🔵[0m [0m[38;5;208m[free-api-router.js][0m[0m[0m[33m[FreeRouter][0m[0m Dedupe hit, returning cached response[0m

[90mstdout[2m | tests/unit/free-api-router.test.js[2m > [22m[2mFreeApiRouter[2m > [22m[2mCircuit breaker state management[2m > [22m[2mshould record success after failure
[22m[39m[2m07:51:27[0m [36m🔵[0m [0m[38;5;208m[free-api-router.js][0m[0m[0m[33m[FreeRouter][0m[0m Session default:default -> API Key 1/1[0m
[2m07:51:27[0m [36m🔵[0m [0m[38;5;208m[free-api-router.js][0m[0m[0m[33m[FreeRouter][0m[0m Initialized for session: default:default[0m
[2m07:51:27[0m [36m🔵[0m [0m[38;5;208m[free-api-router.js][0m[0m[0m[33m[FreeRouter][0m[0m API Keys: 1, Selected: 1[0m
[2m07:51:27[0m [36m🔵[0m [0m[38;5;208m[free-api-router.js][0m[0m[0m[33m[FreeRouter][0m[0m Primary model: model1[0m
[2m07:51:27[0m [36m🔵[0m [0m[38;5;208m[free-api-router.js][0m[0m[0m[33m[FreeRouter][0m[0m Fallback models: 1[0m
[2m07:51:27[0m [36m🔵[0m [0m[38;5;208m[free-api-router.js][0m[0m[0m[33m[FreeRouter][0m[0m Timeout: default=60000ms, quick=20000ms[0m
[2m07:51:27[0m [36m🔵[0m [0m[38;5;208m[free-api-router.js][0m[0m[0m[33m[FreeRouter][0m[0m Advanced features: CircuitBreaker, RateLimitTracker, RequestDedupe, ModelPerfTracker, ApiKeyTimeoutTracker[0m
[2m07:51:27[0m [36m🔵[0m [0m[38;5;208m[free-api-router.js][0m[0m[0m[33m[FreeRouter][0m[0m processRequest: calling _tryModelWithKey[0m
[2m07:51:27[0m [36m🔵[0m [0m[38;5;208m[free-api-router.js][0m[0m[0m[33m[FreeRouter][0m[0m No test results available, using 2 configured models[0m
[2m07:51:27[0m [36m🔵[0m [0m[38;5;208m[free-api-router.js][0m[0m[0m[33m[FreeRouter][0m[0m Attempt 1/3: Trying model model1[0m
[2m07:51:27[0m [36m🔵[0m [0m[38;5;208m[free-api-router.js][0m[0m[0m[33m[FreeRouter][0m[0m _tryModelWithKey: model=model1[0m
[2m07:51:27[0m [36m🔵[0m [0m[38;5;208m[free-api-router.js][0m[0m[0m[33m[FreeRouter][0m[0m _tryModelWithKey: proxy=null[0m
[2m07:51:27[0m [36m🔵[0m [0m[38;5;208m[free-api-router.js][0m[0m[0m[33m[FreeRouter][0m[0m _callDirect: starting request to model1[0m

[90mstdout[2m | tests/unit/free-api-router.test.js[2m > [22m[2mFreeApiRouter[2m > [22m[2mCircuit breaker state management[2m > [22m[2mshould record success after failure
[22m[39m[2m07:51:27[0m [33m🟡[0m [0m[38;5;208m[free-api-router.js][0m[33m[0m[33m[FreeRouter][0m[33m Model model1 failed: Error[0m
[2m07:51:27[0m [90m⚪[0m [0m[38;5;208m[model-perf-tracker.js][0m[0m[0m[33m[ModelPerfTracker][0m[0m model1::test-key failure [95m(1/1, error: Error...)[0m[0m[0m
[2m07:51:27[0m [36m🔵[0m [0m[38;5;208m[free-api-router.js][0m[0m[0m[33m[FreeRouter][0m[0m Moving to next model. Progress: 1/3 attempts used, 1 models remaining[0m
[2m07:51:27[0m [36m🔵[0m [0m[38;5;208m[free-api-router.js][0m[0m[0m[33m[FreeRouter][0m[0m Attempt 2/3: Trying model model2[0m
[2m07:51:27[0m [36m🔵[0m [0m[38;5;208m[free-api-router.js][0m[0m[0m[33m[FreeRouter][0m[0m _tryModelWithKey: model=model2[0m
[2m07:51:27[0m [36m🔵[0m [0m[38;5;208m[free-api-router.js][0m[0m[0m[33m[FreeRouter][0m[0m _tryModelWithKey: proxy=null[0m
[2m07:51:27[0m [36m🔵[0m [0m[38;5;208m[free-api-router.js][0m[0m[0m[33m[FreeRouter][0m[0m _callDirect: starting request to model2[0m

[90mstdout[2m | tests/unit/free-api-router.test.js[2m > [22m[2mFreeApiRouter[2m > [22m[2mCircuit breaker state management[2m > [22m[2mshould record success after failure
[22m[39m[2m07:51:27[0m [90m⚪[0m [0m[38;5;208m[free-api-router.js][0m[0m[0m[33m[FreeRouter][0m[0m Response received [95m(7 chars)[0m[0m: success...[0m

[90mstdout[2m | tests/unit/free-api-router.test.js[2m > [22m[2mFreeApiRouter[2m > [22m[2mCircuit breaker state management[2m > [22m[2mshould record success after failure
[22m[39m[2m07:51:27[0m [90m⚪[0m [0m[38;5;208m[model-perf-tracker.js][0m[0m[0m[33m[ModelPerfTracker][0m[0m model2::test-key success [95m(1/1, 3ms avg)[0m[0m[0m
[2m07:51:27[0m [90m⚪[0m [0m[38;5;208m[request-dedupe.js][0m[0m[0m[33m[RequestDedupe][0m[0m Cached response for key 4499bbc2[0m

[90mstdout[2m | tests/unit/free-api-router.test.js[2m > [22m[2mFreeApiRouter[2m > [22m[2mModel performance tracking[2m > [22m[2mshould track model performance on success
[22m[39m[2m07:51:27[0m [36m🔵[0m [0m[38;5;208m[free-api-router.js][0m[0m[0m[33m[FreeRouter][0m[0m Session default:default -> API Key 1/1[0m
[2m07:51:27[0m [36m🔵[0m [0m[38;5;208m[free-api-router.js][0m[0m[0m[33m[FreeRouter][0m[0m Initialized for session: default:default[0m
[2m07:51:27[0m [36m🔵[0m [0m[38;5;208m[free-api-router.js][0m[0m[0m[33m[FreeRouter][0m[0m API Keys: 1, Selected: 1[0m
[2m07:51:27[0m [36m🔵[0m [0m[38;5;208m[free-api-router.js][0m[0m[0m[33m[FreeRouter][0m[0m Primary model: test/model[0m
[2m07:51:27[0m [36m🔵[0m [0m[38;5;208m[free-api-router.js][0m[0m[0m[33m[FreeRouter][0m[0m Fallback models: 0[0m
[2m07:51:27[0m [36m🔵[0m [0m[38;5;208m[free-api-router.js][0m[0m[0m[33m[FreeRouter][0m[0m Timeout: default=60000ms, quick=20000ms[0m
[2m07:51:27[0m [36m🔵[0m [0m[38;5;208m[free-api-router.js][0m[0m[0m[33m[FreeRouter][0m[0m Advanced features: CircuitBreaker, RateLimitTracker, RequestDedupe, ModelPerfTracker, ApiKeyTimeoutTracker[0m
[2m07:51:27[0m [36m🔵[0m [0m[38;5;208m[free-api-router.js][0m[0m[0m[33m[FreeRouter][0m[0m processRequest: calling _tryModelWithKey[0m
[2m07:51:27[0m [36m🔵[0m [0m[38;5;208m[free-api-router.js][0m[0m[0m[33m[FreeRouter][0m[0m No test results available, using 1 configured models[0m
[2m07:51:27[0m [36m🔵[0m [0m[38;5;208m[free-api-router.js][0m[0m[0m[33m[FreeRouter][0m[0m Attempt 1/3: Trying model test/model[0m
[2m07:51:27[0m [36m🔵[0m [0m[38;5;208m[free-api-router.js][0m[0m[0m[33m[FreeRouter][0m[0m _tryModelWithKey: model=test/model[0m
[2m07:51:27[0m [36m🔵[0m [0m[38;5;208m[free-api-router.js][0m[0m[0m[33m[FreeRouter][0m[0m _tryModelWithKey: proxy=null[0m
[2m07:51:27[0m [36m🔵[0m [0m[38;5;208m[free-api-router.js][0m[0m[0m[33m[FreeRouter][0m[0m _callDirect: starting request to test/model[0m

[90mstdout[2m | tests/unit/free-api-router.test.js[2m > [22m[2mFreeApiRouter[2m > [22m[2mModel performance tracking[2m > [22m[2mshould track model performance on success
[22m[39m[2m07:51:27[0m [90m⚪[0m [0m[38;5;208m[free-api-router.js][0m[0m[0m[33m[FreeRouter][0m[0m Response received [95m(8 chars)[0m[0m: response...[0m

[90mstdout[2m | tests/unit/free-api-router.test.js[2m > [22m[2mFreeApiRouter[2m > [22m[2mModel performance tracking[2m > [22m[2mshould track model performance on success
[22m[39m[2m07:51:27[0m [90m⚪[0m [0m[38;5;208m[model-perf-tracker.js][0m[0m[0m[33m[ModelPerfTracker][0m[0m test/model::test-key success [95m(1/1, 1ms avg)[0m[0m[0m
[2m07:51:27[0m [90m⚪[0m [0m[38;5;208m[request-dedupe.js][0m[0m[0m[33m[RequestDedupe][0m[0m Cached response for key 4daae485[0m

[90mstdout[2m | tests/unit/free-api-router.test.js[2m > [22m[2mFreeApiRouter[2m > [22m[2mModel performance tracking[2m > [22m[2mshould track model performance on failure
[22m[39m[2m07:51:27[0m [36m🔵[0m [0m[38;5;208m[free-api-router.js][0m[0m[0m[33m[FreeRouter][0m[0m Session default:default -> API Key 1/1[0m
[2m07:51:27[0m [36m🔵[0m [0m[38;5;208m[free-api-router.js][0m[0m[0m[33m[FreeRouter][0m[0m Initialized for session: default:default[0m
[2m07:51:27[0m [36m🔵[0m [0m[38;5;208m[free-api-router.js][0m[0m[0m[33m[FreeRouter][0m[0m API Keys: 1, Selected: 1[0m
[2m07:51:27[0m [36m🔵[0m [0m[38;5;208m[free-api-router.js][0m[0m[0m[33m[FreeRouter][0m[0m Primary model: test/model[0m
[2m07:51:27[0m [36m🔵[0m [0m[38;5;208m[free-api-router.js][0m[0m[0m[33m[FreeRouter][0m[0m Fallback models: 1[0m
[2m07:51:27[0m [36m🔵[0m [0m[38;5;208m[free-api-router.js][0m[0m[0m[33m[FreeRouter][0m[0m Timeout: default=60000ms, quick=20000ms[0m
[2m07:51:27[0m [36m🔵[0m [0m[38;5;208m[free-api-router.js][0m[0m[0m[33m[FreeRouter][0m[0m Advanced features: CircuitBreaker, RateLimitTracker, RequestDedupe, ModelPerfTracker, ApiKeyTimeoutTracker[0m
[2m07:51:27[0m [36m🔵[0m [0m[38;5;208m[free-api-router.js][0m[0m[0m[33m[FreeRouter][0m[0m processRequest: calling _tryModelWithKey[0m
[2m07:51:27[0m [36m🔵[0m [0m[38;5;208m[free-api-router.js][0m[0m[0m[33m[FreeRouter][0m[0m No test results available, using 2 configured models[0m
[2m07:51:27[0m [36m🔵[0m [0m[38;5;208m[free-api-router.js][0m[0m[0m[33m[FreeRouter][0m[0m Attempt 1/3: Trying model test/model[0m
[2m07:51:27[0m [36m🔵[0m [0m[38;5;208m[free-api-router.js][0m[0m[0m[33m[FreeRouter][0m[0m _tryModelWithKey: model=test/model[0m
[2m07:51:27[0m [36m🔵[0m [0m[38;5;208m[free-api-router.js][0m[0m[0m[33m[FreeRouter][0m[0m _tryModelWithKey: proxy=null[0m
[2m07:51:27[0m [36m🔵[0m [0m[38;5;208m[free-api-router.js][0m[0m[0m[33m[FreeRouter][0m[0m _callDirect: starting request to test/model[0m

[90mstdout[2m | tests/unit/free-api-router.test.js[2m > [22m[2mFreeApiRouter[2m > [22m[2mModel performance tracking[2m > [22m[2mshould track model performance on failure
[22m[39m[2m07:51:27[0m [33m🟡[0m [0m[38;5;208m[free-api-router.js][0m[33m[0m[33m[FreeRouter][0m[33m Model test/model failed: Error[0m
[2m07:51:27[0m [90m⚪[0m [0m[38;5;208m[model-perf-tracker.js][0m[0m[0m[33m[ModelPerfTracker][0m[0m test/model::test-key failure [95m(1/1, error: Error...)[0m[0m[0m
[2m07:51:27[0m [36m🔵[0m [0m[38;5;208m[free-api-router.js][0m[0m[0m[33m[FreeRouter][0m[0m Moving to next model. Progress: 1/3 attempts used, 1 models remaining[0m
[2m07:51:27[0m [36m🔵[0m [0m[38;5;208m[free-api-router.js][0m[0m[0m[33m[FreeRouter][0m[0m Attempt 2/3: Trying model fallback[0m
[2m07:51:27[0m [36m🔵[0m [0m[38;5;208m[free-api-router.js][0m[0m[0m[33m[FreeRouter][0m[0m _tryModelWithKey: model=fallback[0m
[2m07:51:27[0m [36m🔵[0m [0m[38;5;208m[free-api-router.js][0m[0m[0m[33m[FreeRouter][0m[0m _tryModelWithKey: proxy=null[0m
[2m07:51:27[0m [36m🔵[0m [0m[38;5;208m[free-api-router.js][0m[0m[0m[33m[FreeRouter][0m[0m _callDirect: starting request to fallback[0m

[90mstdout[2m | tests/unit/free-api-router.test.js[2m > [22m[2mFreeApiRouter[2m > [22m[2mModel performance tracking[2m > [22m[2mshould track model performance on failure
[22m[39m[2m07:51:27[0m [33m🟡[0m [0m[38;5;208m[free-api-router.js][0m[33m[0m[33m[FreeRouter][0m[33m Model fallback failed: Error[0m
[2m07:51:27[0m [90m⚪[0m [0m[38;5;208m[model-perf-tracker.js][0m[0m[0m[33m[ModelPerfTracker][0m[0m fallback::test-key failure [95m(1/1, error: Error...)[0m[0m[0m

[90mstdout[2m | tests/unit/free-api-router.test.js[2m > [22m[2mFreeApiRouter[2m > [22m[2mAPI key timeout tracking[2m > [22m[2mshould track API key timeout on success
[22m[39m[2m07:51:27[0m [36m🔵[0m [0m[38;5;208m[free-api-router.js][0m[0m[0m[33m[FreeRouter][0m[0m Session default:default -> API Key 1/1[0m
[2m07:51:27[0m [36m🔵[0m [0m[38;5;208m[free-api-router.js][0m[0m[0m[33m[FreeRouter][0m[0m Initialized for session: default:default[0m
[2m07:51:27[0m [36m🔵[0m [0m[38;5;208m[free-api-router.js][0m[0m[0m[33m[FreeRouter][0m[0m API Keys: 1, Selected: 1[0m
[2m07:51:27[0m [36m🔵[0m [0m[38;5;208m[free-api-router.js][0m[0m[0m[33m[FreeRouter][0m[0m Primary model: test/model[0m
[2m07:51:27[0m [36m🔵[0m [0m[38;5;208m[free-api-router.js][0m[0m[0m[33m[FreeRouter][0m[0m Fallback models: 0[0m
[2m07:51:27[0m [36m🔵[0m [0m[38;5;208m[free-api-router.js][0m[0m[0m[33m[FreeRouter][0m[0m Timeout: default=60000ms, quick=20000ms[0m
[2m07:51:27[0m [36m🔵[0m [0m[38;5;208m[free-api-router.js][0m[0m[0m[33m[FreeRouter][0m[0m Advanced features: CircuitBreaker, RateLimitTracker, RequestDedupe, ModelPerfTracker, ApiKeyTimeoutTracker[0m
[2m07:51:27[0m [36m🔵[0m [0m[38;5;208m[free-api-router.js][0m[0m[0m[33m[FreeRouter][0m[0m processRequest: calling _tryModelWithKey[0m
[2m07:51:27[0m [36m🔵[0m [0m[38;5;208m[free-api-router.js][0m[0m[0m[33m[FreeRouter][0m[0m No test results available, using 1 configured models[0m
[2m07:51:27[0m [36m🔵[0m [0m[38;5;208m[free-api-router.js][0m[0m[0m[33m[FreeRouter][0m[0m Attempt 1/3: Trying model test/model[0m
[2m07:51:27[0m [36m🔵[0m [0m[38;5;208m[free-api-router.js][0m[0m[0m[33m[FreeRouter][0m[0m _tryModelWithKey: model=test/model[0m
[2m07:51:27[0m [36m🔵[0m [0m[38;5;208m[free-api-router.js][0m[0m[0m[33m[FreeRouter][0m[0m _tryModelWithKey: proxy=null[0m
[2m07:51:27[0m [36m🔵[0m [0m[38;5;208m[free-api-router.js][0m[0m[0m[33m[FreeRouter][0m[0m _callDirect: starting request to test/model[0m

[90mstdout[2m | tests/unit/free-api-router.test.js[2m > [22m[2mFreeApiRouter[2m > [22m[2mAPI key timeout tracking[2m > [22m[2mshould track API key timeout on success
[22m[39m[2m07:51:27[0m [90m⚪[0m [0m[38;5;208m[free-api-router.js][0m[0m[0m[33m[FreeRouter][0m[0m Response received [95m(8 chars)[0m[0m: response...[0m

[90mstdout[2m | tests/unit/free-api-router.test.js[2m > [22m[2mFreeApiRouter[2m > [22m[2mAPI key timeout tracking[2m > [22m[2mshould track API key timeout on success
[22m[39m[2m07:51:27[0m [90m⚪[0m [0m[38;5;208m[model-perf-tracker.js][0m[0m[0m[33m[ModelPerfTracker][0m[0m test/model::test-key success [95m(1/1, 1ms avg)[0m[0m[0m
[2m07:51:27[0m [90m⚪[0m [0m[38;5;208m[request-dedupe.js][0m[0m[0m[33m[RequestDedupe][0m[0m Cached response for key 4daae485[0m

[90mstdout[2m | tests/unit/free-api-router.test.js[2m > [22m[2mFreeApiRouter[2m > [22m[2mAPI key timeout tracking[2m > [22m[2mshould track API key timeout on failure
[22m[39m[2m07:51:27[0m [36m🔵[0m [0m[38;5;208m[free-api-router.js][0m[0m[0m[33m[FreeRouter][0m[0m Session default:default -> API Key 1/1[0m
[2m07:51:27[0m [36m🔵[0m [0m[38;5;208m[free-api-router.js][0m[0m[0m[33m[FreeRouter][0m[0m Initialized for session: default:default[0m
[2m07:51:27[0m [36m🔵[0m [0m[38;5;208m[free-api-router.js][0m[0m[0m[33m[FreeRouter][0m[0m API Keys: 1, Selected: 1[0m
[2m07:51:27[0m [36m🔵[0m [0m[38;5;208m[free-api-router.js][0m[0m[0m[33m[FreeRouter][0m[0m Primary model: test/model[0m
[2m07:51:27[0m [36m🔵[0m [0m[38;5;208m[free-api-router.js][0m[0m[0m[33m[FreeRouter][0m[0m Fallback models: 1[0m
[2m07:51:27[0m [36m🔵[0m [0m[38;5;208m[free-api-router.js][0m[0m[0m[33m[FreeRouter][0m[0m Timeout: default=60000ms, quick=20000ms[0m
[2m07:51:27[0m [36m🔵[0m [0m[38;5;208m[free-api-router.js][0m[0m[0m[33m[FreeRouter][0m[0m Advanced features: CircuitBreaker, RateLimitTracker, RequestDedupe, ModelPerfTracker, ApiKeyTimeoutTracker[0m
[2m07:51:27[0m [36m🔵[0m [0m[38;5;208m[free-api-router.js][0m[0m[0m[33m[FreeRouter][0m[0m processRequest: calling _tryModelWithKey[0m
[2m07:51:27[0m [36m🔵[0m [0m[38;5;208m[free-api-router.js][0m[0m[0m[33m[FreeRouter][0m[0m No test results available, using 2 configured models[0m
[2m07:51:27[0m [36m🔵[0m [0m[38;5;208m[free-api-router.js][0m[0m[0m[33m[FreeRouter][0m[0m Attempt 1/3: Trying model test/model[0m
[2m07:51:27[0m [36m🔵[0m [0m[38;5;208m[free-api-router.js][0m[0m[0m[33m[FreeRouter][0m[0m _tryModelWithKey: model=test/model[0m
[2m07:51:27[0m [36m🔵[0m [0m[38;5;208m[free-api-router.js][0m[0m[0m[33m[FreeRouter][0m[0m _tryModelWithKey: proxy=null[0m
[2m07:51:27[0m [36m🔵[0m [0m[38;5;208m[free-api-router.js][0m[0m[0m[33m[FreeRouter][0m[0m _callDirect: starting request to test/model[0m

[90mstdout[2m | tests/unit/free-api-router.test.js[2m > [22m[2mFreeApiRouter[2m > [22m[2mAPI key timeout tracking[2m > [22m[2mshould track API key timeout on failure
[22m[39m[2m07:51:27[0m [33m🟡[0m [0m[38;5;208m[free-api-router.js][0m[33m[0m[33m[FreeRouter][0m[33m Model test/model failed: Error[0m
[2m07:51:27[0m [90m⚪[0m [0m[38;5;208m[model-perf-tracker.js][0m[0m[0m[33m[ModelPerfTracker][0m[0m test/model::test-key failure [95m(1/1, error: Error...)[0m[0m[0m
[2m07:51:27[0m [36m🔵[0m [0m[38;5;208m[free-api-router.js][0m[0m[0m[33m[FreeRouter][0m[0m Moving to next model. Progress: 1/3 attempts used, 1 models remaining[0m
[2m07:51:27[0m [36m🔵[0m [0m[38;5;208m[free-api-router.js][0m[0m[0m[33m[FreeRouter][0m[0m Attempt 2/3: Trying model fallback[0m
[2m07:51:27[0m [36m🔵[0m [0m[38;5;208m[free-api-router.js][0m[0m[0m[33m[FreeRouter][0m[0m _tryModelWithKey: model=fallback[0m
[2m07:51:27[0m [36m🔵[0m [0m[38;5;208m[free-api-router.js][0m[0m[0m[33m[FreeRouter][0m[0m _tryModelWithKey: proxy=null[0m
[2m07:51:27[0m [36m🔵[0m [0m[38;5;208m[free-api-router.js][0m[0m[0m[33m[FreeRouter][0m[0m _callDirect: starting request to fallback[0m

[90mstdout[2m | tests/unit/free-api-router.test.js[2m > [22m[2mFreeApiRouter[2m > [22m[2mAPI key timeout tracking[2m > [22m[2mshould track API key timeout on failure
[22m[39m[2m07:51:27[0m [33m🟡[0m [0m[38;5;208m[free-api-router.js][0m[33m[0m[33m[FreeRouter][0m[33m Model fallback failed: Error[0m
[2m07:51:27[0m [90m⚪[0m [0m[38;5;208m[model-perf-tracker.js][0m[0m[0m[33m[ModelPerfTracker][0m[0m fallback::test-key failure [95m(1/1, error: Error...)[0m[0m[0m

[90mstdout[2m | tests/unit/free-api-router.test.js[2m > [22m[2mFreeApiRouter[2m > [22m[2mRate limit tracker integration[2m > [22m[2mshould track request on success
[22m[39m[2m07:51:27[0m [36m🔵[0m [0m[38;5;208m[free-api-router.js][0m[0m[0m[33m[FreeRouter][0m[0m Session default:default -> API Key 1/1[0m
[2m07:51:27[0m [36m🔵[0m [0m[38;5;208m[free-api-router.js][0m[0m[0m[33m[FreeRouter][0m[0m Initialized for session: default:default[0m
[2m07:51:27[0m [36m🔵[0m [0m[38;5;208m[free-api-router.js][0m[0m[0m[33m[FreeRouter][0m[0m API Keys: 1, Selected: 1[0m
[2m07:51:27[0m [36m🔵[0m [0m[38;5;208m[free-api-router.js][0m[0m[0m[33m[FreeRouter][0m[0m Primary model: test/model[0m
[2m07:51:27[0m [36m🔵[0m [0m[38;5;208m[free-api-router.js][0m[0m[0m[33m[FreeRouter][0m[0m Fallback models: 0[0m
[2m07:51:27[0m [36m🔵[0m [0m[38;5;208m[free-api-router.js][0m[0m[0m[33m[FreeRouter][0m[0m Timeout: default=60000ms, quick=20000ms[0m
[2m07:51:27[0m [36m🔵[0m [0m[38;5;208m[free-api-router.js][0m[0m[0m[33m[FreeRouter][0m[0m Advanced features: CircuitBreaker, RateLimitTracker, RequestDedupe, ModelPerfTracker, ApiKeyTimeoutTracker[0m
[2m07:51:27[0m [36m🔵[0m [0m[38;5;208m[free-api-router.js][0m[0m[0m[33m[FreeRouter][0m[0m processRequest: calling _tryModelWithKey[0m
[2m07:51:27[0m [36m🔵[0m [0m[38;5;208m[free-api-router.js][0m[0m[0m[33m[FreeRouter][0m[0m No test results available, using 1 configured models[0m
[2m07:51:27[0m [36m🔵[0m [0m[38;5;208m[free-api-router.js][0m[0m[0m[33m[FreeRouter][0m[0m Attempt 1/3: Trying model test/model[0m
[2m07:51:27[0m [36m🔵[0m [0m[38;5;208m[free-api-router.js][0m[0m[0m[33m[FreeRouter][0m[0m _tryModelWithKey: model=test/model[0m
[2m07:51:27[0m [36m🔵[0m [0m[38;5;208m[free-api-router.js][0m[0m[0m[33m[FreeRouter][0m[0m _tryModelWithKey: proxy=null[0m
[2m07:51:27[0m [36m🔵[0m [0m[38;5;208m[free-api-router.js][0m[0m[0m[33m[FreeRouter][0m[0m _callDirect: starting request to test/model[0m

[90mstdout[2m | tests/unit/free-api-router.test.js[2m > [22m[2mFreeApiRouter[2m > [22m[2mRate limit tracker integration[2m > [22m[2mshould track request on success
[22m[39m[2m07:51:27[0m [90m⚪[0m [0m[38;5;208m[free-api-router.js][0m[0m[0m[33m[FreeRouter][0m[0m Response received [95m(8 chars)[0m[0m: response...[0m

[90mstdout[2m | tests/unit/free-api-router.test.js[2m > [22m[2mFreeApiRouter[2m > [22m[2mRate limit tracker integration[2m > [22m[2mshould track request on success
[22m[39m[2m07:51:27[0m [90m⚪[0m [0m[38;5;208m[model-perf-tracker.js][0m[0m[0m[33m[ModelPerfTracker][0m[0m test/model::test-key success [95m(1/1, 1ms avg)[0m[0m[0m
[2m07:51:27[0m [90m⚪[0m [0m[38;5;208m[request-dedupe.js][0m[0m[0m[33m[RequestDedupe][0m[0m Cached response for key 4daae485[0m

[90mstdout[2m | tests/unit/free-api-router.test.js[2m > [22m[2mFreeApiRouter[2m > [22m[2mRequest deduplication[2m > [22m[2mshould set dedupe on success
[22m[39m[2m07:51:27[0m [36m🔵[0m [0m[38;5;208m[free-api-router.js][0m[0m[0m[33m[FreeRouter][0m[0m Session default:default -> API Key 1/1[0m
[2m07:51:27[0m [36m🔵[0m [0m[38;5;208m[free-api-router.js][0m[0m[0m[33m[FreeRouter][0m[0m Initialized for session: default:default[0m
[2m07:51:27[0m [36m🔵[0m [0m[38;5;208m[free-api-router.js][0m[0m[0m[33m[FreeRouter][0m[0m API Keys: 1, Selected: 1[0m
[2m07:51:27[0m [36m🔵[0m [0m[38;5;208m[free-api-router.js][0m[0m[0m[33m[FreeRouter][0m[0m Primary model: test/model[0m
[2m07:51:27[0m [36m🔵[0m [0m[38;5;208m[free-api-router.js][0m[0m[0m[33m[FreeRouter][0m[0m Fallback models: 0[0m
[2m07:51:27[0m [36m🔵[0m [0m[38;5;208m[free-api-router.js][0m[0m[0m[33m[FreeRouter][0m[0m Timeout: default=60000ms, quick=20000ms[0m
[2m07:51:27[0m [36m🔵[0m [0m[38;5;208m[free-api-router.js][0m[0m[0m[33m[FreeRouter][0m[0m Advanced features: CircuitBreaker, RateLimitTracker, RequestDedupe, ModelPerfTracker, ApiKeyTimeoutTracker[0m
[2m07:51:27[0m [36m🔵[0m [0m[38;5;208m[free-api-router.js][0m[0m[0m[33m[FreeRouter][0m[0m processRequest: calling _tryModelWithKey[0m
[2m07:51:27[0m [36m🔵[0m [0m[38;5;208m[free-api-router.js][0m[0m[0m[33m[FreeRouter][0m[0m No test results available, using 1 configured models[0m
[2m07:51:27[0m [36m🔵[0m [0m[38;5;208m[free-api-router.js][0m[0m[0m[33m[FreeRouter][0m[0m Attempt 1/3: Trying model test/model[0m
[2m07:51:27[0m [36m🔵[0m [0m[38;5;208m[free-api-router.js][0m[0m[0m[33m[FreeRouter][0m[0m _tryModelWithKey: model=test/model[0m
[2m07:51:27[0m [36m🔵[0m [0m[38;5;208m[free-api-router.js][0m[0m[0m[33m[FreeRouter][0m[0m _tryModelWithKey: proxy=null[0m
[2m07:51:27[0m [36m🔵[0m [0m[38;5;208m[free-api-router.js][0m[0m[0m[33m[FreeRouter][0m[0m _callDirect: starting request to test/model[0m

[90mstdout[2m | tests/unit/free-api-router.test.js[2m > [22m[2mFreeApiRouter[2m > [22m[2mRequest deduplication[2m > [22m[2mshould set dedupe on success
[22m[39m[2m07:51:27[0m [90m⚪[0m [0m[38;5;208m[free-api-router.js][0m[0m[0m[33m[FreeRouter][0m[0m Response received [95m(8 chars)[0m[0m: response...[0m

[90mstdout[2m | tests/unit/free-api-router.test.js[2m > [22m[2mFreeApiRouter[2m > [22m[2mRequest deduplication[2m > [22m[2mshould set dedupe on success
[22m[39m[2m07:51:27[0m [90m⚪[0m [0m[38;5;208m[model-perf-tracker.js][0m[0m[0m[33m[ModelPerfTracker][0m[0m test/model::test-key success [95m(1/1, 1ms avg)[0m[0m[0m
[2m07:51:27[0m [90m⚪[0m [0m[38;5;208m[request-dedupe.js][0m[0m[0m[33m[RequestDedupe][0m[0m Cached response for key 4daae485[0m

[90mstdout[2m | tests/unit/free-api-router.test.js[2m > [22m[2mFreeApiRouter[2m > [22m[2mError response with different status codes[2m > [22m[2mshould handle 400 Bad Request
[22m[39m[2m07:51:27[0m [36m🔵[0m [0m[38;5;208m[free-api-router.js][0m[0m[0m[33m[FreeRouter][0m[0m Session default:default -> API Key 1/1[0m
[2m07:51:27[0m [36m🔵[0m [0m[38;5;208m[free-api-router.js][0m[0m[0m[33m[FreeRouter][0m[0m Initialized for session: default:default[0m
[2m07:51:27[0m [36m🔵[0m [0m[38;5;208m[free-api-router.js][0m[0m[0m[33m[FreeRouter][0m[0m API Keys: 1, Selected: 1[0m
[2m07:51:27[0m [36m🔵[0m [0m[38;5;208m[free-api-router.js][0m[0m[0m[33m[FreeRouter][0m[0m Primary model: test/model[0m
[2m07:51:27[0m [36m🔵[0m [0m[38;5;208m[free-api-router.js][0m[0m[0m[33m[FreeRouter][0m[0m Fallback models: 0[0m
[2m07:51:27[0m [36m🔵[0m [0m[38;5;208m[free-api-router.js][0m[0m[0m[33m[FreeRouter][0m[0m Timeout: default=60000ms, quick=20000ms[0m
[2m07:51:27[0m [36m🔵[0m [0m[38;5;208m[free-api-router.js][0m[0m[0m[33m[FreeRouter][0m[0m Advanced features: CircuitBreaker, RateLimitTracker, RequestDedupe, ModelPerfTracker, ApiKeyTimeoutTracker[0m
[2m07:51:27[0m [36m🔵[0m [0m[38;5;208m[free-api-router.js][0m[0m[0m[33m[FreeRouter][0m[0m processRequest: calling _tryModelWithKey[0m
[2m07:51:27[0m [36m🔵[0m [0m[38;5;208m[free-api-router.js][0m[0m[0m[33m[FreeRouter][0m[0m No test results available, using 1 configured models[0m
[2m07:51:27[0m [36m🔵[0m [0m[38;5;208m[free-api-router.js][0m[0m[0m[33m[FreeRouter][0m[0m Attempt 1/3: Trying model test/model[0m
[2m07:51:27[0m [36m🔵[0m [0m[38;5;208m[free-api-router.js][0m[0m[0m[33m[FreeRouter][0m[0m _tryModelWithKey: model=test/model[0m
[2m07:51:27[0m [36m🔵[0m [0m[38;5;208m[free-api-router.js][0m[0m[0m[33m[FreeRouter][0m[0m _tryModelWithKey: proxy=null[0m
[2m07:51:27[0m [36m🔵[0m [0m[38;5;208m[free-api-router.js][0m[0m[0m[33m[FreeRouter][0m[0m _callDirect: starting request to test/model[0m

[90mstdout[2m | tests/unit/free-api-router.test.js[2m > [22m[2mFreeApiRouter[2m > [22m[2mError response with different status codes[2m > [22m[2mshould handle 400 Bad Request
[22m[39m[2m07:51:27[0m [33m🟡[0m [0m[38;5;208m[free-api-router.js][0m[33m[0m[33m[FreeRouter][0m[33m Model test/model failed: Invalid request[0m
[2m07:51:27[0m [90m⚪[0m [0m[38;5;208m[model-perf-tracker.js][0m[0m[0m[33m[ModelPerfTracker][0m[0m test/model::test-key failure [95m(1/1, error: Invalid request...)[0m[0m[0m

[90mstdout[2m | tests/unit/free-api-router.test.js[2m > [22m[2mFreeApiRouter[2m > [22m[2mError response with different status codes[2m > [22m[2mshould handle 401 Unauthorized
[22m[39m[2m07:51:27[0m [36m🔵[0m [0m[38;5;208m[free-api-router.js][0m[0m[0m[33m[FreeRouter][0m[0m Session default:default -> API Key 1/1[0m
[2m07:51:27[0m [36m🔵[0m [0m[38;5;208m[free-api-router.js][0m[0m[0m[33m[FreeRouter][0m[0m Initialized for session: default:default[0m
[2m07:51:27[0m [36m🔵[0m [0m[38;5;208m[free-api-router.js][0m[0m[0m[33m[FreeRouter][0m[0m API Keys: 1, Selected: 1[0m
[2m07:51:27[0m [36m🔵[0m [0m[38;5;208m[free-api-router.js][0m[0m[0m[33m[FreeRouter][0m[0m Primary model: test/model[0m
[2m07:51:27[0m [36m🔵[0m [0m[38;5;208m[free-api-router.js][0m[0m[0m[33m[FreeRouter][0m[0m Fallback models: 0[0m
[2m07:51:27[0m [36m🔵[0m [0m[38;5;208m[free-api-router.js][0m[0m[0m[33m[FreeRouter][0m[0m Timeout: default=60000ms, quick=20000ms[0m
[2m07:51:27[0m [36m🔵[0m [0m[38;5;208m[free-api-router.js][0m[0m[0m[33m[FreeRouter][0m[0m Advanced features: CircuitBreaker, RateLimitTracker, RequestDedupe, ModelPerfTracker, ApiKeyTimeoutTracker[0m
[2m07:51:27[0m [36m🔵[0m [0m[38;5;208m[free-api-router.js][0m[0m[0m[33m[FreeRouter][0m[0m processRequest: calling _tryModelWithKey[0m
[2m07:51:27[0m [36m🔵[0m [0m[38;5;208m[free-api-router.js][0m[0m[0m[33m[FreeRouter][0m[0m No test results available, using 1 configured models[0m
[2m07:51:27[0m [36m🔵[0m [0m[38;5;208m[free-api-router.js][0m[0m[0m[33m[FreeRouter][0m[0m Attempt 1/3: Trying model test/model[0m
[2m07:51:27[0m [36m🔵[0m [0m[38;5;208m[free-api-router.js][0m[0m[0m[33m[FreeRouter][0m[0m _tryModelWithKey: model=test/model[0m
[2m07:51:27[0m [36m🔵[0m [0m[38;5;208m[free-api-router.js][0m[0m[0m[33m[FreeRouter][0m[0m _tryModelWithKey: proxy=null[0m
[2m07:51:27[0m [36m🔵[0m [0m[38;5;208m[free-api-router.js][0m[0m[0m[33m[FreeRouter][0m[0m _callDirect: starting request to test/model[0m

[90mstdout[2m | tests/unit/free-api-router.test.js[2m > [22m[2mFreeApiRouter[2m > [22m[2mError response with different status codes[2m > [22m[2mshould handle 401 Unauthorized
[22m[39m[2m07:51:27[0m [33m🟡[0m [0m[38;5;208m[free-api-router.js][0m[33m[0m[33m[FreeRouter][0m[33m Model test/model failed: Invalid API key[0m
[2m07:51:27[0m [90m⚪[0m [0m[38;5;208m[model-perf-tracker.js][0m[0m[0m[33m[ModelPerfTracker][0m[0m test/model::test-key failure [95m(1/1, error: Invalid API key...)[0m[0m[0m

[90mstdout[2m | tests/unit/free-api-router.test.js[2m > [22m[2mFreeApiRouter[2m > [22m[2mError response with different status codes[2m > [22m[2mshould handle 403 Forbidden
[22m[39m[2m07:51:27[0m [36m🔵[0m [0m[38;5;208m[free-api-router.js][0m[0m[0m[33m[FreeRouter][0m[0m Session default:default -> API Key 1/1[0m
[2m07:51:27[0m [36m🔵[0m [0m[38;5;208m[free-api-router.js][0m[0m[0m[33m[FreeRouter][0m[0m Initialized for session: default:default[0m
[2m07:51:27[0m [36m🔵[0m [0m[38;5;208m[free-api-router.js][0m[0m[0m[33m[FreeRouter][0m[0m API Keys: 1, Selected: 1[0m
[2m07:51:27[0m [36m🔵[0m [0m[38;5;208m[free-api-router.js][0m[0m[0m[33m[FreeRouter][0m[0m Primary model: test/model[0m
[2m07:51:27[0m [36m🔵[0m [0m[38;5;208m[free-api-router.js][0m[0m[0m[33m[FreeRouter][0m[0m Fallback models: 0[0m
[2m07:51:27[0m [36m🔵[0m [0m[38;5;208m[free-api-router.js][0m[0m[0m[33m[FreeRouter][0m[0m Timeout: default=60000ms, quick=20000ms[0m
[2m07:51:27[0m [36m🔵[0m [0m[38;5;208m[free-api-router.js][0m[0m[0m[33m[FreeRouter][0m[0m Advanced features: CircuitBreaker, RateLimitTracker, RequestDedupe, ModelPerfTracker, ApiKeyTimeoutTracker[0m
[2m07:51:27[0m [36m🔵[0m [0m[38;5;208m[free-api-router.js][0m[0m[0m[33m[FreeRouter][0m[0m processRequest: calling _tryModelWithKey[0m
[2m07:51:27[0m [36m🔵[0m [0m[38;5;208m[free-api-router.js][0m[0m[0m[33m[FreeRouter][0m[0m No test results available, using 1 configured models[0m
[2m07:51:27[0m [36m🔵[0m [0m[38;5;208m[free-api-router.js][0m[0m[0m[33m[FreeRouter][0m[0m Attempt 1/3: Trying model test/model[0m
[2m07:51:27[0m [36m🔵[0m [0m[38;5;208m[free-api-router.js][0m[0m[0m[33m[FreeRouter][0m[0m _tryModelWithKey: model=test/model[0m
[2m07:51:27[0m [36m🔵[0m [0m[38;5;208m[free-api-router.js][0m[0m[0m[33m[FreeRouter][0m[0m _tryModelWithKey: proxy=null[0m
[2m07:51:27[0m [36m🔵[0m [0m[38;5;208m[free-api-router.js][0m[0m[0m[33m[FreeRouter][0m[0m _callDirect: starting request to test/model[0m

[90mstdout[2m | tests/unit/free-api-router.test.js[2m > [22m[2mFreeApiRouter[2m > [22m[2mError response with different status codes[2m > [22m[2mshould handle 403 Forbidden
[22m[39m[2m07:51:27[0m [33m🟡[0m [0m[38;5;208m[free-api-router.js][0m[33m[0m[33m[FreeRouter][0m[33m Model test/model failed: Access denied[0m
[2m07:51:27[0m [90m⚪[0m [0m[38;5;208m[model-perf-tracker.js][0m[0m[0m[33m[ModelPerfTracker][0m[0m test/model::test-key failure [95m(1/1, error: Access denied...)[0m[0m[0m

[90mstdout[2m | tests/unit/free-api-router.test.js[2m > [22m[2mFreeApiRouter[2m > [22m[2mError response with different status codes[2m > [22m[2mshould handle 404 Not Found
[22m[39m[2m07:51:27[0m [36m🔵[0m [0m[38;5;208m[free-api-router.js][0m[0m[0m[33m[FreeRouter][0m[0m Session default:default -> API Key 1/1[0m
[2m07:51:27[0m [36m🔵[0m [0m[38;5;208m[free-api-router.js][0m[0m[0m[33m[FreeRouter][0m[0m Initialized for session: default:default[0m
[2m07:51:27[0m [36m🔵[0m [0m[38;5;208m[free-api-router.js][0m[0m[0m[33m[FreeRouter][0m[0m API Keys: 1, Selected: 1[0m
[2m07:51:27[0m [36m🔵[0m [0m[38;5;208m[free-api-router.js][0m[0m[0m[33m[FreeRouter][0m[0m Primary model: test/model[0m
[2m07:51:27[0m [36m🔵[0m [0m[38;5;208m[free-api-router.js][0m[0m[0m[33m[FreeRouter][0m[0m Fallback models: 0[0m
[2m07:51:27[0m [36m🔵[0m [0m[38;5;208m[free-api-router.js][0m[0m[0m[33m[FreeRouter][0m[0m Timeout: default=60000ms, quick=20000ms[0m
[2m07:51:27[0m [36m🔵[0m [0m[38;5;208m[free-api-router.js][0m[0m[0m[33m[FreeRouter][0m[0m Advanced features: CircuitBreaker, RateLimitTracker, RequestDedupe, ModelPerfTracker, ApiKeyTimeoutTracker[0m
[2m07:51:27[0m [36m🔵[0m [0m[38;5;208m[free-api-router.js][0m[0m[0m[33m[FreeRouter][0m[0m processRequest: calling _tryModelWithKey[0m
[2m07:51:27[0m [36m🔵[0m [0m[38;5;208m[free-api-router.js][0m[0m[0m[33m[FreeRouter][0m[0m No test results available, using 1 configured models[0m
[2m07:51:27[0m [36m🔵[0m [0m[38;5;208m[free-api-router.js][0m[0m[0m[33m[FreeRouter][0m[0m Attempt 1/3: Trying model test/model[0m
[2m07:51:27[0m [36m🔵[0m [0m[38;5;208m[free-api-router.js][0m[0m[0m[33m[FreeRouter][0m[0m _tryModelWithKey: model=test/model[0m
[2m07:51:27[0m [36m🔵[0m [0m[38;5;208m[free-api-router.js][0m[0m[0m[33m[FreeRouter][0m[0m _tryModelWithKey: proxy=null[0m
[2m07:51:27[0m [36m🔵[0m [0m[38;5;208m[free-api-router.js][0m[0m[0m[33m[FreeRouter][0m[0m _callDirect: starting request to test/model[0m

[90mstdout[2m | tests/unit/free-api-router.test.js[2m > [22m[2mFreeApiRouter[2m > [22m[2mError response with different status codes[2m > [22m[2mshould handle 404 Not Found
[22m[39m[2m07:51:27[0m [33m🟡[0m [0m[38;5;208m[free-api-router.js][0m[33m[0m[33m[FreeRouter][0m[33m Model test/model failed: Endpoint not found[0m
[2m07:51:27[0m [90m⚪[0m [0m[38;5;208m[model-perf-tracker.js][0m[0m[0m[33m[ModelPerfTracker][0m[0m test/model::test-key failure [95m(1/1, error: Endpoint not found...)[0m[0m[0m

[33m[39m[32m·[39m[33m[39m[32m·[39m[33m[39m[32m·[39m[33m[39m[32m·[39m[90mstdout[2m | tests/unit/logger.test.js[2m > [22m[2mlogger[2m > [22m[2mshould log appendFile errors when flushing buffer
[22m[39m[2m07:51:27[0m [36m🔵[0m [0m[33m[flush-error][0m [0mbuffered[0m

[90mstdout[2m | tests/unit/logger.test.js[2m > [22m[2mlogger[2m > [22m[2mshould track session lifecycle
[22m[39m[2m07:51:27[0m [36m🔵[0m [0m[38;5;208m[session.js][0m[0m[0m[33m[Session][0m[0m Started: abc [0m[96m[brave][0m[0m[0m
[2m07:51:27[0m [36m🔵[0m [0m[38;5;208m[session.js][0m[0m[0m[33m[Session][0m[0m Ended: abc [95m(duration: 0ms)[0m[0m[0m

[90mstdout[2m | tests/unit/logger.test.js[2m > [22m[2mlogger[2m > [22m[2mshould handle session lifecycle without browser info
[22m[39m[2m07:51:27[0m [36m🔵[0m [0m[38;5;208m[session.js][0m[0m[0m[33m[Session][0m[0m Started: no-browser [0m
[2m07:51:27[0m [36m🔵[0m [0m[38;5;208m[session.js][0m[0m[0m[33m[Session][0m[0m Ended: no-browser [95m(duration: 0ms)[0m[0m[0m

[90mstdout[2m | tests/unit/logger.test.js[2m > [22m[2mlogger[2m > [22m[2mshould handle endSession when no session is active
[22m[39m[2m07:51:27[0m [36m🔵[0m [0m[38;5;208m[session.js][0m[0m[0m[33m[Session][0m[0m Ended: null [95m(duration: 0ms)[0m[0m[0m

[33m[39m[32m·[39m[33m[39m[32m·[39m[33m[39m[32m·[39m[33m[39m[32m·[39m[33m[39m[32m·[39m[33m[39m[32m·[39m[33m[39m[32m·[39m[33m[39m[32m·[39m[33m[39m[32m·[39m[33m[39m[32m·[39m[33m[39m[32m·[39m[33m[39m[32m·[39m[33m[39m[32m·[39m[33m[39m[32m·[39m[33m[39m[32m·[39m[33m[39m[32m·[39m[33m[39m[32m·[39m[33m[39m[32m·[39m[33m[39m[32m·[39m[33m[39m[32m·[39m[90mstdout[2m | tests/unit/async-queue.test.js[2m > [22m[2mCoverage Gap Tests[2m > [22m[2mAsyncQueue - Statistics tracking[2m > [22m[2mshould track timedOutCount
[22m[39m[2m07:51:27[0m [33m🟡[0m [0m[38;5;208m[async-queue.js][0m[33m[0m[33m[AsyncQueue][0m[33m ⚠ Task timeout reached: 50ms for timeout2[0m

[90mstdout[2m | tests/unit/async-queue.test.js[2m > [22m[2mCoverage Gap Tests[2m > [22m[2mAsyncQueue - Statistics tracking[2m > [22m[2mshould track timedOutCount
[22m[39m[2m07:51:27[0m [33m🟡[0m [0m[38;5;208m[async-queue.js][0m[33m[0m[33m[AsyncQueue][0m[33m ⚠ Task timed out: timeout2 after 62ms[0m

[90mstdout[2m | tests/unit/async-queue.test.js[2m > [22m[2mCoverage Gap Tests[2m > [22m[2mAsyncQueue - getStatus() and getStats()[2m > [22m[2mshould return correct status during processing
[22m[39m[2m07:51:27[0m [36m🔵[0m [0m[38;5;208m[async-queue.js][0m[0m[0m[33m[AsyncQueue][0m[0m Initialized [95m(maxConcurrent: 2, maxQueueSize: 10, defaultTimeout: 5000ms)[0m[0m[0m

[90mstdout[2m | tests/unit/async-queue.test.js[2m > [22m[2mCoverage Gap Tests[2m > [22m[2mAsyncQueue - getStatus() and getStats()[2m > [22m[2mshould return correct status during processing
[22m[39m[2m07:51:27[0m [90m⚪[0m [0m[38;5;208m[async-queue.js][0m[0m[0m[33m[AsyncQueue][0m[0m Starting task: task1 [95m(queue: 0, active: 0/2)[0m[0m[0m

[90mstdout[2m | tests/unit/async-queue.test.js[2m > [22m[2mCoverage Gap Tests[2m > [22m[2mAsyncQueue - getStatus() and getStats()[2m > [22m[2mshould return utilizationPercent in getStats()
[22m[39m[2m07:51:27[0m [36m🔵[0m [0m[38;5;208m[async-queue.js][0m[0m[0m[33m[AsyncQueue][0m[0m Initialized [95m(maxConcurrent: 2, maxQueueSize: 10, defaultTimeout: 5000ms)[0m[0m[0m

[90mstdout[2m | tests/unit/async-queue.test.js[2m > [22m[2mCoverage Gap Tests[2m > [22m[2mAsyncQueue - getStatus() and getStats()[2m > [22m[2mshould return utilizationPercent in getStats()
[22m[39m[2m07:51:27[0m [90m⚪[0m [0m[38;5;208m[async-queue.js][0m[0m[0m[33m[AsyncQueue][0m[0m Starting task: task1 [95m(queue: 0, active: 0/2)[0m[0m[0m

[90mstdout[2m | tests/unit/free-api-router.test.js[2m > [22m[2mFreeApiRouter[2m > [22m[2mModel info with different scenarios[2m > [22m[2mshould get models info with failed test results
[22m[39m[2m07:51:27[0m [36m🔵[0m [0m[38;5;208m[free-api-router.js][0m[0m[0m[33m[FreeRouter][0m[0m Session default:default -> API Key 1/1[0m
[2m07:51:27[0m [36m🔵[0m [0m[38;5;208m[free-api-router.js][0m[0m[0m[33m[FreeRouter][0m[0m Initialized for session: default:default[0m
[2m07:51:27[0m [36m🔵[0m [0m[38;5;208m[free-api-router.js][0m[0m[0m[33m[FreeRouter][0m[0m API Keys: 1, Selected: 1[0m
[2m07:51:27[0m [36m🔵[0m [0m[38;5;208m[free-api-router.js][0m[0m[0m[33m[FreeRouter][0m[0m Primary model: primary[0m
[2m07:51:27[0m [36m🔵[0m [0m[38;5;208m[free-api-router.js][0m[0m[0m[33m[FreeRouter][0m[0m Fallback models: 1[0m
[2m07:51:27[0m [36m🔵[0m [0m[38;5;208m[free-api-router.js][0m[0m[0m[33m[FreeRouter][0m[0m Timeout: default=60000ms, quick=20000ms[0m
[2m07:51:27[0m [36m🔵[0m [0m[38;5;208m[free-api-router.js][0m[0m[0m[33m[FreeRouter][0m[0m Advanced features: CircuitBreaker, RateLimitTracker, RequestDedupe, ModelPerfTracker, ApiKeyTimeoutTracker[0m

[90mstdout[2m | tests/unit/free-api-router.test.js[2m > [22m[2mFreeApiRouter[2m > [22m[2mModel info with different scenarios[2m > [22m[2mshould get models info with allConfigured
[22m[39m[2m07:51:27[0m [36m🔵[0m [0m[38;5;208m[free-api-router.js][0m[0m[0m[33m[FreeRouter][0m[0m Session default:default -> API Key 1/1[0m
[2m07:51:27[0m [36m🔵[0m [0m[38;5;208m[free-api-router.js][0m[0m[0m[33m[FreeRouter][0m[0m Initialized for session: default:default[0m
[2m07:51:27[0m [36m🔵[0m [0m[38;5;208m[free-api-router.js][0m[0m[0m[33m[FreeRouter][0m[0m API Keys: 1, Selected: 1[0m
[2m07:51:27[0m [36m🔵[0m [0m[38;5;208m[free-api-router.js][0m[0m[0m[33m[FreeRouter][0m[0m Primary model: primary[0m
[2m07:51:27[0m [36m🔵[0m [0m[38;5;208m[free-api-router.js][0m[0m[0m[33m[FreeRouter][0m[0m Fallback models: 2[0m
[2m07:51:27[0m [36m🔵[0m [0m[38;5;208m[free-api-router.js][0m[0m[0m[33m[FreeRouter][0m[0m Timeout: default=60000ms, quick=20000ms[0m
[2m07:51:27[0m [36m🔵[0m [0m[38;5;208m[free-api-router.js][0m[0m[0m[33m[FreeRouter][0m[0m Advanced features: CircuitBreaker, RateLimitTracker, RequestDedupe, ModelPerfTracker, ApiKeyTimeoutTracker[0m

[90mstdout[2m | tests/unit/free-api-router.test.js[2m > [22m[2mFreeApiRouter[2m > [22m[2mSync with helper edge cases[2m > [22m[2mshould sync when primary is not in working
[22m[39m[2m07:51:27[0m [36m🔵[0m [0m[38;5;208m[free-api-router.js][0m[0m[0m[33m[FreeRouter][0m[0m Session default:default -> API Key 1/1[0m
[2m07:51:27[0m [36m🔵[0m [0m[38;5;208m[free-api-router.js][0m[0m[0m[33m[FreeRouter][0m[0m Initialized for session: default:default[0m
[2m07:51:27[0m [36m🔵[0m [0m[38;5;208m[free-api-router.js][0m[0m[0m[33m[FreeRouter][0m[0m API Keys: 1, Selected: 1[0m
[2m07:51:27[0m [36m🔵[0m [0m[38;5;208m[free-api-router.js][0m[0m[0m[33m[FreeRouter][0m[0m Primary model: not-in-list[0m
[2m07:51:27[0m [36m🔵[0m [0m[38;5;208m[free-api-router.js][0m[0m[0m[33m[FreeRouter][0m[0m Fallback models: 1[0m
[2m07:51:27[0m [36m🔵[0m [0m[38;5;208m[free-api-router.js][0m[0m[0m[33m[FreeRouter][0m[0m Timeout: default=60000ms, quick=20000ms[0m
[2m07:51:27[0m [36m🔵[0m [0m[38;5;208m[free-api-router.js][0m[0m[0m[33m[FreeRouter][0m[0m Advanced features: CircuitBreaker, RateLimitTracker, RequestDedupe, ModelPerfTracker, ApiKeyTimeoutTracker[0m
[2m07:51:27[0m [36m🔵[0m [0m[38;5;208m[free-api-router.js][0m[0m[0m[33m[FreeRouter][0m[0m Synced with helper: primary=model1, fallbacks=2[0m

[90mstdout[2m | tests/unit/free-api-router.test.js[2m > [22m[2mFreeApiRouter[2m > [22m[2mModel Cascading - Working Models Edge Cases[2m > [22m[2mshould handle exactly 2 working models with no config fallbacks
[22m[39m[2m07:51:27[0m [36m🔵[0m [0m[38;5;208m[free-api-router.js][0m[0m[0m[33m[FreeRouter][0m[0m Session default:default -> API Key 1/1[0m
[2m07:51:27[0m [36m🔵[0m [0m[38;5;208m[free-api-router.js][0m[0m[0m[33m[FreeRouter][0m[0m Initialized for session: default:default[0m
[2m07:51:27[0m [36m🔵[0m [0m[38;5;208m[free-api-router.js][0m[0m[0m[33m[FreeRouter][0m[0m API Keys: 1, Selected: 1[0m
[2m07:51:27[0m [36m🔵[0m [0m[38;5;208m[free-api-router.js][0m[0m[0m[33m[FreeRouter][0m[0m Primary model: working1[0m
[2m07:51:27[0m [36m🔵[0m [0m[38;5;208m[free-api-router.js][0m[0m[0m[33m[FreeRouter][0m[0m Fallback models: 0[0m
[2m07:51:27[0m [36m🔵[0m [0m[38;5;208m[free-api-router.js][0m[0m[0m[33m[FreeRouter][0m[0m Timeout: default=60000ms, quick=20000ms[0m
[2m07:51:27[0m [36m🔵[0m [0m[38;5;208m[free-api-router.js][0m[0m[0m[33m[FreeRouter][0m[0m Advanced features: CircuitBreaker, RateLimitTracker, RequestDedupe, ModelPerfTracker, ApiKeyTimeoutTracker[0m
[2m07:51:27[0m [36m🔵[0m [0m[38;5;208m[free-api-router.js][0m[0m[0m[33m[FreeRouter][0m[0m processRequest: calling _tryModelWithKey[0m
[2m07:51:27[0m [33m🟡[0m [0m[38;5;208m[free-api-router.js][0m[33m[0m[33m[FreeRouter][0m[33m Only 2 working models from tester, adding more from config[0m
[2m07:51:27[0m [36m🔵[0m [0m[38;5;208m[free-api-router.js][0m[0m[0m[33m[FreeRouter][0m[0m Using 2 models [95m(shuffled)[0m[0m - 2 tested working + 0 from config[0m
[2m07:51:27[0m [36m🔵[0m [0m[38;5;208m[free-api-router.js][0m[0m[0m[33m[FreeRouter][0m[0m Attempt 1/3: Trying model working1[0m
[2m07:51:27[0m [36m🔵[0m [0m[38;5;208m[free-api-router.js][0m[0m[0m[33m[FreeRouter][0m[0m _tryModelWithKey: model=working1[0m
[2m07:51:27[0m [36m🔵[0m [0m[38;5;208m[free-api-router.js][0m[0m[0m[33m[FreeRouter][0m[0m _tryModelWithKey: proxy=null[0m
[2m07:51:27[0m [36m🔵[0m [0m[38;5;208m[free-api-router.js][0m[0m[0m[33m[FreeRouter][0m[0m _callDirect: starting request to working1[0m

[90mstdout[2m | tests/unit/free-api-router.test.js[2m > [22m[2mFreeApiRouter[2m > [22m[2mModel Cascading - Working Models Edge Cases[2m > [22m[2mshould handle exactly 2 working models with no config fallbacks
[22m[39m[2m07:51:27[0m [90m⚪[0m [0m[38;5;208m[free-api-router.js][0m[0m[0m[33m[FreeRouter][0m[0m Response received [95m(8 chars)[0m[0m: response...[0m

[90mstdout[2m | tests/unit/free-api-router.test.js[2m > [22m[2mFreeApiRouter[2m > [22m[2mModel Cascading - Working Models Edge Cases[2m > [22m[2mshould handle exactly 2 working models with no config fallbacks
[22m[39m[2m07:51:27[0m [90m⚪[0m [0m[38;5;208m[model-perf-tracker.js][0m[0m[0m[33m[ModelPerfTracker][0m[0m working1::test-key success [95m(1/1, 2ms avg)[0m[0m[0m
[2m07:51:27[0m [90m⚪[0m [0m[38;5;208m[request-dedupe.js][0m[0m[0m[33m[RequestDedupe][0m[0m Cached response for key 381468f9[0m

[90mstdout[2m | tests/unit/free-api-router.test.js[2m > [22m[2mFreeApiRouter[2m > [22m[2mModel Cascading - Working Models Edge Cases[2m > [22m[2mshould handle exactly 1 working model
[22m[39m[2m07:51:27[0m [36m🔵[0m [0m[38;5;208m[free-api-router.js][0m[0m[0m[33m[FreeRouter][0m[0m Session default:default -> API Key 1/1[0m
[2m07:51:27[0m [36m🔵[0m [0m[38;5;208m[free-api-router.js][0m[0m[0m[33m[FreeRouter][0m[0m Initialized for session: default:default[0m
[2m07:51:27[0m [36m🔵[0m [0m[38;5;208m[free-api-router.js][0m[0m[0m[33m[FreeRouter][0m[0m API Keys: 1, Selected: 1[0m
[2m07:51:27[0m [36m🔵[0m [0m[38;5;208m[free-api-router.js][0m[0m[0m[33m[FreeRouter][0m[0m Primary model: working1[0m
[2m07:51:27[0m [36m🔵[0m [0m[38;5;208m[free-api-router.js][0m[0m[0m[33m[FreeRouter][0m[0m Fallback models: 2[0m
[2m07:51:27[0m [36m🔵[0m [0m[38;5;208m[free-api-router.js][0m[0m[0m[33m[FreeRouter][0m[0m Timeout: default=60000ms, quick=20000ms[0m
[2m07:51:27[0m [36m🔵[0m [0m[38;5;208m[free-api-router.js][0m[0m[0m[33m[FreeRouter][0m[0m Advanced features: CircuitBreaker, RateLimitTracker, RequestDedupe, ModelPerfTracker, ApiKeyTimeoutTracker[0m
[2m07:51:27[0m [36m🔵[0m [0m[38;5;208m[free-api-router.js][0m[0m[0m[33m[FreeRouter][0m[0m processRequest: calling _tryModelWithKey[0m
[2m07:51:27[0m [33m🟡[0m [0m[38;5;208m[free-api-router.js][0m[33m[0m[33m[FreeRouter][0m[33m Only 1 working models from tester, adding more from config[0m
[2m07:51:27[0m [36m🔵[0m [0m[38;5;208m[free-api-router.js][0m[0m[0m[33m[FreeRouter][0m[0m Using 3 models [95m(shuffled)[0m[0m - 1 tested working + 2 from config[0m
[2m07:51:27[0m [36m🔵[0m [0m[38;5;208m[free-api-router.js][0m[0m[0m[33m[FreeRouter][0m[0m Attempt 1/3: Trying model fallback2[0m
[2m07:51:27[0m [36m🔵[0m [0m[38;5;208m[free-api-router.js][0m[0m[0m[33m[FreeRouter][0m[0m _tryModelWithKey: model=fallback2[0m
[2m07:51:27[0m [36m🔵[0m [0m[38;5;208m[free-api-router.js][0m[0m[0m[33m[FreeRouter][0m[0m _tryModelWithKey: proxy=null[0m
[2m07:51:27[0m [36m🔵[0m [0m[38;5;208m[free-api-router.js][0m[0m[0m[33m[FreeRouter][0m[0m _callDirect: starting request to fallback2[0m

[90mstdout[2m | tests/unit/free-api-router.test.js[2m > [22m[2mFreeApiRouter[2m > [22m[2mModel Cascading - Working Models Edge Cases[2m > [22m[2mshould handle exactly 1 working model
[22m[39m[2m07:51:27[0m [90m⚪[0m [0m[38;5;208m[free-api-router.js][0m[0m[0m[33m[FreeRouter][0m[0m Response received [95m(8 chars)[0m[0m: response...[0m

[90mstdout[2m | tests/unit/free-api-router.test.js[2m > [22m[2mFreeApiRouter[2m > [22m[2mModel Cascading - Working Models Edge Cases[2m > [22m[2mshould handle exactly 1 working model
[22m[39m[2m07:51:27[0m [90m⚪[0m [0m[38;5;208m[model-perf-tracker.js][0m[0m[0m[33m[ModelPerfTracker][0m[0m fallback2::test-key success [95m(1/1, 1ms avg)[0m[0m[0m
[2m07:51:27[0m [90m⚪[0m [0m[38;5;208m[request-dedupe.js][0m[0m[0m[33m[RequestDedupe][0m[0m Cached response for key 348b6303[0m

[90mstdout[2m | tests/unit/free-api-router.test.js[2m > [22m[2mFreeApiRouter[2m > [22m[2mModel Cascading - Working Models Edge Cases[2m > [22m[2mshould handle working model duplicates in config
[22m[39m[2m07:51:27[0m [36m🔵[0m [0m[38;5;208m[free-api-router.js][0m[0m[0m[33m[FreeRouter][0m[0m Session default:default -> API Key 1/1[0m
[2m07:51:27[0m [36m🔵[0m [0m[38;5;208m[free-api-router.js][0m[0m[0m[33m[FreeRouter][0m[0m Initialized for session: default:default[0m
[2m07:51:27[0m [36m🔵[0m [0m[38;5;208m[free-api-router.js][0m[0m[0m[33m[FreeRouter][0m[0m API Keys: 1, Selected: 1[0m
[2m07:51:27[0m [36m🔵[0m [0m[38;5;208m[free-api-router.js][0m[0m[0m[33m[FreeRouter][0m[0m Primary model: working1[0m
[2m07:51:27[0m [36m🔵[0m [0m[38;5;208m[free-api-router.js][0m[0m[0m[33m[FreeRouter][0m[0m Fallback models: 2[0m
[2m07:51:27[0m [36m🔵[0m [0m[38;5;208m[free-api-router.js][0m[0m[0m[33m[FreeRouter][0m[0m Timeout: default=60000ms, quick=20000ms[0m
[2m07:51:27[0m [36m🔵[0m [0m[38;5;208m[free-api-router.js][0m[0m[0m[33m[FreeRouter][0m[0m Advanced features: CircuitBreaker, RateLimitTracker, RequestDedupe, ModelPerfTracker, ApiKeyTimeoutTracker[0m
[2m07:51:27[0m [36m🔵[0m [0m[38;5;208m[free-api-router.js][0m[0m[0m[33m[FreeRouter][0m[0m processRequest: calling _tryModelWithKey[0m
[2m07:51:27[0m [33m🟡[0m [0m[38;5;208m[free-api-router.js][0m[33m[0m[33m[FreeRouter][0m[33m Only 1 working models from tester, adding more from config[0m
[2m07:51:27[0m [36m🔵[0m [0m[38;5;208m[free-api-router.js][0m[0m[0m[33m[FreeRouter][0m[0m Using 2 models [95m(shuffled)[0m[0m - 1 tested working + 1 from config[0m
[2m07:51:27[0m [36m🔵[0m [0m[38;5;208m[free-api-router.js][0m[0m[0m[33m[FreeRouter][0m[0m Attempt 1/3: Trying model fallback1[0m
[2m07:51:27[0m [36m🔵[0m [0m[38;5;208m[free-api-router.js][0m[0m[0m[33m[FreeRouter][0m[0m _tryModelWithKey: model=fallback1[0m
[2m07:51:27[0m [36m🔵[0m [0m[38;5;208m[free-api-router.js][0m[0m[0m[33m[FreeRouter][0m[0m _tryModelWithKey: proxy=null[0m
[2m07:51:27[0m [36m🔵[0m [0m[38;5;208m[free-api-router.js][0m[0m[0m[33m[FreeRouter][0m[0m _callDirect: starting request to fallback1[0m

[90mstdout[2m | tests/unit/free-api-router.test.js[2m > [22m[2mFreeApiRouter[2m > [22m[2mModel Cascading - Working Models Edge Cases[2m > [22m[2mshould handle working model duplicates in config
[22m[39m[2m07:51:27[0m [90m⚪[0m [0m[38;5;208m[free-api-router.js][0m[0m[0m[33m[FreeRouter][0m[0m Response received [95m(8 chars)[0m[0m: response...[0m

[33m[39m[32m·[39m[33m[39m[32m·[39m[33m[39m[32m·[39m[33m[39m[32m·[39m[33m[39m[32m·[39m[33m[39m[32m·[39m[33m[39m[32m·[39m[33m[39m[32m·[39m[33m[39m[32m·[39m[33m[39m[32m·[39m[33m[39m[32m·[39m[33m[39m[32m·[39m[33m[39m[32m·[39m[33m[39m[32m·[39m[33m[39m[32m·[39m[33m[39m[32m·[39m[90mstdout[2m | tests/unit/utils/twitter-agent/EngagementHandler.test.js
[22m[39m[2m07:51:27[0m [36m🔵[0m [0m[33m[EntropyController][0m[0m[0m[33m[session-1771635087539-l7dr432tx][0m[0m Session initialized with paceMultiplier=0.92[0m
[2m07:51:27[0m [36m🔵[0m [0m[33m[EntropyController][0m[0m[0m[33m[session-1771635087539-l7dr432tx][0m[0m Fatigue scheduled for T+4.0m[0m

[33m[39m[32m·[39m[33m[39m[32m·[39m[33m[39m[32m·[39m[33m[39m[32m·[39m[33m[39m[32m·[39m[33m[39m[32m·[39m[33m[39m[32m·[39m[33m[39m[32m·[39m[33m[39m[32m·[39m[33m[39m[32m·[39m[33m[39m[32m·[39m[33m[39m[32m·[39m[33m[39m[32m·[39m[33m[39m[32m·[39m[33m[39m[32m·[39m[33m[39m[32m·[39m[33m[39m[32m·[39m[33m[39m[32m·[39m[33m[39m[32m·[39m[33m[39m[32m·[39m[33m[39m[32m·[39m[33m[39m[32m·[39m[33m[39m[32m·[39m[33m[39m[32m·[39m[33m[39m[32m·[39m[33m[39m[32m·[39m[33m[39m[32m·[39m[33m[39m[32m·[39m[33m[39m[32m·[39m[33m[39m[32m·[39m[33m[39m[32m·[39m[33m[39m[32m·[39m[33m[39m[32m·[39m[90mstdout[2m | tests/unit/free-api-router.test.js[2m > [22m[2mFreeApiRouter[2m > [22m[2mModel Cascading - Working Models Edge Cases[2m > [22m[2mshould handle working model duplicates in config
[22m[39m[2m07:51:27[0m [90m⚪[0m [0m[38;5;208m[model-perf-tracker.js][0m[0m[0m[33m[ModelPerfTracker][0m[0m fallback1::test-key success [95m(1/1, 1ms avg)[0m[0m[0m
[2m07:51:27[0m [90m⚪[0m [0m[38;5;208m[request-dedupe.js][0m[0m[0m[33m[RequestDedupe][0m[0m Cached response for key -5fb90bf[0m

[90mstdout[2m | tests/unit/free-api-router.test.js[2m > [22m[2mFreeApiRouter[2m > [22m[2mRate Limit and Retry Logic[2m > [22m[2mshould exhaust retries after maxRetries attempts
[22m[39m[2m07:51:27[0m [36m🔵[0m [0m[38;5;208m[free-api-router.js][0m[0m[0m[33m[FreeRouter][0m[0m Session default:default -> API Key 1/1[0m
[2m07:51:27[0m [36m🔵[0m [0m[38;5;208m[free-api-router.js][0m[0m[0m[33m[FreeRouter][0m[0m Initialized for session: default:default[0m
[2m07:51:27[0m [36m🔵[0m [0m[38;5;208m[free-api-router.js][0m[0m[0m[33m[FreeRouter][0m[0m API Keys: 1, Selected: 1[0m
[2m07:51:27[0m [36m🔵[0m [0m[38;5;208m[free-api-router.js][0m[0m[0m[33m[FreeRouter][0m[0m Primary model: model1[0m
[2m07:51:27[0m [36m🔵[0m [0m[38;5;208m[free-api-router.js][0m[0m[0m[33m[FreeRouter][0m[0m Fallback models: 3[0m
[2m07:51:27[0m [36m🔵[0m [0m[38;5;208m[free-api-router.js][0m[0m[0m[33m[FreeRouter][0m[0m Timeout: default=60000ms, quick=20000ms[0m
[2m07:51:27[0m [36m🔵[0m [0m[38;5;208m[free-api-router.js][0m[0m[0m[33m[FreeRouter][0m[0m Advanced features: CircuitBreaker, RateLimitTracker, RequestDedupe, ModelPerfTracker, ApiKeyTimeoutTracker[0m
[2m07:51:27[0m [36m🔵[0m [0m[38;5;208m[free-api-router.js][0m[0m[0m[33m[FreeRouter][0m[0m processRequest: calling _tryModelWithKey[0m
[2m07:51:27[0m [33m🟡[0m [0m[38;5;208m[free-api-router.js][0m[33m[0m[33m[FreeRouter][0m[33m Only 1 working models from tester, adding more from config[0m
[2m07:51:27[0m [36m🔵[0m [0m[38;5;208m[free-api-router.js][0m[0m[0m[33m[FreeRouter][0m[0m Using 5 models [95m(shuffled)[0m[0m - 1 tested working + 4 from config[0m
[2m07:51:27[0m [36m🔵[0m [0m[38;5;208m[free-api-router.js][0m[0m[0m[33m[FreeRouter][0m[0m Attempt 1/3: Trying model working1[0m
[2m07:51:27[0m [36m🔵[0m [0m[38;5;208m[free-api-router.js][0m[0m[0m[33m[FreeRouter][0m[0m _tryModelWithKey: model=working1[0m
[2m07:51:27[0m [36m🔵[0m [0m[38;5;208m[free-api-router.js][0m[0m[0m[33m[FreeRouter][0m[0m _tryModelWithKey: proxy=null[0m
[2m07:51:27[0m [36m🔵[0m [0m[38;5;208m[free-api-router.js][0m[0m[0m[33m[FreeRouter][0m[0m _callDirect: starting request to working1[0m

[90mstdout[2m | tests/unit/free-api-router.test.js[2m > [22m[2mFreeApiRouter[2m > [22m[2mRate Limit and Retry Logic[2m > [22m[2mshould exhaust retries after maxRetries attempts
[22m[39m[2m07:51:27[0m [33m🟡[0m [0m[38;5;208m[free-api-router.js][0m[33m[0m[33m[FreeRouter][0m[33m Model working1 failed: Server Error[0m
[2m07:51:27[0m [90m⚪[0m [0m[38;5;208m[model-perf-tracker.js][0m[0m[0m[33m[ModelPerfTracker][0m[0m working1::test-key failure [95m(1/1, error: Server Error...)[0m[0m[0m
[2m07:51:27[0m [36m🔵[0m [0m[38;5;208m[free-api-router.js][0m[0m[0m[33m[FreeRouter][0m[0m Moving to next model. Progress: 1/3 attempts used, 4 models remaining[0m
[2m07:51:27[0m [36m🔵[0m [0m[38;5;208m[free-api-router.js][0m[0m[0m[33m[FreeRouter][0m[0m Attempt 2/3: Trying model model1[0m
[2m07:51:27[0m [36m🔵[0m [0m[38;5;208m[free-api-router.js][0m[0m[0m[33m[FreeRouter][0m[0m _tryModelWithKey: model=model1[0m
[2m07:51:27[0m [36m🔵[0m [0m[38;5;208m[free-api-router.js][0m[0m[0m[33m[FreeRouter][0m[0m _tryModelWithKey: proxy=null[0m
[2m07:51:27[0m [36m🔵[0m [0m[38;5;208m[free-api-router.js][0m[0m[0m[33m[FreeRouter][0m[0m _callDirect: starting request to model1[0m

[90mstdout[2m | tests/unit/free-api-router.test.js[2m > [22m[2mFreeApiRouter[2m > [22m[2mRate Limit and Retry Logic[2m > [22m[2mshould exhaust retries after maxRetries attempts
[22m[39m[2m07:51:27[0m [33m🟡[0m [0m[38;5;208m[free-api-router.js][0m[33m[0m[33m[FreeRouter][0m[33m Model model1 failed: Server Error[0m
[2m07:51:27[0m [90m⚪[0m [0m[38;5;208m[model-perf-tracker.js][0m[0m[0m[33m[ModelPerfTracker][0m[0m model1::test-key failure [95m(1/1, error: Server Error...)[0m[0m[0m
[2m07:51:27[0m [36m🔵[0m [0m[38;5;208m[free-api-router.js][0m[0m[0m[33m[FreeRouter][0m[0m Moving to next model. Progress: 2/3 attempts used, 3 models remaining[0m
[2m07:51:27[0m [36m🔵[0m [0m[38;5;208m[free-api-router.js][0m[0m[0m[33m[FreeRouter][0m[0m Attempt 3/3: Trying model model3[0m
[2m07:51:27[0m [36m🔵[0m [0m[38;5;208m[free-api-router.js][0m[0m[0m[33m[FreeRouter][0m[0m _tryModelWithKey: model=model3[0m
[2m07:51:27[0m [36m🔵[0m [0m[38;5;208m[free-api-router.js][0m[0m[0m[33m[FreeRouter][0m[0m _tryModelWithKey: proxy=null[0m
[2m07:51:27[0m [36m🔵[0m [0m[38;5;208m[free-api-router.js][0m[0m[0m[33m[FreeRouter][0m[0m _callDirect: starting request to model3[0m

[90mstdout[2m | tests/unit/free-api-router.test.js[2m > [22m[2mFreeApiRouter[2m > [22m[2mRate Limit and Retry Logic[2m > [22m[2mshould exhaust retries after maxRetries attempts
[22m[39m[2m07:51:27[0m [33m🟡[0m [0m[38;5;208m[free-api-router.js][0m[33m[0m[33m[FreeRouter][0m[33m Model model3 failed: Server Error[0m
[2m07:51:27[0m [90m⚪[0m [0m[38;5;208m[model-perf-tracker.js][0m[0m[0m[33m[ModelPerfTracker][0m[0m model3::test-key failure [95m(1/1, error: Server Error...)[0m[0m[0m

[90mstdout[2m | tests/unit/free-api-router.test.js[2m > [22m[2mFreeApiRouter[2m > [22m[2mRate Limit and Retry Logic[2m > [22m[2mshould track rate limit in result when 429 occurs
[22m[39m[2m07:51:27[0m [36m🔵[0m [0m[38;5;208m[free-api-router.js][0m[0m[0m[33m[FreeRouter][0m[0m Session default:default -> API Key 1/1[0m
[2m07:51:27[0m [36m🔵[0m [0m[38;5;208m[free-api-router.js][0m[0m[0m[33m[FreeRouter][0m[0m Initialized for session: default:default[0m
[2m07:51:27[0m [36m🔵[0m [0m[38;5;208m[free-api-router.js][0m[0m[0m[33m[FreeRouter][0m[0m API Keys: 1, Selected: 1[0m
[2m07:51:27[0m [36m🔵[0m [0m[38;5;208m[free-api-router.js][0m[0m[0m[33m[FreeRouter][0m[0m Primary model: model1[0m
[2m07:51:27[0m [36m🔵[0m [0m[38;5;208m[free-api-router.js][0m[0m[0m[33m[FreeRouter][0m[0m Fallback models: 1[0m
[2m07:51:27[0m [36m🔵[0m [0m[38;5;208m[free-api-router.js][0m[0m[0m[33m[FreeRouter][0m[0m Timeout: default=60000ms, quick=20000ms[0m
[2m07:51:27[0m [36m🔵[0m [0m[38;5;208m[free-api-router.js][0m[0m[0m[33m[FreeRouter][0m[0m Advanced features: CircuitBreaker, RateLimitTracker, RequestDedupe, ModelPerfTracker, ApiKeyTimeoutTracker[0m
[2m07:51:27[0m [36m🔵[0m [0m[38;5;208m[free-api-router.js][0m[0m[0m[33m[FreeRouter][0m[0m processRequest: calling _tryModelWithKey[0m
[2m07:51:27[0m [33m🟡[0m [0m[38;5;208m[free-api-router.js][0m[33m[0m[33m[FreeRouter][0m[33m Only 1 working models from tester, adding more from config[0m
[2m07:51:27[0m [36m🔵[0m [0m[38;5;208m[free-api-router.js][0m[0m[0m[33m[FreeRouter][0m[0m Using 3 models [95m(shuffled)[0m[0m - 1 tested working + 2 from config[0m
[2m07:51:27[0m [36m🔵[0m [0m[38;5;208m[free-api-router.js][0m[0m[0m[33m[FreeRouter][0m[0m Attempt 1/3: Trying model working1[0m
[2m07:51:27[0m [36m🔵[0m [0m[38;5;208m[free-api-router.js][0m[0m[0m[33m[FreeRouter][0m[0m _tryModelWithKey: model=working1[0m
[2m07:51:27[0m [36m🔵[0m [0m[38;5;208m[free-api-router.js][0m[0m[0m[33m[FreeRouter][0m[0m _tryModelWithKey: proxy=null[0m
[2m07:51:27[0m [36m🔵[0m [0m[38;5;208m[free-api-router.js][0m[0m[0m[33m[FreeRouter][0m[0m _callDirect: starting request to working1[0m

[90mstdout[2m | tests/unit/free-api-router.test.js[2m > [22m[2mFreeApiRouter[2m > [22m[2mRate Limit and Retry Logic[2m > [22m[2mshould track rate limit in result when 429 occurs
[22m[39m[2m07:51:27[0m [33m🟡[0m [0m[38;5;208m[free-api-router.js][0m[33m[0m[33m[FreeRouter][0m[33m Model working1 failed: Rate Limited[0m
[2m07:51:27[0m [90m⚪[0m [0m[38;5;208m[model-perf-tracker.js][0m[0m[0m[33m[ModelPerfTracker][0m[0m working1::test-key failure [95m(1/1, error: Rate Limited...)[0m[0m[0m
[2m07:51:27[0m [36m🔵[0m [0m[38;5;208m[free-api-router.js][0m[0m[0m[33m[FreeRouter][0m[0m Moving to next model. Progress: 1/3 attempts used, 2 models remaining[0m
[2m07:51:27[0m [36m🔵[0m [0m[38;5;208m[free-api-router.js][0m[0m[0m[33m[FreeRouter][0m[0m Attempt 2/3: Trying model model1[0m
[2m07:51:27[0m [36m🔵[0m [0m[38;5;208m[free-api-router.js][0m[0m[0m[33m[FreeRouter][0m[0m _tryModelWithKey: model=model1[0m
[2m07:51:27[0m [36m🔵[0m [0m[38;5;208m[free-api-router.js][0m[0m[0m[33m[FreeRouter][0m[0m _tryModelWithKey: proxy=null[0m
[2m07:51:27[0m [36m🔵[0m [0m[38;5;208m[free-api-router.js][0m[0m[0m[33m[FreeRouter][0m[0m _callDirect: starting request to model1[0m

[90mstdout[2m | tests/unit/free-api-router.test.js[2m > [22m[2mFreeApiRouter[2m > [22m[2mRate Limit and Retry Logic[2m > [22m[2mshould track rate limit in result when 429 occurs
[22m[39m[2m07:51:27[0m [90m⚪[0m [0m[38;5;208m[free-api-router.js][0m[0m[0m[33m[FreeRouter][0m[0m Response received [95m(7 chars)[0m[0m: success...[0m

[90mstdout[2m | tests/unit/free-api-router.test.js[2m > [22m[2mFreeApiRouter[2m > [22m[2mRate Limit and Retry Logic[2m > [22m[2mshould track rate limit in result when 429 occurs
[22m[39m[2m07:51:27[0m [90m⚪[0m [0m[38;5;208m[model-perf-tracker.js][0m[0m[0m[33m[ModelPerfTracker][0m[0m model1::test-key success [95m(1/1, 3ms avg)[0m[0m[0m
[2m07:51:27[0m [90m⚪[0m [0m[38;5;208m[request-dedupe.js][0m[0m[0m[33m[RequestDedupe][0m[0m Cached response for key -4faab33[0m

[90mstdout[2m | tests/unit/free-api-router.test.js[2m > [22m[2mFreeApiRouter[2m > [22m[2mRate Limit and Retry Logic[2m > [22m[2mshould skip already rate limited models in same request
[22m[39m[2m07:51:27[0m [36m🔵[0m [0m[38;5;208m[free-api-router.js][0m[0m[0m[33m[FreeRouter][0m[0m Session default:default -> API Key 1/1[0m
[2m07:51:27[0m [36m🔵[0m [0m[38;5;208m[free-api-router.js][0m[0m[0m[33m[FreeRouter][0m[0m Initialized for session: default:default[0m
[2m07:51:27[0m [36m🔵[0m [0m[38;5;208m[free-api-router.js][0m[0m[0m[33m[FreeRouter][0m[0m API Keys: 1, Selected: 1[0m
[2m07:51:27[0m [36m🔵[0m [0m[38;5;208m[free-api-router.js][0m[0m[0m[33m[FreeRouter][0m[0m Primary model: model1[0m
[2m07:51:27[0m [36m🔵[0m [0m[38;5;208m[free-api-router.js][0m[0m[0m[33m[FreeRouter][0m[0m Fallback models: 2[0m
[2m07:51:27[0m [36m🔵[0m [0m[38;5;208m[free-api-router.js][0m[0m[0m[33m[FreeRouter][0m[0m Timeout: default=60000ms, quick=20000ms[0m
[2m07:51:27[0m [36m🔵[0m [0m[38;5;208m[free-api-router.js][0m[0m[0m[33m[FreeRouter][0m[0m Advanced features: CircuitBreaker, RateLimitTracker, RequestDedupe, ModelPerfTracker, ApiKeyTimeoutTracker[0m
[2m07:51:27[0m [36m🔵[0m [0m[38;5;208m[free-api-router.js][0m[0m[0m[33m[FreeRouter][0m[0m processRequest: calling _tryModelWithKey[0m
[2m07:51:27[0m [33m🟡[0m [0m[38;5;208m[free-api-router.js][0m[33m[0m[33m[FreeRouter][0m[33m Only 1 working models from tester, adding more from config[0m
[2m07:51:27[0m [36m🔵[0m [0m[38;5;208m[free-api-router.js][0m[0m[0m[33m[FreeRouter][0m[0m Using 4 models [95m(shuffled)[0m[0m - 1 tested working + 3 from config[0m
[2m07:51:27[0m [36m🔵[0m [0m[38;5;208m[free-api-router.js][0m[0m[0m[33m[FreeRouter][0m[0m Attempt 1/3: Trying model model3[0m
[2m07:51:27[0m [36m🔵[0m [0m[38;5;208m[free-api-router.js][0m[0m[0m[33m[FreeRouter][0m[0m _tryModelWithKey: model=model3[0m
[2m07:51:27[0m [36m🔵[0m [0m[38;5;208m[free-api-router.js][0m[0m[0m[33m[FreeRouter][0m[0m _tryModelWithKey: proxy=null[0m
[2m07:51:27[0m [36m🔵[0m [0m[38;5;208m[free-api-router.js][0m[0m[0m[33m[FreeRouter][0m[0m _callDirect: starting request to model3[0m

[90mstdout[2m | tests/unit/async-queue.test.js[2m > [22m[2mCoverage Gap Tests[2m > [22m[2mAsyncQueue - clear() and health methods[2m > [22m[2mshould clear queue and return dropped count
[22m[39m[2m07:51:27[0m [36m🔵[0m [0m[38;5;208m[async-queue.js][0m[0m[0m[33m[AsyncQueue][0m[0m Initialized [95m(maxConcurrent: 2, maxQueueSize: 10, defaultTimeout: 5000ms)[0m[0m[0m

[90mstdout[2m | tests/unit/async-queue.test.js[2m > [22m[2mCoverage Gap Tests[2m > [22m[2mAsyncQueue - clear() and health methods[2m > [22m[2mshould clear queue and return dropped count
[22m[39m[2m07:51:27[0m [90m⚪[0m [0m[38;5;208m[async-queue.js][0m[0m[0m[33m[AsyncQueue][0m[0m Starting task: task1 [95m(queue: 0, active: 0/2)[0m[0m[0m

[90mstdout[2m | tests/unit/free-api-router.test.js[2m > [22m[2mFreeApiRouter[2m > [22m[2mRate Limit and Retry Logic[2m > [22m[2mshould skip already rate limited models in same request
[22m[39m[2m07:51:27[0m [33m🟡[0m [0m[38;5;208m[free-api-router.js][0m[33m[0m[33m[FreeRouter][0m[33m Model model3 failed: Rate Limited[0m
[2m07:51:27[0m [90m⚪[0m [0m[38;5;208m[model-perf-tracker.js][0m[0m[0m[33m[ModelPerfTracker][0m[0m model3::test-key failure [95m(1/1, error: Rate Limited...)[0m[0m[0m
[2m07:51:27[0m [36m🔵[0m [0m[38;5;208m[free-api-router.js][0m[0m[0m[33m[FreeRouter][0m[0m Moving to next model. Progress: 1/3 attempts used, 3 models remaining[0m
[2m07:51:27[0m [36m🔵[0m [0m[38;5;208m[free-api-router.js][0m[0m[0m[33m[FreeRouter][0m[0m Attempt 2/3: Trying model working1[0m
[2m07:51:27[0m [36m🔵[0m [0m[38;5;208m[free-api-router.js][0m[0m[0m[33m[FreeRouter][0m[0m _tryModelWithKey: model=working1[0m
[2m07:51:27[0m [36m🔵[0m [0m[38;5;208m[free-api-router.js][0m[0m[0m[33m[FreeRouter][0m[0m _tryModelWithKey: proxy=null[0m
[2m07:51:27[0m [36m🔵[0m [0m[38;5;208m[free-api-router.js][0m[0m[0m[33m[FreeRouter][0m[0m _callDirect: starting request to working1[0m

[90mstdout[2m | tests/unit/free-api-router.test.js[2m > [22m[2mFreeApiRouter[2m > [22m[2mRate Limit and Retry Logic[2m > [22m[2mshould skip already rate limited models in same request
[22m[39m[2m07:51:27[0m [90m⚪[0m [0m[38;5;208m[free-api-router.js][0m[0m[0m[33m[FreeRouter][0m[0m Response received [95m(7 chars)[0m[0m: success...[0m

[90mstdout[2m | tests/unit/free-api-router.test.js[2m > [22m[2mFreeApiRouter[2m > [22m[2mRate Limit and Retry Logic[2m > [22m[2mshould skip already rate limited models in same request
[22m[39m[2m07:51:27[0m [90m⚪[0m [0m[38;5;208m[model-perf-tracker.js][0m[0m[0m[33m[ModelPerfTracker][0m[0m working1::test-key success [95m(1/1, 3ms avg)[0m[0m[0m
[2m07:51:27[0m [90m⚪[0m [0m[38;5;208m[request-dedupe.js][0m[0m[0m[33m[RequestDedupe][0m[0m Cached response for key 381468f9[0m

[33m[39m[32m·[39m[33m[39m[32m·[39m[33m[39m[32m·[39m[33m[39m[32m·[39m[33m[39m[32m·[39m[33m[39m[32m·[39m[33m[39m[32m·[39m[33m[39m[32m·[39m[33m[39m[32m·[39m[33m[39m[32m·[39m[33m[39m[32m·[39m[33m[39m[32m·[39m[33m[39m[32m·[39m[33m[39m[32m·[39m[33m[39m[32m·[39m[33m[39m[32m·[39m[33m[39m[32m·[39m[33m[39m[32m·[39m[33m[39m[32m·[39m[33m[39m[32m·[39m[33m[39m[32m·[39m[33m[39m[32m·[39m[33m[39m[32m·[39m[33m[39m[32m·[39m[33m[39m[32m·[39m[33m[39m[32m·[39m[33m[39m[32m·[39m[33m[39m[32m·[39m[33m[39m[32m·[39m[33m[39m[32m·[39m[33m[39m[32m·[39m[33m[39m[32m·[39m[90mstdout[2m | tests/unit/free-api-router.test.js[2m > [22m[2mFreeApiRouter[2m > [22m[2m_tryModelDirect[2m > [22m[2mshould call _callDirect with correct parameters
[22m[39m[2m07:51:27[0m [36m🔵[0m [0m[38;5;208m[free-api-router.js][0m[0m[0m[33m[FreeRouter][0m[0m Session default:default -> API Key 1/1[0m
[2m07:51:27[0m [36m🔵[0m [0m[38;5;208m[free-api-router.js][0m[0m[0m[33m[FreeRouter][0m[0m Initialized for session: default:default[0m
[2m07:51:27[0m [36m🔵[0m [0m[38;5;208m[free-api-router.js][0m[0m[0m[33m[FreeRouter][0m[0m API Keys: 1, Selected: 1[0m
[2m07:51:27[0m [36m🔵[0m [0m[38;5;208m[free-api-router.js][0m[0m[0m[33m[FreeRouter][0m[0m Primary model: test/model[0m
[2m07:51:27[0m [36m🔵[0m [0m[38;5;208m[free-api-router.js][0m[0m[0m[33m[FreeRouter][0m[0m Fallback models: 0[0m
[2m07:51:27[0m [36m🔵[0m [0m[38;5;208m[free-api-router.js][0m[0m[0m[33m[FreeRouter][0m[0m Timeout: default=60000ms, quick=20000ms[0m
[2m07:51:27[0m [36m🔵[0m [0m[38;5;208m[free-api-router.js][0m[0m[0m[33m[FreeRouter][0m[0m Advanced features: CircuitBreaker, RateLimitTracker, RequestDedupe, ModelPerfTracker, ApiKeyTimeoutTracker[0m

[90mstdout[2m | tests/unit/free-api-router.test.js[2m > [22m[2mFreeApiRouter[2m > [22m[2m_tryModelDirect[2m > [22m[2mshould handle _callDirect failure
[22m[39m[2m07:51:27[0m [36m🔵[0m [0m[38;5;208m[free-api-router.js][0m[0m[0m[33m[FreeRouter][0m[0m Session default:default -> API Key 1/1[0m
[2m07:51:27[0m [36m🔵[0m [0m[38;5;208m[free-api-router.js][0m[0m[0m[33m[FreeRouter][0m[0m Initialized for session: default:default[0m
[2m07:51:27[0m [36m🔵[0m [0m[38;5;208m[free-api-router.js][0m[0m[0m[33m[FreeRouter][0m[0m API Keys: 1, Selected: 1[0m
[2m07:51:27[0m [36m🔵[0m [0m[38;5;208m[free-api-router.js][0m[0m[0m[33m[FreeRouter][0m[0m Primary model: test/model[0m
[2m07:51:27[0m [36m🔵[0m [0m[38;5;208m[free-api-router.js][0m[0m[0m[33m[FreeRouter][0m[0m Fallback models: 0[0m
[2m07:51:27[0m [36m🔵[0m [0m[38;5;208m[free-api-router.js][0m[0m[0m[33m[FreeRouter][0m[0m Timeout: default=60000ms, quick=20000ms[0m
[2m07:51:27[0m [36m🔵[0m [0m[38;5;208m[free-api-router.js][0m[0m[0m[33m[FreeRouter][0m[0m Advanced features: CircuitBreaker, RateLimitTracker, RequestDedupe, ModelPerfTracker, ApiKeyTimeoutTracker[0m

[90mstdout[2m | tests/unit/free-api-router.test.js[2m > [22m[2mFreeApiRouter[2m > [22m[2m_callThroughProxy Edge Cases[2m > [22m[2mshould handle proxy timeout correctly
[22m[39m[2m07:51:27[0m [36m🔵[0m [0m[38;5;208m[free-api-router.js][0m[0m[0m[33m[FreeRouter][0m[0m Session default:default -> API Key 1/1[0m
[2m07:51:27[0m [36m🔵[0m [0m[38;5;208m[free-api-router.js][0m[0m[0m[33m[FreeRouter][0m[0m Initialized for session: default:default[0m
[2m07:51:27[0m [36m🔵[0m [0m[38;5;208m[free-api-router.js][0m[0m[0m[33m[FreeRouter][0m[0m API Keys: 1, Selected: 1[0m
[2m07:51:27[0m [36m🔵[0m [0m[38;5;208m[free-api-router.js][0m[0m[0m[33m[FreeRouter][0m[0m Primary model: test/model[0m
[2m07:51:27[0m [36m🔵[0m [0m[38;5;208m[free-api-router.js][0m[0m[0m[33m[FreeRouter][0m[0m Fallback models: 0[0m
[2m07:51:27[0m [36m🔵[0m [0m[38;5;208m[free-api-router.js][0m[0m[0m[33m[FreeRouter][0m[0m Timeout: default=10ms, quick=20000ms[0m
[2m07:51:27[0m [36m🔵[0m [0m[38;5;208m[free-api-router.js][0m[0m[0m[33m[FreeRouter][0m[0m Proxy enabled: 1 proxies[0m
[2m07:51:27[0m [36m🔵[0m [0m[38;5;208m[free-api-router.js][0m[0m[0m[33m[FreeRouter][0m[0m Advanced features: CircuitBreaker, RateLimitTracker, RequestDedupe, ModelPerfTracker, ApiKeyTimeoutTracker[0m

[90mstdout[2m | tests/unit/async-queue.test.js[2m > [22m[2mCoverage Gap Tests[2m > [22m[2mAsyncQueue - clear() and health methods[2m > [22m[2mshould clear queue and return dropped count
[22m[39m[2m07:51:27[0m [36m🔵[0m [0m[38;5;208m[async-queue.js][0m[0m[0m[33m[AsyncQueue][0m[0m Cleared queue [95m(dropped 1 tasks)[0m[0m[0m

[90mstdout[2m | tests/unit/async-queue.test.js[2m > [22m[2mCoverage Gap Tests[2m > [22m[2mAsyncQueue - clear() and health methods[2m > [22m[2mshould report healthy when within limits
[22m[39m[2m07:51:27[0m [36m🔵[0m [0m[38;5;208m[async-queue.js][0m[0m[0m[33m[AsyncQueue][0m[0m Initialized [95m(maxConcurrent: 2, maxQueueSize: 10, defaultTimeout: 5000ms)[0m[0m[0m

[90mstdout[2m | tests/unit/async-queue.test.js[2m > [22m[2mCoverage Gap Tests[2m > [22m[2mAsyncQueue - clear() and health methods[2m > [22m[2mshould report unhealthy when failed count exceeds limit
[22m[39m[2m07:51:27[0m [36m🔵[0m [0m[38;5;208m[async-queue.js][0m[0m[0m[33m[AsyncQueue][0m[0m Initialized [95m(maxConcurrent: 2, maxQueueSize: 10, defaultTimeout: 5000ms)[0m[0m[0m

[90mstdout[2m | tests/unit/async-queue.test.js[2m > [22m[2mCoverage Gap Tests[2m > [22m[2mAsyncQueue - clear() and health methods[2m > [22m[2mshould report unhealthy when timeout count exceeds limit
[22m[39m[2m07:51:27[0m [36m🔵[0m [0m[38;5;208m[async-queue.js][0m[0m[0m[33m[AsyncQueue][0m[0m Initialized [95m(maxConcurrent: 2, maxQueueSize: 10, defaultTimeout: 5000ms)[0m[0m[0m

[90mstdout[2m | tests/unit/async-queue.test.js[2m > [22m[2mCoverage Gap Tests[2m > [22m[2mAsyncQueue - clear() and health methods[2m > [22m[2mshould return health status
[22m[39m[2m07:51:27[0m [36m🔵[0m [0m[38;5;208m[async-queue.js][0m[0m[0m[33m[AsyncQueue][0m[0m Initialized [95m(maxConcurrent: 2, maxQueueSize: 10, defaultTimeout: 5000ms)[0m[0m[0m

[90mstdout[2m | tests/unit/async-queue.test.js[2m > [22m[2mCoverage Gap Tests[2m > [22m[2mDiveQueue - addDive() with fallback[2m > [22m[2mshould handle timeout in primary function
[22m[39m[2m07:51:27[0m [36m🔵[0m [0m[38;5;208m[async-queue.js][0m[0m[0m[33m[AsyncQueue][0m[0m Initialized [95m(maxConcurrent: 1, maxQueueSize: 10, defaultTimeout: 10000ms)[0m[0m[0m
[2m07:51:27[0m [36m🔵[0m [0m[38;5;208m[async-queue.js][0m[0m[0m[33m[DiveQueue][0m[0m Initialized with engagement limits: {[93m"replies"[0m[0m:3,[93m"retweets"[0m[0m:1,[93m"quotes"[0m[0m:1,[93m"likes"[0m[0m:5,[93m"follows"[0m[0m:2,[93m"bookmarks"[0m[0m:2}[0m

[90mstdout[2m | tests/unit/async-queue.test.js[2m > [22m[2mCoverage Gap Tests[2m > [22m[2mDiveQueue - addDive() with fallback[2m > [22m[2mshould handle timeout in primary function
[22m[39m[2m07:51:27[0m [90m⚪[0m [0m[38;5;208m[async-queue.js][0m[0m[0m[33m[DiveQueue][0m[0m addDive called: timeout-dive, timeout: 50ms[0m
[2m07:51:27[0m [90m⚪[0m [0m[38;5;208m[async-queue.js][0m[0m[0m[33m[AsyncQueue][0m[0m Starting task: timeout-dive [95m(queue: 0, active: 0/1)[0m[0m[0m
[2m07:51:27[0m [90m⚪[0m [0m[38;5;208m[async-queue.js][0m[0m[0m[33m[DiveQueue][0m[0m Starting dive function: timeout-dive[0m

[33m[39m[32m·[39m[33m[39m[32m·[39m[33m[39m[32m·[39m[33m[39m[32m·[39m[33m[39m[32m·[39m[33m[39m[32m·[39m[33m[39m[32m·[39m[33m[39m[32m·[39m[33m[39m[32m·[39m[33m[39m[32m·[39m[33m[39m[32m·[39m[33m[39m[32m·[39m[33m[39m[32m·[39m[33m[39m[32m·[39m[33m[39m[32m·[39m[33m[39m[32m·[39m[33m[39m[32m·[39m[33m[39m[32m·[39m[33m[39m[32m·[39m[33m[39m[32m·[39m[33m[39m[32m·[39m[33m[39m[32m·[39m[33m[39m[32m·[39m[33m[39m[32m·[39m[33m[39m[32m·[39m[33m[39m[32m·[39m[33m[39m[32m·[39m[33m[39m[32m·[39m[33m[39m[32m·[39m[33m[39m[32m·[39m[33m[39m[32m·[39m[33m[39m[32m·[39m[33m[39m[32m·[39m[33m[39m[32m·[39m[33m[39m[32m·[39m[33m[39m[32m·[39m[33m[39m[32m·[39m[33m[39m[32m·[39m[90mstdout[2m | tests/unit/free-api-router.test.js[2m > [22m[2mFreeApiRouter[2m > [22m[2m_callThroughProxy Edge Cases[2m > [22m[2mshould handle response with non-ok status via proxy
[22m[39m[2m07:51:27[0m [36m🔵[0m [0m[38;5;208m[free-api-router.js][0m[0m[0m[33m[FreeRouter][0m[0m Session default:default -> API Key 1/1[0m
[2m07:51:27[0m [36m🔵[0m [0m[38;5;208m[free-api-router.js][0m[0m[0m[33m[FreeRouter][0m[0m Initialized for session: default:default[0m
[2m07:51:27[0m [36m🔵[0m [0m[38;5;208m[free-api-router.js][0m[0m[0m[33m[FreeRouter][0m[0m API Keys: 1, Selected: 1[0m
[2m07:51:27[0m [36m🔵[0m [0m[38;5;208m[free-api-router.js][0m[0m[0m[33m[FreeRouter][0m[0m Primary model: test/model[0m
[2m07:51:27[0m [36m🔵[0m [0m[38;5;208m[free-api-router.js][0m[0m[0m[33m[FreeRouter][0m[0m Fallback models: 0[0m
[2m07:51:27[0m [36m🔵[0m [0m[38;5;208m[free-api-router.js][0m[0m[0m[33m[FreeRouter][0m[0m Timeout: default=60000ms, quick=20000ms[0m
[2m07:51:27[0m [36m🔵[0m [0m[38;5;208m[free-api-router.js][0m[0m[0m[33m[FreeRouter][0m[0m Proxy enabled: 1 proxies[0m
[2m07:51:27[0m [36m🔵[0m [0m[38;5;208m[free-api-router.js][0m[0m[0m[33m[FreeRouter][0m[0m Advanced features: CircuitBreaker, RateLimitTracker, RequestDedupe, ModelPerfTracker, ApiKeyTimeoutTracker[0m

[90mstdout[2m | tests/unit/free-api-router.test.js[2m > [22m[2mFreeApiRouter[2m > [22m[2m_callThroughProxy Edge Cases[2m > [22m[2mshould return proxy info in success response
[22m[39m[2m07:51:27[0m [36m🔵[0m [0m[38;5;208m[free-api-router.js][0m[0m[0m[33m[FreeRouter][0m[0m Session default:default -> API Key 1/1[0m
[2m07:51:27[0m [36m🔵[0m [0m[38;5;208m[free-api-router.js][0m[0m[0m[33m[FreeRouter][0m[0m Initialized for session: default:default[0m
[2m07:51:27[0m [36m🔵[0m [0m[38;5;208m[free-api-router.js][0m[0m[0m[33m[FreeRouter][0m[0m API Keys: 1, Selected: 1[0m
[2m07:51:27[0m [36m🔵[0m [0m[38;5;208m[free-api-router.js][0m[0m[0m[33m[FreeRouter][0m[0m Primary model: test/model[0m
[2m07:51:27[0m [36m🔵[0m [0m[38;5;208m[free-api-router.js][0m[0m[0m[33m[FreeRouter][0m[0m Fallback models: 0[0m
[2m07:51:27[0m [36m🔵[0m [0m[38;5;208m[free-api-router.js][0m[0m[0m[33m[FreeRouter][0m[0m Timeout: default=60000ms, quick=20000ms[0m
[2m07:51:27[0m [36m🔵[0m [0m[38;5;208m[free-api-router.js][0m[0m[0m[33m[FreeRouter][0m[0m Proxy enabled: 1 proxies[0m
[2m07:51:27[0m [36m🔵[0m [0m[38;5;208m[free-api-router.js][0m[0m[0m[33m[FreeRouter][0m[0m Advanced features: CircuitBreaker, RateLimitTracker, RequestDedupe, ModelPerfTracker, ApiKeyTimeoutTracker[0m

[90mstdout[2m | tests/unit/free-api-router.test.js[2m > [22m[2mFreeApiRouter[2m > [22m[2m_callThroughProxy Edge Cases[2m > [22m[2mshould return proxy info in success response
[22m[39m[2m07:51:27[0m [90m⚪[0m [0m[38;5;208m[free-api-router.js][0m[0m[0m[33m[FreeRouter][0m[0m Response received [95m(14 chars)[0m[0m: proxy response...[0m

[90mstdout[2m | tests/unit/free-api-router.test.js[2m > [22m[2mFreeApiRouter[2m > [22m[2mrefreshRateLimits[2m > [22m[2mshould refresh rate limits when sessionApiKey exists
[22m[39m[2m07:51:27[0m [36m🔵[0m [0m[38;5;208m[free-api-router.js][0m[0m[0m[33m[FreeRouter][0m[0m Session default:default -> API Key 1/1[0m
[2m07:51:27[0m [36m🔵[0m [0m[38;5;208m[free-api-router.js][0m[0m[0m[33m[FreeRouter][0m[0m Initialized for session: default:default[0m
[2m07:51:27[0m [36m🔵[0m [0m[38;5;208m[free-api-router.js][0m[0m[0m[33m[FreeRouter][0m[0m API Keys: 1, Selected: 1[0m
[2m07:51:27[0m [36m🔵[0m [0m[38;5;208m[free-api-router.js][0m[0m[0m[33m[FreeRouter][0m[0m Primary model: test/model[0m
[2m07:51:27[0m [36m🔵[0m [0m[38;5;208m[free-api-router.js][0m[0m[0m[33m[FreeRouter][0m[0m Fallback models: 0[0m
[2m07:51:27[0m [36m🔵[0m [0m[38;5;208m[free-api-router.js][0m[0m[0m[33m[FreeRouter][0m[0m Timeout: default=60000ms, quick=20000ms[0m
[2m07:51:27[0m [36m🔵[0m [0m[38;5;208m[free-api-router.js][0m[0m[0m[33m[FreeRouter][0m[0m Advanced features: CircuitBreaker, RateLimitTracker, RequestDedupe, ModelPerfTracker, ApiKeyTimeoutTracker[0m

[90mstdout[2m | tests/unit/free-api-router.test.js[2m > [22m[2mFreeApiRouter[2m > [22m[2mrefreshRateLimits[2m > [22m[2mshould return null when no sessionApiKey
[22m[39m[2m07:51:27[0m [33m🟡[0m [0m[38;5;208m[free-api-router.js][0m[33m[0m[33m[FreeRouter][0m[33m No API keys configured[0m
[2m07:51:27[0m [36m🔵[0m [0m[38;5;208m[free-api-router.js][0m[0m[0m[33m[FreeRouter][0m[0m Initialized for session: default:default[0m
[2m07:51:27[0m [36m🔵[0m [0m[38;5;208m[free-api-router.js][0m[0m[0m[33m[FreeRouter][0m[0m API Keys: 0, Selected: 0[0m
[2m07:51:27[0m [36m🔵[0m [0m[38;5;208m[free-api-router.js][0m[0m[0m[33m[FreeRouter][0m[0m Primary model: test/model[0m
[2m07:51:27[0m [36m🔵[0m [0m[38;5;208m[free-api-router.js][0m[0m[0m[33m[FreeRouter][0m[0m Fallback models: 0[0m
[2m07:51:27[0m [36m🔵[0m [0m[38;5;208m[free-api-router.js][0m[0m[0m[33m[FreeRouter][0m[0m Timeout: default=60000ms, quick=20000ms[0m
[2m07:51:27[0m [36m🔵[0m [0m[38;5;208m[free-api-router.js][0m[0m[0m[33m[FreeRouter][0m[0m Advanced features: CircuitBreaker, RateLimitTracker, RequestDedupe, ModelPerfTracker, ApiKeyTimeoutTracker[0m

[33m[39m[32m·[39m[33m[39m[32m·[39m[33m[39m[32m·[39m[33m[39m[32m·[39m[33m[39m[32m·[39m[33m[39m[32m·[39m[33m[39m[32m·[39m[33m[39m[32m·[39m[33m[39m[32m·[39m[33m[39m[32m·[39m[33m[39m[32m·[39m[33m[39m[32m·[39m[33m[39m[32m·[39m[33m[39m[32m·[39m[33m[39m[32m·[39m[33m[39m[32m·[39m[33m[39m[32m·[39m[33m[39m[32m·[39m[33m[39m[32m·[39m[33m[39m[32m·[39m[33m[39m[32m·[39m[33m[39m[32m·[39m[33m[39m[32m·[39m[33m[39m[32m·[39m[33m[39m[32m·[39m[33m[39m[32m·[39m[33m[39m[32m·[39m[33m[39m[32m·[39m[33m[39m[32m·[39m[33m[39m[32m·[39m[33m[39m[32m·[39m[33m[39m[32m·[39m[33m[39m[32m·[39m[33m[39m[32m·[39m[33m[39m[32m·[39m[33m[39m[32m·[39m[33m[39m[32m·[39m[33m[39m[32m·[39m[33m[39m[32m·[39m[33m[39m[32m·[39m[33m[39m[32m·[39m[33m[39m[32m·[39m[33m[39m[32m·[39m[33m[39m[32m·[39m[33m[39m[32m·[39m[33m[39m[32m·[39m[33m[39m[32m·[39m[33m[39m[32m·[39m[33m[39m[32m·[39m[33m[39m[32m·[39m[33m[39m[32m·[39m[33m[39m[32m·[39m[33m[39m[32m·[39m[33m[39m[32m·[39m[33m[39m[32m·[39m[90mstdout[2m | tests/unit/request-dedupe.test.js[2m > [22m[2mrequest-dedupe.js[2m > [22m[2mcheck[2m > [22m[2mshould return hit when cache has matching entry
[22m[39m[2m07:51:27[0m [90m⚪[0m [0m[38;5;208m[request-dedupe.js][0m[0m[0m[33m[RequestDedupe][0m[0m Cached response for key 3b165a5[0m
[2m07:51:27[0m [90m⚪[0m [0m[38;5;208m[request-dedupe.js][0m[0m[0m[33m[RequestDedupe][0m[0m Cache hit for key 3b165a5[0m

[90mstdout[2m | tests/unit/request-dedupe.test.js[2m > [22m[2mrequest-dedupe.js[2m > [22m[2mcheck[2m > [22m[2mshould return miss when entry is expired
[22m[39m[2m07:51:27[0m [90m⚪[0m [0m[38;5;208m[request-dedupe.js][0m[0m[0m[33m[RequestDedupe][0m[0m Cached response for key 3b165a5[0m

[90mstdout[2m | tests/unit/free-api-router.test.js[2m > [22m[2mFreeApiRouter[2m > [22m[2mgetDetailedStats[2m > [22m[2mshould return detailed stats with all modules
[22m[39m[2m07:51:27[0m [36m🔵[0m [0m[38;5;208m[free-api-router.js][0m[0m[0m[33m[FreeRouter][0m[0m Session default:default -> API Key 1/1[0m
[2m07:51:27[0m [36m🔵[0m [0m[38;5;208m[free-api-router.js][0m[0m[0m[33m[FreeRouter][0m[0m Initialized for session: default:default[0m
[2m07:51:27[0m [36m🔵[0m [0m[38;5;208m[free-api-router.js][0m[0m[0m[33m[FreeRouter][0m[0m API Keys: 1, Selected: 1[0m
[2m07:51:27[0m [36m🔵[0m [0m[38;5;208m[free-api-router.js][0m[0m[0m[33m[FreeRouter][0m[0m Primary model: test/model[0m
[2m07:51:27[0m [36m🔵[0m [0m[38;5;208m[free-api-router.js][0m[0m[0m[33m[FreeRouter][0m[0m Fallback models: 1[0m
[2m07:51:27[0m [36m🔵[0m [0m[38;5;208m[free-api-router.js][0m[0m[0m[33m[FreeRouter][0m[0m Timeout: default=60000ms, quick=20000ms[0m
[2m07:51:27[0m [36m🔵[0m [0m[38;5;208m[free-api-router.js][0m[0m[0m[33m[FreeRouter][0m[0m Advanced features: CircuitBreaker, RateLimitTracker, RequestDedupe, ModelPerfTracker, ApiKeyTimeoutTracker[0m

[90mstdout[2m | tests/unit/free-api-router.test.js[2m > [22m[2mFreeApiRouter[2m > [22m[2mresetStats[2m > [22m[2mshould reset all stats and module states
[22m[39m[2m07:51:27[0m [36m🔵[0m [0m[38;5;208m[free-api-router.js][0m[0m[0m[33m[FreeRouter][0m[0m Session default:default -> API Key 1/1[0m
[2m07:51:27[0m [36m🔵[0m [0m[38;5;208m[free-api-router.js][0m[0m[0m[33m[FreeRouter][0m[0m Initialized for session: default:default[0m
[2m07:51:27[0m [36m🔵[0m [0m[38;5;208m[free-api-router.js][0m[0m[0m[33m[FreeRouter][0m[0m API Keys: 1, Selected: 1[0m
[2m07:51:27[0m [36m🔵[0m [0m[38;5;208m[free-api-router.js][0m[0m[0m[33m[FreeRouter][0m[0m Primary model: test/model[0m
[2m07:51:27[0m [36m🔵[0m [0m[38;5;208m[free-api-router.js][0m[0m[0m[33m[FreeRouter][0m[0m Fallback models: 0[0m
[2m07:51:27[0m [36m🔵[0m [0m[38;5;208m[free-api-router.js][0m[0m[0m[33m[FreeRouter][0m[0m Timeout: default=60000ms, quick=20000ms[0m
[2m07:51:27[0m [36m🔵[0m [0m[38;5;208m[free-api-router.js][0m[0m[0m[33m[FreeRouter][0m[0m Advanced features: CircuitBreaker, RateLimitTracker, RequestDedupe, ModelPerfTracker, ApiKeyTimeoutTracker[0m
[2m07:51:27[0m [36m🔵[0m [0m[38;5;208m[free-api-router.js][0m[0m[0m[33m[FreeRouter][0m[0m All stats reset[0m

[90mstdout[2m | tests/unit/free-api-router.test.js[2m > [22m[2mFreeApiRouter[2m > [22m[2misReady[2m > [22m[2mshould return true when enabled with API key
[22m[39m[2m07:51:27[0m [36m🔵[0m [0m[38;5;208m[free-api-router.js][0m[0m[0m[33m[FreeRouter][0m[0m Session default:default -> API Key 1/1[0m
[2m07:51:27[0m [36m🔵[0m [0m[38;5;208m[free-api-router.js][0m[0m[0m[33m[FreeRouter][0m[0m Initialized for session: default:default[0m
[2m07:51:27[0m [36m🔵[0m [0m[38;5;208m[free-api-router.js][0m[0m[0m[33m[FreeRouter][0m[0m API Keys: 1, Selected: 1[0m
[2m07:51:27[0m [36m🔵[0m [0m[38;5;208m[free-api-router.js][0m[0m[0m[33m[FreeRouter][0m[0m Primary model: test/model[0m
[2m07:51:27[0m [36m🔵[0m [0m[38;5;208m[free-api-router.js][0m[0m[0m[33m[FreeRouter][0m[0m Fallback models: 0[0m
[2m07:51:27[0m [36m🔵[0m [0m[38;5;208m[free-api-router.js][0m[0m[0m[33m[FreeRouter][0m[0m Timeout: default=60000ms, quick=20000ms[0m
[2m07:51:27[0m [36m🔵[0m [0m[38;5;208m[free-api-router.js][0m[0m[0m[33m[FreeRouter][0m[0m Advanced features: CircuitBreaker, RateLimitTracker, RequestDedupe, ModelPerfTracker, ApiKeyTimeoutTracker[0m

[90mstdout[2m | tests/unit/free-api-router.test.js[2m > [22m[2mFreeApiRouter[2m > [22m[2misReady[2m > [22m[2mshould return falsy when enabled but no API keys
[22m[39m[2m07:51:27[0m [33m🟡[0m [0m[38;5;208m[free-api-router.js][0m[33m[0m[33m[FreeRouter][0m[33m No API keys configured[0m
[2m07:51:27[0m [36m🔵[0m [0m[38;5;208m[free-api-router.js][0m[0m[0m[33m[FreeRouter][0m[0m Initialized for session: default:default[0m
[2m07:51:27[0m [36m🔵[0m [0m[38;5;208m[free-api-router.js][0m[0m[0m[33m[FreeRouter][0m[0m API Keys: 0, Selected: 0[0m
[2m07:51:27[0m [36m🔵[0m [0m[38;5;208m[free-api-router.js][0m[0m[0m[33m[FreeRouter][0m[0m Primary model: test/model[0m
[2m07:51:27[0m [36m🔵[0m [0m[38;5;208m[free-api-router.js][0m[0m[0m[33m[FreeRouter][0m[0m Fallback models: 0[0m
[2m07:51:27[0m [36m🔵[0m [0m[38;5;208m[free-api-router.js][0m[0m[0m[33m[FreeRouter][0m[0m Timeout: default=60000ms, quick=20000ms[0m
[2m07:51:27[0m [36m🔵[0m [0m[38;5;208m[free-api-router.js][0m[0m[0m[33m[FreeRouter][0m[0m Advanced features: CircuitBreaker, RateLimitTracker, RequestDedupe, ModelPerfTracker, ApiKeyTimeoutTracker[0m

[90mstdout[2m | tests/unit/free-api-router.test.js[2m > [22m[2mFreeApiRouter[2m > [22m[2mvalidateConfig[2m > [22m[2mshould call configValidator validateConfig
[22m[39m[2m07:51:27[0m [36m🔵[0m [0m[38;5;208m[free-api-router.js][0m[0m[0m[33m[FreeRouter][0m[0m Session default:default -> API Key 1/1[0m
[2m07:51:27[0m [36m🔵[0m [0m[38;5;208m[free-api-router.js][0m[0m[0m[33m[FreeRouter][0m[0m Initialized for session: default:default[0m
[2m07:51:27[0m [36m🔵[0m [0m[38;5;208m[free-api-router.js][0m[0m[0m[33m[FreeRouter][0m[0m API Keys: 1, Selected: 1[0m
[2m07:51:27[0m [36m🔵[0m [0m[38;5;208m[free-api-router.js][0m[0m[0m[33m[FreeRouter][0m[0m Primary model: test/model[0m
[2m07:51:27[0m [36m🔵[0m [0m[38;5;208m[free-api-router.js][0m[0m[0m[33m[FreeRouter][0m[0m Fallback models: 0[0m
[2m07:51:27[0m [36m🔵[0m [0m[38;5;208m[free-api-router.js][0m[0m[0m[33m[FreeRouter][0m[0m Timeout: default=60000ms, quick=20000ms[0m
[2m07:51:27[0m [36m🔵[0m [0m[38;5;208m[free-api-router.js][0m[0m[0m[33m[FreeRouter][0m[0m Advanced features: CircuitBreaker, RateLimitTracker, RequestDedupe, ModelPerfTracker, ApiKeyTimeoutTracker[0m

[90mstdout[2m | tests/unit/free-api-router.test.js[2m > [22m[2mFreeApiRouter[2m > [22m[2mError Response Status Codes[2m > [22m[2mshould handle 422 Unprocessable Entity
[22m[39m[2m07:51:27[0m [36m🔵[0m [0m[38;5;208m[free-api-router.js][0m[0m[0m[33m[FreeRouter][0m[0m Session default:default -> API Key 1/1[0m
[2m07:51:27[0m [36m🔵[0m [0m[38;5;208m[free-api-router.js][0m[0m[0m[33m[FreeRouter][0m[0m Initialized for session: default:default[0m
[2m07:51:27[0m [36m🔵[0m [0m[38;5;208m[free-api-router.js][0m[0m[0m[33m[FreeRouter][0m[0m API Keys: 1, Selected: 1[0m
[2m07:51:27[0m [36m🔵[0m [0m[38;5;208m[free-api-router.js][0m[0m[0m[33m[FreeRouter][0m[0m Primary model: test/model[0m
[2m07:51:27[0m [36m🔵[0m [0m[38;5;208m[free-api-router.js][0m[0m[0m[33m[FreeRouter][0m[0m Fallback models: 0[0m
[2m07:51:27[0m [36m🔵[0m [0m[38;5;208m[free-api-router.js][0m[0m[0m[33m[FreeRouter][0m[0m Timeout: default=60000ms, quick=20000ms[0m
[2m07:51:27[0m [36m🔵[0m [0m[38;5;208m[free-api-router.js][0m[0m[0m[33m[FreeRouter][0m[0m Advanced features: CircuitBreaker, RateLimitTracker, RequestDedupe, ModelPerfTracker, ApiKeyTimeoutTracker[0m
[2m07:51:27[0m [36m🔵[0m [0m[38;5;208m[free-api-router.js][0m[0m[0m[33m[FreeRouter][0m[0m _callDirect: starting request to test[0m

[90mstdout[2m | tests/unit/free-api-router.test.js[2m > [22m[2mFreeApiRouter[2m > [22m[2mError Response Status Codes[2m > [22m[2mshould handle 429 with different error message format
[22m[39m[2m07:51:27[0m [36m🔵[0m [0m[38;5;208m[free-api-router.js][0m[0m[0m[33m[FreeRouter][0m[0m Session default:default -> API Key 1/1[0m
[2m07:51:27[0m [36m🔵[0m [0m[38;5;208m[free-api-router.js][0m[0m[0m[33m[FreeRouter][0m[0m Initialized for session: default:default[0m
[2m07:51:27[0m [36m🔵[0m [0m[38;5;208m[free-api-router.js][0m[0m[0m[33m[FreeRouter][0m[0m API Keys: 1, Selected: 1[0m
[2m07:51:27[0m [36m🔵[0m [0m[38;5;208m[free-api-router.js][0m[0m[0m[33m[FreeRouter][0m[0m Primary model: test/model[0m
[2m07:51:27[0m [36m🔵[0m [0m[38;5;208m[free-api-router.js][0m[0m[0m[33m[FreeRouter][0m[0m Fallback models: 0[0m
[2m07:51:27[0m [36m🔵[0m [0m[38;5;208m[free-api-router.js][0m[0m[0m[33m[FreeRouter][0m[0m Timeout: default=60000ms, quick=20000ms[0m
[2m07:51:27[0m [36m🔵[0m [0m[38;5;208m[free-api-router.js][0m[0m[0m[33m[FreeRouter][0m[0m Advanced features: CircuitBreaker, RateLimitTracker, RequestDedupe, ModelPerfTracker, ApiKeyTimeoutTracker[0m
[2m07:51:27[0m [36m🔵[0m [0m[38;5;208m[free-api-router.js][0m[0m[0m[33m[FreeRouter][0m[0m _callDirect: starting request to test[0m

[90mstdout[2m | tests/unit/free-api-router.test.js[2m > [22m[2mFreeApiRouter[2m > [22m[2mProxy with Credentials[2m > [22m[2mshould use proxy with username and password
[22m[39m[2m07:51:27[0m [36m🔵[0m [0m[38;5;208m[free-api-router.js][0m[0m[0m[33m[FreeRouter][0m[0m Session default:default -> API Key 1/1[0m
[2m07:51:27[0m [36m🔵[0m [0m[38;5;208m[free-api-router.js][0m[0m[0m[33m[FreeRouter][0m[0m Initialized for session: default:default[0m
[2m07:51:27[0m [36m🔵[0m [0m[38;5;208m[free-api-router.js][0m[0m[0m[33m[FreeRouter][0m[0m API Keys: 1, Selected: 1[0m
[2m07:51:27[0m [36m🔵[0m [0m[38;5;208m[free-api-router.js][0m[0m[0m[33m[FreeRouter][0m[0m Primary model: test/model[0m
[2m07:51:27[0m [36m🔵[0m [0m[38;5;208m[free-api-router.js][0m[0m[0m[33m[FreeRouter][0m[0m Fallback models: 0[0m
[2m07:51:27[0m [36m🔵[0m [0m[38;5;208m[free-api-router.js][0m[0m[0m[33m[FreeRouter][0m[0m Timeout: default=60000ms, quick=20000ms[0m
[2m07:51:27[0m [36m🔵[0m [0m[38;5;208m[free-api-router.js][0m[0m[0m[33m[FreeRouter][0m[0m Proxy enabled: 1 proxies[0m
[2m07:51:27[0m [36m🔵[0m [0m[38;5;208m[free-api-router.js][0m[0m[0m[33m[FreeRouter][0m[0m Advanced features: CircuitBreaker, RateLimitTracker, RequestDedupe, ModelPerfTracker, ApiKeyTimeoutTracker[0m

[90mstdout[2m | tests/unit/free-api-router.test.js[2m > [22m[2mFreeApiRouter[2m > [22m[2mEmpty working array with config models[2m > [22m[2mshould use only configured models when working is empty array
[22m[39m[2m07:51:27[0m [36m🔵[0m [0m[38;5;208m[free-api-router.js][0m[0m[0m[33m[FreeRouter][0m[0m Session default:default -> API Key 1/1[0m
[2m07:51:27[0m [36m🔵[0m [0m[38;5;208m[free-api-router.js][0m[0m[0m[33m[FreeRouter][0m[0m Initialized for session: default:default[0m
[2m07:51:27[0m [36m🔵[0m [0m[38;5;208m[free-api-router.js][0m[0m[0m[33m[FreeRouter][0m[0m API Keys: 1, Selected: 1[0m
[2m07:51:27[0m [36m🔵[0m [0m[38;5;208m[free-api-router.js][0m[0m[0m[33m[FreeRouter][0m[0m Primary model: configured1[0m
[2m07:51:27[0m [36m🔵[0m [0m[38;5;208m[free-api-router.js][0m[0m[0m[33m[FreeRouter][0m[0m Fallback models: 2[0m
[2m07:51:27[0m [36m🔵[0m [0m[38;5;208m[free-api-router.js][0m[0m[0m[33m[FreeRouter][0m[0m Timeout: default=60000ms, quick=20000ms[0m
[2m07:51:27[0m [36m🔵[0m [0m[38;5;208m[free-api-router.js][0m[0m[0m[33m[FreeRouter][0m[0m Advanced features: CircuitBreaker, RateLimitTracker, RequestDedupe, ModelPerfTracker, ApiKeyTimeoutTracker[0m
[2m07:51:27[0m [36m🔵[0m [0m[38;5;208m[free-api-router.js][0m[0m[0m[33m[FreeRouter][0m[0m processRequest: calling _tryModelWithKey[0m
[2m07:51:27[0m [36m🔵[0m [0m[38;5;208m[free-api-router.js][0m[0m[0m[33m[FreeRouter][0m[0m No test results available, using 3 configured models[0m
[2m07:51:27[0m [36m🔵[0m [0m[38;5;208m[free-api-router.js][0m[0m[0m[33m[FreeRouter][0m[0m Attempt 1/3: Trying model configured1[0m
[2m07:51:27[0m [36m🔵[0m [0m[38;5;208m[free-api-router.js][0m[0m[0m[33m[FreeRouter][0m[0m _tryModelWithKey: model=configured1[0m
[2m07:51:27[0m [36m🔵[0m [0m[38;5;208m[free-api-router.js][0m[0m[0m[33m[FreeRouter][0m[0m _tryModelWithKey: proxy=null[0m
[2m07:51:27[0m [36m🔵[0m [0m[38;5;208m[free-api-router.js][0m[0m[0m[33m[FreeRouter][0m[0m _callDirect: starting request to configured1[0m

[90mstdout[2m | tests/unit/free-api-router.test.js[2m > [22m[2mFreeApiRouter[2m > [22m[2mEmpty working array with config models[2m > [22m[2mshould use only configured models when working is empty array
[22m[39m[2m07:51:27[0m [90m⚪[0m [0m[38;5;208m[free-api-router.js][0m[0m[0m[33m[FreeRouter][0m[0m Response received [95m(8 chars)[0m[0m: response...[0m

[90mstdout[2m | tests/unit/free-api-router.test.js[2m > [22m[2mFreeApiRouter[2m > [22m[2mEmpty working array with config models[2m > [22m[2mshould use only configured models when working is empty array
[22m[39m[2m07:51:27[0m [90m⚪[0m [0m[38;5;208m[model-perf-tracker.js][0m[0m[0m[33m[ModelPerfTracker][0m[0m configured1::test-key success [95m(1/1, 1ms avg)[0m[0m[0m
[2m07:51:27[0m [90m⚪[0m [0m[38;5;208m[request-dedupe.js][0m[0m[0m[33m[RequestDedupe][0m[0m Cached response for key -6655e31[0m

[90mstdout[2m | tests/unit/free-api-router.test.js[2m > [22m[2mFreeApiRouter[2m > [22m[2mDirect fallback failure path[2m > [22m[2mshould handle direct fallback when proxy fails but fallbackToDirect disabled
[22m[39m[2m07:51:27[0m [36m🔵[0m [0m[38;5;208m[free-api-router.js][0m[0m[0m[33m[FreeRouter][0m[0m Session default:default -> API Key 1/1[0m
[2m07:51:27[0m [36m🔵[0m [0m[38;5;208m[free-api-router.js][0m[0m[0m[33m[FreeRouter][0m[0m Initialized for session: default:default[0m
[2m07:51:27[0m [36m🔵[0m [0m[38;5;208m[free-api-router.js][0m[0m[0m[33m[FreeRouter][0m[0m API Keys: 1, Selected: 1[0m
[2m07:51:27[0m [36m🔵[0m [0m[38;5;208m[free-api-router.js][0m[0m[0m[33m[FreeRouter][0m[0m Primary model: test/model[0m
[2m07:51:27[0m [36m🔵[0m [0m[38;5;208m[free-api-router.js][0m[0m[0m[33m[FreeRouter][0m[0m Fallback models: 0[0m
[2m07:51:27[0m [36m🔵[0m [0m[38;5;208m[free-api-router.js][0m[0m[0m[33m[FreeRouter][0m[0m Timeout: default=60000ms, quick=20000ms[0m
[2m07:51:27[0m [36m🔵[0m [0m[38;5;208m[free-api-router.js][0m[0m[0m[33m[FreeRouter][0m[0m Proxy enabled: 1 proxies[0m
[2m07:51:27[0m [36m🔵[0m [0m[38;5;208m[free-api-router.js][0m[0m[0m[33m[FreeRouter][0m[0m Advanced features: CircuitBreaker, RateLimitTracker, RequestDedupe, ModelPerfTracker, ApiKeyTimeoutTracker[0m
[2m07:51:27[0m [36m🔵[0m [0m[38;5;208m[free-api-router.js][0m[0m[0m[33m[FreeRouter][0m[0m processRequest: calling _tryModelWithKey[0m
[2m07:51:27[0m [36m🔵[0m [0m[38;5;208m[free-api-router.js][0m[0m[0m[33m[FreeRouter][0m[0m No test results available, using 1 configured models[0m
[2m07:51:27[0m [36m🔵[0m [0m[38;5;208m[free-api-router.js][0m[0m[0m[33m[FreeRouter][0m[0m Attempt 1/3: Trying model test/model[0m
[2m07:51:27[0m [36m🔵[0m [0m[38;5;208m[free-api-router.js][0m[0m[0m[33m[FreeRouter][0m[0m _tryModelWithKey: model=test/model[0m
[2m07:51:27[0m [36m🔵[0m [0m[38;5;208m[free-api-router.js][0m[0m[0m[33m[FreeRouter][0m[0m _tryModelWithKey: proxy=proxy1:8080[0m

[90mstdout[2m | tests/unit/free-api-router.test.js[2m > [22m[2mFreeApiRouter[2m > [22m[2mDirect fallback failure path[2m > [22m[2mshould handle direct fallback when proxy fails but fallbackToDirect disabled
[22m[39m[2m07:51:27[0m [33m🟡[0m [0m[38;5;208m[free-api-router.js][0m[33m[0m[33m[FreeRouter][0m[33m Model test/model failed: Error[0m
[2m07:51:27[0m [90m⚪[0m [0m[38;5;208m[model-perf-tracker.js][0m[0m[0m[33m[ModelPerfTracker][0m[0m test/model::test-key failure [95m(1/1, error: Error...)[0m[0m[0m

[90mstdout[2m | tests/unit/free-api-router.test.js[2m > [22m[2mFreeApiRouter[2m > [22m[2mCircuit breaker states[2m > [22m[2mshould skip model when circuit breaker is open
[22m[39m[2m07:51:27[0m [36m🔵[0m [0m[38;5;208m[free-api-router.js][0m[0m[0m[33m[FreeRouter][0m[0m Session default:default -> API Key 1/1[0m
[2m07:51:27[0m [36m🔵[0m [0m[38;5;208m[free-api-router.js][0m[0m[0m[33m[FreeRouter][0m[0m Initialized for session: default:default[0m
[2m07:51:27[0m [36m🔵[0m [0m[38;5;208m[free-api-router.js][0m[0m[0m[33m[FreeRouter][0m[0m API Keys: 1, Selected: 1[0m
[2m07:51:27[0m [36m🔵[0m [0m[38;5;208m[free-api-router.js][0m[0m[0m[33m[FreeRouter][0m[0m Primary model: model1[0m
[2m07:51:27[0m [36m🔵[0m [0m[38;5;208m[free-api-router.js][0m[0m[0m[33m[FreeRouter][0m[0m Fallback models: 1[0m
[2m07:51:27[0m [36m🔵[0m [0m[38;5;208m[free-api-router.js][0m[0m[0m[33m[FreeRouter][0m[0m Timeout: default=60000ms, quick=20000ms[0m
[2m07:51:27[0m [36m🔵[0m [0m[38;5;208m[free-api-router.js][0m[0m[0m[33m[FreeRouter][0m[0m Advanced features: CircuitBreaker, RateLimitTracker, RequestDedupe, ModelPerfTracker, ApiKeyTimeoutTracker[0m
[2m07:51:27[0m [36m🔵[0m [0m[38;5;208m[free-api-router.js][0m[0m[0m[33m[FreeRouter][0m[0m processRequest: calling _tryModelWithKey[0m
[2m07:51:27[0m [36m🔵[0m [0m[38;5;208m[free-api-router.js][0m[0m[0m[33m[FreeRouter][0m[0m No test results available, using 2 configured models[0m
[2m07:51:27[0m [33m🟡[0m [0m[38;5;208m[free-api-router.js][0m[33m[0m[33m[FreeRouter][0m[33m Circuit open for model1, skipping[0m
[2m07:51:27[0m [33m🟡[0m [0m[38;5;208m[free-api-router.js][0m[33m[0m[33m[FreeRouter][0m[33m Circuit open for model2, skipping[0m

[90mstdout[2m | tests/unit/free-api-router.test.js[2m > [22m[2mFreeApiRouter[2m > [22m[2mAdditional uncovered areas[2m > [22m[2mshould use fallback models when no test results and multiple fallbacks configured
[22m[39m[2m07:51:27[0m [36m🔵[0m [0m[38;5;208m[free-api-router.js][0m[0m[0m[33m[FreeRouter][0m[0m Session default:default -> API Key 1/1[0m
[2m07:51:27[0m [36m🔵[0m [0m[38;5;208m[free-api-router.js][0m[0m[0m[33m[FreeRouter][0m[0m Initialized for session: default:default[0m
[2m07:51:27[0m [36m🔵[0m [0m[38;5;208m[free-api-router.js][0m[0m[0m[33m[FreeRouter][0m[0m API Keys: 1, Selected: 1[0m
[2m07:51:27[0m [36m🔵[0m [0m[38;5;208m[free-api-router.js][0m[0m[0m[33m[FreeRouter][0m[0m Primary model: primary1[0m
[2m07:51:27[0m [36m🔵[0m [0m[38;5;208m[free-api-router.js][0m[0m[0m[33m[FreeRouter][0m[0m Fallback models: 3[0m
[2m07:51:27[0m [36m🔵[0m [0m[38;5;208m[free-api-router.js][0m[0m[0m[33m[FreeRouter][0m[0m Timeout: default=60000ms, quick=20000ms[0m
[2m07:51:27[0m [36m🔵[0m [0m[38;5;208m[free-api-router.js][0m[0m[0m[33m[FreeRouter][0m[0m Advanced features: CircuitBreaker, RateLimitTracker, RequestDedupe, ModelPerfTracker, ApiKeyTimeoutTracker[0m
[2m07:51:27[0m [36m🔵[0m [0m[38;5;208m[free-api-router.js][0m[0m[0m[33m[FreeRouter][0m[0m processRequest: calling _tryModelWithKey[0m
[2m07:51:27[0m [36m🔵[0m [0m[38;5;208m[free-api-router.js][0m[0m[0m[33m[FreeRouter][0m[0m No test results available, using 4 configured models[0m
[2m07:51:27[0m [36m🔵[0m [0m[38;5;208m[free-api-router.js][0m[0m[0m[33m[FreeRouter][0m[0m Attempt 1/3: Trying model primary1[0m
[2m07:51:27[0m [36m🔵[0m [0m[38;5;208m[free-api-router.js][0m[0m[0m[33m[FreeRouter][0m[0m _tryModelWithKey: model=primary1[0m
[2m07:51:27[0m [36m🔵[0m [0m[38;5;208m[free-api-router.js][0m[0m[0m[33m[FreeRouter][0m[0m _tryModelWithKey: proxy=null[0m
[2m07:51:27[0m [36m🔵[0m [0m[38;5;208m[free-api-router.js][0m[0m[0m[33m[FreeRouter][0m[0m _callDirect: starting request to primary1[0m

[90mstdout[2m | tests/unit/free-api-router.test.js[2m > [22m[2mFreeApiRouter[2m > [22m[2mAdditional uncovered areas[2m > [22m[2mshould use fallback models when no test results and multiple fallbacks configured
[22m[39m[2m07:51:27[0m [90m⚪[0m [0m[38;5;208m[free-api-router.js][0m[0m[0m[33m[FreeRouter][0m[0m Response received [95m(8 chars)[0m[0m: response...[0m

[90mstdout[2m | tests/unit/free-api-router.test.js[2m > [22m[2mFreeApiRouter[2m > [22m[2mAdditional uncovered areas[2m > [22m[2mshould use fallback models when no test results and multiple fallbacks configured
[22m[39m[2m07:51:27[0m [90m⚪[0m [0m[38;5;208m[model-perf-tracker.js][0m[0m[0m[33m[ModelPerfTracker][0m[0m primary1::test-key success [95m(1/1, 2ms avg)[0m[0m[0m
[2m07:51:27[0m [90m⚪[0m [0m[38;5;208m[request-dedupe.js][0m[0m[0m[33m[RequestDedupe][0m[0m Cached response for key 4a132148[0m

[90mstdout[2m | tests/unit/free-api-router.test.js[2m > [22m[2mFreeApiRouter[2m > [22m[2mAdditional uncovered areas[2m > [22m[2mshould track circuit breaks when circuit breaker is open
[22m[39m[2m07:51:27[0m [36m🔵[0m [0m[38;5;208m[free-api-router.js][0m[0m[0m[33m[FreeRouter][0m[0m Session default:default -> API Key 1/1[0m
[2m07:51:27[0m [36m🔵[0m [0m[38;5;208m[free-api-router.js][0m[0m[0m[33m[FreeRouter][0m[0m Initialized for session: default:default[0m
[2m07:51:27[0m [36m🔵[0m [0m[38;5;208m[free-api-router.js][0m[0m[0m[33m[FreeRouter][0m[0m API Keys: 1, Selected: 1[0m
[2m07:51:27[0m [36m🔵[0m [0m[38;5;208m[free-api-router.js][0m[0m[0m[33m[FreeRouter][0m[0m Primary model: model1[0m
[2m07:51:27[0m [36m🔵[0m [0m[38;5;208m[free-api-router.js][0m[0m[0m[33m[FreeRouter][0m[0m Fallback models: 1[0m
[2m07:51:27[0m [36m🔵[0m [0m[38;5;208m[free-api-router.js][0m[0m[0m[33m[FreeRouter][0m[0m Timeout: default=60000ms, quick=20000ms[0m
[2m07:51:27[0m [36m🔵[0m [0m[38;5;208m[free-api-router.js][0m[0m[0m[33m[FreeRouter][0m[0m Advanced features: CircuitBreaker, RateLimitTracker, RequestDedupe, ModelPerfTracker, ApiKeyTimeoutTracker[0m
[2m07:51:27[0m [36m🔵[0m [0m[38;5;208m[free-api-router.js][0m[0m[0m[33m[FreeRouter][0m[0m processRequest: calling _tryModelWithKey[0m
[2m07:51:27[0m [36m🔵[0m [0m[38;5;208m[free-api-router.js][0m[0m[0m[33m[FreeRouter][0m[0m No test results available, using 2 configured models[0m
[2m07:51:27[0m [33m🟡[0m [0m[38;5;208m[free-api-router.js][0m[33m[0m[33m[FreeRouter][0m[33m Circuit open for model1, skipping[0m
[2m07:51:27[0m [33m🟡[0m [0m[38;5;208m[free-api-router.js][0m[33m[0m[33m[FreeRouter][0m[33m Circuit open for model2, skipping[0m

[33m[39m[32m·[39m[33m[39m[32m·[39m[33m[39m[32m·[39m[33m[39m[32m·[39m[33m[39m[32m·[39m[33m[39m[32m·[39m[33m[39m[32m·[39m[33m[39m[32m·[39m[33m[39m[32m·[39m[33m[39m[32m·[39m[33m[39m[32m·[39m[33m[39m[32m·[39m[33m[39m[32m·[39m[33m[39m[32m·[39m[33m[39m[32m·[39m[33m[39m[32m·[39m[33m[39m[32m·[39m[33m[39m[32m·[39m[33m[39m[32m·[39m[33m[39m[32m·[39m[33m[39m[32m·[39m[90mstdout[2m | tests/unit/free-api-router.test.js[2m > [22m[2mFreeApiRouter[2m > [22m[2mAdditional uncovered areas[2m > [22m[2mshould return all configured models in getModelsInfo
[22m[39m[2m07:51:27[0m [36m🔵[0m [0m[38;5;208m[free-api-router.js][0m[0m[0m[33m[FreeRouter][0m[0m Session default:default -> API Key 1/1[0m
[2m07:51:27[0m [36m🔵[0m [0m[38;5;208m[free-api-router.js][0m[0m[0m[33m[FreeRouter][0m[0m Initialized for session: default:default[0m
[2m07:51:27[0m [36m🔵[0m [0m[38;5;208m[free-api-router.js][0m[0m[0m[33m[FreeRouter][0m[0m API Keys: 1, Selected: 1[0m
[2m07:51:27[0m [36m🔵[0m [0m[38;5;208m[free-api-router.js][0m[0m[0m[33m[FreeRouter][0m[0m Primary model: primary[0m
[2m07:51:27[0m [36m🔵[0m [0m[38;5;208m[free-api-router.js][0m[0m[0m[33m[FreeRouter][0m[0m Fallback models: 2[0m
[2m07:51:27[0m [36m🔵[0m [0m[38;5;208m[free-api-router.js][0m[0m[0m[33m[FreeRouter][0m[0m Timeout: default=60000ms, quick=20000ms[0m
[2m07:51:27[0m [36m🔵[0m [0m[38;5;208m[free-api-router.js][0m[0m[0m[33m[FreeRouter][0m[0m Advanced features: CircuitBreaker, RateLimitTracker, RequestDedupe, ModelPerfTracker, ApiKeyTimeoutTracker[0m

[33m[39m[32m·[39m[33m[39m[32m·[39m[33m[39m[32m·[39m[33m[39m[32m·[39m[33m[39m[32m·[39m[33m[39m[32m·[39m[33m[39m[32m·[39m[33m[39m[32m·[39m[90mstdout[2m | tests/unit/async-queue.test.js[2m > [22m[2mCoverage Gap Tests[2m > [22m[2mDiveQueue - addDive() with fallback[2m > [22m[2mshould handle timeout in primary function
[22m[39m[2m07:51:27[0m [36m🔵[0m [0m[38;5;208m[async-queue.js][0m[0m[0m[33m[AsyncQueue][0m[0m ✓ Completed task: task1 in 108ms[0m

[90mstdout[2m | tests/unit/async-queue.test.js[2m > [22m[2mCoverage Gap Tests[2m > [22m[2mDiveQueue - addDive() with fallback[2m > [22m[2mshould handle timeout in primary function
[22m[39m[2m07:51:27[0m [33m🟡[0m [0m[38;5;208m[async-queue.js][0m[33m[0m[33m[AsyncQueue][0m[33m ⚠ Task timeout reached: 50ms for timeout-dive[0m

[90mstdout[2m | tests/unit/async-queue.test.js[2m > [22m[2mCoverage Gap Tests[2m > [22m[2mDiveQueue - addDive() with fallback[2m > [22m[2mshould handle timeout in primary function
[22m[39m[2m07:51:27[0m [33m🟡[0m [0m[38;5;208m[async-queue.js][0m[33m[0m[33m[AsyncQueue][0m[33m ⚠ Task timed out: timeout-dive after 59ms[0m

[90mstdout[2m | tests/unit/async-queue.test.js[2m > [22m[2mCoverage Gap Tests[2m > [22m[2mDiveQueue - addDive() with fallback[2m > [22m[2mshould handle timeout in primary function
[22m[39m[2m07:51:27[0m [33m🟡[0m [0m[38;5;208m[async-queue.js][0m[33m[0m[33m[DiveQueue][0m[33m Dive timeout reached: 50ms for timeout-dive[0m

[90mstdout[2m | tests/unit/async-queue.test.js[2m > [22m[2mCoverage Gap Tests[2m > [22m[2mDiveQueue - addDive() with fallback[2m > [22m[2mshould handle timeout in primary function
[22m[39m[2m07:51:27[0m [33m🟡[0m [0m[38;5;208m[async-queue.js][0m[33m[0m[33m[DiveQueue][0m[33m Dive failed: dive_timeout, checking fallback...[0m

[90mstdout[2m | tests/unit/async-queue.test.js[2m > [22m[2mCoverage Gap Tests[2m > [22m[2mDiveQueue - addDive() with fallback[2m > [22m[2mshould handle timeout in primary function
[22m[39m[2m07:51:27[0m [36m🔵[0m [0m[38;5;208m[async-queue.js][0m[0m[0m[33m[AsyncQueue][0m[0m ✓ Completed task: task1 in 107ms[0m

[33m[39m[32m·[39m[33m[39m[32m·[39m[33m[39m[32m·[39m[33m[39m[32m·[39m[33m[39m[32m·[39m[33m[39m[32m·[39m[33m[39m[32m·[39m[33m[39m[32m·[39m[33m[39m[32m·[39m[33m[39m[32m·[39m[33m[39m[32m·[39m[33m[39m[32m·[39m[33m[39m[32m·[39m[33m[39m[32m·[39m[33m[39m[32m·[39m[33m[39m[32m·[39m[33m[39m[32m·[39m[33m[39m[32m·[39m[33m[39m[32m·[39m[33m[39m[32m·[39m[33m[39m[32m·[39m[33m[39m[32m·[39m[33m[39m[32m·[39m[33m[39m[32m·[39m[33m[39m[32m·[39m[33m[39m[32m·[39m[33m[39m[32m·[39m[33m[39m[32m·[39m[33m[39m[32m·[39m[33m[39m[32m·[39m[33m[39m[32m·[39m[33m[39m[32m·[39m[33m[39m[32m·[39m[33m[39m[32m·[39m[33m[39m[32m·[39m[33m[39m[32m·[39m[33m[39m[32m·[39m[33m[39m[32m·[39m[33m[39m[32m·[39m[33m[39m[32m·[39m[33m[39m[32m·[39m[33m[39m[32m·[39m[33m[39m[32m·[39m[33m[39m[32m·[39m[33m[39m[32m·[39m[33m[39m[32m·[39m[33m[39m[32m·[39m[33m[39m[32m·[39m[33m[39m[32m·[39m[33m[39m[32m·[39m[33m[39m[32m·[39m[33m[39m[32m·[39m[90mstdout[2m | tests/unit/urlReferrer.test.js[2m > [22m[2mReferrerEngine[2m > [22m[2mTrampoline Navigation[2m > [22m[2mshould use simple goto for direct traffic
[22m[39m[ReferrerEngine] Strategy: direct
[ReferrerEngine] Target: https://target.com/
[ReferrerEngine] Spoofed Origin: (Direct)

[90mstdout[2m | tests/unit/urlReferrer.test.js[2m > [22m[2mReferrerEngine[2m > [22m[2mTrampoline Navigation[2m > [22m[2mshould use trampoline for complex traffic
[22m[39m[ReferrerEngine] Strategy: google_search
[ReferrerEngine] Target: https://target.com/?utm_source=google&utm_medium=organic
[ReferrerEngine] Spoofed Origin: https://www.google.com/search?q=technology%20update&sourceid=chrome&ie=UTF-8&ved=0ahUKEwidhIC1qL2RAxWY1zgGHToAHtsQ39UDCA0&ei=4TKC0ztRyT6g

[90mstdout[2m | tests/unit/urlReferrer.test.js[2m > [22m[2mReferrerEngine[2m > [22m[2mTrampoline Navigation[2m > [22m[2mshould fallback to direct goto on trampoline error
[22m[39m[ReferrerEngine] Strategy: google_search
[ReferrerEngine] Target: https://target.com/?utm_source=google&utm_medium=organic
[ReferrerEngine] Spoofed Origin: https://www.google.com/search?q=technology%20update&sourceid=chrome&ie=UTF-8&ved=0ahUKEwidhIC1qL2RAxWY1zgGHToAHtsQ39UDCA0&ei=3uKFwEoVpeu2

[33m[39m[32m·[39m[33m[39m[32m·[39m[33m[39m[32m·[39m[33m[39m[32m·[39m[33m[39m[32m·[39m[33m[39m[32m·[39m[33m[39m[32m·[39m[33m[39m[32m·[39m[33m[39m[32m·[39m[33m[39m[32m·[39m[33m[39m[32m·[39m[33m[39m[32m·[39m[33m[39m[32m·[39m[33m[39m[32m·[39m[33m[39m[32m·[39m[33m[39m[32m·[39m[33m[39m[32m·[39m[33m[39m[32m·[39m[33m[39m[32m·[39m[33m[39m[32m·[39m[90mstdout[2m | tests/unit/request-dedupe.test.js[2m > [22m[2mrequest-dedupe.js[2m > [22m[2mset[2m > [22m[2mshould cache response
[22m[39m[2m07:51:27[0m [90m⚪[0m [0m[38;5;208m[request-dedupe.js][0m[0m[0m[33m[RequestDedupe][0m[0m Cached response for key 3b165a5[0m
[2m07:51:27[0m [90m⚪[0m [0m[38;5;208m[request-dedupe.js][0m[0m[0m[33m[RequestDedupe][0m[0m Cache hit for key 3b165a5[0m

[90mstdout[2m | tests/unit/request-dedupe.test.js[2m > [22m[2mrequest-dedupe.js[2m > [22m[2mset[2m > [22m[2mshould not cache empty responses
[22m[39m[2m07:51:27[0m [90m⚪[0m [0m[38;5;208m[request-dedupe.js][0m[0m[0m[33m[RequestDedupe][0m[0m Not caching empty response[0m

[90mstdout[2m | tests/unit/request-dedupe.test.js[2m > [22m[2mrequest-dedupe.js[2m > [22m[2mset[2m > [22m[2mshould not cache whitespace-only responses
[22m[39m[2m07:51:27[0m [90m⚪[0m [0m[38;5;208m[request-dedupe.js][0m[0m[0m[33m[RequestDedupe][0m[0m Not caching empty response[0m

[90mstdout[2m | tests/unit/request-dedupe.test.js[2m > [22m[2mrequest-dedupe.js[2m > [22m[2mset[2m > [22m[2mshould update cache with new response
[22m[39m[2m07:51:27[0m [90m⚪[0m [0m[38;5;208m[request-dedupe.js][0m[0m[0m[33m[RequestDedupe][0m[0m Cached response for key 3b165a5[0m
[2m07:51:27[0m [90m⚪[0m [0m[38;5;208m[request-dedupe.js][0m[0m[0m[33m[RequestDedupe][0m[0m Cached response for key 3b165a5[0m
[2m07:51:27[0m [90m⚪[0m [0m[38;5;208m[request-dedupe.js][0m[0m[0m[33m[RequestDedupe][0m[0m Cache hit for key 3b165a5[0m

[90mstdout[2m | tests/unit/request-dedupe.test.js[2m > [22m[2mrequest-dedupe.js[2m > [22m[2mcache eviction[2m > [22m[2mshould evict oldest entry when cache is full
[22m[39m[2m07:51:27[0m [90m⚪[0m [0m[38;5;208m[request-dedupe.js][0m[0m[0m[33m[RequestDedupe][0m[0m Cached response for key 2004edf6[0m
[2m07:51:27[0m [90m⚪[0m [0m[38;5;208m[request-dedupe.js][0m[0m[0m[33m[RequestDedupe][0m[0m Cached response for key 1e2b795[0m
[2m07:51:27[0m [90m⚪[0m [0m[38;5;208m[request-dedupe.js][0m[0m[0m[33m[RequestDedupe][0m[0m Cached response for key -1c3f7ec[0m
[2m07:51:27[0m [33m🟡[0m [0m[38;5;208m[request-dedupe.js][0m[33m[0m[33m[RequestDedupe][0m[33m Cache full, oldest entry evicted[0m

[90mstdout[2m | tests/unit/request-dedupe.test.js[2m > [22m[2mrequest-dedupe.js[2m > [22m[2mclear[2m > [22m[2mshould clear all cached entries
[22m[39m[2m07:51:27[0m [90m⚪[0m [0m[38;5;208m[request-dedupe.js][0m[0m[0m[33m[RequestDedupe][0m[0m Cached response for key 3b165a5[0m
[2m07:51:27[0m [36m🔵[0m [0m[38;5;208m[request-dedupe.js][0m[0m[0m[33m[RequestDedupe][0m[0m Cache cleared[0m

[90mstdout[2m | tests/unit/request-dedupe.test.js[2m > [22m[2mrequest-dedupe.js[2m > [22m[2mgetStats[2m > [22m[2mshould return statistics
[22m[39m[2m07:51:27[0m [90m⚪[0m [0m[38;5;208m[request-dedupe.js][0m[0m[0m[33m[RequestDedupe][0m[0m Cached response for key 3b165a5[0m
[2m07:51:27[0m [90m⚪[0m [0m[38;5;208m[request-dedupe.js][0m[0m[0m[33m[RequestDedupe][0m[0m Cache hit for key 3b165a5[0m

[90mstdout[2m | tests/unit/request-dedupe.test.js[2m > [22m[2mrequest-dedupe.js[2m > [22m[2mgetStats[2m > [22m[2mshould calculate hit rate correctly
[22m[39m[2m07:51:27[0m [90m⚪[0m [0m[38;5;208m[request-dedupe.js][0m[0m[0m[33m[RequestDedupe][0m[0m Cached response for key 3b165a5[0m
[2m07:51:27[0m [90m⚪[0m [0m[38;5;208m[request-dedupe.js][0m[0m[0m[33m[RequestDedupe][0m[0m Cache hit for key 3b165a5[0m

[90mstdout[2m | tests/unit/request-dedupe.test.js[2m > [22m[2mrequest-dedupe.js[2m > [22m[2mprune[2m > [22m[2mshould remove expired entries
[22m[39m[2m07:51:27[0m [90m⚪[0m [0m[38;5;208m[request-dedupe.js][0m[0m[0m[33m[RequestDedupe][0m[0m Cached response for key 3b165a5[0m

[90mstdout[2m | tests/unit/free-api-router.test.js[2m > [22m[2mFreeApiRouter[2m > [22m[2mAdditional uncovered areas[2m > [22m[2mshould handle getResults returning null working array
[22m[39m[2m07:51:27[0m [36m🔵[0m [0m[38;5;208m[free-api-router.js][0m[0m[0m[33m[FreeRouter][0m[0m Session default:default -> API Key 1/1[0m
[2m07:51:27[0m [36m🔵[0m [0m[38;5;208m[free-api-router.js][0m[0m[0m[33m[FreeRouter][0m[0m Initialized for session: default:default[0m
[2m07:51:27[0m [36m🔵[0m [0m[38;5;208m[free-api-router.js][0m[0m[0m[33m[FreeRouter][0m[0m API Keys: 1, Selected: 1[0m
[2m07:51:27[0m [36m🔵[0m [0m[38;5;208m[free-api-router.js][0m[0m[0m[33m[FreeRouter][0m[0m Primary model: primary[0m
[2m07:51:27[0m [36m🔵[0m [0m[38;5;208m[free-api-router.js][0m[0m[0m[33m[FreeRouter][0m[0m Fallback models: 1[0m
[2m07:51:27[0m [36m🔵[0m [0m[38;5;208m[free-api-router.js][0m[0m[0m[33m[FreeRouter][0m[0m Timeout: default=60000ms, quick=20000ms[0m
[2m07:51:27[0m [36m🔵[0m [0m[38;5;208m[free-api-router.js][0m[0m[0m[33m[FreeRouter][0m[0m Advanced features: CircuitBreaker, RateLimitTracker, RequestDedupe, ModelPerfTracker, ApiKeyTimeoutTracker[0m

[90mstdout[2m | tests/unit/free-api-router.test.js[2m > [22m[2mFreeApiRouter[2m > [22m[2mAdditional uncovered areas[2m > [22m[2mshould log progress when retrying with more models remaining
[22m[39m[2m07:51:27[0m [36m🔵[0m [0m[38;5;208m[free-api-router.js][0m[0m[0m[33m[FreeRouter][0m[0m Session default:default -> API Key 1/1[0m
[2m07:51:27[0m [36m🔵[0m [0m[38;5;208m[free-api-router.js][0m[0m[0m[33m[FreeRouter][0m[0m Initialized for session: default:default[0m
[2m07:51:27[0m [36m🔵[0m [0m[38;5;208m[free-api-router.js][0m[0m[0m[33m[FreeRouter][0m[0m API Keys: 1, Selected: 1[0m
[2m07:51:27[0m [36m🔵[0m [0m[38;5;208m[free-api-router.js][0m[0m[0m[33m[FreeRouter][0m[0m Primary model: model1[0m
[2m07:51:27[0m [36m🔵[0m [0m[38;5;208m[free-api-router.js][0m[0m[0m[33m[FreeRouter][0m[0m Fallback models: 2[0m
[2m07:51:27[0m [36m🔵[0m [0m[38;5;208m[free-api-router.js][0m[0m[0m[33m[FreeRouter][0m[0m Timeout: default=60000ms, quick=20000ms[0m
[2m07:51:27[0m [36m🔵[0m [0m[38;5;208m[free-api-router.js][0m[0m[0m[33m[FreeRouter][0m[0m Advanced features: CircuitBreaker, RateLimitTracker, RequestDedupe, ModelPerfTracker, ApiKeyTimeoutTracker[0m
[2m07:51:27[0m [36m🔵[0m [0m[38;5;208m[free-api-router.js][0m[0m[0m[33m[FreeRouter][0m[0m processRequest: calling _tryModelWithKey[0m
[2m07:51:27[0m [36m🔵[0m [0m[38;5;208m[free-api-router.js][0m[0m[0m[33m[FreeRouter][0m[0m No test results available, using 3 configured models[0m
[2m07:51:27[0m [36m🔵[0m [0m[38;5;208m[free-api-router.js][0m[0m[0m[33m[FreeRouter][0m[0m Attempt 1/3: Trying model model1[0m
[2m07:51:27[0m [36m🔵[0m [0m[38;5;208m[free-api-router.js][0m[0m[0m[33m[FreeRouter][0m[0m _tryModelWithKey: model=model1[0m
[2m07:51:27[0m [36m🔵[0m [0m[38;5;208m[free-api-router.js][0m[0m[0m[33m[FreeRouter][0m[0m _tryModelWithKey: proxy=null[0m
[2m07:51:27[0m [36m🔵[0m [0m[38;5;208m[free-api-router.js][0m[0m[0m[33m[FreeRouter][0m[0m _callDirect: starting request to model1[0m

[90mstdout[2m | tests/unit/free-api-router.test.js[2m > [22m[2mFreeApiRouter[2m > [22m[2mAdditional uncovered areas[2m > [22m[2mshould log progress when retrying with more models remaining
[22m[39m[2m07:51:27[0m [33m🟡[0m [0m[38;5;208m[free-api-router.js][0m[33m[0m[33m[FreeRouter][0m[33m Model model1 failed: Error[0m
[2m07:51:27[0m [90m⚪[0m [0m[38;5;208m[model-perf-tracker.js][0m[0m[0m[33m[ModelPerfTracker][0m[0m model1::test-key failure [95m(1/1, error: Error...)[0m[0m[0m
[2m07:51:27[0m [36m🔵[0m [0m[38;5;208m[free-api-router.js][0m[0m[0m[33m[FreeRouter][0m[0m Moving to next model. Progress: 1/3 attempts used, 2 models remaining[0m
[2m07:51:27[0m [36m🔵[0m [0m[38;5;208m[free-api-router.js][0m[0m[0m[33m[FreeRouter][0m[0m Attempt 2/3: Trying model model2[0m
[2m07:51:27[0m [36m🔵[0m [0m[38;5;208m[free-api-router.js][0m[0m[0m[33m[FreeRouter][0m[0m _tryModelWithKey: model=model2[0m
[2m07:51:27[0m [36m🔵[0m [0m[38;5;208m[free-api-router.js][0m[0m[0m[33m[FreeRouter][0m[0m _tryModelWithKey: proxy=null[0m
[2m07:51:27[0m [36m🔵[0m [0m[38;5;208m[free-api-router.js][0m[0m[0m[33m[FreeRouter][0m[0m _callDirect: starting request to model2[0m

[90mstdout[2m | tests/unit/free-api-router.test.js[2m > [22m[2mFreeApiRouter[2m > [22m[2mAdditional uncovered areas[2m > [22m[2mshould log progress when retrying with more models remaining
[22m[39m[2m07:51:27[0m [33m🟡[0m [0m[38;5;208m[free-api-router.js][0m[33m[0m[33m[FreeRouter][0m[33m Model model2 failed: Error[0m
[2m07:51:27[0m [90m⚪[0m [0m[38;5;208m[model-perf-tracker.js][0m[0m[0m[33m[ModelPerfTracker][0m[0m model2::test-key failure [95m(1/1, error: Error...)[0m[0m[0m
[2m07:51:27[0m [36m🔵[0m [0m[38;5;208m[free-api-router.js][0m[0m[0m[33m[FreeRouter][0m[0m Moving to next model. Progress: 2/3 attempts used, 1 models remaining[0m
[2m07:51:27[0m [36m🔵[0m [0m[38;5;208m[free-api-router.js][0m[0m[0m[33m[FreeRouter][0m[0m Attempt 3/3: Trying model model3[0m
[2m07:51:27[0m [36m🔵[0m [0m[38;5;208m[free-api-router.js][0m[0m[0m[33m[FreeRouter][0m[0m _tryModelWithKey: model=model3[0m
[2m07:51:27[0m [36m🔵[0m [0m[38;5;208m[free-api-router.js][0m[0m[0m[33m[FreeRouter][0m[0m _tryModelWithKey: proxy=null[0m
[2m07:51:27[0m [36m🔵[0m [0m[38;5;208m[free-api-router.js][0m[0m[0m[33m[FreeRouter][0m[0m _callDirect: starting request to model3[0m

[90mstdout[2m | tests/unit/free-api-router.test.js[2m > [22m[2mFreeApiRouter[2m > [22m[2mAdditional uncovered areas[2m > [22m[2mshould log progress when retrying with more models remaining
[22m[39m[2m07:51:27[0m [33m🟡[0m [0m[38;5;208m[free-api-router.js][0m[33m[0m[33m[FreeRouter][0m[33m Model model3 failed: Error[0m
[2m07:51:27[0m [90m⚪[0m [0m[38;5;208m[model-perf-tracker.js][0m[0m[0m[33m[ModelPerfTracker][0m[0m model3::test-key failure [95m(1/1, error: Error...)[0m[0m[0m

[90mstdout[2m | tests/unit/async-queue.test.js[2m > [22m[2mCoverage Gap Tests[2m > [22m[2mDiveQueue - addDive() with fallback[2m > [22m[2mshould use fallback when primary function rejects
[22m[39m[2m07:51:27[0m [36m🔵[0m [0m[38;5;208m[async-queue.js][0m[0m[0m[33m[AsyncQueue][0m[0m Initialized [95m(maxConcurrent: 1, maxQueueSize: 10, defaultTimeout: 10000ms)[0m[0m[0m
[2m07:51:27[0m [36m🔵[0m [0m[38;5;208m[async-queue.js][0m[0m[0m[33m[DiveQueue][0m[0m Initialized with engagement limits: {[93m"replies"[0m[0m:3,[93m"retweets"[0m[0m:1,[93m"quotes"[0m[0m:1,[93m"likes"[0m[0m:5,[93m"follows"[0m[0m:2,[93m"bookmarks"[0m[0m:2}[0m

[90mstdout[2m | tests/unit/async-queue.test.js[2m > [22m[2mCoverage Gap Tests[2m > [22m[2mDiveQueue - addDive() with fallback[2m > [22m[2mshould use fallback when primary function rejects
[22m[39m[2m07:51:27[0m [90m⚪[0m [0m[38;5;208m[async-queue.js][0m[0m[0m[33m[DiveQueue][0m[0m addDive called: error-dive, timeout: 10000ms[0m
[2m07:51:27[0m [90m⚪[0m [0m[38;5;208m[async-queue.js][0m[0m[0m[33m[AsyncQueue][0m[0m Starting task: error-dive [95m(queue: 0, active: 0/1)[0m[0m[0m
[2m07:51:27[0m [90m⚪[0m [0m[38;5;208m[async-queue.js][0m[0m[0m[33m[DiveQueue][0m[0m Starting dive function: error-dive[0m

[90mstdout[2m | tests/unit/async-queue.test.js[2m > [22m[2mCoverage Gap Tests[2m > [22m[2mDiveQueue - addDive() with fallback[2m > [22m[2mshould use fallback when primary function rejects
[22m[39m[2m07:51:27[0m [33m🟡[0m [0m[38;5;208m[async-queue.js][0m[33m[0m[33m[DiveQueue][0m[33m Dive failed: Primary failed, checking fallback...[0m

[90mstdout[2m | tests/unit/async-queue.test.js[2m > [22m[2mCoverage Gap Tests[2m > [22m[2mDiveQueue - addDive() with fallback[2m > [22m[2mshould use fallback when primary function rejects
[22m[39m[2m07:51:27[0m [36m🔵[0m [0m[38;5;208m[async-queue.js][0m[0m[0m[33m[AsyncQueue][0m[0m ✓ Completed task: error-dive in 0ms[0m

[90mstdout[2m | tests/unit/async-queue.test.js[2m > [22m[2mCoverage Gap Tests[2m > [22m[2mDiveQueue - addDive() with fallback[2m > [22m[2mshould not use fallback when fallbackEngagement is false
[22m[39m[2m07:51:27[0m [36m🔵[0m [0m[38;5;208m[async-queue.js][0m[0m[0m[33m[AsyncQueue][0m[0m Initialized [95m(maxConcurrent: 1, maxQueueSize: 10, defaultTimeout: 10000ms)[0m[0m[0m
[2m07:51:27[0m [36m🔵[0m [0m[38;5;208m[async-queue.js][0m[0m[0m[33m[DiveQueue][0m[0m Initialized with engagement limits: {[93m"replies"[0m[0m:3,[93m"retweets"[0m[0m:1,[93m"quotes"[0m[0m:1,[93m"likes"[0m[0m:5,[93m"follows"[0m[0m:2,[93m"bookmarks"[0m[0m:2}[0m

[90mstdout[2m | tests/unit/urlReferrer.test.js[2m > [22m[2mReferrerEngine[2m > [22m[2mnavigate method[2m > [22m[2mshould call trampolineNavigate for non-direct traffic
[22m[39m[ReferrerEngine] Strategy: google_search
[ReferrerEngine] Target: https://twitter.com/user/status/123?utm_source=google&utm_medium=organic
[ReferrerEngine] Spoofed Origin: https://www.google.com/search?q=what%20did%20user%20tweet&sourceid=chrome&ie=UTF-8&ved=0ahUKEwidhIC1qL2RAxWY1zgGHToAHtsQ39UDCA0&ei=LmshdqyMolwB

[90mstdout[2m | tests/unit/urlReferrer.test.js[2m > [22m[2mReferrerEngine[2m > [22m[2mtrampolineNavigate edge cases[2m > [22m[2mshould handle click timeout gracefully
[22m[39m[ReferrerEngine] Strategy: google_search
[ReferrerEngine] Target: https://target.com/?utm_source=google&utm_medium=organic
[ReferrerEngine] Spoofed Origin: https://www.google.com/search?q=technology%20update&sourceid=chrome&ie=UTF-8&ved=0ahUKEwidhIC1qL2RAxWY1zgGHToAHtsQ39UDCA0&ei=3LT4DMt9OdPv

[33m[39m[32m·[39m[33m[39m[32m·[39m[33m[39m[32m·[39m[33m[39m[32m·[39m[33m[39m[32m·[39m[33m[39m[32m·[39m[33m[39m[32m·[39m[33m[39m[32m·[39m[33m[39m[32m·[39m[33m[39m[32m·[39m[33m[39m[32m·[39m[33m[39m[32m·[39m[33m[39m[32m·[39m[33m[39m[32m·[39m[33m[39m[32m·[39m[33m[39m[32m·[39m[33m[39m[32m·[39m[33m[39m[32m·[39m[33m[39m[32m·[39m[33m[39m[32m·[39m[33m[39m[32m·[39m[33m[39m[32m·[39m[33m[39m[32m·[39m[33m[39m[32m·[39m[33m[39m[32m·[39m[33m[39m[32m·[39m[33m[39m[32m·[39m[33m[39m[32m·[39m[33m[39m[32m·[39m[33m[39m[32m·[39m[33m[39m[32m·[39m[33m[39m[32m·[39m[33m[39m[32m·[39m[33m[39m[32m·[39m[33m[39m[32m·[39m[33m[39m[32m·[39m[33m[39m[32m·[39m[33m[39m[32m·[39m[33m[39m[32m·[39m[33m[39m[32m·[39m[33m[39m[32m·[39m[33m[39m[32m·[39m[33m[39m[32m·[39m[33m[39m[32m·[39m[33m[39m[32m·[39m[33m[39m[32m·[39m[33m[39m[32m·[39m[33m[39m[32m·[39m[33m[39m[32m·[39m[33m[39m[32m·[39m[33m[39m[32m·[39m[33m[39m[32m·[39m[33m[39m[32m·[39m[33m[39m[32m·[39m[33m[39m[32m·[39m[33m[39m[32m·[39m[33m[39m[32m·[39m[33m[39m[32m·[39m[33m[39m[32m·[39m[33m[39m[32m·[39m[33m[39m[32m·[39m[33m[39m[32m·[39m[33m[39m[32m·[39m[90mstdout[2m | tests/unit/async-queue.test.js[2m > [22m[2mCoverage Gap Tests[2m > [22m[2mDiveQueue - addDive() with fallback[2m > [22m[2mshould not use fallback when fallbackEngagement is false
[22m[39m[2m07:51:27[0m [36m🔵[0m [0m[38;5;208m[async-queue.js][0m[0m[0m[33m[AsyncQueue][0m[0m Initialized [95m(maxConcurrent: 1, maxQueueSize: 30, defaultTimeout: 120000ms)[0m[0m[0m
[2m07:51:27[0m [36m🔵[0m [0m[38;5;208m[async-queue.js][0m[0m[0m[33m[DiveQueue][0m[0m Initialized with engagement limits: {[93m"replies"[0m[0m:3,[93m"retweets"[0m[0m:1,[93m"quotes"[0m[0m:1,[93m"likes"[0m[0m:5,[93m"follows"[0m[0m:2,[93m"bookmarks"[0m[0m:2}[0m
[2m07:51:27[0m [90m⚪[0m [0m[38;5;208m[async-queue.js][0m[0m[0m[33m[DiveQueue][0m[0m addDive called: no-fallback-dive, timeout: 120000ms[0m
[2m07:51:27[0m [90m⚪[0m [0m[38;5;208m[async-queue.js][0m[0m[0m[33m[AsyncQueue][0m[0m Starting task: no-fallback-dive [95m(queue: 0, active: 0/1)[0m[0m[0m
[2m07:51:27[0m [90m⚪[0m [0m[38;5;208m[async-queue.js][0m[0m[0m[33m[DiveQueue][0m[0m Starting dive function: no-fallback-dive[0m

[90mstdout[2m | tests/unit/async-queue.test.js[2m > [22m[2mCoverage Gap Tests[2m > [22m[2mDiveQueue - addDive() with fallback[2m > [22m[2mshould not use fallback when fallbackEngagement is false
[22m[39m[2m07:51:27[0m [33m🟡[0m [0m[38;5;208m[async-queue.js][0m[33m[0m[33m[DiveQueue][0m[33m Dive failed: Primary failed, checking fallback...[0m

[90mstdout[2m | tests/unit/async-queue.test.js[2m > [22m[2mCoverage Gap Tests[2m > [22m[2mDiveQueue - addDive() with fallback[2m > [22m[2mshould not use fallback when fallbackEngagement is false
[22m[39m[2m07:51:27[0m [36m🔵[0m [0m[38;5;208m[async-queue.js][0m[0m[0m[33m[AsyncQueue][0m[0m ✓ Completed task: no-fallback-dive in 1ms[0m

[90mstdout[2m | tests/unit/async-queue.test.js[2m > [22m[2mCoverage Gap Tests[2m > [22m[2mDiveQueue - addDive() with fallback[2m > [22m[2mshould handle both primary and fallback failing
[22m[39m[2m07:51:27[0m [36m🔵[0m [0m[38;5;208m[async-queue.js][0m[0m[0m[33m[AsyncQueue][0m[0m Initialized [95m(maxConcurrent: 1, maxQueueSize: 10, defaultTimeout: 10000ms)[0m[0m[0m
[2m07:51:27[0m [36m🔵[0m [0m[38;5;208m[async-queue.js][0m[0m[0m[33m[DiveQueue][0m[0m Initialized with engagement limits: {[93m"replies"[0m[0m:3,[93m"retweets"[0m[0m:1,[93m"quotes"[0m[0m:1,[93m"likes"[0m[0m:5,[93m"follows"[0m[0m:2,[93m"bookmarks"[0m[0m:2}[0m

[90mstdout[2m | tests/unit/async-queue.test.js[2m > [22m[2mCoverage Gap Tests[2m > [22m[2mDiveQueue - addDive() with fallback[2m > [22m[2mshould handle both primary and fallback failing
[22m[39m[2m07:51:27[0m [90m⚪[0m [0m[38;5;208m[async-queue.js][0m[0m[0m[33m[DiveQueue][0m[0m addDive called: both-fail-dive, timeout: 10000ms[0m
[2m07:51:27[0m [90m⚪[0m [0m[38;5;208m[async-queue.js][0m[0m[0m[33m[AsyncQueue][0m[0m Starting task: both-fail-dive [95m(queue: 0, active: 0/1)[0m[0m[0m
[2m07:51:27[0m [90m⚪[0m [0m[38;5;208m[async-queue.js][0m[0m[0m[33m[DiveQueue][0m[0m Starting dive function: both-fail-dive[0m

[90mstdout[2m | tests/unit/async-queue.test.js[2m > [22m[2mCoverage Gap Tests[2m > [22m[2mDiveQueue - addDive() with fallback[2m > [22m[2mshould handle both primary and fallback failing
[22m[39m[2m07:51:27[0m [33m🟡[0m [0m[38;5;208m[async-queue.js][0m[33m[0m[33m[DiveQueue][0m[33m Dive failed: Primary failed, checking fallback...[0m

[90mstdout[2m | tests/unit/async-queue.test.js[2m > [22m[2mCoverage Gap Tests[2m > [22m[2mDiveQueue - addDive() with fallback[2m > [22m[2mshould handle both primary and fallback failing
[22m[39m[2m07:51:27[0m [31m🔴[0m [0m[38;5;208m[async-queue.js][0m[31m[0m[33m[DiveQueue][0m[31m Fallback also failed: Fallback also failed[0m

[90mstdout[2m | tests/unit/async-queue.test.js[2m > [22m[2mCoverage Gap Tests[2m > [22m[2mDiveQueue - addDive() with fallback[2m > [22m[2mshould handle both primary and fallback failing
[22m[39m[2m07:51:27[0m [36m🔵[0m [0m[38;5;208m[async-queue.js][0m[0m[0m[33m[AsyncQueue][0m[0m ✓ Completed task: both-fail-dive in 1ms[0m

[90mstdout[2m | tests/unit/async-queue.test.js[2m > [22m[2mCoverage Gap Tests[2m > [22m[2mDiveQueue - addDive() with fallback[2m > [22m[2mshould handle successful dive
[22m[39m[2m07:51:27[0m [36m🔵[0m [0m[38;5;208m[async-queue.js][0m[0m[0m[33m[AsyncQueue][0m[0m Initialized [95m(maxConcurrent: 1, maxQueueSize: 10, defaultTimeout: 10000ms)[0m[0m[0m
[2m07:51:27[0m [36m🔵[0m [0m[38;5;208m[async-queue.js][0m[0m[0m[33m[DiveQueue][0m[0m Initialized with engagement limits: {[93m"replies"[0m[0m:3,[93m"retweets"[0m[0m:1,[93m"quotes"[0m[0m:1,[93m"likes"[0m[0m:5,[93m"follows"[0m[0m:2,[93m"bookmarks"[0m[0m:2}[0m

[90mstdout[2m | tests/unit/async-queue.test.js[2m > [22m[2mCoverage Gap Tests[2m > [22m[2mDiveQueue - addDive() with fallback[2m > [22m[2mshould handle successful dive
[22m[39m[2m07:51:27[0m [90m⚪[0m [0m[38;5;208m[async-queue.js][0m[0m[0m[33m[DiveQueue][0m[0m addDive called: success-dive, timeout: 10000ms[0m
[2m07:51:27[0m [90m⚪[0m [0m[38;5;208m[async-queue.js][0m[0m[0m[33m[AsyncQueue][0m[0m Starting task: success-dive [95m(queue: 0, active: 0/1)[0m[0m[0m
[2m07:51:27[0m [90m⚪[0m [0m[38;5;208m[async-queue.js][0m[0m[0m[33m[DiveQueue][0m[0m Starting dive function: success-dive[0m

[90mstdout[2m | tests/unit/async-queue.test.js[2m > [22m[2mCoverage Gap Tests[2m > [22m[2mDiveQueue - addDive() with fallback[2m > [22m[2mshould handle successful dive
[22m[39m[2m07:51:27[0m [90m⚪[0m [0m[38;5;208m[async-queue.js][0m[0m[0m[33m[DiveQueue][0m[0m Dive function completed: success-dive[0m

[90mstdout[2m | tests/unit/async-queue.test.js[2m > [22m[2mCoverage Gap Tests[2m > [22m[2mDiveQueue - addDive() with fallback[2m > [22m[2mshould handle successful dive
[22m[39m[2m07:51:27[0m [36m🔵[0m [0m[38;5;208m[async-queue.js][0m[0m[0m[33m[AsyncQueue][0m[0m ✓ Completed task: success-dive in 1ms[0m

[90mstdout[2m | tests/unit/async-queue.test.js[2m > [22m[2mCoverage Gap Tests[2m > [22m[2mDiveQueue - Engagement tracking[2m > [22m[2mshould track all engagement types
[22m[39m[2m07:51:27[0m [36m🔵[0m [0m[38;5;208m[async-queue.js][0m[0m[0m[33m[AsyncQueue][0m[0m Initialized [95m(maxConcurrent: 1, maxQueueSize: 10, defaultTimeout: 10000ms)[0m[0m[0m
[2m07:51:27[0m [36m🔵[0m [0m[38;5;208m[async-queue.js][0m[0m[0m[33m[DiveQueue][0m[0m Initialized with engagement limits: {[93m"replies"[0m[0m:2,[93m"retweets"[0m[0m:1,[93m"quotes"[0m[0m:1,[93m"likes"[0m[0m:3,[93m"follows"[0m[0m:2,[93m"bookmarks"[0m[0m:2}[0m

[90mstdout[2m | tests/unit/async-queue.test.js[2m > [22m[2mCoverage Gap Tests[2m > [22m[2mDiveQueue - Engagement tracking[2m > [22m[2mshould track all engagement types
[22m[39m[2m07:51:27[0m [90m⚪[0m [0m[38;5;208m[async-queue.js][0m[0m[0m[33m[DiveQueue][0m[0m ✓ Engagement recorded: likes [95m(1/3)[0m[0m[0m
[2m07:51:27[0m [90m⚪[0m [0m[38;5;208m[async-queue.js][0m[0m[0m[33m[DiveQueue][0m[0m ✓ Engagement recorded: likes [95m(2/3)[0m[0m[0m
[2m07:51:27[0m [90m⚪[0m [0m[38;5;208m[async-queue.js][0m[0m[0m[33m[DiveQueue][0m[0m ✓ Engagement recorded: replies [95m(1/2)[0m[0m[0m
[2m07:51:27[0m [90m⚪[0m [0m[38;5;208m[async-queue.js][0m[0m[0m[33m[DiveQueue][0m[0m ✓ Engagement recorded: retweets [95m(1/1)[0m[0m[0m

[90mstdout[2m | tests/unit/async-queue.test.js[2m > [22m[2mCoverage Gap Tests[2m > [22m[2mDiveQueue - Engagement tracking[2m > [22m[2mshould return correct progress for all engagement types
[22m[39m[2m07:51:27[0m [36m🔵[0m [0m[38;5;208m[async-queue.js][0m[0m[0m[33m[AsyncQueue][0m[0m Initialized [95m(maxConcurrent: 1, maxQueueSize: 10, defaultTimeout: 10000ms)[0m[0m[0m
[2m07:51:27[0m [36m🔵[0m [0m[38;5;208m[async-queue.js][0m[0m[0m[33m[DiveQueue][0m[0m Initialized with engagement limits: {[93m"replies"[0m[0m:2,[93m"retweets"[0m[0m:1,[93m"quotes"[0m[0m:1,[93m"likes"[0m[0m:3,[93m"follows"[0m[0m:2,[93m"bookmarks"[0m[0m:2}[0m

[90mstdout[2m | tests/unit/async-queue.test.js[2m > [22m[2mCoverage Gap Tests[2m > [22m[2mDiveQueue - Engagement tracking[2m > [22m[2mshould return correct progress for all engagement types
[22m[39m[2m07:51:27[0m [90m⚪[0m [0m[38;5;208m[async-queue.js][0m[0m[0m[33m[DiveQueue][0m[0m ✓ Engagement recorded: likes [95m(1/3)[0m[0m[0m
[2m07:51:27[0m [90m⚪[0m [0m[38;5;208m[async-queue.js][0m[0m[0m[33m[DiveQueue][0m[0m ✓ Engagement recorded: likes [95m(2/3)[0m[0m[0m

[90mstdout[2m | tests/unit/async-queue.test.js[2m > [22m[2mCoverage Gap Tests[2m > [22m[2mDiveQueue - Engagement tracking[2m > [22m[2mshould handle unknown engagement action in canEngage
[22m[39m[2m07:51:27[0m [36m🔵[0m [0m[38;5;208m[async-queue.js][0m[0m[0m[33m[AsyncQueue][0m[0m Initialized [95m(maxConcurrent: 1, maxQueueSize: 10, defaultTimeout: 10000ms)[0m[0m[0m
[2m07:51:27[0m [36m🔵[0m [0m[38;5;208m[async-queue.js][0m[0m[0m[33m[DiveQueue][0m[0m Initialized with engagement limits: {[93m"replies"[0m[0m:2,[93m"retweets"[0m[0m:1,[93m"quotes"[0m[0m:1,[93m"likes"[0m[0m:3,[93m"follows"[0m[0m:2,[93m"bookmarks"[0m[0m:2}[0m

[90mstdout[2m | tests/unit/async-queue.test.js[2m > [22m[2mCoverage Gap Tests[2m > [22m[2mDiveQueue - Engagement tracking[2m > [22m[2mshould handle unknown engagement action in recordEngagement
[22m[39m[2m07:51:27[0m [36m🔵[0m [0m[38;5;208m[async-queue.js][0m[0m[0m[33m[AsyncQueue][0m[0m Initialized [95m(maxConcurrent: 1, maxQueueSize: 10, defaultTimeout: 10000ms)[0m[0m[0m
[2m07:51:27[0m [36m🔵[0m [0m[38;5;208m[async-queue.js][0m[0m[0m[33m[DiveQueue][0m[0m Initialized with engagement limits: {[93m"replies"[0m[0m:2,[93m"retweets"[0m[0m:1,[93m"quotes"[0m[0m:1,[93m"likes"[0m[0m:3,[93m"follows"[0m[0m:2,[93m"bookmarks"[0m[0m:2}[0m

[90mstdout[2m | tests/unit/async-queue.test.js[2m > [22m[2mCoverage Gap Tests[2m > [22m[2mDiveQueue - Engagement tracking[2m > [22m[2mshould update engagement limits at runtime
[22m[39m[2m07:51:27[0m [36m🔵[0m [0m[38;5;208m[async-queue.js][0m[0m[0m[33m[AsyncQueue][0m[0m Initialized [95m(maxConcurrent: 1, maxQueueSize: 10, defaultTimeout: 10000ms)[0m[0m[0m
[2m07:51:27[0m [36m🔵[0m [0m[38;5;208m[async-queue.js][0m[0m[0m[33m[DiveQueue][0m[0m Initialized with engagement limits: {[93m"replies"[0m[0m:2,[93m"retweets"[0m[0m:1,[93m"quotes"[0m[0m:1,[93m"likes"[0m[0m:3,[93m"follows"[0m[0m:2,[93m"bookmarks"[0m[0m:2}[0m

[90mstdout[2m | tests/unit/async-queue.test.js[2m > [22m[2mCoverage Gap Tests[2m > [22m[2mDiveQueue - Engagement tracking[2m > [22m[2mshould update engagement limits at runtime
[22m[39m[2m07:51:27[0m [36m🔵[0m [0m[38;5;208m[async-queue.js][0m[0m[0m[33m[DiveQueue][0m[0m Updated engagement limits: {[93m"replies"[0m[0m:5,[93m"retweets"[0m[0m:1,[93m"quotes"[0m[0m:1,[93m"likes"[0m[0m:10,[93m"follows"[0m[0m:2,[93m"bookmarks"[0m[0m:2}[0m

[90mstdout[2m | tests/unit/async-queue.test.js[2m > [22m[2mCoverage Gap Tests[2m > [22m[2mDiveQueue - Engagement tracking[2m > [22m[2mshould reset engagement counters
[22m[39m[2m07:51:27[0m [36m🔵[0m [0m[38;5;208m[async-queue.js][0m[0m[0m[33m[AsyncQueue][0m[0m Initialized [95m(maxConcurrent: 1, maxQueueSize: 10, defaultTimeout: 10000ms)[0m[0m[0m
[2m07:51:27[0m [36m🔵[0m [0m[38;5;208m[async-queue.js][0m[0m[0m[33m[DiveQueue][0m[0m Initialized with engagement limits: {[93m"replies"[0m[0m:2,[93m"retweets"[0m[0m:1,[93m"quotes"[0m[0m:1,[93m"likes"[0m[0m:3,[93m"follows"[0m[0m:2,[93m"bookmarks"[0m[0m:2}[0m

[90mstdout[2m | tests/unit/async-queue.test.js[2m > [22m[2mCoverage Gap Tests[2m > [22m[2mDiveQueue - Engagement tracking[2m > [22m[2mshould reset engagement counters
[22m[39m[2m07:51:27[0m [90m⚪[0m [0m[38;5;208m[async-queue.js][0m[0m[0m[33m[DiveQueue][0m[0m ✓ Engagement recorded: likes [95m(1/3)[0m[0m[0m
[2m07:51:27[0m [90m⚪[0m [0m[38;5;208m[async-queue.js][0m[0m[0m[33m[DiveQueue][0m[0m ✓ Engagement recorded: replies [95m(1/2)[0m[0m[0m
[2m07:51:27[0m [36m🔵[0m [0m[38;5;208m[async-queue.js][0m[0m[0m[33m[DiveQueue][0m[0m Engagement counters reset[0m

[90mstdout[2m | tests/unit/async-queue.test.js[2m > [22m[2mCoverage Gap Tests[2m > [22m[2mDiveQueue - quickMode[2m > [22m[2mshould change defaultTimeout when enabling quickMode
[22m[39m[2m07:51:27[0m [36m🔵[0m [0m[38;5;208m[async-queue.js][0m[0m[0m[33m[AsyncQueue][0m[0m Initialized [95m(maxConcurrent: 1, maxQueueSize: 10, defaultTimeout: 20000ms)[0m[0m[0m
[2m07:51:27[0m [36m🔵[0m [0m[38;5;208m[async-queue.js][0m[0m[0m[33m[DiveQueue][0m[0m Initialized with engagement limits: {[93m"replies"[0m[0m:3,[93m"retweets"[0m[0m:1,[93m"quotes"[0m[0m:1,[93m"likes"[0m[0m:5,[93m"follows"[0m[0m:2,[93m"bookmarks"[0m[0m:2}[0m

[90mstdout[2m | tests/unit/async-queue.test.js[2m > [22m[2mCoverage Gap Tests[2m > [22m[2mDiveQueue - quickMode[2m > [22m[2mshould change defaultTimeout when enabling quickMode
[22m[39m[2m07:51:27[0m [36m🔵[0m [0m[38;5;208m[async-queue.js][0m[0m[0m[33m[DiveQueue][0m[0m Quick mode enabled [95m(timeout: 15000ms)[0m[0m[0m

[90mstdout[2m | tests/unit/async-queue.test.js[2m > [22m[2mCoverage Gap Tests[2m > [22m[2mDiveQueue - quickMode[2m > [22m[2mshould restore defaultTimeout when disabling quickMode
[22m[39m[2m07:51:27[0m [36m🔵[0m [0m[38;5;208m[async-queue.js][0m[0m[0m[33m[AsyncQueue][0m[0m Initialized [95m(maxConcurrent: 1, maxQueueSize: 10, defaultTimeout: 20000ms)[0m[0m[0m
[2m07:51:27[0m [36m🔵[0m [0m[38;5;208m[async-queue.js][0m[0m[0m[33m[DiveQueue][0m[0m Initialized with engagement limits: {[93m"replies"[0m[0m:3,[93m"retweets"[0m[0m:1,[93m"quotes"[0m[0m:1,[93m"likes"[0m[0m:5,[93m"follows"[0m[0m:2,[93m"bookmarks"[0m[0m:2}[0m

[90mstdout[2m | tests/unit/async-queue.test.js[2m > [22m[2mCoverage Gap Tests[2m > [22m[2mDiveQueue - quickMode[2m > [22m[2mshould restore defaultTimeout when disabling quickMode
[22m[39m[2m07:51:27[0m [36m🔵[0m [0m[38;5;208m[async-queue.js][0m[0m[0m[33m[DiveQueue][0m[0m Quick mode enabled [95m(timeout: 15000ms)[0m[0m[0m
[2m07:51:27[0m [36m🔵[0m [0m[38;5;208m[async-queue.js][0m[0m[0m[33m[DiveQueue][0m[0m Quick mode disabled [95m(timeout: 20000ms)[0m[0m[0m

[90mstdout[2m | tests/unit/async-queue.test.js[2m > [22m[2mCoverage Gap Tests[2m > [22m[2mDiveQueue - quickMode[2m > [22m[2mshould include quickMode in getFullStatus()
[22m[39m[2m07:51:27[0m [36m🔵[0m [0m[38;5;208m[async-queue.js][0m[0m[0m[33m[AsyncQueue][0m[0m Initialized [95m(maxConcurrent: 1, maxQueueSize: 10, defaultTimeout: 20000ms)[0m[0m[0m
[2m07:51:27[0m [36m🔵[0m [0m[38;5;208m[async-queue.js][0m[0m[0m[33m[DiveQueue][0m[0m Initialized with engagement limits: {[93m"replies"[0m[0m:3,[93m"retweets"[0m[0m:1,[93m"quotes"[0m[0m:1,[93m"likes"[0m[0m:5,[93m"follows"[0m[0m:2,[93m"bookmarks"[0m[0m:2}[0m

[90mstdout[2m | tests/unit/async-queue.test.js[2m > [22m[2mCoverage Gap Tests[2m > [22m[2mDiveQueue - quickMode[2m > [22m[2mshould include quickMode in getFullStatus()
[22m[39m[2m07:51:27[0m [36m🔵[0m [0m[38;5;208m[async-queue.js][0m[0m[0m[33m[DiveQueue][0m[0m Quick mode enabled [95m(timeout: 15000ms)[0m[0m[0m

[90mstdout[2m | tests/unit/async-queue.test.js[2m > [22m[2mCoverage Gap Tests[2m > [22m[2mEdge cases and error handling[2m > [22m[2mshould handle multiple rapid additions
[22m[39m[2m07:51:27[0m [36m🔵[0m [0m[38;5;208m[async-queue.js][0m[0m[0m[33m[AsyncQueue][0m[0m Initialized [95m(maxConcurrent: 1, maxQueueSize: 5, defaultTimeout: 1000ms)[0m[0m[0m

[90mstdout[2m | tests/unit/async-queue.test.js[2m > [22m[2mCoverage Gap Tests[2m > [22m[2mEdge cases and error handling[2m > [22m[2mshould handle multiple rapid additions
[22m[39m[2m07:51:27[0m [90m⚪[0m [0m[38;5;208m[async-queue.js][0m[0m[0m[33m[AsyncQueue][0m[0m Starting task: task0 [95m(queue: 0, active: 0/1)[0m[0m[0m
[2m07:51:27[0m [33m🟡[0m [0m[38;5;208m[async-queue.js][0m[33m[0m[33m[AsyncQueue][0m[33m Queue full, rejecting task: task5 [95m(current: 5, max: 5)[0m[33m[0m
[2m07:51:27[0m [33m🟡[0m [0m[38;5;208m[async-queue.js][0m[33m[0m[33m[AsyncQueue][0m[33m Queue full, rejecting task: task6 [95m(current: 5, max: 5)[0m[33m[0m
[2m07:51:27[0m [33m🟡[0m [0m[38;5;208m[async-queue.js][0m[33m[0m[33m[AsyncQueue][0m[33m Queue full, rejecting task: task7 [95m(current: 5, max: 5)[0m[33m[0m
[2m07:51:27[0m [33m🟡[0m [0m[38;5;208m[async-queue.js][0m[33m[0m[33m[AsyncQueue][0m[33m Queue full, rejecting task: task8 [95m(current: 5, max: 5)[0m[33m[0m
[2m07:51:27[0m [33m🟡[0m [0m[38;5;208m[async-queue.js][0m[33m[0m[33m[AsyncQueue][0m[33m Queue full, rejecting task: task9 [95m(current: 5, max: 5)[0m[33m[0m

[90mstdout[2m | tests/unit/async-queue.test.js[2m > [22m[2mCoverage Gap Tests[2m > [22m[2mEdge cases and error handling[2m > [22m[2mshould handle multiple rapid additions
[22m[39m[2m07:51:27[0m [36m🔵[0m [0m[38;5;208m[async-queue.js][0m[0m[0m[33m[AsyncQueue][0m[0m ✓ Completed task: task0 in 2ms[0m
[2m07:51:27[0m [90m⚪[0m [0m[38;5;208m[async-queue.js][0m[0m[0m[33m[AsyncQueue][0m[0m Starting task: task1 [95m(queue: 3, active: 0/1)[0m[0m[0m

[90mstdout[2m | tests/unit/async-queue.test.js[2m > [22m[2mCoverage Gap Tests[2m > [22m[2mEdge cases and error handling[2m > [22m[2mshould handle multiple rapid additions
[22m[39m[2m07:51:27[0m [36m🔵[0m [0m[38;5;208m[async-queue.js][0m[0m[0m[33m[AsyncQueue][0m[0m ✓ Completed task: task1 in 0ms[0m
[2m07:51:27[0m [90m⚪[0m [0m[38;5;208m[async-queue.js][0m[0m[0m[33m[AsyncQueue][0m[0m Starting task: task2 [95m(queue: 2, active: 0/1)[0m[0m[0m

[90mstdout[2m | tests/unit/async-queue.test.js[2m > [22m[2mCoverage Gap Tests[2m > [22m[2mEdge cases and error handling[2m > [22m[2mshould handle multiple rapid additions
[22m[39m[2m07:51:27[0m [36m🔵[0m [0m[38;5;208m[async-queue.js][0m[0m[0m[33m[AsyncQueue][0m[0m ✓ Completed task: task2 in 1ms[0m
[2m07:51:27[0m [90m⚪[0m [0m[38;5;208m[async-queue.js][0m[0m[0m[33m[AsyncQueue][0m[0m Starting task: task3 [95m(queue: 1, active: 0/1)[0m[0m[0m

[90mstdout[2m | tests/unit/async-queue.test.js[2m > [22m[2mCoverage Gap Tests[2m > [22m[2mEdge cases and error handling[2m > [22m[2mshould handle multiple rapid additions
[22m[39m[2m07:51:27[0m [36m🔵[0m [0m[38;5;208m[async-queue.js][0m[0m[0m[33m[AsyncQueue][0m[0m ✓ Completed task: task3 in 0ms[0m
[2m07:51:27[0m [90m⚪[0m [0m[38;5;208m[async-queue.js][0m[0m[0m[33m[AsyncQueue][0m[0m Starting task: task4 [95m(queue: 0, active: 0/1)[0m[0m[0m

[90mstdout[2m | tests/unit/async-queue.test.js[2m > [22m[2mCoverage Gap Tests[2m > [22m[2mEdge cases and error handling[2m > [22m[2mshould handle multiple rapid additions
[22m[39m[2m07:51:27[0m [36m🔵[0m [0m[38;5;208m[async-queue.js][0m[0m[0m[33m[AsyncQueue][0m[0m ✓ Completed task: task4 in 1ms[0m

[90mstdout[2m | tests/unit/async-queue.test.js[2m > [22m[2mCoverage Gap Tests[2m > [22m[2mEdge cases and error handling[2m > [22m[2mshould handle empty queue gracefully
[22m[39m[2m07:51:27[0m [36m🔵[0m [0m[38;5;208m[async-queue.js][0m[0m[0m[33m[AsyncQueue][0m[0m Initialized [95m(maxConcurrent: 1, maxQueueSize: 5, defaultTimeout: 1000ms)[0m[0m[0m

[90mstdout[2m | tests/unit/async-queue.test.js[2m > [22m[2mCoverage Gap Tests[2m > [22m[2mEdge cases and error handling[2m > [22m[2mshould handle getStats on empty queue
[22m[39m[2m07:51:27[0m [36m🔵[0m [0m[38;5;208m[async-queue.js][0m[0m[0m[33m[AsyncQueue][0m[0m Initialized [95m(maxConcurrent: 1, maxQueueSize: 5, defaultTimeout: 1000ms)[0m[0m[0m

[90mstdout[2m | tests/unit/async-queue.test.js[2m > [22m[2mCoverage Gap Tests[2m > [22m[2mDiveQueue - Custom engagement limits[2m > [22m[2mshould use custom engagement limits from constructor
[22m[39m[2m07:51:27[0m [36m🔵[0m [0m[38;5;208m[async-queue.js][0m[0m[0m[33m[AsyncQueue][0m[0m Initialized [95m(maxConcurrent: 1, maxQueueSize: 30, defaultTimeout: 120000ms)[0m[0m[0m
[2m07:51:27[0m [36m🔵[0m [0m[38;5;208m[async-queue.js][0m[0m[0m[33m[DiveQueue][0m[0m Initialized with engagement limits: {[93m"replies"[0m[0m:10,[93m"retweets"[0m[0m:5,[93m"quotes"[0m[0m:2,[93m"likes"[0m[0m:20,[93m"follows"[0m[0m:3,[93m"bookmarks"[0m[0m:4}[0m

[90mstdout[2m | tests/unit/async-queue.test.js[2m > [22m[2mCoverage Gap Tests[2m > [22m[2mAsyncQueue - Internal methods[2m > [22m[2mshould cover _createTimeout method - immediate
[22m[39m[2m07:51:27[0m [36m🔵[0m [0m[38;5;208m[async-queue.js][0m[0m[0m[33m[AsyncQueue][0m[0m Initialized [95m(maxConcurrent: 1, maxQueueSize: 5, defaultTimeout: 1000ms)[0m[0m[0m

[90mstdout[2m | tests/unit/async-queue.test.js[2m > [22m[2mCoverage Gap Tests[2m > [22m[2mAsyncQueue - Internal methods[2m > [22m[2mshould cover _createTimeout method - immediate
[22m[39m[2m07:51:27[0m [33m🟡[0m [0m[38;5;208m[async-queue.js][0m[33m[0m[33m[AsyncQueue][0m[33m Task timeout reached: 10ms for test-timeout[0m

[90mstdout[2m | tests/unit/async-queue.test.js[2m > [22m[2mCoverage Gap Tests[2m > [22m[2mAsyncQueue - Internal methods[2m > [22m[2mshould cover _createTimeout method - resolve before timeout
[22m[39m[2m07:51:27[0m [36m🔵[0m [0m[38;5;208m[async-queue.js][0m[0m[0m[33m[AsyncQueue][0m[0m Initialized [95m(maxConcurrent: 1, maxQueueSize: 5, defaultTimeout: 1000ms)[0m[0m[0m

[33m[39m[32m·[39m[33m[39m[32m·[39m[33m[39m[32m·[39m[33m[39m[32m·[39m[33m[39m[32m·[39m[33m[39m[32m·[39m[33m[39m[32m·[39m[33m[39m[32m·[39m[33m[39m[32m·[39m[33m[39m[32m·[39m[33m[39m[32m·[39m[33m[39m[32m·[39m[33m[39m[32m·[39m[33m[39m[32m·[39m[33m[39m[32m·[39m[33m[39m[32m·[39m[33m[39m[32m·[39m[33m[39m[32m·[39m[33m[39m[32m·[39m[33m[39m[32m·[39m[90mstdout[2m | tests/unit/async-queue.test.js[2m > [22m[2mCoverage Gap Tests[2m > [22m[2mAsyncQueue - Internal methods[2m > [22m[2mshould call _createTimeout for items
[22m[39m[2m07:51:27[0m [36m🔵[0m [0m[38;5;208m[async-queue.js][0m[0m[0m[33m[AsyncQueue][0m[0m Initialized [95m(maxConcurrent: 1, maxQueueSize: 5, defaultTimeout: 1000ms)[0m[0m[0m

[90mstdout[2m | tests/unit/async-queue.test.js[2m > [22m[2mCoverage Gap Tests[2m > [22m[2mAsyncQueue - Internal methods[2m > [22m[2mshould call _createTimeout for items
[22m[39m[2m07:51:27[0m [90m⚪[0m [0m[38;5;208m[async-queue.js][0m[0m[0m[33m[AsyncQueue][0m[0m Starting task: test-task [95m(queue: 0, active: 0/1)[0m[0m[0m

[90mstdout[2m | tests/unit/async-queue.test.js[2m > [22m[2mCoverage Gap Tests[2m > [22m[2mAsyncQueue - Internal methods[2m > [22m[2mshould call _createTimeout for items
[22m[39m[2m07:51:27[0m [36m🔵[0m [0m[38;5;208m[async-queue.js][0m[0m[0m[33m[AsyncQueue][0m[0m ✓ Completed task: test-task in 0ms[0m

[90mstdout[2m | tests/unit/async-queue.test.js[2m > [22m[2mCoverage Gap Tests[2m > [22m[2mAsyncQueue - Internal methods[2m > [22m[2mshould handle queue processing errors gracefully
[22m[39m[2m07:51:27[0m [36m🔵[0m [0m[38;5;208m[async-queue.js][0m[0m[0m[33m[AsyncQueue][0m[0m Initialized [95m(maxConcurrent: 1, maxQueueSize: 5, defaultTimeout: 1000ms)[0m[0m[0m

[90mstdout[2m | tests/unit/async-queue.test.js[2m > [22m[2mCoverage Gap Tests[2m > [22m[2mAsyncQueue - Internal methods[2m > [22m[2mshould handle queue processing errors gracefully
[22m[39m[2m07:51:27[0m [90m⚪[0m [0m[38;5;208m[async-queue.js][0m[0m[0m[33m[AsyncQueue][0m[0m Starting task: error-task [95m(queue: 0, active: 0/1)[0m[0m[0m

[90mstdout[2m | tests/unit/async-queue.test.js[2m > [22m[2mCoverage Gap Tests[2m > [22m[2mAsyncQueue - Internal methods[2m > [22m[2mshould handle queue processing errors gracefully
[22m[39m[2m07:51:27[0m [31m🔴[0m [0m[38;5;208m[async-queue.js][0m[31m[0m[33m[AsyncQueue][0m[31m ✗ Task failed: error-task - Processing error[0m

[90mstdout[2m | tests/unit/free-api-router.test.js[2m > [22m[2mFreeApiRouter[2m > [22m[2mAdditional uncovered areas[2m > [22m[2mshould handle 503 Service Unavailable as server error and fallback to next model
[22m[39m[2m07:51:27[0m [36m🔵[0m [0m[38;5;208m[free-api-router.js][0m[0m[0m[33m[FreeRouter][0m[0m Session default:default -> API Key 1/1[0m
[2m07:51:27[0m [36m🔵[0m [0m[38;5;208m[free-api-router.js][0m[0m[0m[33m[FreeRouter][0m[0m Initialized for session: default:default[0m
[2m07:51:27[0m [36m🔵[0m [0m[38;5;208m[free-api-router.js][0m[0m[0m[33m[FreeRouter][0m[0m API Keys: 1, Selected: 1[0m
[2m07:51:27[0m [36m🔵[0m [0m[38;5;208m[free-api-router.js][0m[0m[0m[33m[FreeRouter][0m[0m Primary model: model1[0m
[2m07:51:27[0m [36m🔵[0m [0m[38;5;208m[free-api-router.js][0m[0m[0m[33m[FreeRouter][0m[0m Fallback models: 1[0m
[2m07:51:27[0m [36m🔵[0m [0m[38;5;208m[free-api-router.js][0m[0m[0m[33m[FreeRouter][0m[0m Timeout: default=60000ms, quick=20000ms[0m
[2m07:51:27[0m [36m🔵[0m [0m[38;5;208m[free-api-router.js][0m[0m[0m[33m[FreeRouter][0m[0m Advanced features: CircuitBreaker, RateLimitTracker, RequestDedupe, ModelPerfTracker, ApiKeyTimeoutTracker[0m
[2m07:51:27[0m [36m🔵[0m [0m[38;5;208m[free-api-router.js][0m[0m[0m[33m[FreeRouter][0m[0m processRequest: calling _tryModelWithKey[0m
[2m07:51:27[0m [36m🔵[0m [0m[38;5;208m[free-api-router.js][0m[0m[0m[33m[FreeRouter][0m[0m No test results available, using 2 configured models[0m
[2m07:51:27[0m [36m🔵[0m [0m[38;5;208m[free-api-router.js][0m[0m[0m[33m[FreeRouter][0m[0m Attempt 1/3: Trying model model1[0m
[2m07:51:27[0m [36m🔵[0m [0m[38;5;208m[free-api-router.js][0m[0m[0m[33m[FreeRouter][0m[0m _tryModelWithKey: model=model1[0m
[2m07:51:27[0m [36m🔵[0m [0m[38;5;208m[free-api-router.js][0m[0m[0m[33m[FreeRouter][0m[0m _tryModelWithKey: proxy=null[0m
[2m07:51:27[0m [36m🔵[0m [0m[38;5;208m[free-api-router.js][0m[0m[0m[33m[FreeRouter][0m[0m _callDirect: starting request to model1[0m

[90mstdout[2m | tests/unit/free-api-router.test.js[2m > [22m[2mFreeApiRouter[2m > [22m[2mAdditional uncovered areas[2m > [22m[2mshould handle 503 Service Unavailable as server error and fallback to next model
[22m[39m[2m07:51:27[0m [33m🟡[0m [0m[38;5;208m[free-api-router.js][0m[33m[0m[33m[FreeRouter][0m[33m Model model1 failed: Service Unavailable[0m
[2m07:51:27[0m [90m⚪[0m [0m[38;5;208m[model-perf-tracker.js][0m[0m[0m[33m[ModelPerfTracker][0m[0m model1::test-key failure [95m(1/1, error: Service Unavailable...)[0m[0m[0m
[2m07:51:27[0m [36m🔵[0m [0m[38;5;208m[free-api-router.js][0m[0m[0m[33m[FreeRouter][0m[0m Moving to next model. Progress: 1/3 attempts used, 1 models remaining[0m
[2m07:51:27[0m [36m🔵[0m [0m[38;5;208m[free-api-router.js][0m[0m[0m[33m[FreeRouter][0m[0m Attempt 2/3: Trying model model2[0m
[2m07:51:27[0m [36m🔵[0m [0m[38;5;208m[free-api-router.js][0m[0m[0m[33m[FreeRouter][0m[0m _tryModelWithKey: model=model2[0m
[2m07:51:27[0m [36m🔵[0m [0m[38;5;208m[free-api-router.js][0m[0m[0m[33m[FreeRouter][0m[0m _tryModelWithKey: proxy=null[0m
[2m07:51:27[0m [36m🔵[0m [0m[38;5;208m[free-api-router.js][0m[0m[0m[33m[FreeRouter][0m[0m _callDirect: starting request to model2[0m

[90mstdout[2m | tests/unit/free-api-router.test.js[2m > [22m[2mFreeApiRouter[2m > [22m[2mAdditional uncovered areas[2m > [22m[2mshould handle 503 Service Unavailable as server error and fallback to next model
[22m[39m[2m07:51:27[0m [90m⚪[0m [0m[38;5;208m[free-api-router.js][0m[0m[0m[33m[FreeRouter][0m[0m Response received [95m(7 chars)[0m[0m: success...[0m

[90mstdout[2m | tests/unit/free-api-router.test.js[2m > [22m[2mFreeApiRouter[2m > [22m[2mAdditional uncovered areas[2m > [22m[2mshould handle 503 Service Unavailable as server error and fallback to next model
[22m[39m[2m07:51:27[0m [90m⚪[0m [0m[38;5;208m[model-perf-tracker.js][0m[0m[0m[33m[ModelPerfTracker][0m[0m model2::test-key success [95m(1/1, 4ms avg)[0m[0m[0m
[2m07:51:27[0m [90m⚪[0m [0m[38;5;208m[request-dedupe.js][0m[0m[0m[33m[RequestDedupe][0m[0m Cached response for key 4499bbc2[0m

[90mstdout[2m | tests/unit/free-api-router.test.js[2m > [22m[2mFreeApiRouter[2m > [22m[2mAdditional uncovered areas[2m > [22m[2mshould track quick timeouts in stats
[22m[39m[2m07:51:27[0m [36m🔵[0m [0m[38;5;208m[free-api-router.js][0m[0m[0m[33m[FreeRouter][0m[0m Session default:default -> API Key 1/1[0m
[2m07:51:27[0m [36m🔵[0m [0m[38;5;208m[free-api-router.js][0m[0m[0m[33m[FreeRouter][0m[0m Initialized for session: default:default[0m
[2m07:51:27[0m [36m🔵[0m [0m[38;5;208m[free-api-router.js][0m[0m[0m[33m[FreeRouter][0m[0m API Keys: 1, Selected: 1[0m
[2m07:51:27[0m [36m🔵[0m [0m[38;5;208m[free-api-router.js][0m[0m[0m[33m[FreeRouter][0m[0m Primary model: test/model[0m
[2m07:51:27[0m [36m🔵[0m [0m[38;5;208m[free-api-router.js][0m[0m[0m[33m[FreeRouter][0m[0m Fallback models: 0[0m
[2m07:51:27[0m [36m🔵[0m [0m[38;5;208m[free-api-router.js][0m[0m[0m[33m[FreeRouter][0m[0m Timeout: default=60000ms, quick=1ms[0m
[2m07:51:27[0m [36m🔵[0m [0m[38;5;208m[free-api-router.js][0m[0m[0m[33m[FreeRouter][0m[0m Advanced features: CircuitBreaker, RateLimitTracker, RequestDedupe, ModelPerfTracker, ApiKeyTimeoutTracker[0m
[2m07:51:27[0m [36m🔵[0m [0m[38;5;208m[free-api-router.js][0m[0m[0m[33m[FreeRouter][0m[0m processRequest: calling _tryModelWithKey[0m
[2m07:51:27[0m [36m🔵[0m [0m[38;5;208m[free-api-router.js][0m[0m[0m[33m[FreeRouter][0m[0m No test results available, using 1 configured models[0m
[2m07:51:27[0m [36m🔵[0m [0m[38;5;208m[free-api-router.js][0m[0m[0m[33m[FreeRouter][0m[0m Attempt 1/3: Trying model test/model[0m
[2m07:51:27[0m [36m🔵[0m [0m[38;5;208m[free-api-router.js][0m[0m[0m[33m[FreeRouter][0m[0m _tryModelWithKey: model=test/model[0m
[2m07:51:27[0m [36m🔵[0m [0m[38;5;208m[free-api-router.js][0m[0m[0m[33m[FreeRouter][0m[0m _tryModelWithKey: proxy=null[0m
[2m07:51:27[0m [36m🔵[0m [0m[38;5;208m[free-api-router.js][0m[0m[0m[33m[FreeRouter][0m[0m _callDirect: starting request to test/model[0m

[90mstdout[2m | tests/unit/free-api-router.test.js[2m > [22m[2mFreeApiRouter[2m > [22m[2mAdditional uncovered areas[2m > [22m[2mshould track quick timeouts in stats
[22m[39m[2m07:51:27[0m [33m🟡[0m [0m[38;5;208m[free-api-router.js][0m[33m[0m[33m[FreeRouter][0m[33m Model test/model failed: AbortError[0m
[2m07:51:27[0m [90m⚪[0m [0m[38;5;208m[model-perf-tracker.js][0m[0m[0m[33m[ModelPerfTracker][0m[0m test/model::test-key failure [95m(1/1, error: AbortError...)[0m[0m[0m

[90mstdout[2m | tests/unit/free-api-router.test.js[2m > [22m[2mFreeApiRouter[2m > [22m[2mAdditional uncovered areas[2m > [22m[2mshould handle API key timeout tracker returning quick timeout
[22m[39m[2m07:51:27[0m [36m🔵[0m [0m[38;5;208m[free-api-router.js][0m[0m[0m[33m[FreeRouter][0m[0m Session default:default -> API Key 1/1[0m
[2m07:51:27[0m [36m🔵[0m [0m[38;5;208m[free-api-router.js][0m[0m[0m[33m[FreeRouter][0m[0m Initialized for session: default:default[0m
[2m07:51:27[0m [36m🔵[0m [0m[38;5;208m[free-api-router.js][0m[0m[0m[33m[FreeRouter][0m[0m API Keys: 1, Selected: 1[0m
[2m07:51:27[0m [36m🔵[0m [0m[38;5;208m[free-api-router.js][0m[0m[0m[33m[FreeRouter][0m[0m Primary model: test/model[0m
[2m07:51:27[0m [36m🔵[0m [0m[38;5;208m[free-api-router.js][0m[0m[0m[33m[FreeRouter][0m[0m Fallback models: 0[0m
[2m07:51:27[0m [36m🔵[0m [0m[38;5;208m[free-api-router.js][0m[0m[0m[33m[FreeRouter][0m[0m Timeout: default=60000ms, quick=20000ms[0m
[2m07:51:27[0m [36m🔵[0m [0m[38;5;208m[free-api-router.js][0m[0m[0m[33m[FreeRouter][0m[0m Advanced features: CircuitBreaker, RateLimitTracker, RequestDedupe, ModelPerfTracker, ApiKeyTimeoutTracker[0m
[2m07:51:27[0m [36m🔵[0m [0m[38;5;208m[free-api-router.js][0m[0m[0m[33m[FreeRouter][0m[0m processRequest: calling _tryModelWithKey[0m
[2m07:51:27[0m [36m🔵[0m [0m[38;5;208m[free-api-router.js][0m[0m[0m[33m[FreeRouter][0m[0m No test results available, using 1 configured models[0m
[2m07:51:27[0m [36m🔵[0m [0m[38;5;208m[free-api-router.js][0m[0m[0m[33m[FreeRouter][0m[0m Attempt 1/3: Trying model test/model[0m
[2m07:51:27[0m [36m🔵[0m [0m[38;5;208m[free-api-router.js][0m[0m[0m[33m[FreeRouter][0m[0m _tryModelWithKey: model=test/model[0m
[2m07:51:27[0m [36m🔵[0m [0m[38;5;208m[free-api-router.js][0m[0m[0m[33m[FreeRouter][0m[0m _tryModelWithKey: proxy=null[0m
[2m07:51:27[0m [36m🔵[0m [0m[38;5;208m[free-api-router.js][0m[0m[0m[33m[FreeRouter][0m[0m _callDirect: starting request to test/model[0m

[90mstdout[2m | tests/unit/free-api-router.test.js[2m > [22m[2mFreeApiRouter[2m > [22m[2mAdditional uncovered areas[2m > [22m[2mshould handle API key timeout tracker returning quick timeout
[22m[39m[2m07:51:27[0m [90m⚪[0m [0m[38;5;208m[free-api-router.js][0m[0m[0m[33m[FreeRouter][0m[0m Response received [95m(8 chars)[0m[0m: response...[0m

[90mstdout[2m | tests/unit/free-api-router.test.js[2m > [22m[2mFreeApiRouter[2m > [22m[2mAdditional uncovered areas[2m > [22m[2mshould handle API key timeout tracker returning quick timeout
[22m[39m[2m07:51:27[0m [90m⚪[0m [0m[38;5;208m[model-perf-tracker.js][0m[0m[0m[33m[ModelPerfTracker][0m[0m test/model::test-key success [95m(1/1, 2ms avg)[0m[0m[0m
[2m07:51:27[0m [90m⚪[0m [0m[38;5;208m[request-dedupe.js][0m[0m[0m[33m[RequestDedupe][0m[0m Cached response for key 4daae485[0m

[90mstdout[2m | tests/unit/free-api-router.test.js[2m > [22m[2mFreeApiRouter[2m > [22m[2mAdditional uncovered areas[2m > [22m[2mshould handle proxy with no credentials
[22m[39m[2m07:51:27[0m [36m🔵[0m [0m[38;5;208m[free-api-router.js][0m[0m[0m[33m[FreeRouter][0m[0m Session default:default -> API Key 1/1[0m
[2m07:51:27[0m [36m🔵[0m [0m[38;5;208m[free-api-router.js][0m[0m[0m[33m[FreeRouter][0m[0m Initialized for session: default:default[0m
[2m07:51:27[0m [36m🔵[0m [0m[38;5;208m[free-api-router.js][0m[0m[0m[33m[FreeRouter][0m[0m API Keys: 1, Selected: 1[0m
[2m07:51:27[0m [36m🔵[0m [0m[38;5;208m[free-api-router.js][0m[0m[0m[33m[FreeRouter][0m[0m Primary model: test/model[0m
[2m07:51:27[0m [36m🔵[0m [0m[38;5;208m[free-api-router.js][0m[0m[0m[33m[FreeRouter][0m[0m Fallback models: 0[0m
[2m07:51:27[0m [36m🔵[0m [0m[38;5;208m[free-api-router.js][0m[0m[0m[33m[FreeRouter][0m[0m Timeout: default=60000ms, quick=20000ms[0m
[2m07:51:27[0m [36m🔵[0m [0m[38;5;208m[free-api-router.js][0m[0m[0m[33m[FreeRouter][0m[0m Proxy enabled: 1 proxies[0m
[2m07:51:27[0m [36m🔵[0m [0m[38;5;208m[free-api-router.js][0m[0m[0m[33m[FreeRouter][0m[0m Advanced features: CircuitBreaker, RateLimitTracker, RequestDedupe, ModelPerfTracker, ApiKeyTimeoutTracker[0m

[90mstdout[2m | tests/unit/free-api-router.test.js[2m > [22m[2mFreeApiRouter[2m > [22m[2mAdditional uncovered areas[2m > [22m[2mshould set request deduplication on success
[22m[39m[2m07:51:27[0m [36m🔵[0m [0m[38;5;208m[free-api-router.js][0m[0m[0m[33m[FreeRouter][0m[0m Session default:default -> API Key 1/1[0m
[2m07:51:27[0m [36m🔵[0m [0m[38;5;208m[free-api-router.js][0m[0m[0m[33m[FreeRouter][0m[0m Initialized for session: default:default[0m
[2m07:51:27[0m [36m🔵[0m [0m[38;5;208m[free-api-router.js][0m[0m[0m[33m[FreeRouter][0m[0m API Keys: 1, Selected: 1[0m
[2m07:51:27[0m [36m🔵[0m [0m[38;5;208m[free-api-router.js][0m[0m[0m[33m[FreeRouter][0m[0m Primary model: test/model[0m
[2m07:51:27[0m [36m🔵[0m [0m[38;5;208m[free-api-router.js][0m[0m[0m[33m[FreeRouter][0m[0m Fallback models: 0[0m
[2m07:51:27[0m [36m🔵[0m [0m[38;5;208m[free-api-router.js][0m[0m[0m[33m[FreeRouter][0m[0m Timeout: default=60000ms, quick=20000ms[0m
[2m07:51:27[0m [36m🔵[0m [0m[38;5;208m[free-api-router.js][0m[0m[0m[33m[FreeRouter][0m[0m Advanced features: CircuitBreaker, RateLimitTracker, RequestDedupe, ModelPerfTracker, ApiKeyTimeoutTracker[0m
[2m07:51:27[0m [36m🔵[0m [0m[38;5;208m[free-api-router.js][0m[0m[0m[33m[FreeRouter][0m[0m processRequest: calling _tryModelWithKey[0m
[2m07:51:27[0m [36m🔵[0m [0m[38;5;208m[free-api-router.js][0m[0m[0m[33m[FreeRouter][0m[0m No test results available, using 1 configured models[0m
[2m07:51:27[0m [36m🔵[0m [0m[38;5;208m[free-api-router.js][0m[0m[0m[33m[FreeRouter][0m[0m Attempt 1/3: Trying model test/model[0m
[2m07:51:27[0m [36m🔵[0m [0m[38;5;208m[free-api-router.js][0m[0m[0m[33m[FreeRouter][0m[0m _tryModelWithKey: model=test/model[0m
[2m07:51:27[0m [36m🔵[0m [0m[38;5;208m[free-api-router.js][0m[0m[0m[33m[FreeRouter][0m[0m _tryModelWithKey: proxy=null[0m
[2m07:51:27[0m [36m🔵[0m [0m[38;5;208m[free-api-router.js][0m[0m[0m[33m[FreeRouter][0m[0m _callDirect: starting request to test/model[0m

[90mstdout[2m | tests/unit/free-api-router.test.js[2m > [22m[2mFreeApiRouter[2m > [22m[2mAdditional uncovered areas[2m > [22m[2mshould set request deduplication on success
[22m[39m[2m07:51:27[0m [90m⚪[0m [0m[38;5;208m[free-api-router.js][0m[0m[0m[33m[FreeRouter][0m[0m Response received [95m(8 chars)[0m[0m: response...[0m

[90mstdout[2m | tests/unit/free-api-router.test.js[2m > [22m[2mFreeApiRouter[2m > [22m[2mAdditional uncovered areas[2m > [22m[2mshould set request deduplication on success
[22m[39m[2m07:51:27[0m [90m⚪[0m [0m[38;5;208m[model-perf-tracker.js][0m[0m[0m[33m[ModelPerfTracker][0m[0m test/model::test-key success [95m(1/1, 2ms avg)[0m[0m[0m

[33m[39m[32m·[39m[33m[39m[32m·[39m[33m[39m[32m·[39m[33m[39m[32m·[39m[33m[39m[32m·[39m[33m[39m[32m·[39m[33m[39m[32m·[39m[33m[39m[32m·[39m[90mstdout[2m | tests/unit/free-api-router.test.js[2m > [22m[2mFreeApiRouter[2m > [22m[2mAdditional uncovered areas[2m > [22m[2mshould include warningStatus in success result
[22m[39m[2m07:51:27[0m [36m🔵[0m [0m[38;5;208m[free-api-router.js][0m[0m[0m[33m[FreeRouter][0m[0m Session default:default -> API Key 1/1[0m
[2m07:51:27[0m [36m🔵[0m [0m[38;5;208m[free-api-router.js][0m[0m[0m[33m[FreeRouter][0m[0m Initialized for session: default:default[0m
[2m07:51:27[0m [36m🔵[0m [0m[38;5;208m[free-api-router.js][0m[0m[0m[33m[FreeRouter][0m[0m API Keys: 1, Selected: 1[0m
[2m07:51:27[0m [36m🔵[0m [0m[38;5;208m[free-api-router.js][0m[0m[0m[33m[FreeRouter][0m[0m Primary model: test/model[0m
[2m07:51:27[0m [36m🔵[0m [0m[38;5;208m[free-api-router.js][0m[0m[0m[33m[FreeRouter][0m[0m Fallback models: 0[0m
[2m07:51:27[0m [36m🔵[0m [0m[38;5;208m[free-api-router.js][0m[0m[0m[33m[FreeRouter][0m[0m Timeout: default=60000ms, quick=20000ms[0m
[2m07:51:27[0m [36m🔵[0m [0m[38;5;208m[free-api-router.js][0m[0m[0m[33m[FreeRouter][0m[0m Advanced features: CircuitBreaker, RateLimitTracker, RequestDedupe, ModelPerfTracker, ApiKeyTimeoutTracker[0m
[2m07:51:27[0m [36m🔵[0m [0m[38;5;208m[free-api-router.js][0m[0m[0m[33m[FreeRouter][0m[0m processRequest: calling _tryModelWithKey[0m
[2m07:51:27[0m [36m🔵[0m [0m[38;5;208m[free-api-router.js][0m[0m[0m[33m[FreeRouter][0m[0m No test results available, using 1 configured models[0m
[2m07:51:27[0m [36m🔵[0m [0m[38;5;208m[free-api-router.js][0m[0m[0m[33m[FreeRouter][0m[0m Attempt 1/3: Trying model test/model[0m
[2m07:51:27[0m [36m🔵[0m [0m[38;5;208m[free-api-router.js][0m[0m[0m[33m[FreeRouter][0m[0m _tryModelWithKey: model=test/model[0m
[2m07:51:27[0m [36m🔵[0m [0m[38;5;208m[free-api-router.js][0m[0m[0m[33m[FreeRouter][0m[0m _tryModelWithKey: proxy=null[0m
[2m07:51:27[0m [36m🔵[0m [0m[38;5;208m[free-api-router.js][0m[0m[0m[33m[FreeRouter][0m[0m _callDirect: starting request to test/model[0m

[90mstdout[2m | tests/unit/free-api-router.test.js[2m > [22m[2mFreeApiRouter[2m > [22m[2mAdditional uncovered areas[2m > [22m[2mshould include warningStatus in success result
[22m[39m[2m07:51:27[0m [90m⚪[0m [0m[38;5;208m[free-api-router.js][0m[0m[0m[33m[FreeRouter][0m[0m Response received [95m(8 chars)[0m[0m: response...[0m

[90mstdout[2m | tests/unit/free-api-router.test.js[2m > [22m[2mFreeApiRouter[2m > [22m[2mAdditional uncovered areas[2m > [22m[2mshould include warningStatus in success result
[22m[39m[2m07:51:27[0m [90m⚪[0m [0m[38;5;208m[model-perf-tracker.js][0m[0m[0m[33m[ModelPerfTracker][0m[0m test/model::test-key success [95m(1/1, 2ms avg)[0m[0m[0m
[2m07:51:27[0m [90m⚪[0m [0m[38;5;208m[request-dedupe.js][0m[0m[0m[33m[RequestDedupe][0m[0m Cached response for key 4daae485[0m

[90mstdout[2m | tests/unit/free-api-router.test.js[2m > [22m[2mFreeApiRouter[2m > [22m[2mAdditional uncovered areas[2m > [22m[2mshould include modelFallbacks in result
[22m[39m[2m07:51:27[0m [36m🔵[0m [0m[38;5;208m[free-api-router.js][0m[0m[0m[33m[FreeRouter][0m[0m Session default:default -> API Key 1/1[0m
[2m07:51:27[0m [36m🔵[0m [0m[38;5;208m[free-api-router.js][0m[0m[0m[33m[FreeRouter][0m[0m Initialized for session: default:default[0m
[2m07:51:27[0m [36m🔵[0m [0m[38;5;208m[free-api-router.js][0m[0m[0m[33m[FreeRouter][0m[0m API Keys: 1, Selected: 1[0m
[2m07:51:27[0m [36m🔵[0m [0m[38;5;208m[free-api-router.js][0m[0m[0m[33m[FreeRouter][0m[0m Primary model: model1[0m
[2m07:51:27[0m [36m🔵[0m [0m[38;5;208m[free-api-router.js][0m[0m[0m[33m[FreeRouter][0m[0m Fallback models: 1[0m
[2m07:51:27[0m [36m🔵[0m [0m[38;5;208m[free-api-router.js][0m[0m[0m[33m[FreeRouter][0m[0m Timeout: default=60000ms, quick=20000ms[0m
[2m07:51:27[0m [36m🔵[0m [0m[38;5;208m[free-api-router.js][0m[0m[0m[33m[FreeRouter][0m[0m Advanced features: CircuitBreaker, RateLimitTracker, RequestDedupe, ModelPerfTracker, ApiKeyTimeoutTracker[0m
[2m07:51:27[0m [36m🔵[0m [0m[38;5;208m[free-api-router.js][0m[0m[0m[33m[FreeRouter][0m[0m processRequest: calling _tryModelWithKey[0m
[2m07:51:27[0m [36m🔵[0m [0m[38;5;208m[free-api-router.js][0m[0m[0m[33m[FreeRouter][0m[0m No test results available, using 2 configured models[0m
[2m07:51:27[0m [36m🔵[0m [0m[38;5;208m[free-api-router.js][0m[0m[0m[33m[FreeRouter][0m[0m Attempt 1/3: Trying model model1[0m
[2m07:51:27[0m [36m🔵[0m [0m[38;5;208m[free-api-router.js][0m[0m[0m[33m[FreeRouter][0m[0m _tryModelWithKey: model=model1[0m
[2m07:51:27[0m [36m🔵[0m [0m[38;5;208m[free-api-router.js][0m[0m[0m[33m[FreeRouter][0m[0m _tryModelWithKey: proxy=null[0m
[2m07:51:27[0m [36m🔵[0m [0m[38;5;208m[free-api-router.js][0m[0m[0m[33m[FreeRouter][0m[0m _callDirect: starting request to model1[0m

[90mstdout[2m | tests/unit/free-api-router.test.js[2m > [22m[2mFreeApiRouter[2m > [22m[2mAdditional uncovered areas[2m > [22m[2mshould include modelFallbacks in result
[22m[39m[2m07:51:27[0m [90m⚪[0m [0m[38;5;208m[free-api-router.js][0m[0m[0m[33m[FreeRouter][0m[0m Response received [95m(8 chars)[0m[0m: response...[0m

[90mstdout[2m | tests/unit/free-api-router.test.js[2m > [22m[2mFreeApiRouter[2m > [22m[2mAdditional uncovered areas[2m > [22m[2mshould include modelFallbacks in result
[22m[39m[2m07:51:27[0m [90m⚪[0m [0m[38;5;208m[model-perf-tracker.js][0m[0m[0m[33m[ModelPerfTracker][0m[0m model1::test-key success [95m(1/1, 2ms avg)[0m[0m[0m
[2m07:51:27[0m [90m⚪[0m [0m[38;5;208m[request-dedupe.js][0m[0m[0m[33m[RequestDedupe][0m[0m Cached response for key -4faab33[0m

[90mstdout[2m | tests/unit/free-api-router.test.js[2m > [22m[2mFreeApiRouter[2m > [22m[2mAdditional uncovered areas[2m > [22m[2mshould call rateLimitTracker.trackRequest on success
[22m[39m[2m07:51:27[0m [36m🔵[0m [0m[38;5;208m[free-api-router.js][0m[0m[0m[33m[FreeRouter][0m[0m Session default:default -> API Key 1/1[0m
[2m07:51:27[0m [36m🔵[0m [0m[38;5;208m[free-api-router.js][0m[0m[0m[33m[FreeRouter][0m[0m Initialized for session: default:default[0m
[2m07:51:27[0m [36m🔵[0m [0m[38;5;208m[free-api-router.js][0m[0m[0m[33m[FreeRouter][0m[0m API Keys: 1, Selected: 1[0m
[2m07:51:27[0m [36m🔵[0m [0m[38;5;208m[free-api-router.js][0m[0m[0m[33m[FreeRouter][0m[0m Primary model: test/model[0m
[2m07:51:27[0m [36m🔵[0m [0m[38;5;208m[free-api-router.js][0m[0m[0m[33m[FreeRouter][0m[0m Fallback models: 0[0m
[2m07:51:27[0m [36m🔵[0m [0m[38;5;208m[free-api-router.js][0m[0m[0m[33m[FreeRouter][0m[0m Timeout: default=60000ms, quick=20000ms[0m
[2m07:51:27[0m [36m🔵[0m [0m[38;5;208m[free-api-router.js][0m[0m[0m[33m[FreeRouter][0m[0m Advanced features: CircuitBreaker, RateLimitTracker, RequestDedupe, ModelPerfTracker, ApiKeyTimeoutTracker[0m
[2m07:51:27[0m [36m🔵[0m [0m[38;5;208m[free-api-router.js][0m[0m[0m[33m[FreeRouter][0m[0m processRequest: calling _tryModelWithKey[0m
[2m07:51:27[0m [36m🔵[0m [0m[38;5;208m[free-api-router.js][0m[0m[0m[33m[FreeRouter][0m[0m No test results available, using 1 configured models[0m
[2m07:51:27[0m [36m🔵[0m [0m[38;5;208m[free-api-router.js][0m[0m[0m[33m[FreeRouter][0m[0m Attempt 1/3: Trying model test/model[0m
[2m07:51:27[0m [36m🔵[0m [0m[38;5;208m[free-api-router.js][0m[0m[0m[33m[FreeRouter][0m[0m _tryModelWithKey: model=test/model[0m
[2m07:51:27[0m [36m🔵[0m [0m[38;5;208m[free-api-router.js][0m[0m[0m[33m[FreeRouter][0m[0m _tryModelWithKey: proxy=null[0m
[2m07:51:27[0m [36m🔵[0m [0m[38;5;208m[free-api-router.js][0m[0m[0m[33m[FreeRouter][0m[0m _callDirect: starting request to test/model[0m

[90mstdout[2m | tests/unit/free-api-router.test.js[2m > [22m[2mFreeApiRouter[2m > [22m[2mAdditional uncovered areas[2m > [22m[2mshould call rateLimitTracker.trackRequest on success
[22m[39m[2m07:51:27[0m [90m⚪[0m [0m[38;5;208m[free-api-router.js][0m[0m[0m[33m[FreeRouter][0m[0m Response received [95m(8 chars)[0m[0m: response...[0m

[90mstdout[2m | tests/unit/free-api-router.test.js[2m > [22m[2mFreeApiRouter[2m > [22m[2mAdditional uncovered areas[2m > [22m[2mshould call rateLimitTracker.trackRequest on success
[22m[39m[2m07:51:27[0m [90m⚪[0m [0m[38;5;208m[model-perf-tracker.js][0m[0m[0m[33m[ModelPerfTracker][0m[0m test/model::test-key success [95m(1/1, 2ms avg)[0m[0m[0m
[2m07:51:27[0m [90m⚪[0m [0m[38;5;208m[request-dedupe.js][0m[0m[0m[33m[RequestDedupe][0m[0m Cached response for key 4daae485[0m

[90mstdout[2m | tests/unit/free-api-router.test.js[2m > [22m[2mFreeApiRouter[2m > [22m[2mAdditional uncovered areas[2m > [22m[2mshould call apiKeyTimeoutTracker.trackRequest on success
[22m[39m[2m07:51:27[0m [36m🔵[0m [0m[38;5;208m[free-api-router.js][0m[0m[0m[33m[FreeRouter][0m[0m Session default:default -> API Key 1/1[0m
[2m07:51:27[0m [36m🔵[0m [0m[38;5;208m[free-api-router.js][0m[0m[0m[33m[FreeRouter][0m[0m Initialized for session: default:default[0m
[2m07:51:27[0m [36m🔵[0m [0m[38;5;208m[free-api-router.js][0m[0m[0m[33m[FreeRouter][0m[0m API Keys: 1, Selected: 1[0m
[2m07:51:27[0m [36m🔵[0m [0m[38;5;208m[free-api-router.js][0m[0m[0m[33m[FreeRouter][0m[0m Primary model: test/model[0m
[2m07:51:27[0m [36m🔵[0m [0m[38;5;208m[free-api-router.js][0m[0m[0m[33m[FreeRouter][0m[0m Fallback models: 0[0m
[2m07:51:27[0m [36m🔵[0m [0m[38;5;208m[free-api-router.js][0m[0m[0m[33m[FreeRouter][0m[0m Timeout: default=60000ms, quick=20000ms[0m
[2m07:51:27[0m [36m🔵[0m [0m[38;5;208m[free-api-router.js][0m[0m[0m[33m[FreeRouter][0m[0m Advanced features: CircuitBreaker, RateLimitTracker, RequestDedupe, ModelPerfTracker, ApiKeyTimeoutTracker[0m
[2m07:51:27[0m [36m🔵[0m [0m[38;5;208m[free-api-router.js][0m[0m[0m[33m[FreeRouter][0m[0m processRequest: calling _tryModelWithKey[0m
[2m07:51:27[0m [36m🔵[0m [0m[38;5;208m[free-api-router.js][0m[0m[0m[33m[FreeRouter][0m[0m No test results available, using 1 configured models[0m
[2m07:51:27[0m [36m🔵[0m [0m[38;5;208m[free-api-router.js][0m[0m[0m[33m[FreeRouter][0m[0m Attempt 1/3: Trying model test/model[0m
[2m07:51:27[0m [36m🔵[0m [0m[38;5;208m[free-api-router.js][0m[0m[0m[33m[FreeRouter][0m[0m _tryModelWithKey: model=test/model[0m
[2m07:51:27[0m [36m🔵[0m [0m[38;5;208m[free-api-router.js][0m[0m[0m[33m[FreeRouter][0m[0m _tryModelWithKey: proxy=null[0m
[2m07:51:27[0m [36m🔵[0m [0m[38;5;208m[free-api-router.js][0m[0m[0m[33m[FreeRouter][0m[0m _callDirect: starting request to test/model[0m

[90mstdout[2m | tests/unit/free-api-router.test.js[2m > [22m[2mFreeApiRouter[2m > [22m[2mAdditional uncovered areas[2m > [22m[2mshould call apiKeyTimeoutTracker.trackRequest on success
[22m[39m[2m07:51:27[0m [90m⚪[0m [0m[38;5;208m[free-api-router.js][0m[0m[0m[33m[FreeRouter][0m[0m Response received [95m(8 chars)[0m[0m: response...[0m

[90mstdout[2m | tests/unit/free-api-router.test.js[2m > [22m[2mFreeApiRouter[2m > [22m[2mAdditional uncovered areas[2m > [22m[2mshould call apiKeyTimeoutTracker.trackRequest on success
[22m[39m[2m07:51:27[0m [90m⚪[0m [0m[38;5;208m[model-perf-tracker.js][0m[0m[0m[33m[ModelPerfTracker][0m[0m test/model::test-key success [95m(1/1, 1ms avg)[0m[0m[0m
[2m07:51:27[0m [90m⚪[0m [0m[38;5;208m[request-dedupe.js][0m[0m[0m[33m[RequestDedupe][0m[0m Cached response for key 4daae485[0m

[90mstdout[2m | tests/unit/free-api-router.test.js[2m > [22m[2mFreeApiRouter[2m > [22m[2mAdditional uncovered areas[2m > [22m[2mshould handle direct fallback success properly
[22m[39m[2m07:51:27[0m [36m🔵[0m [0m[38;5;208m[free-api-router.js][0m[0m[0m[33m[FreeRouter][0m[0m Session default:default -> API Key 1/1[0m
[2m07:51:27[0m [36m🔵[0m [0m[38;5;208m[free-api-router.js][0m[0m[0m[33m[FreeRouter][0m[0m Initialized for session: default:default[0m
[2m07:51:27[0m [36m🔵[0m [0m[38;5;208m[free-api-router.js][0m[0m[0m[33m[FreeRouter][0m[0m API Keys: 1, Selected: 1[0m
[2m07:51:27[0m [36m🔵[0m [0m[38;5;208m[free-api-router.js][0m[0m[0m[33m[FreeRouter][0m[0m Primary model: test/model[0m
[2m07:51:27[0m [36m🔵[0m [0m[38;5;208m[free-api-router.js][0m[0m[0m[33m[FreeRouter][0m[0m Fallback models: 0[0m
[2m07:51:27[0m [36m🔵[0m [0m[38;5;208m[free-api-router.js][0m[0m[0m[33m[FreeRouter][0m[0m Timeout: default=60000ms, quick=20000ms[0m
[2m07:51:27[0m [36m🔵[0m [0m[38;5;208m[free-api-router.js][0m[0m[0m[33m[FreeRouter][0m[0m Proxy enabled: 1 proxies[0m
[2m07:51:27[0m [36m🔵[0m [0m[38;5;208m[free-api-router.js][0m[0m[0m[33m[FreeRouter][0m[0m Advanced features: CircuitBreaker, RateLimitTracker, RequestDedupe, ModelPerfTracker, ApiKeyTimeoutTracker[0m
[2m07:51:27[0m [36m🔵[0m [0m[38;5;208m[free-api-router.js][0m[0m[0m[33m[FreeRouter][0m[0m processRequest: calling _tryModelWithKey[0m
[2m07:51:27[0m [36m🔵[0m [0m[38;5;208m[free-api-router.js][0m[0m[0m[33m[FreeRouter][0m[0m No test results available, using 1 configured models[0m
[2m07:51:27[0m [36m🔵[0m [0m[38;5;208m[free-api-router.js][0m[0m[0m[33m[FreeRouter][0m[0m Attempt 1/3: Trying model test/model[0m
[2m07:51:27[0m [36m🔵[0m [0m[38;5;208m[free-api-router.js][0m[0m[0m[33m[FreeRouter][0m[0m _tryModelWithKey: model=test/model[0m
[2m07:51:27[0m [36m🔵[0m [0m[38;5;208m[free-api-router.js][0m[0m[0m[33m[FreeRouter][0m[0m _tryModelWithKey: proxy=proxy1:8080[0m

[90mstdout[2m | tests/unit/free-api-router.test.js[2m > [22m[2mFreeApiRouter[2m > [22m[2mAdditional uncovered areas[2m > [22m[2mshould handle direct fallback success properly
[22m[39m[2m07:51:27[0m [33m🟡[0m [0m[38;5;208m[free-api-router.js][0m[33m[0m[33m[FreeRouter][0m[33m Model test/model failed: Proxy Error[0m
[2m07:51:27[0m [90m⚪[0m [0m[38;5;208m[model-perf-tracker.js][0m[0m[0m[33m[ModelPerfTracker][0m[0m test/model::test-key failure [95m(1/1, error: Proxy Error...)[0m[0m[0m
[2m07:51:27[0m [36m🔵[0m [0m[38;5;208m[free-api-router.js][0m[0m[0m[33m[FreeRouter][0m[0m Proxy failed, trying direct connection...[0m
[2m07:51:27[0m [36m🔵[0m [0m[38;5;208m[free-api-router.js][0m[0m[0m[33m[FreeRouter][0m[0m _callDirect: starting request to test/model[0m

[90mstdout[2m | tests/unit/free-api-router.test.js[2m > [22m[2mFreeApiRouter[2m > [22m[2mAdditional uncovered areas[2m > [22m[2mshould handle direct fallback success properly
[22m[39m[2m07:51:27[0m [90m⚪[0m [0m[38;5;208m[free-api-router.js][0m[0m[0m[33m[FreeRouter][0m[0m Response received [95m(14 chars)[0m[0m: direct success...[0m

[90mstdout[2m | tests/unit/free-api-router.test.js[2m > [22m[2mFreeApiRouter[2m > [22m[2mAdditional uncovered areas[2m > [22m[2mshould handle direct fallback success properly
[22m[39m[2m07:51:27[0m [90m⚪[0m [0m[38;5;208m[model-perf-tracker.js][0m[0m[0m[33m[ModelPerfTracker][0m[0m test/model::test-key success [95m(1/2, 2ms avg)[0m[0m[0m
[2m07:51:27[0m [90m⚪[0m [0m[38;5;208m[request-dedupe.js][0m[0m[0m[33m[RequestDedupe][0m[0m Cached response for key 4daae485[0m

[90mstdout[2m | tests/unit/free-api-router.test.js[2m > [22m[2mFreeApiRouter[2m > [22m[2mAdditional uncovered areas[2m > [22m[2mshould handle no proxy fallback when disabled
[22m[39m[2m07:51:27[0m [36m🔵[0m [0m[38;5;208m[free-api-router.js][0m[0m[0m[33m[FreeRouter][0m[0m Session default:default -> API Key 1/1[0m
[2m07:51:27[0m [36m🔵[0m [0m[38;5;208m[free-api-router.js][0m[0m[0m[33m[FreeRouter][0m[0m Initialized for session: default:default[0m
[2m07:51:27[0m [36m🔵[0m [0m[38;5;208m[free-api-router.js][0m[0m[0m[33m[FreeRouter][0m[0m API Keys: 1, Selected: 1[0m
[2m07:51:27[0m [36m🔵[0m [0m[38;5;208m[free-api-router.js][0m[0m[0m[33m[FreeRouter][0m[0m Primary model: test/model[0m
[2m07:51:27[0m [36m🔵[0m [0m[38;5;208m[free-api-router.js][0m[0m[0m[33m[FreeRouter][0m[0m Fallback models: 0[0m
[2m07:51:27[0m [36m🔵[0m [0m[38;5;208m[free-api-router.js][0m[0m[0m[33m[FreeRouter][0m[0m Timeout: default=60000ms, quick=20000ms[0m
[2m07:51:27[0m [36m🔵[0m [0m[38;5;208m[free-api-router.js][0m[0m[0m[33m[FreeRouter][0m[0m Proxy enabled: 1 proxies[0m
[2m07:51:27[0m [36m🔵[0m [0m[38;5;208m[free-api-router.js][0m[0m[0m[33m[FreeRouter][0m[0m Advanced features: CircuitBreaker, RateLimitTracker, RequestDedupe, ModelPerfTracker, ApiKeyTimeoutTracker[0m
[2m07:51:27[0m [36m🔵[0m [0m[38;5;208m[free-api-router.js][0m[0m[0m[33m[FreeRouter][0m[0m processRequest: calling _tryModelWithKey[0m
[2m07:51:27[0m [36m🔵[0m [0m[38;5;208m[free-api-router.js][0m[0m[0m[33m[FreeRouter][0m[0m No test results available, using 1 configured models[0m
[2m07:51:27[0m [36m🔵[0m [0m[38;5;208m[free-api-router.js][0m[0m[0m[33m[FreeRouter][0m[0m Attempt 1/3: Trying model test/model[0m
[2m07:51:27[0m [36m🔵[0m [0m[38;5;208m[free-api-router.js][0m[0m[0m[33m[FreeRouter][0m[0m _tryModelWithKey: model=test/model[0m
[2m07:51:27[0m [36m🔵[0m [0m[38;5;208m[free-api-router.js][0m[0m[0m[33m[FreeRouter][0m[0m _tryModelWithKey: proxy=proxy1:8080[0m

[90mstdout[2m | tests/unit/free-api-router.test.js[2m > [22m[2mFreeApiRouter[2m > [22m[2mAdditional uncovered areas[2m > [22m[2mshould handle no proxy fallback when disabled
[22m[39m[2m07:51:27[0m [33m🟡[0m [0m[38;5;208m[free-api-router.js][0m[33m[0m[33m[FreeRouter][0m[33m Model test/model failed: Proxy Error[0m
[2m07:51:27[0m [90m⚪[0m [0m[38;5;208m[model-perf-tracker.js][0m[0m[0m[33m[ModelPerfTracker][0m[0m test/model::test-key failure [95m(1/1, error: Proxy Error...)[0m[0m[0m

[90mstdout[2m | tests/unit/free-api-router.test.js[2m > [22m[2mFreeApiRouter[2m > [22m[2mAdditional uncovered areas[2m > [22m[2mshould log moving to next model
[22m[39m[2m07:51:27[0m [36m🔵[0m [0m[38;5;208m[free-api-router.js][0m[0m[0m[33m[FreeRouter][0m[0m Session default:default -> API Key 1/1[0m
[2m07:51:27[0m [36m🔵[0m [0m[38;5;208m[free-api-router.js][0m[0m[0m[33m[FreeRouter][0m[0m Initialized for session: default:default[0m
[2m07:51:27[0m [36m🔵[0m [0m[38;5;208m[free-api-router.js][0m[0m[0m[33m[FreeRouter][0m[0m API Keys: 1, Selected: 1[0m
[2m07:51:27[0m [36m🔵[0m [0m[38;5;208m[free-api-router.js][0m[0m[0m[33m[FreeRouter][0m[0m Primary model: model1[0m
[2m07:51:27[0m [36m🔵[0m [0m[38;5;208m[free-api-router.js][0m[0m[0m[33m[FreeRouter][0m[0m Fallback models: 1[0m
[2m07:51:27[0m [36m🔵[0m [0m[38;5;208m[free-api-router.js][0m[0m[0m[33m[FreeRouter][0m[0m Timeout: default=60000ms, quick=20000ms[0m
[2m07:51:27[0m [36m🔵[0m [0m[38;5;208m[free-api-router.js][0m[0m[0m[33m[FreeRouter][0m[0m Advanced features: CircuitBreaker, RateLimitTracker, RequestDedupe, ModelPerfTracker, ApiKeyTimeoutTracker[0m
[2m07:51:27[0m [36m🔵[0m [0m[38;5;208m[free-api-router.js][0m[0m[0m[33m[FreeRouter][0m[0m processRequest: calling _tryModelWithKey[0m
[2m07:51:27[0m [36m🔵[0m [0m[38;5;208m[free-api-router.js][0m[0m[0m[33m[FreeRouter][0m[0m No test results available, using 2 configured models[0m
[2m07:51:27[0m [36m🔵[0m [0m[38;5;208m[free-api-router.js][0m[0m[0m[33m[FreeRouter][0m[0m Attempt 1/3: Trying model model1[0m
[2m07:51:27[0m [36m🔵[0m [0m[38;5;208m[free-api-router.js][0m[0m[0m[33m[FreeRouter][0m[0m _tryModelWithKey: model=model1[0m
[2m07:51:27[0m [36m🔵[0m [0m[38;5;208m[free-api-router.js][0m[0m[0m[33m[FreeRouter][0m[0m _tryModelWithKey: proxy=null[0m
[2m07:51:27[0m [36m🔵[0m [0m[38;5;208m[free-api-router.js][0m[0m[0m[33m[FreeRouter][0m[0m _callDirect: starting request to model1[0m

[90mstdout[2m | tests/unit/free-api-router.test.js[2m > [22m[2mFreeApiRouter[2m > [22m[2mAdditional uncovered areas[2m > [22m[2mshould log moving to next model
[22m[39m[2m07:51:27[0m [33m🟡[0m [0m[38;5;208m[free-api-router.js][0m[33m[0m[33m[FreeRouter][0m[33m Model model1 failed: Error[0m
[2m07:51:27[0m [90m⚪[0m [0m[38;5;208m[model-perf-tracker.js][0m[0m[0m[33m[ModelPerfTracker][0m[0m model1::test-key failure [95m(1/1, error: Error...)[0m[0m[0m
[2m07:51:27[0m [36m🔵[0m [0m[38;5;208m[free-api-router.js][0m[0m[0m[33m[FreeRouter][0m[0m Moving to next model. Progress: 1/3 attempts used, 1 models remaining[0m
[2m07:51:27[0m [36m🔵[0m [0m[38;5;208m[free-api-router.js][0m[0m[0m[33m[FreeRouter][0m[0m Attempt 2/3: Trying model model2[0m
[2m07:51:27[0m [36m🔵[0m [0m[38;5;208m[free-api-router.js][0m[0m[0m[33m[FreeRouter][0m[0m _tryModelWithKey: model=model2[0m
[2m07:51:27[0m [36m🔵[0m [0m[38;5;208m[free-api-router.js][0m[0m[0m[33m[FreeRouter][0m[0m _tryModelWithKey: proxy=null[0m
[2m07:51:27[0m [36m🔵[0m [0m[38;5;208m[free-api-router.js][0m[0m[0m[33m[FreeRouter][0m[0m _callDirect: starting request to model2[0m

[90mstdout[2m | tests/unit/free-api-router.test.js[2m > [22m[2mFreeApiRouter[2m > [22m[2mAdditional uncovered areas[2m > [22m[2mshould log moving to next model
[22m[39m[2m07:51:27[0m [33m🟡[0m [0m[38;5;208m[free-api-router.js][0m[33m[0m[33m[FreeRouter][0m[33m Model model2 failed: Error[0m
[2m07:51:27[0m [90m⚪[0m [0m[38;5;208m[model-perf-tracker.js][0m[0m[0m[33m[ModelPerfTracker][0m[0m model2::test-key failure [95m(1/1, error: Error...)[0m[0m[0m

[90mstdout[2m | tests/unit/free-api-router.test.js[2m > [22m[2mFreeApiRouter[2m > [22m[2mAdditional uncovered areas[2m > [22m[2mshould return keyUsed in result
[22m[39m[2m07:51:27[0m [36m🔵[0m [0m[38;5;208m[free-api-router.js][0m[0m[0m[33m[FreeRouter][0m[0m Session default:default -> API Key 1/1[0m
[2m07:51:27[0m [36m🔵[0m [0m[38;5;208m[free-api-router.js][0m[0m[0m[33m[FreeRouter][0m[0m Initialized for session: default:default[0m
[2m07:51:27[0m [36m🔵[0m [0m[38;5;208m[free-api-router.js][0m[0m[0m[33m[FreeRouter][0m[0m API Keys: 1, Selected: 1[0m
[2m07:51:27[0m [36m🔵[0m [0m[38;5;208m[free-api-router.js][0m[0m[0m[33m[FreeRouter][0m[0m Primary model: test/model[0m
[2m07:51:27[0m [36m🔵[0m [0m[38;5;208m[free-api-router.js][0m[0m[0m[33m[FreeRouter][0m[0m Fallback models: 0[0m
[2m07:51:27[0m [36m🔵[0m [0m[38;5;208m[free-api-router.js][0m[0m[0m[33m[FreeRouter][0m[0m Timeout: default=60000ms, quick=20000ms[0m
[2m07:51:27[0m [36m🔵[0m [0m[38;5;208m[free-api-router.js][0m[0m[0m[33m[FreeRouter][0m[0m Advanced features: CircuitBreaker, RateLimitTracker, RequestDedupe, ModelPerfTracker, ApiKeyTimeoutTracker[0m
[2m07:51:27[0m [36m🔵[0m [0m[38;5;208m[free-api-router.js][0m[0m[0m[33m[FreeRouter][0m[0m processRequest: calling _tryModelWithKey[0m
[2m07:51:27[0m [36m🔵[0m [0m[38;5;208m[free-api-router.js][0m[0m[0m[33m[FreeRouter][0m[0m No test results available, using 1 configured models[0m
[2m07:51:27[0m [36m🔵[0m [0m[38;5;208m[free-api-router.js][0m[0m[0m[33m[FreeRouter][0m[0m Attempt 1/3: Trying model test/model[0m
[2m07:51:27[0m [36m🔵[0m [0m[38;5;208m[free-api-router.js][0m[0m[0m[33m[FreeRouter][0m[0m _tryModelWithKey: model=test/model[0m
[2m07:51:27[0m [36m🔵[0m [0m[38;5;208m[free-api-router.js][0m[0m[0m[33m[FreeRouter][0m[0m _tryModelWithKey: proxy=null[0m
[2m07:51:27[0m [36m🔵[0m [0m[38;5;208m[free-api-router.js][0m[0m[0m[33m[FreeRouter][0m[0m _callDirect: starting request to test/model[0m

[90mstdout[2m | tests/unit/free-api-router.test.js[2m > [22m[2mFreeApiRouter[2m > [22m[2mAdditional uncovered areas[2m > [22m[2mshould return keyUsed in result
[22m[39m[2m07:51:27[0m [90m⚪[0m [0m[38;5;208m[free-api-router.js][0m[0m[0m[33m[FreeRouter][0m[0m Response received [95m(8 chars)[0m[0m: response...[0m

[90mstdout[2m | tests/unit/free-api-router.test.js[2m > [22m[2mFreeApiRouter[2m > [22m[2mAdditional uncovered areas[2m > [22m[2mshould return keyUsed in result
[22m[39m[2m07:51:27[0m [90m⚪[0m [0m[38;5;208m[model-perf-tracker.js][0m[0m[0m[33m[ModelPerfTracker][0m[0m test/model::test-key success [95m(1/1, 2ms avg)[0m[0m[0m
[2m07:51:27[0m [90m⚪[0m [0m[38;5;208m[request-dedupe.js][0m[0m[0m[33m[RequestDedupe][0m[0m Cached response for key 4daae485[0m

[90mstdout[2m | tests/unit/free-api-router.test.js[2m > [22m[2mFreeApiRouter[2m > [22m[2mAdditional uncovered areas[2m > [22m[2mshould return proxyUsed in result
[22m[39m[2m07:51:27[0m [36m🔵[0m [0m[38;5;208m[free-api-router.js][0m[0m[0m[33m[FreeRouter][0m[0m Session default:default -> API Key 1/1[0m
[2m07:51:27[0m [36m🔵[0m [0m[38;5;208m[free-api-router.js][0m[0m[0m[33m[FreeRouter][0m[0m Initialized for session: default:default[0m
[2m07:51:27[0m [36m🔵[0m [0m[38;5;208m[free-api-router.js][0m[0m[0m[33m[FreeRouter][0m[0m API Keys: 1, Selected: 1[0m
[2m07:51:27[0m [36m🔵[0m [0m[38;5;208m[free-api-router.js][0m[0m[0m[33m[FreeRouter][0m[0m Primary model: test/model[0m
[2m07:51:27[0m [36m🔵[0m [0m[38;5;208m[free-api-router.js][0m[0m[0m[33m[FreeRouter][0m[0m Fallback models: 0[0m
[2m07:51:27[0m [36m🔵[0m [0m[38;5;208m[free-api-router.js][0m[0m[0m[33m[FreeRouter][0m[0m Timeout: default=60000ms, quick=20000ms[0m
[2m07:51:27[0m [36m🔵[0m [0m[38;5;208m[free-api-router.js][0m[0m[0m[33m[FreeRouter][0m[0m Advanced features: CircuitBreaker, RateLimitTracker, RequestDedupe, ModelPerfTracker, ApiKeyTimeoutTracker[0m
[2m07:51:27[0m [36m🔵[0m [0m[38;5;208m[free-api-router.js][0m[0m[0m[33m[FreeRouter][0m[0m processRequest: calling _tryModelWithKey[0m
[2m07:51:27[0m [36m🔵[0m [0m[38;5;208m[free-api-router.js][0m[0m[0m[33m[FreeRouter][0m[0m No test results available, using 1 configured models[0m
[2m07:51:27[0m [36m🔵[0m [0m[38;5;208m[free-api-router.js][0m[0m[0m[33m[FreeRouter][0m[0m Attempt 1/3: Trying model test/model[0m
[2m07:51:27[0m [36m🔵[0m [0m[38;5;208m[free-api-router.js][0m[0m[0m[33m[FreeRouter][0m[0m _tryModelWithKey: model=test/model[0m
[2m07:51:27[0m [36m🔵[0m [0m[38;5;208m[free-api-router.js][0m[0m[0m[33m[FreeRouter][0m[0m _tryModelWithKey: proxy=null[0m
[2m07:51:27[0m [36m🔵[0m [0m[38;5;208m[free-api-router.js][0m[0m[0m[33m[FreeRouter][0m[0m _callDirect: starting request to test/model[0m

[90mstdout[2m | tests/unit/free-api-router.test.js[2m > [22m[2mFreeApiRouter[2m > [22m[2mAdditional uncovered areas[2m > [22m[2mshould return proxyUsed in result
[22m[39m[2m07:51:27[0m [90m⚪[0m [0m[38;5;208m[free-api-router.js][0m[0m[0m[33m[FreeRouter][0m[0m Response received [95m(8 chars)[0m[0m: response...[0m

[90mstdout[2m | tests/unit/free-api-router.test.js[2m > [22m[2mFreeApiRouter[2m > [22m[2mAdditional uncovered areas[2m > [22m[2mshould return proxyUsed in result
[22m[39m[2m07:51:27[0m [90m⚪[0m [0m[38;5;208m[model-perf-tracker.js][0m[0m[0m[33m[ModelPerfTracker][0m[0m test/model::test-key success [95m(1/1, 2ms avg)[0m[0m[0m
[2m07:51:27[0m [90m⚪[0m [0m[38;5;208m[request-dedupe.js][0m[0m[0m[33m[RequestDedupe][0m[0m Cached response for key 4daae485[0m

[90mstdout[2m | tests/unit/free-api-router.test.js[2m > [22m[2mFreeApiRouter[2m > [22m[2mAdditional uncovered areas[2m > [22m[2mshould handle retryCount in result
[22m[39m[2m07:51:27[0m [36m🔵[0m [0m[38;5;208m[free-api-router.js][0m[0m[0m[33m[FreeRouter][0m[0m Session default:default -> API Key 1/1[0m
[2m07:51:27[0m [36m🔵[0m [0m[38;5;208m[free-api-router.js][0m[0m[0m[33m[FreeRouter][0m[0m Initialized for session: default:default[0m
[2m07:51:27[0m [36m🔵[0m [0m[38;5;208m[free-api-router.js][0m[0m[0m[33m[FreeRouter][0m[0m API Keys: 1, Selected: 1[0m
[2m07:51:27[0m [36m🔵[0m [0m[38;5;208m[free-api-router.js][0m[0m[0m[33m[FreeRouter][0m[0m Primary model: test/model[0m
[2m07:51:27[0m [36m🔵[0m [0m[38;5;208m[free-api-router.js][0m[0m[0m[33m[FreeRouter][0m[0m Fallback models: 0[0m
[2m07:51:27[0m [36m🔵[0m [0m[38;5;208m[free-api-router.js][0m[0m[0m[33m[FreeRouter][0m[0m Timeout: default=60000ms, quick=20000ms[0m
[2m07:51:27[0m [36m🔵[0m [0m[38;5;208m[free-api-router.js][0m[0m[0m[33m[FreeRouter][0m[0m Advanced features: CircuitBreaker, RateLimitTracker, RequestDedupe, ModelPerfTracker, ApiKeyTimeoutTracker[0m
[2m07:51:27[0m [36m🔵[0m [0m[38;5;208m[free-api-router.js][0m[0m[0m[33m[FreeRouter][0m[0m processRequest: calling _tryModelWithKey[0m
[2m07:51:27[0m [36m🔵[0m [0m[38;5;208m[free-api-router.js][0m[0m[0m[33m[FreeRouter][0m[0m No test results available, using 1 configured models[0m
[2m07:51:27[0m [36m🔵[0m [0m[38;5;208m[free-api-router.js][0m[0m[0m[33m[FreeRouter][0m[0m Attempt 1/3: Trying model test/model[0m
[2m07:51:27[0m [36m🔵[0m [0m[38;5;208m[free-api-router.js][0m[0m[0m[33m[FreeRouter][0m[0m _tryModelWithKey: model=test/model[0m
[2m07:51:27[0m [36m🔵[0m [0m[38;5;208m[free-api-router.js][0m[0m[0m[33m[FreeRouter][0m[0m _tryModelWithKey: proxy=null[0m
[2m07:51:27[0m [36m🔵[0m [0m[38;5;208m[free-api-router.js][0m[0m[0m[33m[FreeRouter][0m[0m _callDirect: starting request to test/model[0m

[90mstdout[2m | tests/unit/free-api-router.test.js[2m > [22m[2mFreeApiRouter[2m > [22m[2mAdditional uncovered areas[2m > [22m[2mshould handle retryCount in result
[22m[39m[2m07:51:27[0m [90m⚪[0m [0m[38;5;208m[free-api-router.js][0m[0m[0m[33m[FreeRouter][0m[0m Response received [95m(8 chars)[0m[0m: response...[0m

[90mstdout[2m | tests/unit/free-api-router.test.js[2m > [22m[2mFreeApiRouter[2m > [22m[2mAdditional uncovered areas[2m > [22m[2mshould handle retryCount in result
[22m[39m[2m07:51:27[0m [90m⚪[0m [0m[38;5;208m[model-perf-tracker.js][0m[0m[0m[33m[ModelPerfTracker][0m[0m test/model::test-key success [95m(1/1, 1ms avg)[0m[0m[0m
[2m07:51:27[0m [90m⚪[0m [0m[38;5;208m[request-dedupe.js][0m[0m[0m[33m[RequestDedupe][0m[0m Cached response for key 4daae485[0m

[90mstdout[2m | tests/unit/free-api-router.test.js[2m > [22m[2mFreeApiRouter[2m > [22m[2mAdditional uncovered areas[2m > [22m[2mshould call circuitBreaker.recordSuccess on success
[22m[39m[2m07:51:27[0m [36m🔵[0m [0m[38;5;208m[free-api-router.js][0m[0m[0m[33m[FreeRouter][0m[0m Session default:default -> API Key 1/1[0m
[2m07:51:27[0m [36m🔵[0m [0m[38;5;208m[free-api-router.js][0m[0m[0m[33m[FreeRouter][0m[0m Initialized for session: default:default[0m
[2m07:51:27[0m [36m🔵[0m [0m[38;5;208m[free-api-router.js][0m[0m[0m[33m[FreeRouter][0m[0m API Keys: 1, Selected: 1[0m
[2m07:51:27[0m [36m🔵[0m [0m[38;5;208m[free-api-router.js][0m[0m[0m[33m[FreeRouter][0m[0m Primary model: test/model[0m
[2m07:51:27[0m [36m🔵[0m [0m[38;5;208m[free-api-router.js][0m[0m[0m[33m[FreeRouter][0m[0m Fallback models: 0[0m
[2m07:51:27[0m [36m🔵[0m [0m[38;5;208m[free-api-router.js][0m[0m[0m[33m[FreeRouter][0m[0m Timeout: default=60000ms, quick=20000ms[0m
[2m07:51:27[0m [36m🔵[0m [0m[38;5;208m[free-api-router.js][0m[0m[0m[33m[FreeRouter][0m[0m Advanced features: CircuitBreaker, RateLimitTracker, RequestDedupe, ModelPerfTracker, ApiKeyTimeoutTracker[0m
[2m07:51:27[0m [36m🔵[0m [0m[38;5;208m[free-api-router.js][0m[0m[0m[33m[FreeRouter][0m[0m processRequest: calling _tryModelWithKey[0m
[2m07:51:27[0m [36m🔵[0m [0m[38;5;208m[free-api-router.js][0m[0m[0m[33m[FreeRouter][0m[0m No test results available, using 1 configured models[0m
[2m07:51:27[0m [36m🔵[0m [0m[38;5;208m[free-api-router.js][0m[0m[0m[33m[FreeRouter][0m[0m Attempt 1/3: Trying model test/model[0m
[2m07:51:27[0m [36m🔵[0m [0m[38;5;208m[free-api-router.js][0m[0m[0m[33m[FreeRouter][0m[0m _tryModelWithKey: model=test/model[0m
[2m07:51:27[0m [36m🔵[0m [0m[38;5;208m[free-api-router.js][0m[0m[0m[33m[FreeRouter][0m[0m _tryModelWithKey: proxy=null[0m
[2m07:51:27[0m [36m🔵[0m [0m[38;5;208m[free-api-router.js][0m[0m[0m[33m[FreeRouter][0m[0m _callDirect: starting request to test/model[0m

[90mstdout[2m | tests/unit/free-api-router.test.js[2m > [22m[2mFreeApiRouter[2m > [22m[2mAdditional uncovered areas[2m > [22m[2mshould call circuitBreaker.recordSuccess on success
[22m[39m[2m07:51:27[0m [90m⚪[0m [0m[38;5;208m[free-api-router.js][0m[0m[0m[33m[FreeRouter][0m[0m Response received [95m(8 chars)[0m[0m: response...[0m

[90mstdout[2m | tests/unit/free-api-router.test.js[2m > [22m[2mFreeApiRouter[2m > [22m[2mAdditional uncovered areas[2m > [22m[2mshould call circuitBreaker.recordSuccess on success
[22m[39m[2m07:51:27[0m [90m⚪[0m [0m[38;5;208m[model-perf-tracker.js][0m[0m[0m[33m[ModelPerfTracker][0m[0m test/model::test-key success [95m(1/1, 1ms avg)[0m[0m[0m
[2m07:51:27[0m [90m⚪[0m [0m[38;5;208m[request-dedupe.js][0m[0m[0m[33m[RequestDedupe][0m[0m Cached response for key 4daae485[0m

[90mstdout[2m | tests/unit/urlReferrer.test.js[2m > [22m[2mReferrerEngine[2m > [22m[2mtrampolineNavigate edge cases[2m > [22m[2mshould handle route pattern matching for trampoline
[22m[39m[ReferrerEngine] Strategy: google_search
[ReferrerEngine] Target: https://twitter.com/user/status/123?utm_source=google&utm_medium=organic
[ReferrerEngine] Spoofed Origin: https://www.google.com/search?q=what%20did%20user%20tweet&sourceid=chrome&ie=UTF-8&ved=0ahUKEwidhIC1qL2RAxWY1zgGHToAHtsQ39UDCA0&ei=I6srdZpL5QCi

[90mstdout[2m | tests/unit/urlReferrer.test.js[2m > [22m[2mReferrerEngine[2m > [22m[2mTrampoline navigation body content (line 525)[2m > [22m[2mshould include trampoline auto-click script in body
[22m[39m[ReferrerEngine] Strategy: google_search
[ReferrerEngine] Target: https://target.com/?utm_source=google&utm_medium=organic
[ReferrerEngine] Spoofed Origin: https://www.google.com/search?q=technology%20update&sourceid=chrome&ie=UTF-8&ved=0ahUKEwidhIC1qL2RAxWY1zgGHToAHtsQ39UDCA0&ei=zEM7Uce2dMWM

[90mstdout[2m | tests/unit/request-dedupe.test.js[2m > [22m[2mrequest-dedupe.js[2m > [22m[2mprune[2m > [22m[2mshould remove expired entries
[22m[39m[2m07:51:27[0m [36m🔵[0m [0m[38;5;208m[request-dedupe.js][0m[0m[0m[33m[RequestDedupe][0m[0m Pruned 1 expired entries[0m

[90mstdout[2m | tests/unit/request-dedupe.test.js[2m > [22m[2mrequest-dedupe.js[2m > [22m[2mprune[2m > [22m[2mshould return 0 if nothing to prune
[22m[39m[2m07:51:27[0m [90m⚪[0m [0m[38;5;208m[request-dedupe.js][0m[0m[0m[33m[RequestDedupe][0m[0m Cached response for key 3b165a5[0m

[90mstdout[2m | tests/unit/request-dedupe.test.js[2m > [22m[2mrequest-dedupe.js[2m > [22m[2menable/disable[2m > [22m[2misEnabled should return current state
[22m[39m[2m07:51:27[0m [36m🔵[0m [0m[38;5;208m[request-dedupe.js][0m[0m[0m[33m[RequestDedupe][0m[0m Disabled[0m
[2m07:51:27[0m [36m🔵[0m [0m[38;5;208m[request-dedupe.js][0m[0m[0m[33m[RequestDedupe][0m[0m Enabled[0m

[33m[39m[32m·[39m[33m[39m[32m·[39m[33m[39m[32m·[39m[33m[39m[32m·[39m[33m[39m[32m·[39m[33m[39m[32m·[39m[33m[39m[32m·[39m[33m[39m[32m·[39m[33m[39m[32m·[39m[33m[39m[32m·[39m[33m[39m[32m·[39m[33m[39m[32m·[39m[33m[39m[32m·[39m[33m[39m[32m·[39m[33m[39m[32m·[39m[33m[39m[32m·[39m[33m[39m[32m·[39m[33m[39m[32m·[39m[33m[39m[32m·[39m[33m[39m[32m·[39m[33m[39m[32m·[39m[33m[39m[32m·[39m[33m[39m[32m·[39m[33m[39m[32m·[39m[33m[39m[32m·[39m[33m[39m[32m·[39m[33m[39m[32m·[39m[33m[39m[32m·[39m[90mstdout[2m | Logger._log (C:\My Script\auto-ai\utils\logger.js:283:13)
[22m[39m[2m07:51:27[0m [33m🟡[0m [0m[38;5;208m[async-queue.js][0m[33m[0m[33m[AsyncQueue][0m[33m Task timeout reached: 100ms for test-timeout[0m

[33m[39m[32m·[39m[33m[39m[32m·[39m[33m[39m[32m·[39m[33m[39m[32m·[39m[33m[39m[32m·[39m[33m[39m[32m·[39m[33m[39m[32m·[39m[33m[39m[32m·[39m[33m[39m[32m·[39m[33m[39m[32m·[39m[33m[39m[32m·[39m[33m[39m[32m·[39m[33m[39m[32m·[39m[33m[39m[32m·[39m[33m[39m[32m·[39m[33m[39m[32m·[39m[33m[39m[32m·[39m[33m[39m[32m·[39m[33m[39m[32m·[39m[33m[39m[32m·[39m[33m[39m[32m·[39m[33m[39m[32m·[39m[33m[39m[32m·[39m[33m[39m[32m·[39m[33m[39m[32m·[39m[33m[39m[32m·[39m[33m[39m[32m·[39m[33m[39m[32m·[39m[33m[39m[32m·[39m[33m[39m[32m·[39m[33m[39m[32m·[39m[33m[39m[32m·[39m[33m[39m[32m·[39m[33m[39m[32m·[39m[33m[39m[32m·[39m[33m[39m[32m·[39m[33m[39m[32m·[39m[33m[39m[32m·[39m[33m[39m[32m·[39m[33m[39m[32m·[39m[33m[39m[32m·[39m[33m[39m[32m·[39m[33m[39m[32m·[39m[33m[39m[32m·[39m[33m[39m[32m·[39m[33m[39m[32m·[39m[33m[39m[32m·[39m[33m[39m[32m·[39m[33m[39m[32m·[39m[33m[39m[32m·[39m[33m[39m[32m·[39m[33m[39m[32m·[39m[33m[39m[32m·[39m[33m[39m[32m·[39m[33m[39m[32m·[39m[33m[39m[32m·[39m[33m[39m[32m·[39m[33m[39m[32m·[39m[33m[39m[32m·[39m[33m[39m[32m·[39m[33m[39m[32m·[39m[33m[39m[32m·[39m[33m[39m[32m·[39m[33m[39m[32m·[39m[33m[39m[32m·[39m[33m[39m[32m·[39m[33m[39m[32m·[39m[33m[39m[32m·[39m[33m[39m[32m·[39m[33m[39m[32m·[39m[33m[39m[32m·[39m[90mstdout[2m | tests/unit/random-zoom.test.js[2m > [22m[2mrandomZoom.js[2m > [22m[2mcreateRandomZoomer[2m > [22m[2mshould start zoom simulation and complete
[22m[39m[2m07:51:27[0m [90m⚪[0m [0m[38;5;208m[randomZoom.js][0m [0mStarting random zoom simulation for 0.05 seconds.[0m

[90mstdout[2m | tests/unit/random-zoom.test.js[2m > [22m[2mrandomZoom.js[2m > [22m[2mcreateRandomZoomer[2m > [22m[2mshould start zoom simulation and complete
[22m[39m[2m07:51:27[0m [90m⚪[0m [0m[38;5;208m[configLoader.js][0m [0mLoaded configuration from timeouts.json[0m

[90mstdout[2m | tests/unit/random-zoom.test.js[2m > [22m[2mrandomZoom.js[2m > [22m[2mcreateRandomZoomer[2m > [22m[2mshould start zoom simulation and complete
[22m[39m[2m07:51:27[0m [90m⚪[0m [0m[38;5;208m[configLoader.js][0m [0mLoaded configuration from timeouts.json[0m

[90mstdout[2m | tests/unit/random-zoom.test.js[2m > [22m[2mrandomZoom.js[2m > [22m[2mcreateRandomZoomer[2m > [22m[2mshould start zoom simulation and complete
[22m[39m[2m07:51:27[0m [90m⚪[0m [0m[38;5;208m[randomZoom.js][0m [0mSimulation finished. Setting final zoom to 75%.[0m

[90mstdout[2m | tests/unit/random-zoom.test.js[2m > [22m[2mrandomZoom.js[2m > [22m[2mcreateRandomZoomer[2m > [22m[2mshould start zoom simulation and complete
[22m[39m[2m07:51:27[0m [90m⚪[0m [0m[38;5;208m[randomZoom.js][0m [0mSet page content zoom to 75%[0m

[90mstdout[2m | tests/unit/random-zoom.test.js[2m > [22m[2mrandomZoom.js[2m > [22m[2mcreateRandomZoomer[2m > [22m[2mshould handle page closed during zoom
[22m[39m[2m07:51:27[0m [90m⚪[0m [0m[38;5;208m[randomZoom.js][0m [0mStarting random zoom simulation for 0.05 seconds.[0m

[90mstdout[2m | tests/unit/random-zoom.test.js[2m > [22m[2mrandomZoom.js[2m > [22m[2mcreateRandomZoomer[2m > [22m[2mshould handle error during zoom loop
[22m[39m[2m07:51:27[0m [90m⚪[0m [0m[38;5;208m[randomZoom.js][0m [0mStarting random zoom simulation for 0.05 seconds.[0m

[90mstdout[2m | tests/unit/random-zoom.test.js[2m > [22m[2mrandomZoom.js[2m > [22m[2mcreateRandomZoomer[2m > [22m[2mshould handle error during zoom loop
[22m[39m[2m07:51:27[0m [90m⚪[0m [0m[38;5;208m[randomZoom.js][0m [0mSimulation finished. Setting final zoom to 75%.[0m

[90mstdout[2m | tests/unit/random-zoom.test.js[2m > [22m[2mrandomZoom.js[2m > [22m[2mcreateRandomZoomer[2m > [22m[2mshould handle error during zoom loop
[22m[39m[2m07:51:27[0m [31m🔴[0m [0m[38;5;208m[randomZoom.js][0m [31mFailed to set page zoom: Zoom failed[0m

[90mstdout[2m | tests/unit/random-zoom.test.js[2m > [22m[2mrandomZoom.js[2m > [22m[2mcreateRandomZoomer[2m > [22m[2mshould set final zoom to 75% when page is not closed
[22m[39m[2m07:51:27[0m [90m⚪[0m [0m[38;5;208m[randomZoom.js][0m [0mStarting random zoom simulation for 0.02 seconds.[0m

[90mstdout[2m | tests/unit/random-zoom.test.js[2m > [22m[2mrandomZoom.js[2m > [22m[2mcreateRandomZoomer[2m > [22m[2mshould set final zoom to 75% when page is not closed
[22m[39m[2m07:51:27[0m [90m⚪[0m [0m[38;5;208m[randomZoom.js][0m [0mSimulation finished. Setting final zoom to 75%.[0m

[90mstdout[2m | tests/unit/random-zoom.test.js[2m > [22m[2mrandomZoom.js[2m > [22m[2mcreateRandomZoomer[2m > [22m[2mshould set final zoom to 75% when page is not closed
[22m[39m[2m07:51:27[0m [90m⚪[0m [0m[38;5;208m[randomZoom.js][0m [0mSet page content zoom to 75%[0m

[90mstdout[2m | tests/unit/random-zoom.test.js[2m > [22m[2mrandomZoom.js[2m > [22m[2mcreateRandomZoomer[2m > [22m[2mshould not set final zoom when page is closed
[22m[39m[2m07:51:27[0m [90m⚪[0m [0m[38;5;208m[randomZoom.js][0m [0mStarting random zoom simulation for 0.05 seconds.[0m

[90mstdout[2m | tests/unit/random-zoom.test.js[2m > [22m[2mrandomZoom.js[2m > [22m[2mcreateRandomZoomer[2m > [22m[2mshould not set final zoom when page is closed
[22m[39m[2m07:51:27[0m [90m⚪[0m [0m[38;5;208m[randomZoom.js][0m [0mSimulation finished. Setting final zoom to 75%.[0m

[90mstdout[2m | tests/unit/random-zoom.test.js[2m > [22m[2mrandomZoom.js[2m > [22m[2mcreateRandomZoomer[2m > [22m[2mshould not set final zoom when page is closed
[22m[39m[2m07:51:27[0m [90m⚪[0m [0m[38;5;208m[randomZoom.js][0m [0mSet page content zoom to 75%[0m

[90mstdout[2m | tests/unit/random-zoom.test.js[2m > [22m[2mrandomZoom.js[2m > [22m[2mcreateRandomZoomer[2m > [22m[2mshould handle setZoom error gracefully
[22m[39m[2m07:51:27[0m [90m⚪[0m [0m[38;5;208m[randomZoom.js][0m [0mStarting random zoom simulation for 0.05 seconds.[0m

[90mstdout[2m | tests/unit/random-zoom.test.js[2m > [22m[2mrandomZoom.js[2m > [22m[2mcreateRandomZoomer[2m > [22m[2mshould handle setZoom error gracefully
[22m[39m[2m07:51:27[0m [90m⚪[0m [0m[38;5;208m[randomZoom.js][0m [0mSimulation finished. Setting final zoom to 75%.[0m

[90mstdout[2m | tests/unit/random-zoom.test.js[2m > [22m[2mrandomZoom.js[2m > [22m[2mcreateRandomZoomer[2m > [22m[2mshould handle setZoom error gracefully
[22m[39m[2m07:51:27[0m [31m🔴[0m [0m[38;5;208m[randomZoom.js][0m [31mFailed to set page zoom: Eval error[0m

[90mstdout[2m | tests/unit/random-zoom.test.js[2m > [22m[2mrandomZoom.js[2m > [22m[2mcreateRandomZoomer[2m > [22m[2mshould stop when remaining time is zero
[22m[39m[2m07:51:27[0m [90m⚪[0m [0m[38;5;208m[randomZoom.js][0m [0mStarting random zoom simulation for 0 seconds.[0m

[90mstdout[2m | tests/unit/random-zoom.test.js[2m > [22m[2mrandomZoom.js[2m > [22m[2mcreateRandomZoomer[2m > [22m[2mshould stop when remaining time is zero
[22m[39m[2m07:51:27[0m [90m⚪[0m [0m[38;5;208m[randomZoom.js][0m [0mSimulation finished. Setting final zoom to 75%.[0m

[90mstdout[2m | tests/unit/random-zoom.test.js[2m > [22m[2mrandomZoom.js[2m > [22m[2mcreateRandomZoomer[2m > [22m[2mshould stop when remaining time is zero
[22m[39m[2m07:51:27[0m [90m⚪[0m [0m[38;5;208m[randomZoom.js][0m [0mSet page content zoom to 75%[0m

[90mstdout[2m | tests/unit/random-zoom.test.js[2m > [22m[2mrandomZoom.js[2m > [22m[2mcreateRandomZoomer[2m > [22m[2mshould use config values for minWait and maxWait
[22m[39m[2m07:51:27[0m [90m⚪[0m [0m[38;5;208m[randomZoom.js][0m [0mStarting random zoom simulation for 0.05 seconds.[0m

[90mstdout[2m | tests/unit/random-zoom.test.js[2m > [22m[2mrandomZoom.js[2m > [22m[2mcreateRandomZoomer[2m > [22m[2mshould use config values for minWait and maxWait
[22m[39m[2m07:51:27[0m [90m⚪[0m [0m[38;5;208m[randomZoom.js][0m [0mSimulation finished. Setting final zoom to 75%.[0m

[90mstdout[2m | tests/unit/random-zoom.test.js[2m > [22m[2mrandomZoom.js[2m > [22m[2mcreateRandomZoomer[2m > [22m[2mshould use config values for minWait and maxWait
[22m[39m[2m07:51:27[0m [90m⚪[0m [0m[38;5;208m[randomZoom.js][0m [0mSet page content zoom to 75%[0m

[90mstdout[2m | tests/unit/random-zoom.test.js[2m > [22m[2mrandomZoom.js[2m > [22m[2mcreateRandomZoomer[2m > [22m[2mshould handle empty duration
[22m[39m[2m07:51:27[0m [90m⚪[0m [0m[38;5;208m[randomZoom.js][0m [0mStarting random zoom simulation for 0 seconds.[0m

[90mstdout[2m | tests/unit/random-zoom.test.js[2m > [22m[2mrandomZoom.js[2m > [22m[2mcreateRandomZoomer[2m > [22m[2mshould handle empty duration
[22m[39m[2m07:51:27[0m [90m⚪[0m [0m[38;5;208m[randomZoom.js][0m [0mSimulation finished. Setting final zoom to 75%.[0m

[90mstdout[2m | tests/unit/random-zoom.test.js[2m > [22m[2mrandomZoom.js[2m > [22m[2mcreateRandomZoomer[2m > [22m[2mshould handle empty duration
[22m[39m[2m07:51:27[0m [90m⚪[0m [0m[38;5;208m[randomZoom.js][0m [0mSet page content zoom to 75%[0m

[90mstdout[2m | tests/unit/random-zoom.test.js[2m > [22m[2mrandomZoom.js[2m > [22m[2mcreateRandomZoomer[2m > [22m[2mshould log error when page is closed in catch block
[22m[39m[2m07:51:27[0m [90m⚪[0m [0m[38;5;208m[randomZoom.js][0m [0mStarting random zoom simulation for 0.05 seconds.[0m

[90mstdout[2m | tests/unit/random-zoom.test.js[2m > [22m[2mrandomZoom.js[2m > [22m[2mcreateRandomZoomer[2m > [22m[2mshould log error when page is closed in catch block
[22m[39m[2m07:51:27[0m [90m⚪[0m [0m[38;5;208m[randomZoom.js][0m [0mSimulation finished. Setting final zoom to 75%.[0m
[2m07:51:27[0m [31m🔴[0m [0m[38;5;208m[randomZoom.js][0m [31mFailed to set page zoom: Simulated error[0m

[90mstdout[2m | tests/unit/random-zoom.test.js[2m > [22m[2mrandomZoom.js[2m > [22m[2mcreateRandomZoomer[2m > [22m[2mshould handle non-closed page error in catch block
[22m[39m[2m07:51:27[0m [90m⚪[0m [0m[38;5;208m[randomZoom.js][0m [0mStarting random zoom simulation for 0.05 seconds.[0m

[90mstdout[2m | tests/unit/random-zoom.test.js[2m > [22m[2mrandomZoom.js[2m > [22m[2mcreateRandomZoomer[2m > [22m[2mshould handle non-closed page error in catch block
[22m[39m[2m07:51:27[0m [90m⚪[0m [0m[38;5;208m[randomZoom.js][0m [0mSimulation finished. Setting final zoom to 75%.[0m
[2m07:51:27[0m [31m🔴[0m [0m[38;5;208m[randomZoom.js][0m [31mFailed to set page zoom: Simulated error[0m

[90mstdout[2m | tests/unit/random-zoom.test.js[2m > [22m[2mrandomZoom.js[2m > [22m[2mcreateRandomZoomer[2m > [22m[2mshould log warning when page is closed during simulation
[22m[39m[2m07:51:27[0m [90m⚪[0m [0m[38;5;208m[randomZoom.js][0m [0mStarting random zoom simulation for 0.05 seconds.[0m

[90mstdout[2m | tests/unit/random-zoom.test.js[2m > [22m[2mrandomZoom.js[2m > [22m[2mcreateRandomZoomer[2m > [22m[2mshould handle evaluate when document.body is null
[22m[39m[2m07:51:27[0m [90m⚪[0m [0m[38;5;208m[randomZoom.js][0m [0mStarting random zoom simulation for 0.02 seconds.[0m

[90mstdout[2m | tests/unit/random-zoom.test.js[2m > [22m[2mrandomZoom.js[2m > [22m[2mcreateRandomZoomer[2m > [22m[2mshould handle evaluate when document.body is null
[22m[39m[2m07:51:27[0m [90m⚪[0m [0m[38;5;208m[randomZoom.js][0m [0mSimulation finished. Setting final zoom to 75%.[0m
[2m07:51:27[0m [31m🔴[0m [0m[38;5;208m[randomZoom.js][0m [31mFailed to set page zoom: document is not defined[0m

[90mstdout[2m | tests/unit/random-zoom.test.js[2m > [22m[2mrandomZoom.js[2m > [22m[2mcreateRandomZoomer[2m > [22m[2mshould throw error in main try block and catch it
[22m[39m[2m07:51:27[0m [90m⚪[0m [0m[38;5;208m[randomZoom.js][0m [0mStarting random zoom simulation for 0.05 seconds.[0m

[90mstdout[2m | tests/unit/random-zoom.test.js[2m > [22m[2mrandomZoom.js[2m > [22m[2mcreateRandomZoomer[2m > [22m[2mshould throw error in main try block and catch it
[22m[39m[2m07:51:27[0m [90m⚪[0m [0m[38;5;208m[randomZoom.js][0m [0mSimulation finished. Setting final zoom to 75%.[0m
[2m07:51:27[0m [31m🔴[0m [0m[38;5;208m[randomZoom.js][0m [31mFailed to set page zoom: Zoom loop error[0m

[90mstdout[2m | tests/unit/random-zoom.test.js[2m > [22m[2mrandomZoom.js[2m > [22m[2mgetRandomElement[2m > [22m[2mshould pick elements from CHROMIUM_ZOOM_LEVELS array
[22m[39m[2m07:51:27[0m [90m⚪[0m [0m[38;5;208m[randomZoom.js][0m [0mStarting random zoom simulation for 0.02 seconds.[0m

[90mstdout[2m | tests/unit/random-zoom.test.js[2m > [22m[2mrandomZoom.js[2m > [22m[2mgetRandomElement[2m > [22m[2mshould pick elements from CHROMIUM_ZOOM_LEVELS array
[22m[39m[2m07:51:27[0m [90m⚪[0m [0m[38;5;208m[randomZoom.js][0m [0mSet page content zoom to 110.00000000000001%[0m

[33m[39m[32m·[39m[33m[39m[32m·[39m[33m[39m[32m·[39m[33m[39m[32m·[39m[33m[39m[32m·[39m[33m[39m[32m·[39m[33m[39m[32m·[39m[33m[39m[32m·[39m[33m[39m[32m·[39m[33m[39m[32m·[39m[33m[39m[32m·[39m[33m[39m[32m·[39m[33m[39m[32m·[39m[33m[39m[32m·[39m[33m[39m[32m·[39m[33m[39m[32m·[39m[33m[39m[32m·[39m[33m[39m[32m·[39m[33m[39m[32m·[39m[33m[39m[32m·[39m[33m[39m[32m·[39m[33m[39m[32m·[39m[33m[39m[32m·[39m[33m[39m[32m·[39m[33m[39m[32m·[39m[33m[39m[32m·[39m[33m[39m[32m·[39m[33m[39m[32m·[39m[33m[39m[32m·[39m[33m[39m[32m·[39m[33m[39m[32m·[39m[33m[39m[32m·[39m[33m[39m[32m·[39m[33m[39m[32m·[39m[33m[39m[32m·[39m[33m[39m[32m·[39m[33m[39m[32m·[39m[33m[39m[32m·[39m[33m[39m[32m·[39m[33m[39m[32m·[39m[33m[39m[32m·[39m[33m[39m[32m·[39m[33m[39m[32m·[39m[33m[39m[32m·[39m[33m[39m[32m·[39m[33m[39m[32m·[39m[33m[39m[32m·[39m[33m[39m[32m·[39m[33m[39m[32m·[39m[33m[39m[32m·[39m[33m[39m[32m·[39m[33m[39m[32m·[39m[33m[39m[32m·[39m[33m[39m[32m·[39m[33m[39m[32m·[39m[33m[39m[32m·[39m[33m[39m[32m·[39m[33m[39m[32m·[39m[33m[39m[32m·[39m[33m[39m[32m·[39m[33m[39m[32m·[39m[33m[39m[32m·[39m[33m[39m[32m·[39m[33m[39m[32m·[39m[33m[39m[32m·[39m[33m[39m[32m·[39m[33m[39m[32m·[39m[33m[39m[32m·[39m[33m[39m[32m·[39m[33m[39m[32m·[39m[33m[39m[32m·[39m[33m[39m[32m·[39m[33m[39m[32m·[39m[33m[39m[32m·[39m[33m[39m[32m·[39m[33m[39m[32m·[39m[33m[39m[32m·[39m[33m[39m[32m·[39m[33m[39m[32m·[39m[33m[39m[32m·[39m[33m[39m[32m·[39m[33m[39m[32m·[39m[33m[39m[32m·[39m[33m[39m[32m·[39m[33m[39m[32m·[39m[33m[39m[32m·[39m[33m[39m[32m·[39m[33m[39m[32m·[39m[33m[39m[32m·[39m[33m[39m[32m·[39m[33m[39m[32m·[39m[33m[39m[32m·[39m[33m[39m[32m·[39m[33m[39m[32m·[39m[33m[39m[32m·[39m[33m[39m[32m·[39m[33m[39m[32m·[39m[33m[39m[32m·[39m[33m[39m[32m·[39m[33m[39m[32m·[39m[33m[39m[32m·[39m[33m[39m[32m·[39m[33m[39m[32m·[39m[33m[39m[32m·[39m[33m[39m[32m·[39m[33m[39m[32m·[39m[33m[39m[32m·[39m[33m[39m[32m·[39m[33m[39m[32m·[39m[33m[39m[32m·[39m[33m[39m[32m·[39m[33m[39m[32m·[39m[33m[39m[32m·[39m[33m[39m[32m·[39m[33m[39m[32m·[39m[33m[39m[32m·[39m[90mstdout[2m | tests/unit/random-zoom.test.js[2m > [22m[2mrandomZoom.js[2m > [22m[2mgetRandomElement[2m > [22m[2mshould pick elements from CHROMIUM_ZOOM_LEVELS array
[22m[39m[2m07:51:27[0m [90m⚪[0m [0m[38;5;208m[randomZoom.js][0m [0mSimulation finished. Setting final zoom to 75%.[0m

[90mstdout[2m | tests/unit/random-zoom.test.js[2m > [22m[2mrandomZoom.js[2m > [22m[2mgetRandomElement[2m > [22m[2mshould pick elements from CHROMIUM_ZOOM_LEVELS array
[22m[39m[2m07:51:27[0m [90m⚪[0m [0m[38;5;208m[randomZoom.js][0m [0mSet page content zoom to 75%[0m

[33m[39m[32m·[39m[33m[39m[32m·[39m[33m[39m[32m·[39m[33m[39m[32m·[39m[33m[39m[32m·[39m[33m[39m[32m·[39m[33m[39m[32m·[39m[33m[39m[32m·[39m[33m[39m[32m·[39m[33m[39m[32m·[39m[33m[39m[32m·[39m[33m[39m[32m·[39m[33m[39m[32m·[39m[33m[39m[32m·[39m[33m[39m[32m·[39m[33m[39m[32m·[39m[33m[39m[2m[90m-[39m[22m[33m[39m[32m·[39m[33m[39m[2m[90m-[39m[22m[33m[39m[32m·[39m[33m[39m[32m·[39m[33m[39m[32m·[39m[33m[39m[32m·[39m[33m[39m[32m·[39m[33m[39m[32m·[39m[33m[39m[32m·[39m[33m[39m[32m·[39m[33m[39m[32m·[39m[33m[39m[32m·[39m[33m[39m[32m·[39m[33m[39m[32m·[39m[33m[39m[32m·[39m[33m[39m[32m·[39m[33m[39m[32m·[39m[33m[39m[32m·[39m[33m[39m[32m·[39m[33m[39m[32m·[39m[33m[39m[32m·[39m[33m[39m[32m·[39m[33m[39m[32m·[39m[33m[39m[32m·[39m[33m[39m[32m·[39m[33m[39m[32m·[39m[33m[39m[32m·[39m[33m[39m[32m·[39m[33m[39m[32m·[39m[33m[39m[32m·[39m[33m[39m[32m·[39m[33m[39m[32m·[39m[33m[39m[32m·[39m[33m[39m[32m·[39m[33m[39m[32m·[39m[33m[39m[32m·[39m[33m[39m[32m·[39m[33m[39m[32m·[39m[33m[39m[32m·[39m[33m[39m[32m·[39m[33m[39m[32m·[39m[33m[39m[32m·[39m[33m[39m[32m·[39m[33m[39m[32m·[39m[33m[39m[32m·[39m[33m[39m[32m·[39m[33m[39m[32m·[39m[33m[39m[32m·[39m[33m[39m[32m·[39m[33m[39m[32m·[39m[33m[39m[32m·[39m[33m[39m[32m·[39m[33m[39m[32m·[39m[33m[39m[32m·[39m[90mstdout[2m | tests/unit/popup-closer.test.js
[22m[39m[2m07:51:27[0m [33m🟡[0m [0m[38;5;208m[async-queue.js][0m[33m[0m[33m[AsyncQueue][0m[33m ⚠ Task timeout reached: 1000ms for task1[0m

[90mstdout[2m | tests/unit/popup-closer.test.js
[22m[39m[2m07:51:27[0m [33m🟡[0m [0m[38;5;208m[async-queue.js][0m[33m[0m[33m[AsyncQueue][0m[33m ⚠ Task timed out: task1 after 1009ms[0m
[2m07:51:27[0m [90m⚪[0m [0m[38;5;208m[async-queue.js][0m[0m[0m[33m[AsyncQueue][0m[0m Starting task: task2 [95m(queue: 0, active: 0/1)[0m[0m[0m

[33m[39m[32m·[39m[33m[39m[32m·[39m[33m[39m[32m·[39m[33m[39m[32m·[39m[33m[39m[32m·[39m[33m[39m[32m·[39m[33m[39m[32m·[39m[33m[39m[32m·[39m[33m[39m[32m·[39m[33m[39m[32m·[39m[33m[39m[32m·[39m[33m[39m[32m·[39m[33m[39m[32m·[39m[33m[39m[32m·[39m[33m[39m[32m·[39m[33m[39m[32m·[39m[33m[39m[32m·[39m[33m[39m[32m·[39m[33m[39m[32m·[39m[33m[39m[32m·[39m[33m[39m[32m·[39m[33m[39m[32m·[39m[33m[39m[32m·[39m[33m[39m[32m·[39m[33m[39m[32m·[39m[33m[39m[32m·[39m[33m[39m[32m·[39m[33m[39m[32m·[39m[33m[39m[32m·[39m[33m[39m[32m·[39m[33m[39m[32m·[39m[33m[39m[32m·[39m[33m[39m[32m·[39m[33m[39m[32m·[39m[33m[39m[32m·[39m[33m[39m[32m·[39m[33m[39m[32m·[39m[33m[39m[32m·[39m[33m[39m[32m·[39m[33m[39m[32m·[39m[33m[39m[32m·[39m[33m[39m[32m·[39m[33m[39m[32m·[39m[33m[39m[32m·[39m[33m[39m[32m·[39m[33m[39m[32m·[39m[33m[39m[32m·[39m[33m[39m[32m·[39m[33m[39m[32m·[39m[33m[39m[32m·[39m[33m[39m[32m·[39m[33m[39m[32m·[39m[33m[39m[32m·[39m[33m[39m[32m·[39m[33m[39m[32m·[39m[33m[39m[32m·[39m[33m[39m[32m·[39m[90mstdout[2m | tests/unit/profile-manager.test.js[2m > [22m[2mprofileManager[2m > [22m[2mSelection Logic (Sync)[2m > [22m[2mshould return null if profiles cannot be loaded during fatigue check
[22m[39m[ProfileManager] No profiles found. Auto-generating...
[ProfileManager] Profile generation complete.

[90mstdout[2m | tests/unit/profile-manager.test.js[2m > [22m[2mprofileManager[2m > [22m[2mSelection Logic (Sync)[2m > [22m[2mshould throw error if no profiles loaded
[22m[39m[ProfileManager] No profiles found. Auto-generating...
[ProfileManager] Profile generation complete.

[90mstdout[2m | tests/unit/profile-manager.test.js[2m > [22m[2mprofileManager[2m > [22m[2mSelection Logic (Async)[2m > [22m[2mshould throw error in getStarterAsync if load fails
[22m[39m[ProfileManager] No profiles found. Auto-generating...

[33m[39m[32m·[39m[33m[39m[32m·[39m[33m[39m[32m·[39m[33m[39m[32m·[39m[33m[39m[32m·[39m[33m[39m[32m·[39m[33m[39m[32m·[39m[33m[39m[32m·[39m[33m[39m[32m·[39m[33m[39m[32m·[39m[33m[39m[32m·[39m[33m[39m[32m·[39m[33m[39m[32m·[39m[33m[39m[32m·[39m[33m[39m[32m·[39m[33m[39m[32m·[39m[33m[39m[32m·[39m[33m[39m[32m·[39m[33m[39m[32m·[39m[33m[39m[32m·[39m[33m[39m[32m·[39m[33m[39m[32m·[39m[33m[39m[32m·[39m[33m[39m[32m·[39m[33m[39m[32m·[39m[33m[39m[32m·[39m[33m[39m[32m·[39m[33m[39m[32m·[39m[33m[39m[32m·[39m[90mstdout[2m | tests/unit/profile-manager.test.js[2m > [22m[2mprofileManager[2m > [22m[2mSelection Logic (Async)[2m > [22m[2mshould throw error in getByIdAsync if load fails
[22m[39m[ProfileManager] No profiles found. Auto-generating...

[90mstdout[2m | tests/unit/profile-manager.test.js[2m > [22m[2mprofileManager[2m > [22m[2mGeneration Fallback[2m > [22m[2mshould trigger generation if loading fails
[22m[39m[ProfileManager] No profiles found. Auto-generating...
[ProfileManager] Profile generation complete.

[90mstdout[2m | tests/unit/profile-manager.test.js[2m > [22m[2mprofileManager[2m > [22m[2mGeneration Fallback[2m > [22m[2mshould return false if generation fails
[22m[39m[ProfileManager] No profiles found. Auto-generating...

[90mstdout[2m | tests/unit/profile-manager.test.js[2m > [22m[2mprofileManager[2m > [22m[2mEdge Cases & 100% Coverage[2m > [22m[2mshould throw if ensureProfilesLoaded fails in getById
[22m[39m[ProfileManager] No profiles found. Auto-generating...
[ProfileManager] Profile generation complete.

[33m[39m[32m·[39m[33m[39m[32m·[39m[33m[39m[32m·[39m[33m[39m[32m·[39m[33m[39m[32m·[39m[33m[39m[32m·[39m[33m[39m[32m·[39m[33m[39m[32m·[39m[33m[39m[32m·[39m[33m[39m[32m·[39m[33m[39m[32m·[39m[33m[39m[32m·[39m[33m[39m[32m·[39m[33m[39m[32m·[39m[33m[39m[32m·[39m[33m[39m[32m·[39m[33m[39m[32m·[39m[33m[39m[32m·[39m[33m[39m[32m·[39m[33m[39m[32m·[39m[33m[39m[32m·[39m[33m[39m[32m·[39m[33m[39m[32m·[39m[33m[39m[32m·[39m[33m[39m[32m·[39m[33m[39m[32m·[39m[33m[39m[32m·[39m[33m[39m[32m·[39m[33m[39m[32m·[39m[33m[39m[32m·[39m[33m[39m[32m·[39m[33m[39m[32m·[39m[33m[39m[32m·[39m[33m[39m[32m·[39m[33m[39m[32m·[39m[33m[39m[32m·[39m[33m[39m[32m·[39m[33m[39m[32m·[39m[33m[39m[32m·[39m[90mstdout[2m | tests/unit/utils/twitter-agent/SessionHandler.test.js
[22m[39m[2m07:51:27[0m [36m🔵[0m [0m[33m[EntropyController][0m[0m[0m[33m[session-1771635087933-0opppse0u][0m[0m Session initialized with paceMultiplier=1.15[0m
[2m07:51:27[0m [36m🔵[0m [0m[33m[EntropyController][0m[0m[0m[33m[session-1771635087933-0opppse0u][0m[0m Fatigue scheduled for T+4.0m[0m

[33m[39m[32m·[39m[33m[39m[32m·[39m[33m[39m[32m·[39m[33m[39m[32m·[39m[33m[39m[32m·[39m[33m[39m[32m·[39m[33m[39m[32m·[39m[33m[39m[32m·[39m[33m[39m[32m·[39m[33m[39m[32m·[39m[33m[39m[32m·[39m[33m[39m[32m·[39m[33m[39m[32m·[39m[33m[39m[32m·[39m[33m[39m[32m·[39m[33m[39m[32m·[39m[33m[39m[32m·[39m[33m[39m[32m·[39m[33m[39m[32m·[39m[33m[39m[32m·[39m[33m[39m[32m·[39m[33m[39m[32m·[39m[33m[39m[32m·[39m[33m[39m[32m·[39m[33m[39m[32m·[39m[33m[39m[32m·[39m[33m[39m[32m·[39m[33m[39m[32m·[39m[33m[39m[32m·[39m[33m[39m[32m·[39m[33m[39m[32m·[39m[33m[39m[32m·[39m[33m[39m[32m·[39m[33m[39m[32m·[39m[33m[39m[32m·[39m[33m[39m[32m·[39m[33m[39m[32m·[39m[33m[39m[32m·[39m[33m[39m[32m·[39m[33m[39m[32m·[39m[33m[39m[32m·[39m[33m[39m[32m·[39m[33m[39m[32m·[39m[33m[39m[32m·[39m[33m[39m[32m·[39m[33m[39m[32m·[39m[33m[39m[32m·[39m[33m[39m[32m·[39m[33m[39m[32m·[39m[33m[39m[32m·[39m[33m[39m[32m·[39m[33m[39m[32m·[39m[33m[39m[32m·[39m[33m[39m[32m·[39m[33m[39m[32m·[39m[33m[39m[32m·[39m[33m[39m[32m·[39m[33m[39m[32m·[39m[33m[39m[32m·[39m[33m[39m[32m·[39m[33m[39m[32m·[39m[33m[39m[32m·[39m[33m[39m[32m·[39m[33m[39m[32m·[39m[33m[39m[32m·[39m[33m[39m[32m·[39m[33m[39m[32m·[39m[33m[39m[32m·[39m[33m[39m[32m·[39m[33m[39m[32m·[39m[33m[39m[32m·[39m[33m[39m[32m·[39m[33m[39m[32m·[39m[33m[39m[32m·[39m[33m[39m[32m·[39m[33m[39m[32m·[39m[33m[39m[32m·[39m[33m[39m[32m·[39m[33m[39m[32m·[39m[33m[39m[32m·[39m[33m[39m[32m·[39m[33m[39m[32m·[39m[33m[39m[32m·[39m[33m[39m[32m·[39m[33m[39m[32m·[39m[33m[39m[32m·[39m[33m[39m[32m·[39m[33m[39m[32m·[39m[33m[39m[32m·[39m[33m[39m[32m·[39m[33m[39m[32m·[39m[33m[39m[32m·[39m[33m[39m[32m·[39m[33m[39m[32m·[39m[33m[39m[32m·[39m[33m[39m[32m·[39m[33m[39m[32m·[39m[33m[39m[32m·[39m[33m[39m[32m·[39m[33m[39m[32m·[39m[33m[39m[32m·[39m[33m[39m[32m·[39m[33m[39m[32m·[39m[33m[39m[32m·[39m[33m[39m[32m·[39m[33m[39m[32m·[39m[33m[39m[32m·[39m[33m[39m[32m·[39m[33m[39m[32m·[39m[33m[39m[32m·[39m[33m[39m[32m·[39m[33m[39m[32m·[39m[33m[39m[32m·[39m[33m[39m[32m·[39m[33m[39m[32m·[39m[33m[39m[32m·[39m[33m[39m[32m·[39m[33m[39m[32m·[39m[33m[39m[32m·[39m[33m[39m[32m·[39m[33m[39m[32m·[39m[33m[39m[32m·[39m[33m[39m[32m·[39m[33m[39m[32m·[39m[33m[39m[32m·[39m[33m[39m[32m·[39m[33m[39m[32m·[39m[33m[39m[32m·[39m[33m[39m[32m·[39m[33m[39m[32m·[39m[33m[39m[32m·[39m[33m[39m[32m·[39m[33m[39m[32m·[39m[33m[39m[32m·[39m[33m[39m[32m·[39m[33m[39m[32m·[39m[33m[39m[32m·[39m[33m[39m[32m·[39m[33m[39m[32m·[39m[33m[39m[32m·[39m[33m[39m[32m·[39m[33m[39m[32m·[39m[33m[39m[32m·[39m[33m[39m[32m·[39m[33m[39m[32m·[39m[33m[39m[32m·[39m[33m[39m[32m·[39m[33m[39m[32m·[39m[33m[39m[32m·[39m[33m[39m[32m·[39m[33m[39m[32m·[39m[33m[39m[32m·[39m[33m[39m[32m·[39m[33m[39m[32m·[39m[33m[39m[32m·[39m[33m[39m[32m·[39m[33m[39m[32m·[39m[33m[39m[32m·[39m[33m[39m[32m·[39m[33m[39m[32m·[39m[33m[39m[32m·[39m[33m[39m[32m·[39m[33m[39m[32m·[39m[33m[39m[32m·[39m[33m[39m[32m·[39m[33m[39m[32m·[39m[33m[39m[32m·[39m[33m[39m[32m·[39m[33m[39m[32m·[39m[33m[39m[32m·[39m[33m[39m[32m·[39m[33m[39m[32m·[39m[33m[39m[32m·[39m[33m[39m[32m·[39m[33m[39m[32m·[39m[33m[39m[32m·[39m[33m[39m[32m·[39m[33m[39m[32m·[39m[33m[39m[32m·[39m[33m[39m[32m·[39m[33m[39m[32m·[39m[33m[39m[32m·[39m[33m[39m[32m·[39m[33m[39m[32m·[39m[33m[39m[32m·[39m[33m[39m[32m·[39m[33m[39m[32m·[39m[33m[39m[32m·[39m[33m[39m[32m·[39m[33m[39m[32m·[39m[33m[39m[32m·[39m[33m[39m[32m·[39m[33m[39m[32m·[39m[33m[39m[32m·[39m[33m[39m[32m·[39m[33m[39m[2m[90m-[39m[22m[33m[39m[2m[90m-[39m[22m[33m[39m[2m[90m-[39m[22m[33m[39m[32m·[39m[33m[39m[32m·[39m[33m[39m[32m·[39m[33m[39m[32m·[39m[33m[39m[32m·[39m[33m[39m[32m·[39m[33m[39m[32m·[39m[33m[39m[32m·[39m[33m[39m[32m·[39m[33m[39m[32m·[39m[33m[39m[32m·[39m[33m[39m[32m·[39m[33m[39m[32m·[39m[33m[39m[32m·[39m[33m[39m[32m·[39m[33m[39m[32m·[39m[33m[39m[32m·[39m[33m[39m[32m·[39m[33m[39m[32m·[39m[33m[39m[32m·[39m[33m[39m[32m·[39m[33m[39m[32m·[39m[33m[39m[32m·[39m[90mstdout[2m | tests/unit/ghostCursor.test.js[2m > [22m[2mGhostCursor[2m > [22m[2mGeneral Click[2m > [22m[2mshould track and click element
[22m[39m[2m07:51:28[0m [36m🔵[0m [0m[38;5;208m[ghostCursor.js][0m [0mghostCursor moving to x=125 y=125[0m

[33m[39m[32m·[39m[33m[39m[32m·[39m[33m[39m[32m·[39m[33m[39m[32m·[39m[33m[39m[32m·[39m[33m[39m[32m·[39m[33m[39m[32m·[39m[33m[39m[32m·[39m[33m[39m[32m·[39m[33m[39m[32m·[39m[33m[39m[32m·[39m[33m[39m[32m·[39m[33m[39m[32m·[39m[33m[39m[32m·[39m[33m[39m[32m·[39m[33m[39m[32m·[39m[33m[39m[32m·[39m[33m[39m[32m·[39m[33m[39m[32m·[39m[33m[39m[32m·[39m[33m[39m[32m·[39m[33m[39m[32m·[39m[33m[39m[32m·[39m[33m[39m[32m·[39m[33m[39m[32m·[39m[33m[39m[32m·[39m[33m[39m[32m·[39m[33m[39m[32m·[39m[33m[39m[32m·[39m[33m[39m[32m·[39m[33m[39m[32m·[39m[33m[39m[32m·[39m[33m[39m[32m·[39m[33m[39m[32m·[39m[33m[39m[32m·[39m[33m[39m[32m·[39m[33m[39m[32m·[39m[33m[39m[32m·[39m[33m[39m[32m·[39m[33m[39m[32m·[39m[33m[39m[32m·[39m[33m[39m[32m·[39m[33m[39m[32m·[39m[33m[39m[32m·[39m[33m[39m[32m·[39m[33m[39m[32m·[39m[33m[39m[32m·[39m[33m[39m[32m·[39m[33m[39m[32m·[39m[33m[39m[32m·[39m[33m[39m[32m·[39m[33m[39m[32m·[39m[33m[39m[32m·[39m[33m[39m[32m·[39m[33m[39m[32m·[39m[33m[39m[32m·[39m[33m[39m[32m·[39m[33m[39m[32m·[39m[33m[39m[32m·[39m[33m[39m[32m·[39m[33m[39m[32m·[39m[33m[39m[32m·[39m[33m[39m[32m·[39m[33m[39m[32m·[39m[33m[39m[32m·[39m[33m[39m[32m·[39m[33m[39m[32m·[39m[33m[39m[32m·[39m[33m[39m[32m·[39m[33m[39m[32m·[39m[33m[39m[32m·[39m[33m[39m[32m·[39m[33m[39m[32m·[39m[33m[39m[32m·[39m[33m[39m[32m·[39m[33m[39m[32m·[39m[33m[39m[32m·[39m[33m[39m[32m·[39m[33m[39m[32m·[39m[33m[39m[32m·[39m[33m[39m[32m·[39m[33m[39m[32m·[39m[33m[39m[32m·[39m[33m[39m[32m·[39m[33m[39m[32m·[39m[33m[39m[32m·[39m[33m[39m[32m·[39m[33m[39m[32m·[39m[33m[39m[32m·[39m[33m[39m[32m·[39m[33m[39m[32m·[39m[33m[39m[32m·[39m[33m[39m[32m·[39m[33m[39m[32m·[39m[33m[39m[32m·[39m[33m[39m[32m·[39m[33m[39m[32m·[39m[33m[39m[32m·[39m[33m[39m[32m·[39m[33m[39m[32m·[39m[33m[39m[32m·[39m[33m[39m[32m·[39m[33m[39m[32m·[39m[33m[39m[32m·[39m[33m[39m[32m·[39m[33m[39m[32m·[39m[33m[39m[32m·[39m[33m[39m[32m·[39m[33m[39m[32m·[39m[33m[39m[32m·[39m[33m[39m[32m·[39m[33m[39m[32m·[39m[33m[39m[32m·[39m[33m[39m[32m·[39m[33m[39m[32m·[39m[33m[39m[32m·[39m[33m[39m[32m·[39m[33m[39m[32m·[39m[33m[39m[32m·[39m[33m[39m[32m·[39m[33m[39m[32m·[39m[33m[39m[32m·[39m[33m[39m[32m·[39m[33m[39m[32m·[39m[33m[39m[32m·[39m[33m[39m[32m·[39m[33m[39m[32m·[39m[33m[39m[32m·[39m[33m[39m[32m·[39m[33m[39m[32m·[39m[33m[39m[32m·[39m[33m[39m[32m·[39m[33m[39m[32m·[39m[33m[39m[32m·[39m[33m[39m[32m·[39m[33m[39m[32m·[39m[33m[39m[32m·[39m[33m[39m[32m·[39m[33m[39m[32m·[39m[33m[39m[32m·[39m[33m[39m[32m·[39m[33m[39m[32m·[39m[33m[39m[32m·[39m[33m[39m[32m·[39m[33m[39m[32m·[39m[33m[39m[32m·[39m[33m[39m[32m·[39m[33m[39m[32m·[39m[33m[39m[32m·[39m[33m[39m[32m·[39m[33m[39m[32m·[39m[33m[39m[32m·[39m[33m[39m[32m·[39m[33m[39m[32m·[39m[33m[39m[32m·[39m[33m[39m[32m·[39m[33m[39m[32m·[39m[33m[39m[32m·[39m[33m[39m[32m·[39m[33m[39m[32m·[39m[33m[39m[32m·[39m[33m[39m[32m·[39m[90mstdout[2m | tests/unit/random-scrolling.test.js[2m > [22m[2mrandomScrolling.js[2m > [22m[2mcreateRandomScroller[2m > [22m[2mshould handle page closed during scroll
[22m[39m[2m07:51:28[0m [90m⚪[0m [0m[38;5;208m[randomScrolling.js][0m [0mScrolling simulation finished.[0m

[33m[39m[32m·[39m[33m[39m[32m·[39m[90mstdout[2m | tests/unit/random-scrolling.test.js[2m > [22m[2mrandomScrolling.js[2m > [22m[2mcreateRandomScroller[2m > [22m[2mshould perform scroll actions
[22m[39m[2m07:51:28[0m [90m⚪[0m [0m[38;5;208m[randomScrolling.js][0m [0mStarting human-like scrolling for 0.01 seconds.[0m

[90mstdout[2m | tests/unit/random-scrolling.test.js[2m > [22m[2mrandomScrolling.js[2m > [22m[2mcreateRandomScroller[2m > [22m[2mshould perform scroll actions
[22m[39m[2m07:51:28[0m [90m⚪[0m [0m[38;5;208m[configLoader.js][0m [0mLoaded configuration from settings.json[0m

[90mstdout[2m | tests/unit/random-scrolling.test.js[2m > [22m[2mrandomScrolling.js[2m > [22m[2mcreateRandomScroller[2m > [22m[2mshould perform scroll actions
[22m[39m[2m07:51:28[0m [36m🔵[0m [0m[38;5;208m[global-scroll-controller.js][0m[0m[0m[33m[GlobalScroll][0m[0m Initialized with multiplier: 1x[0m

[90mstdout[2m | tests/unit/random-scrolling.test.js[2m > [22m[2mrandomScrolling.js[2m > [22m[2mcreateRandomScroller[2m > [22m[2mshould perform scroll actions
[22m[39m[2m07:51:28[0m [31m🔴[0m [0m[38;5;208m[randomScrolling.js][0m [31mError during scroll action: Cannot read properties of undefined [95m(reading 'wheel')[0m[31m[0m

[90mstdout[2m | tests/unit/random-scrolling.test.js[2m > [22m[2mrandomScrolling.js[2m > [22m[2mcreateRandomScroller[2m > [22m[2mshould perform scroll actions
[22m[39m[2m07:51:28[0m [31m🔴[0m [0m[38;5;208m[randomScrolling.js][0m [31mError during scroll action: Cannot read properties of undefined [95m(reading 'wheel')[0m[31m[0m

[90mstdout[2m | tests/unit/random-scrolling.test.js[2m > [22m[2mrandomScrolling.js[2m > [22m[2mcreateRandomScroller[2m > [22m[2mshould perform scroll actions
[22m[39m[2m07:51:28[0m [31m🔴[0m [0m[38;5;208m[randomScrolling.js][0m [31mError during scroll action: Cannot read properties of undefined [95m(reading 'wheel')[0m[31m[0m

[90mstdout[2m | tests/unit/random-scrolling.test.js[2m > [22m[2mrandomScrolling.js[2m > [22m[2mcreateRandomScroller[2m > [22m[2mshould perform scroll actions
[22m[39m[2m07:51:28[0m [31m🔴[0m [0m[38;5;208m[randomScrolling.js][0m [31mError during scroll action: Cannot read properties of undefined [95m(reading 'wheel')[0m[31m[0m

[90mstdout[2m | tests/unit/random-scrolling.test.js[2m > [22m[2mrandomScrolling.js[2m > [22m[2mcreateRandomScroller[2m > [22m[2mshould perform scroll actions
[22m[39m[2m07:51:28[0m [31m🔴[0m [0m[38;5;208m[randomScrolling.js][0m [31mError during scroll action: Cannot read properties of undefined [95m(reading 'wheel')[0m[31m[0m

[90mstdout[2m | tests/unit/random-scrolling.test.js[2m > [22m[2mrandomScrolling.js[2m > [22m[2mcreateRandomScroller[2m > [22m[2mshould perform scroll actions
[22m[39m[2m07:51:28[0m [31m🔴[0m [0m[38;5;208m[randomScrolling.js][0m [31mError during scroll action: Cannot read properties of undefined [95m(reading 'wheel')[0m[31m[0m

[33m[39m[32m·[39m[33m[39m[32m·[39m[33m[39m[32m·[39m[33m[39m[32m·[39m[33m[39m[32m·[39m[33m[39m[32m·[39m[33m[39m[32m·[39m[33m[39m[32m·[39m[33m[39m[32m·[39m[33m[39m[32m·[39m[33m[39m[32m·[39m[33m[39m[32m·[39m[33m[39m[32m·[39m[33m[39m[32m·[39m[33m[39m[32m·[39m[33m[39m[32m·[39m[33m[39m[32m·[39m[33m[39m[32m·[39m[33m[39m[32m·[39m[33m[39m[32m·[39m[33m[39m[32m·[39m[33m[39m[32m·[39m[33m[39m[32m·[39m[33m[39m[32m·[39m[33m[39m[2m[90m-[39m[22m[33m[39m[2m[90m-[39m[22m[33m[39m[2m[90m-[39m[22m[33m[39m[2m[90m-[39m[22m[33m[39m[2m[90m-[39m[22m[33m[39m[2m[90m-[39m[22m[33m[39m[2m[90m-[39m[22m[33m[39m[2m[90m-[39m[22m[33m[39m[2m[90m-[39m[22m[33m[39m[2m[90m-[39m[22m[33m[39m[2m[90m-[39m[22m[33m[39m[2m[90m-[39m[22m[33m[39m[2m[90m-[39m[22m[33m[39m[2m[90m-[39m[22m[33m[39m[2m[90m-[39m[22m[33m[39m[2m[90m-[39m[22m[33m[39m[2m[90m-[39m[22m[33m[39m[2m[90m-[39m[22m[33m[39m[2m[90m-[39m[22m[33m[39m[2m[90m-[39m[22m[33m[39m[2m[90m-[39m[22m[33m[39m[2m[90m-[39m[22m[33m[39m[2m[90m-[39m[22m[33m[39m[2m[90m-[39m[22m[33m[39m[2m[90m-[39m[22m[33m[39m[2m[90m-[39m[22m[33m[39m[2m[90m-[39m[22m[33m[39m[2m[90m-[39m[22m[33m[39m[2m[90m-[39m[22m[33m[39m[2m[90m-[39m[22m[33m[39m[2m[90m-[39m[22m[33m[39m[2m[90m-[39m[22m[33m[39m[2m[90m-[39m[22m[33m[39m[2m[90m-[39m[22m[33m[39m[2m[90m-[39m[22m[33m[39m[2m[90m-[39m[22m[33m[39m[32m·[39m[33m[39m[2m[90m-[39m[22m[33m[39m[32m·[39m[33m[39m[2m[90m-[39m[22m[33m[39m[2m[90m-[39m[22m[33m[39m[2m[90m-[39m[22m[33m[39m[2m[90m-[39m[22m[33m[39m[2m[90m-[39m[22m[33m[39m[2m[90m-[39m[22m[33m[39m[2m[90m-[39m[22m[33m[39m[2m[90m-[39m[22m[33m[39m[2m[90m-[39m[22m[33m[39m[2m[90m-[39m[22m[33m[39m[2m[90m-[39m[22m[33m[39m[2m[90m-[39m[22m[33m[39m[2m[90m-[39m[22m[33m[39m[2m[90m-[39m[22m[33m[39m[2m[90m-[39m[22m[33m[39m[2m[90m-[39m[22m[33m[39m[2m[90m-[39m[22m[33m[39m[2m[90m-[39m[22m[33m[39m[2m[90m-[39m[22m[33m[39m[2m[90m-[39m[22m[33m[39m[2m[90m-[39m[22m[33m[39m[32m·[39m[33m[39m[32m·[39m[33m[39m[32m·[39m[33m[39m[32m·[39m[33m[39m[32m·[39m[33m[39m[32m·[39m[33m[39m[32m·[39m[33m[39m[32m·[39m[33m[39m[32m·[39m[33m[39m[32m·[39m[33m[39m[32m·[39m[33m[39m[32m·[39m[33m[39m[32m·[39m[33m[39m[32m·[39m[33m[39m[32m·[39m[33m[39m[32m·[39m[33m[39m[32m·[39m[33m[39m[32m·[39m[33m[39m[32m·[39m[33m[39m[32m·[39m[33m[39m[32m·[39m[33m[39m[32m·[39m[33m[39m[32m·[39m[33m[39m[32m·[39m[33m[39m[32m·[39m[33m[39m[32m·[39m[33m[39m[32m·[39m[33m[39m[32m·[39m[33m[39m[32m·[39m[33m[39m[32m·[39m[33m[39m[32m·[39m[33m[39m[32m·[39m[33m[39m[32m·[39m[33m[39m[32m·[39m[33m[39m[32m·[39m[33m[39m[32m·[39m[33m[39m[32m·[39m[33m[39m[32m·[39m[33m[39m[32m·[39m[33m[39m[32m·[39m[33m[39m[32m·[39m[33m[39m[32m·[39m[33m[39m[32m·[39m[33m[39m[32m·[39m[33m[39m[32m·[39m[33m[39m[32m·[39m[33m[39m[32m·[39m[33m[39m[32m·[39m[33m[39m[32m·[39m[33m[39m[32m·[39m[33m[39m[32m·[39m[33m[39m[32m·[39m[33m[39m[32m·[39m[33m[39m[32m·[39m[33m[39m[32m·[39m[33m[39m[32m·[39m[33m[39m[32m·[39m[33m[39m[32m·[39m[33m[39m[32m·[39m[33m[39m[32m·[39m[33m[39m[32m·[39m[33m[39m[32m·[39m[33m[39m[32m·[39m[33m[39m[32m·[39m[33m[39m[32m·[39m[33m[39m[32m·[39m[33m[39m[32m·[39m[33m[39m[32m·[39m[33m[39m[32m·[39m[33m[39m[32m·[39m[33m[39m[32m·[39m[33m[39m[32m·[39m[33m[39m[32m·[39m[33m[39m[32m·[39m[33m[39m[32m·[39m[33m[39m[32m·[39m[33m[39m[32m·[39m[33m[39m[32m·[39m[33m[39m[32m·[39m[33m[39m[32m·[39m[33m[39m[32m·[39m[33m[39m[32m·[39m[33m[39m[32m·[39m[33m[39m[32m·[39m[33m[39m[32m·[39m[33m[39m[32m·[39m[33m[39m[32m·[39m[33m[39m[32m·[39m[33m[39m[32m·[39m[33m[39m[32m·[39m[33m[39m[32m·[39m[33m[39m[32m·[39m[33m[39m[32m·[39m[33m[39m[32m·[39m[33m[39m[32m·[39m[33m[39m[32m·[39m[33m[39m[32m·[39m[33m[39m[32m·[39m[90mstdout[2m | tests/unit/utils/twitter-agent/NavigationHandler.test.js
[22m[39m[2m07:51:28[0m [36m🔵[0m [0m[33m[EntropyController][0m[0m[0m[33m[session-1771635088195-7l7253om3][0m[0m Session initialized with paceMultiplier=1.08[0m
[2m07:51:28[0m [36m🔵[0m [0m[33m[EntropyController][0m[0m[0m[33m[session-1771635088195-7l7253om3][0m[0m Fatigue scheduled for T+4.4m[0m

[90mstdout[2m | tests/unit/envLoader.test.js[2m > [22m[2mutils/envLoader[2m > [22m[2mvalidateRequiredEnvVars[2m > [22m[2mshould not throw if all vars are set
[22m[39mAll required environment variables are set

[33m[39m[32m·[39m[33m[39m[32m·[39m[33m[39m[32m·[39m[33m[39m[32m·[39m[33m[39m[32m·[39m[33m[39m[32m·[39m[33m[39m[32m·[39m[33m[39m[32m·[39m[33m[39m[32m·[39m[33m[39m[32m·[39m[33m[39m[32m·[39m[33m[39m[32m·[39m[33m[39m[32m·[39m[33m[39m[32m·[39m[33m[39m[32m·[39m[33m[39m[32m·[39m[33m[39m[32m·[39m[33m[39m[32m·[39m[33m[39m[32m·[39m[33m[39m[32m·[39m[33m[39m[32m·[39m[33m[39m[32m·[39m[33m[39m[32m·[39m[33m[39m[32m·[39m[33m[39m[32m·[39m[33m[39m[32m·[39m[33m[39m[32m·[39m[33m[39m[32m·[39m[33m[39m[32m·[39m[33m[39m[32m·[39m[33m[39m[32m·[39m[33m[39m[32m·[39m[33m[39m[32m·[39m[33m[39m[32m·[39m[33m[39m[32m·[39m[33m[39m[32m·[39m[33m[39m[32m·[39m[33m[39m[32m·[39m[33m[39m[32m·[39m[33m[39m[32m·[39m[33m[39m[32m·[39m[33m[39m[32m·[39m[33m[39m[32m·[39m[33m[39m[32m·[39m[33m[39m[32m·[39m[33m[39m[32m·[39m[33m[39m[32m·[39m[33m[39m[32m·[39m[33m[39m[32m·[39m[33m[39m[32m·[39m[33m[39m[32m·[39m[33m[39m[32m·[39m[33m[39m[32m·[39m[33m[39m[32m·[39m[33m[39m[32m·[39m[33m[39m[32m·[39m[33m[39m[32m·[39m[33m[39m[32m·[39m[33m[39m[32m·[39m[33m[39m[32m·[39m[33m[39m[32m·[39m[33m[39m[32m·[39m[33m[39m[32m·[39m[33m[39m[32m·[39m[33m[39m[32m·[39m[33m[39m[32m·[39m[33m[39m[32m·[39m[33m[39m[32m·[39m[33m[39m[32m·[39m[33m[39m[32m·[39m[33m[39m[32m·[39m[33m[39m[32m·[39m[33m[39m[32m·[39m[33m[39m[32m·[39m[33m[39m[32m·[39m[33m[39m[32m·[39m[33m[39m[32m·[39m[33m[39m[32m·[39m[33m[39m[32m·[39m[33m[39m[32m·[39m[33m[39m[32m·[39m[33m[39m[32m·[39m[33m[39m[32m·[39m[33m[39m[32m·[39m[33m[39m[32m·[39m[33m[39m[32m·[39m[33m[39m[32m·[39m[33m[39m[32m·[39m[33m[39m[32m·[39m[33m[39m[32m·[39m[33m[39m[32m·[39m[33m[39m[32m·[39m[33m[39m[32m·[39m[33m[39m[32m·[39m[33m[39m[32m·[39m[33m[39m[32m·[39m[33m[39m[32m·[39m[33m[39m[32m·[39m[33m[39m[32m·[39m[33m[39m[32m·[39m[33m[39m[32m·[39m[33m[39m[32m·[39m[33m[39m[32m·[39m[33m[39m[32m·[39m[33m[39m[32m·[39m[33m[39m[32m·[39m[33m[39m[32m·[39m[33m[39m[32m·[39m[33m[39m[32m·[39m[33m[39m[32m·[39m[33m[39m[32m·[39m[33m[39m[32m·[39m[33m[39m[32m·[39m[33m[39m[32m·[39m[33m[39m[32m·[39m[33m[39m[32m·[39m[33m[39m[32m·[39m[33m[39m[32m·[39m[33m[39m[32m·[39m[33m[39m[32m·[39m[33m[39m[32m·[39m[33m[39m[32m·[39m[33m[39m[32m·[39m[33m[39m[32m·[39m[33m[39m[32m·[39m[33m[39m[32m·[39m[33m[39m[32m·[39m[33m[39m[32m·[39m[33m[39m[32m·[39m[33m[39m[32m·[39m[33m[39m[32m·[39m[33m[39m[32m·[39m[33m[39m[32m·[39m[33m[39m[32m·[39m[33m[39m[32m·[39m[33m[39m[32m·[39m[33m[39m[32m·[39m[33m[39m[32m·[39m[33m[39m[32m·[39m[33m[39m[32m·[39m[33m[39m[32m·[39m[33m[39m[32m·[39m[33m[39m[32m·[39m[33m[39m[32m·[39m[33m[39m[32m·[39m[33m[39m[32m·[39m[33m[39m[32m·[39m[33m[39m[32m·[39m[33m[39m[32m·[39m[33m[39m[32m·[39m[33m[39m[32m·[39m[33m[39m[32m·[39m[33m[39m[32m·[39m[33m[39m[32m·[39m[33m[39m[32m·[39m[33m[39m[32m·[39m[33m[39m[32m·[39m[33m[39m[32m·[39m[33m[39m[32m·[39m[33m[39m[32m·[39m[33m[39m[32m·[39m[33m[39m[32m·[39m[33m[39m[32m·[39m[90mstdout[2m | tests/unit/metrics.test.js[2m > [22m[2mMetricsCollector[2m > [22m[2mReporting[2m > [22m[2mshould log stats
[22m[39m[2m07:51:28[0m [93m⭐[0m [38;5;208m[metrics.js][0m [93m================== System Metrics ==================[0m
[2m07:51:28[0m [93m⭐[0m [38;5;208m[metrics.js][0m [93mUptime       : [96m2ms[0m
[2m07:51:28[0m [93m⭐[0m [38;5;208m[metrics.js][0m [93mTasks        : [97m1 executed, 1 succeeded, 0 failed [92m(100% success rate)[0m
[2m07:51:28[0m [93m⭐[0m [38;5;208m[metrics.js][0m [93mTwitter      : [92m0[93m total (f=0, l=0, r=0, rp=0, q=0, bm=0, t=0)[0m
[2m07:51:28[0m [93m⭐[0m [38;5;208m[metrics.js][0m [93mBrowsers     : [95m0/0 connected [92m(0%)[0m
[2m07:51:28[0m [93m⭐[0m [38;5;208m[metrics.js][0m [93mSessions     : [94m0 active, 0 total created[0m
[2m07:51:28[0m [93m⭐[0m [38;5;208m[metrics.js][0m [93mAPI          : [91m0 calls, 0ms avg response time [92m(0% success rate)[0m
[2m07:51:28[0m [93m⭐[0m [38;5;208m[metrics.js][0m [93mAvg Duration : [38;5;208m100ms[0m
[2m07:51:28[0m [93m⭐[0m [38;5;208m[metrics.js][0m [93m====================================================[0m

[33m[39m[32m·[39m[33m[39m[32m·[39m[33m[39m[32m·[39m[33m[39m[32m·[39m[33m[39m[32m·[39m[33m[39m[32m·[39m[33m[39m[32m·[39m[33m[39m[32m·[39m[33m[39m[32m·[39m[33m[39m[32m·[39m[33m[39m[32m·[39m[33m[39m[32m·[39m[33m[39m[32m·[39m[33m[39m[32m·[39m[33m[39m[32m·[39m[33m[39m[32m·[39m[33m[39m[32m·[39m[33m[39m[32m·[39m[33m[39m[32m·[39m[33m[39m[32m·[39m[33m[39m[32m·[39m[33m[39m[32m·[39m[33m[39m[32m·[39m[33m[39m[32m·[39m[33m[39m[32m·[39m[33m[39m[32m·[39m[33m[39m[32m·[39m[33m[39m[32m·[39m[33m[39m[32m·[39m[33m[39m[32m·[39m[33m[39m[32m·[39m[33m[39m[32m·[39m[33m[39m[32m·[39m[33m[39m[32m·[39m[33m[39m[32m·[39m[33m[39m[32m·[39m[33m[39m[32m·[39m[33m[39m[32m·[39m[33m[39m[32m·[39m[33m[39m[32m·[39m[33m[39m[32m·[39m[33m[39m[32m·[39m[33m[39m[32m·[39m[33m[39m[32m·[39m[33m[39m[32m·[39m[33m[39m[32m·[39m[33m[39m[32m·[39m[33m[39m[32m·[39m[33m[39m[32m·[39m[33m[39m[32m·[39m[33m[39m[32m·[39m[33m[39m[32m·[39m[33m[39m[32m·[39m[33m[39m[32m·[39m[33m[39m[32m·[39m[33m[39m[32m·[39m[33m[39m[32m·[39m[33m[39m[32m·[39m[33m[39m[32m·[39m[33m[39m[32m·[39m[33m[39m[32m·[39m[33m[39m[32m·[39m[33m[39m[32m·[39m[33m[39m[32m·[39m[33m[39m[32m·[39m[33m[39m[32m·[39m[33m[39m[32m·[39m[33m[39m[32m·[39m[33m[39m[32m·[39m[33m[39m[32m·[39m[33m[39m[32m·[39m[33m[39m[32m·[39m[33m[39m[32m·[39m[33m[39m[32m·[39m[33m[39m[32m·[39m[33m[39m[32m·[39m[33m[39m[32m·[39m[33m[39m[32m·[39m[33m[39m[32m·[39m[33m[39m[32m·[39m[33m[39m[32m·[39m[33m[39m[32m·[39m[33m[39m[32m·[39m[90mstdout[2m | tests/integration/task-config-loader.test.js
[22m[39m[2m07:51:28[0m [90m⚪[0m [0m[38;5;208m[config-cache.js][0m[0m[0m[33m[ConfigCache][0m[0m Initialized with TTL: 300000ms, maxSize: 100[0m
[2m07:51:28[0m [36m🔵[0m [0m[38;5;208m[config-cache.js][0m[0m[0m[33m[ConfigCache][0m[0m Service initialized [95m(TTL: 300000ms)[0m[0m[0m

[33m[39m[32m·[39m[33m[39m[32m·[39m[33m[39m[32m·[39m[33m[39m[32m·[39m[33m[39m[32m·[39m[33m[39m[32m·[39m[33m[39m[32m·[39m[33m[39m[32m·[39m[33m[39m[32m·[39m[33m[39m[32m·[39m[33m[39m[32m·[39m[33m[39m[32m·[39m[33m[39m[32m·[39m[33m[39m[32m·[39m[33m[39m[32m·[39m[33m[39m[32m·[39m[33m[39m[32m·[39m[33m[39m[32m·[39m[33m[39m[32m·[39m[33m[39m[32m·[39m[33m[39m[32m·[39m[33m[39m[32m·[39m[33m[39m[32m·[39m[33m[39m[32m·[39m[33m[39m[32m·[39m[33m[39m[32m·[39m[33m[39m[32m·[39m[33m[39m[32m·[39m[33m[39m[32m·[39m[33m[39m[32m·[39m[33m[39m[32m·[39m[33m[39m[32m·[39m[33m[39m[32m·[39m[33m[39m[32m·[39m[33m[39m[32m·[39m[33m[39m[32m·[39m[33m[39m[32m·[39m[33m[39m[32m·[39m[33m[39m[32m·[39m[33m[39m[32m·[39m[33m[39m[32m·[39m[33m[39m[32m·[39m[33m[39m[32m·[39m[33m[39m[32m·[39m[33m[39m[32m·[39m[33m[39m[32m·[39m[33m[39m[32m·[39m[33m[39m[32m·[39m[33m[39m[32m·[39m[33m[39m[32m·[39m[33m[39m[32m·[39m[33m[39m[32m·[39m[33m[39m[32m·[39m[33m[39m[32m·[39m[33m[39m[32m·[39m[33m[39m[32m·[39m[33m[39m[32m·[39m[33m[39m[32m·[39m[33m[39m[32m·[39m[33m[39m[32m·[39m[33m[39m[32m·[39m[33m[39m[32m·[39m[33m[39m[32m·[39m[33m[39m[32m·[39m[33m[39m[32m·[39m[33m[39m[32m·[39m[33m[39m[32m·[39m[33m[39m[32m·[39m[33m[39m[32m·[39m[33m[39m[32m·[39m[33m[39m[32m·[39m[33m[39m[32m·[39m[33m[39m[32m·[39m[33m[39m[32m·[39m[33m[39m[32m·[39m[33m[39m[32m·[39m[33m[39m[32m·[39m[33m[39m[32m·[39m[33m[39m[32m·[39m[33m[39m[32m·[39m[33m[39m[32m·[39m[33m[39m[32m·[39m[33m[39m[32m·[39m[33m[39m[32m·[39m[33m[39m[32m·[39m[33m[39m[32m·[39m[90mstdout[2m | tests/unit/semantic-parser.test.js[2m > [22m[2mSemanticParser[2m > [22m[2mconstructor[2m > [22m[2mshould initialize with correct interactive roles
[22m[39m[2m07:51:28[0m [36m🔵[0m [0m[38;5;208m[semantic-parser.js][0m [0mSemanticParser initialized[0m

[33m[39m[32m·[39m[33m[39m[32m·[39m[33m[39m[32m·[39m[33m[39m[32m·[39m[33m[39m[32m·[39m[33m[39m[32m·[39m[33m[39m[32m·[39m[33m[39m[32m·[39m[33m[39m[32m·[39m[33m[39m[32m·[39m[33m[39m[32m·[39m[33m[39m[32m·[39m[33m[39m[32m·[39m[33m[39m[32m·[39m[33m[39m[32m·[39m[33m[39m[32m·[39m[33m[39m[32m·[39m[33m[39m[32m·[39m[33m[39m[32m·[39m[33m[39m[32m·[39m[33m[39m[32m·[39m[33m[39m[32m·[39m[33m[39m[32m·[39m[33m[39m[32m·[39m[33m[39m[32m·[39m[33m[39m[32m·[39m[33m[39m[32m·[39m[33m[39m[32m·[39m[33m[39m[32m·[39m[33m[39m[32m·[39m[33m[39m[32m·[39m[33m[39m[32m·[39m[33m[39m[32m·[39m[33m[39m[32m·[39m[33m[39m[32m·[39m[90mstdout[2m | tests/unit/semantic-parser.test.js[2m > [22m[2mSemanticParser[2m > [22m[2m_extractInteractiveElements[2m > [22m[2mshould extract interactive elements with correct properties
[22m[39m[2m07:51:28[0m [36m🔵[0m [0m[38;5;208m[semantic-parser.js][0m [0mSemanticParser initialized[0m

[90mstdout[2m | tests/unit/semantic-parser.test.js[2m > [22m[2mSemanticParser[2m > [22m[2m_extractInteractiveElements[2m > [22m[2mshould filter out invisible or disabled elements
[22m[39m[2m07:51:28[0m [36m🔵[0m [0m[38;5;208m[semantic-parser.js][0m [0mSemanticParser initialized[0m

[90mstdout[2m | tests/unit/semantic-parser.test.js[2m > [22m[2mSemanticParser[2m > [22m[2m_extractInteractiveElements[2m > [22m[2mshould handle extraction errors gracefully
[22m[39m[2m07:51:28[0m [36m🔵[0m [0m[38;5;208m[semantic-parser.js][0m [0mSemanticParser initialized[0m

[90mstdout[2m | tests/unit/semantic-parser.test.js[2m > [22m[2mSemanticParser[2m > [22m[2m_extractInteractiveElements[2m > [22m[2mshould handle extraction errors gracefully
[22m[39m[2m07:51:28[0m [31m🔴[0m [0m[38;5;208m[semantic-parser.js][0m[31m[0m[33m[SemanticParser][0m[31m Interactive element extraction failed:[0m Extraction error

[90mstdout[2m | tests/unit/semantic-parser.test.js[2m > [22m[2mSemanticParser[2m > [22m[2mextractSemanticTree[2m > [22m[2mshould extract semantic tree with page title, URL, and elements
[22m[39m[2m07:51:28[0m [36m🔵[0m [0m[38;5;208m[semantic-parser.js][0m [0mSemanticParser initialized[0m

[90mstdout[2m | tests/unit/semantic-parser.test.js[2m > [22m[2mSemanticParser[2m > [22m[2mextractSemanticTree[2m > [22m[2mshould extract semantic tree with page title, URL, and elements
[22m[39m[2m07:51:28[0m [90m⚪[0m [0m[38;5;208m[semantic-parser.js][0m[0m[0m[33m[SemanticParser][0m[0m Extracting semantic tree...[0m

[90mstdout[2m | tests/unit/semantic-parser.test.js[2m > [22m[2mSemanticParser[2m > [22m[2mextractSemanticTree[2m > [22m[2mshould extract semantic tree with page title, URL, and elements
[22m[39m[2m07:51:28[0m [36m🔵[0m [0m[38;5;208m[semantic-parser.js][0m[0m[0m[33m[SemanticParser][0m[0m Extracted 2 interactive elements, 2 landmarks[0m

[90mstdout[2m | tests/unit/semantic-parser.test.js[2m > [22m[2mSemanticParser[2m > [22m[2mextractSemanticTree[2m > [22m[2mshould handle extraction errors gracefully
[22m[39m[2m07:51:28[0m [36m🔵[0m [0m[38;5;208m[semantic-parser.js][0m [0mSemanticParser initialized[0m

[90mstdout[2m | tests/unit/semantic-parser.test.js[2m > [22m[2mSemanticParser[2m > [22m[2mextractSemanticTree[2m > [22m[2mshould handle extraction errors gracefully
[22m[39m[2m07:51:28[0m [90m⚪[0m [0m[38;5;208m[semantic-parser.js][0m[0m[0m[33m[SemanticParser][0m[0m Extracting semantic tree...[0m

[90mstdout[2m | tests/unit/semantic-parser.test.js[2m > [22m[2mSemanticParser[2m > [22m[2mextractSemanticTree[2m > [22m[2mshould handle extraction errors gracefully
[22m[39m[2m07:51:28[0m [31m🔴[0m [0m[38;5;208m[semantic-parser.js][0m[31m[0m[33m[SemanticParser][0m[31m Semantic tree extraction failed:[0m Page title error

[90mstdout[2m | tests/unit/semantic-parser.test.js[2m > [22m[2mSemanticParser[2m > [22m[2m_extractLandmarks[2m > [22m[2mshould extract landmarks with correct properties
[22m[39m[2m07:51:28[0m [36m🔵[0m [0m[38;5;208m[semantic-parser.js][0m [0mSemanticParser initialized[0m

[90mstdout[2m | tests/unit/semantic-parser.test.js[2m > [22m[2mSemanticParser[2m > [22m[2m_extractLandmarks[2m > [22m[2mshould filter out invisible landmarks
[22m[39m[2m07:51:28[0m [36m🔵[0m [0m[38;5;208m[semantic-parser.js][0m [0mSemanticParser initialized[0m

[90mstdout[2m | tests/unit/semantic-parser.test.js[2m > [22m[2mSemanticParser[2m > [22m[2m_extractLandmarks[2m > [22m[2mshould handle extraction errors gracefully
[22m[39m[2m07:51:28[0m [36m🔵[0m [0m[38;5;208m[semantic-parser.js][0m [0mSemanticParser initialized[0m

[90mstdout[2m | tests/unit/semantic-parser.test.js[2m > [22m[2mSemanticParser[2m > [22m[2m_extractLandmarks[2m > [22m[2mshould handle extraction errors gracefully
[22m[39m[2m07:51:28[0m [31m🔴[0m [0m[38;5;208m[semantic-parser.js][0m[31m[0m[33m[SemanticParser][0m[31m Landmark extraction failed:[0m Extraction error

[90mstdout[2m | tests/unit/semantic-parser.test.js[2m > [22m[2mSemanticParser[2m > [22m[2mEdge Cases[2m > [22m[2mshould handle empty semantic tree
[22m[39m[2m07:51:28[0m [36m🔵[0m [0m[38;5;208m[semantic-parser.js][0m [0mSemanticParser initialized[0m

[90mstdout[2m | tests/unit/semantic-parser.test.js[2m > [22m[2mSemanticParser[2m > [22m[2mEdge Cases[2m > [22m[2mshould handle null inputs gracefully
[22m[39m[2m07:51:28[0m [36m🔵[0m [0m[38;5;208m[semantic-parser.js][0m [0mSemanticParser initialized[0m

[90mstdout[2m | tests/unit/semantic-parser.test.js[2m > [22m[2mSemanticParser[2m > [22m[2mEdge Cases[2m > [22m[2mshould handle missing properties
[22m[39m[2m07:51:28[0m [36m🔵[0m [0m[38;5;208m[semantic-parser.js][0m [0mSemanticParser initialized[0m

[90mstdout[2m | tests/unit/semantic-parser.test.js[2m > [22m[2mSemanticParser[2m > [22m[2mgenerateCompactRepresentation[2m > [22m[2mshould include interactive elements in representation
[22m[39m[2m07:51:28[0m [36m🔵[0m [0m[38;5;208m[semantic-parser.js][0m [0mSemanticParser initialized[0m

[90mstdout[2m | tests/unit/semantic-parser.test.js[2m > [22m[2mSemanticParser[2m > [22m[2mgenerateCompactRepresentation[2m > [22m[2mshould handle long element names without truncation in representation
[22m[39m[2m07:51:28[0m [36m🔵[0m [0m[38;5;208m[semantic-parser.js][0m [0mSemanticParser initialized[0m

[90mstdout[2m | tests/unit/semantic-parser.test.js[2m > [22m[2mSemanticParser[2m > [22m[2mgenerateCompactRepresentation[2m > [22m[2mshould respect maxElements parameter
[22m[39m[2m07:51:28[0m [36m🔵[0m [0m[38;5;208m[semantic-parser.js][0m [0mSemanticParser initialized[0m

[90mstdout[2m | tests/unit/semantic-parser.test.js[2m > [22m[2mSemanticParser[2m > [22m[2mgenerateCompactRepresentation[2m > [22m[2mshould show landmarks in representation
[22m[39m[2m07:51:28[0m [36m🔵[0m [0m[38;5;208m[semantic-parser.js][0m [0mSemanticParser initialized[0m

[90mstdout[2m | tests/unit/semantic-parser.test.js[2m > [22m[2mSemanticParser[2m > [22m[2mfindElementByName[2m > [22m[2mshould find element by partial name match
[22m[39m[2m07:51:28[0m [36m🔵[0m [0m[38;5;208m[semantic-parser.js][0m [0mSemanticParser initialized[0m

[90mstdout[2m | tests/unit/semantic-parser.test.js[2m > [22m[2mSemanticParser[2m > [22m[2mfindElementByName[2m > [22m[2mshould be case insensitive
[22m[39m[2m07:51:28[0m [36m🔵[0m [0m[38;5;208m[semantic-parser.js][0m [0mSemanticParser initialized[0m

[90mstdout[2m | tests/unit/semantic-parser.test.js[2m > [22m[2mSemanticParser[2m > [22m[2mfindElementByName[2m > [22m[2mshould return null if no match found
[22m[39m[2m07:51:28[0m [36m🔵[0m [0m[38;5;208m[semantic-parser.js][0m [0mSemanticParser initialized[0m

[90mstdout[2m | tests/unit/semantic-parser.test.js[2m > [22m[2mSemanticParser[2m > [22m[2mfindElementByName[2m > [22m[2mshould handle tree without interactiveElements
[22m[39m[2m07:51:28[0m [36m🔵[0m [0m[38;5;208m[semantic-parser.js][0m [0mSemanticParser initialized[0m

[90mstdout[2m | tests/unit/semantic-parser.test.js[2m > [22m[2mSemanticParser[2m > [22m[2mfindElementByName[2m > [22m[2mshould handle element with null name
[22m[39m[2m07:51:28[0m [36m🔵[0m [0m[38;5;208m[semantic-parser.js][0m [0mSemanticParser initialized[0m

[90mstdout[2m | tests/unit/semantic-parser.test.js[2m > [22m[2mSemanticParser[2m > [22m[2mgetTreeStats[2m > [22m[2mshould return statistics for a tree
[22m[39m[2m07:51:28[0m [36m🔵[0m [0m[38;5;208m[semantic-parser.js][0m [0mSemanticParser initialized[0m

[90mstdout[2m | tests/unit/semantic-parser.test.js[2m > [22m[2mSemanticParser[2m > [22m[2mgetTreeStats[2m > [22m[2mshould return role breakdown
[22m[39m[2m07:51:28[0m [36m🔵[0m [0m[38;5;208m[semantic-parser.js][0m [0mSemanticParser initialized[0m

[90mstdout[2m | tests/unit/semantic-parser.test.js[2m > [22m[2mSemanticParser[2m > [22m[2mgetTreeStats[2m > [22m[2mshould handle missing interactiveElements array
[22m[39m[2m07:51:28[0m [36m🔵[0m [0m[38;5;208m[semantic-parser.js][0m [0mSemanticParser initialized[0m

[90mstdout[2m | tests/unit/semantic-parser.test.js[2m > [22m[2mSemanticParser[2m > [22m[2m_getRoleBreakdown[2m > [22m[2mshould count roles correctly
[22m[39m[2m07:51:28[0m [36m🔵[0m [0m[38;5;208m[semantic-parser.js][0m [0mSemanticParser initialized[0m

[90mstdout[2m | tests/unit/semantic-parser.test.js[2m > [22m[2mSemanticParser[2m > [22m[2m_getRoleBreakdown[2m > [22m[2mshould handle empty array
[22m[39m[2m07:51:28[0m [36m🔵[0m [0m[38;5;208m[semantic-parser.js][0m [0mSemanticParser initialized[0m

[33m[39m[32m·[39m[33m[39m[32m·[39m[33m[39m[32m·[39m[33m[39m[32m·[39m[33m[39m[32m·[39m[33m[39m[32m·[39m[33m[39m[32m·[39m[33m[39m[32m·[39m[33m[39m[32m·[39m[33m[39m[32m·[39m[33m[39m[32m·[39m[33m[39m[32m·[39m[33m[39m[32m·[39m[33m[39m[32m·[39m[33m[39m[32m·[39m[33m[39m[32m·[39m[33m[39m[32m·[39m[33m[39m[32m·[39m[33m[39m[32m·[39m[33m[39m[32m·[39m[33m[39m[32m·[39m[33m[39m[32m·[39m[33m[39m[32m·[39m[33m[39m[32m·[39m[33m[39m[32m·[39m[33m[39m[32m·[39m[33m[39m[32m·[39m[33m[39m[32m·[39m[33m[39m[32m·[39m[33m[39m[32m·[39m[33m[39m[32m·[39m[33m[39m[32m·[39m[33m[39m[32m·[39m[33m[39m[32m·[39m[33m[39m[32m·[39m[33m[39m[32m·[39m[33m[39m[32m·[39m[33m[39m[32m·[39m[33m[39m[32m·[39m[33m[39m[32m·[39m[33m[39m[32m·[39m[33m[39m[32m·[39m[33m[39m[32m·[39m[33m[39m[32m·[39m[33m[39m[32m·[39m[33m[39m[32m·[39m[33m[39m[32m·[39m[33m[39m[32m·[39m[33m[39m[32m·[39m[33m[39m[32m·[39m[33m[39m[32m·[39m[33m[39m[32m·[39m[33m[39m[32m·[39m[33m[39m[32m·[39m[33m[39m[32m·[39m[33m[39m[32m·[39m[33m[39m[32m·[39m[33m[39m[32m·[39m[33m[39m[32m·[39m[33m[39m[32m·[39m[90mstdout[2m | tests/integration/task-config-loader.test.js
[22m[39m[2m07:51:28[0m [90m⚪[0m [0m[38;5;208m[config-cache.js][0m[0m[0m[33m[ConfigCache][0m[0m Initialized with TTL: 300000ms, maxSize: 100[0m

[90mstdout[2m | tests/integration/task-config-loader.test.js[2m > [22m[2mtaskConfigLoader Integration[2m > [22m[2mTaskConfigLoader Class[2m > [22m[2mshould instantiate with default properties
[22m[39m[2m07:51:28[0m [90m⚪[0m [0m[38;5;208m[config-cache.js][0m[0m[0m[33m[ConfigCache][0m[0m Initialized with TTL: 300000ms, maxSize: 100[0m

[90mstdout[2m | tests/integration/task-config-loader.test.js[2m > [22m[2mtaskConfigLoader Integration[2m > [22m[2mTaskConfigLoader Class[2m > [22m[2mshould have all required methods
[22m[39m[2m07:51:28[0m [90m⚪[0m [0m[38;5;208m[config-cache.js][0m[0m[0m[33m[ConfigCache][0m[0m Initialized with TTL: 300000ms, maxSize: 100[0m

[90mstdout[2m | tests/unit/urlReferrerGenerator.test.js[2m > [22m[2murlReferrerGenerator[2m > [22m[2mwrites referrers file when executed directly
[22m[39m✅ Generated 301 referrer URLs
📁 Saved to: C:\My Script\auto-ai\data\URLreferrer.txt

Breakdown:
  - Reddit: ~150 URLs
  - Social Media: 19 URLs
  - Messaging Apps: 5 URLs
  - Email Clients: 4 URLs
  - News/Aggregators: 9 URLs
  - Forums: 6 URLs
  - Twitter/t.co: ~105 URLs (includes 5 internal X URLs)

[33m[39m[32m·[39m[33m[39m[32m·[39m[33m[39m[32m·[39m[33m[39m[32m·[39m[33m[39m[32m·[39m[33m[39m[32m·[39m[33m[39m[32m·[39m[33m[39m[32m·[39m[33m[39m[32m·[39m[33m[39m[32m·[39m[33m[39m[32m·[39m[33m[39m[32m·[39m[33m[39m[32m·[39m[33m[39m[32m·[39m[33m[39m[32m·[39m[33m[39m[32m·[39m[33m[39m[32m·[39m[33m[39m[32m·[39m[33m[39m[32m·[39m[33m[39m[32m·[39m[33m[39m[32m·[39m[33m[39m[32m·[39m[33m[39m[32m·[39m[33m[39m[32m·[39m[33m[39m[32m·[39m[33m[39m[32m·[39m[33m[39m[32m·[39m[33m[39m[32m·[39m[33m[39m[32m·[39m[33m[39m[32m·[39m[33m[39m[32m·[39m[90mstdout[2m | tests/integration/task-config-loader.test.js[2m > [22m[2mtaskConfigLoader Integration[2m > [22m[2mloadAiTwitterActivityConfig[2m > [22m[2mshould load configuration with default payload
[22m[39m[2m07:51:28[0m [36m🔵[0m [0m[38;5;208m[task-config-loader.js][0m[0m[0m[33m[ConfigLoader][0m[0m Loading configuration [95m(cache miss: {})[0m[0m[0m

[90mstdout[2m | tests/integration/task-config-loader.test.js[2m > [22m[2mtaskConfigLoader Integration[2m > [22m[2mloadAiTwitterActivityConfig[2m > [22m[2mshould load configuration with default payload
[22m[39m[2m07:51:28[0m [90m⚪[0m [0m[38;5;208m[configLoader.js][0m [0mLoaded configuration from settings.json[0m

[90mstdout[2m | tests/integration/task-config-loader.test.js[2m > [22m[2mtaskConfigLoader Integration[2m > [22m[2mloadAiTwitterActivityConfig[2m > [22m[2mshould load configuration with default payload
[22m[39m[2m07:51:28[0m [90m⚪[0m [0m[38;5;208m[configLoader.js][0m [0mLoaded configuration from settings.json[0m

[90mstdout[2m | tests/integration/task-config-loader.test.js[2m > [22m[2mtaskConfigLoader Integration[2m > [22m[2mloadAiTwitterActivityConfig[2m > [22m[2mshould load configuration with default payload
[22m[39m[2m07:51:28[0m [36m🔵[0m [0m[38;5;208m[config-service.js][0m[0m[0m[33m[Config][0m[0m Service initialized[0m

[90mstdout[2m | tests/integration/task-config-loader.test.js[2m > [22m[2mtaskConfigLoader Integration[2m > [22m[2mloadAiTwitterActivityConfig[2m > [22m[2mshould load configuration with default payload
[22m[39m[2m07:51:28[0m [90m⚪[0m [0m[38;5;208m[environment-config.js][0m[0m[0m[33m[EnvironmentConfig][0m[0m No environment overrides found[0m
[2m07:51:28[0m [90m⚪[0m [0m[38;5;208m[config-cache.js][0m[0m[0m[33m[ConfigCache][0m[0m Added new entry: {}[0m
[2m07:51:28[0m [36m🔵[0m [0m[38;5;208m[task-config-loader.js][0m[0m[0m[33m[ConfigLoader][0m[0m Configuration loaded successfully in 5ms[0m
[2m07:51:28[0m [90m⚪[0m [0m[38;5;208m[task-config-loader.js][0m[0m[0m[33m[ConfigLoader][0m[0m Cache stats: 0 hits, 1 loads[0m

[90mstdout[2m | tests/integration/task-config-loader.test.js[2m > [22m[2mtaskConfigLoader Integration[2m > [22m[2mloadAiTwitterActivityConfig[2m > [22m[2mshould accept payload overrides
[22m[39m[2m07:51:28[0m [36m🔵[0m [0m[38;5;208m[task-config-loader.js][0m[0m[0m[33m[ConfigLoader][0m[0m Loading configuration [95m(cache miss: {"cycles":30,"minDuration":600,"maxDuration":900,"theme":"light"})[0m[0m[0m

[90mstdout[2m | tests/integration/task-config-loader.test.js[2m > [22m[2mtaskConfigLoader Integration[2m > [22m[2mloadAiTwitterActivityConfig[2m > [22m[2mshould accept payload overrides
[22m[39m[2m07:51:28[0m [90m⚪[0m [0m[38;5;208m[environment-config.js][0m[0m[0m[33m[EnvironmentConfig][0m[0m No environment overrides found[0m
[2m07:51:28[0m [90m⚪[0m [0m[38;5;208m[config-cache.js][0m[0m[0m[33m[ConfigCache][0m[0m Added new entry: {[93m"cycles"[0m[0m:30,[93m"minDuration"[0m[0m:600,[93m"maxDuration"[0m[0m:900,[93m"theme"[0m[0m:[93m"light"[0m[0m}[0m
[2m07:51:28[0m [36m🔵[0m [0m[38;5;208m[task-config-loader.js][0m[0m[0m[33m[ConfigLoader][0m[0m Configuration loaded successfully in 1ms[0m
[2m07:51:28[0m [90m⚪[0m [0m[38;5;208m[task-config-loader.js][0m[0m[0m[33m[ConfigLoader][0m[0m Cache stats: 0 hits, 2 loads[0m

[90mstdout[2m | tests/integration/task-config-loader.test.js[2m > [22m[2mtaskConfigLoader Integration[2m > [22m[2mloadAiTwitterActivityConfig[2m > [22m[2mshould use defaults when payload values not provided
[22m[39m[2m07:51:28[0m [90m⚪[0m [0m[38;5;208m[config-cache.js][0m[0m[0m[33m[ConfigCache][0m[0m Cache hit: {}[0m
[2m07:51:28[0m [90m⚪[0m [0m[38;5;208m[task-config-loader.js][0m[0m[0m[33m[ConfigLoader][0m[0m Cache hit for key: {}[0m

[90mstdout[2m | tests/integration/task-config-loader.test.js[2m > [22m[2mtaskConfigLoader Integration[2m > [22m[2mloadAiTwitterActivityConfig[2m > [22m[2mshould include engagement probabilities
[22m[39m[2m07:51:28[0m [90m⚪[0m [0m[38;5;208m[config-cache.js][0m[0m[0m[33m[ConfigCache][0m[0m Cache hit: {}[0m
[2m07:51:28[0m [90m⚪[0m [0m[38;5;208m[task-config-loader.js][0m[0m[0m[33m[ConfigLoader][0m[0m Cache hit for key: {}[0m

[90mstdout[2m | tests/integration/task-config-loader.test.js[2m > [22m[2mtaskConfigLoader Integration[2m > [22m[2mloadAiTwitterActivityConfig[2m > [22m[2mshould include timing configuration
[22m[39m[2m07:51:28[0m [90m⚪[0m [0m[38;5;208m[config-cache.js][0m[0m[0m[33m[ConfigCache][0m[0m Cache hit: {}[0m
[2m07:51:28[0m [90m⚪[0m [0m[38;5;208m[task-config-loader.js][0m[0m[0m[33m[ConfigLoader][0m[0m Cache hit for key: {}[0m

[90mstdout[2m | tests/integration/task-config-loader.test.js[2m > [22m[2mtaskConfigLoader Integration[2m > [22m[2mloadAiTwitterActivityConfig[2m > [22m[2mshould include humanization settings
[22m[39m[2m07:51:28[0m [90m⚪[0m [0m[38;5;208m[config-cache.js][0m[0m[0m[33m[ConfigCache][0m[0m Cache hit: {}[0m
[2m07:51:28[0m [90m⚪[0m [0m[38;5;208m[task-config-loader.js][0m[0m[0m[33m[ConfigLoader][0m[0m Cache hit for key: {}[0m

[90mstdout[2m | tests/integration/task-config-loader.test.js[2m > [22m[2mtaskConfigLoader Integration[2m > [22m[2mloadAiTwitterActivityConfig[2m > [22m[2mshould include AI configuration
[22m[39m[2m07:51:28[0m [90m⚪[0m [0m[38;5;208m[config-cache.js][0m[0m[0m[33m[ConfigCache][0m[0m Cache hit: {}[0m
[2m07:51:28[0m [90m⚪[0m [0m[38;5;208m[task-config-loader.js][0m[0m[0m[33m[ConfigLoader][0m[0m Cache hit for key: {}[0m

[90mstdout[2m | tests/integration/task-config-loader.test.js[2m > [22m[2mtaskConfigLoader Integration[2m > [22m[2mloadAiTwitterActivityConfig[2m > [22m[2mshould include browser configuration
[22m[39m[2m07:51:28[0m [90m⚪[0m [0m[38;5;208m[config-cache.js][0m[0m[0m[33m[ConfigCache][0m[0m Cache hit: {}[0m
[2m07:51:28[0m [90m⚪[0m [0m[38;5;208m[task-config-loader.js][0m[0m[0m[33m[ConfigLoader][0m[0m Cache hit for key: {}[0m

[90mstdout[2m | tests/integration/task-config-loader.test.js[2m > [22m[2mtaskConfigLoader Integration[2m > [22m[2mloadAiTwitterActivityConfig[2m > [22m[2mshould include system configuration
[22m[39m[2m07:51:28[0m [90m⚪[0m [0m[38;5;208m[config-cache.js][0m[0m[0m[33m[ConfigCache][0m[0m Cache hit: {}[0m
[2m07:51:28[0m [90m⚪[0m [0m[38;5;208m[task-config-loader.js][0m[0m[0m[33m[ConfigLoader][0m[0m Cache hit for key: {}[0m

[90mstdout[2m | tests/integration/task-config-loader.test.js[2m > [22m[2mtaskConfigLoader Integration[2m > [22m[2mloadAiTwitterActivityConfig[2m > [22m[2mshould include monitoring configuration
[22m[39m[2m07:51:28[0m [90m⚪[0m [0m[38;5;208m[config-cache.js][0m[0m[0m[33m[ConfigCache][0m[0m Cache hit: {}[0m
[2m07:51:28[0m [90m⚪[0m [0m[38;5;208m[task-config-loader.js][0m[0m[0m[33m[ConfigLoader][0m[0m Cache hit for key: {}[0m

[90mstdout[2m | tests/integration/task-config-loader.test.js[2m > [22m[2mtaskConfigLoader Integration[2m > [22m[2mCache Functionality[2m > [22m[2mshould cache configuration after first load
[22m[39m[2m07:51:28[0m [36m🔵[0m [0m[38;5;208m[config-cache.js][0m[0m[0m[33m[ConfigCache][0m[0m Cleared 2 entries[0m
[2m07:51:28[0m [36m🔵[0m [0m[38;5;208m[task-config-loader.js][0m[0m[0m[33m[ConfigLoader][0m[0m Cache cleared[0m
[2m07:51:28[0m [36m🔵[0m [0m[38;5;208m[task-config-loader.js][0m[0m[0m[33m[ConfigLoader][0m[0m Loading configuration [95m(cache miss: {})[0m[0m[0m

[33m[39m[32m·[39m[33m[39m[32m·[39m[90mstdout[2m | tests/integration/task-config-loader.test.js[2m > [22m[2mtaskConfigLoader Integration[2m > [22m[2mCache Functionality[2m > [22m[2mshould cache configuration after first load
[22m[39m[2m07:51:28[0m [90m⚪[0m [0m[38;5;208m[environment-config.js][0m[0m[0m[33m[EnvironmentConfig][0m[0m No environment overrides found[0m
[2m07:51:28[0m [90m⚪[0m [0m[38;5;208m[config-cache.js][0m[0m[0m[33m[ConfigCache][0m[0m Added new entry: {}[0m
[2m07:51:28[0m [36m🔵[0m [0m[38;5;208m[task-config-loader.js][0m[0m[0m[33m[ConfigLoader][0m[0m Configuration loaded successfully in 1ms[0m
[2m07:51:28[0m [90m⚪[0m [0m[38;5;208m[task-config-loader.js][0m[0m[0m[33m[ConfigLoader][0m[0m Cache stats: 0 hits, 1 loads[0m

[90mstdout[2m | tests/integration/task-config-loader.test.js[2m > [22m[2mtaskConfigLoader Integration[2m > [22m[2mCache Functionality[2m > [22m[2mshould clear cache properly
[22m[39m[2m07:51:28[0m [90m⚪[0m [0m[38;5;208m[config-cache.js][0m[0m[0m[33m[ConfigCache][0m[0m Cache hit: {}[0m
[2m07:51:28[0m [90m⚪[0m [0m[38;5;208m[task-config-loader.js][0m[0m[0m[33m[ConfigLoader][0m[0m Cache hit for key: {}[0m

[90mstdout[2m | tests/integration/task-config-loader.test.js[2m > [22m[2mtaskConfigLoader Integration[2m > [22m[2mCache Functionality[2m > [22m[2mshould clear cache properly
[22m[39m[2m07:51:28[0m [36m🔵[0m [0m[38;5;208m[config-cache.js][0m[0m[0m[33m[ConfigCache][0m[0m Cleared 1 entries[0m
[2m07:51:28[0m [36m🔵[0m [0m[38;5;208m[task-config-loader.js][0m[0m[0m[33m[ConfigLoader][0m[0m Cache cleared[0m

[90mstdout[2m | tests/integration/task-config-loader.test.js[2m > [22m[2mtaskConfigLoader Integration[2m > [22m[2mgenerateCacheKey[2m > [22m[2mshould generate consistent keys for same payload
[22m[39m[2m07:51:28[0m [90m⚪[0m [0m[38;5;208m[config-cache.js][0m[0m[0m[33m[ConfigCache][0m[0m Initialized with TTL: 300000ms, maxSize: 100[0m

[90mstdout[2m | tests/integration/task-config-loader.test.js[2m > [22m[2mtaskConfigLoader Integration[2m > [22m[2mgenerateCacheKey[2m > [22m[2mshould generate different keys for different payloads
[22m[39m[2m07:51:28[0m [90m⚪[0m [0m[38;5;208m[config-cache.js][0m[0m[0m[33m[ConfigCache][0m[0m Initialized with TTL: 300000ms, maxSize: 100[0m

[90mstdout[2m | tests/integration/task-config-loader.test.js[2m > [22m[2mtaskConfigLoader Integration[2m > [22m[2mgenerateCacheKey[2m > [22m[2mshould include environment variables in key
[22m[39m[2m07:51:28[0m [90m⚪[0m [0m[38;5;208m[config-cache.js][0m[0m[0m[33m[ConfigCache][0m[0m Initialized with TTL: 300000ms, maxSize: 100[0m

[90mstdout[2m | tests/integration/task-config-loader.test.js[2m > [22m[2mtaskConfigLoader Integration[2m > [22m[2mbuildConfig[2m > [22m[2mshould build configuration with all sections
[22m[39m[2m07:51:28[0m [90m⚪[0m [0m[38;5;208m[config-cache.js][0m[0m[0m[33m[ConfigCache][0m[0m Initialized with TTL: 300000ms, maxSize: 100[0m

[90mstdout[2m | tests/integration/task-config-loader.test.js[2m > [22m[2mtaskConfigLoader Integration[2m > [22m[2mbuildConfig[2m > [22m[2mshould apply payload overrides to session config
[22m[39m[2m07:51:28[0m [90m⚪[0m [0m[38;5;208m[config-cache.js][0m[0m[0m[33m[ConfigCache][0m[0m Initialized with TTL: 300000ms, maxSize: 100[0m

[90mstdout[2m | tests/integration/task-config-loader.test.js[2m > [22m[2mtaskConfigLoader Integration[2m > [22m[2mbuildConfig[2m > [22m[2mshould use defaults when settings are missing
[22m[39m[2m07:51:28[0m [90m⚪[0m [0m[38;5;208m[config-cache.js][0m[0m[0m[33m[ConfigCache][0m[0m Initialized with TTL: 300000ms, maxSize: 100[0m

[90mstdout[2m | tests/integration/task-config-loader.test.js[2m > [22m[2mtaskConfigLoader Integration[2m > [22m[2mConvenience Function[2m > [22m[2mshould work as backward compatibility function
[22m[39m[2m07:51:28[0m [36m🔵[0m [0m[38;5;208m[task-config-loader.js][0m[0m[0m[33m[ConfigLoader][0m[0m Loading configuration [95m(cache miss: {})[0m[0m[0m

[90mstdout[2m | tests/integration/task-config-loader.test.js[2m > [22m[2mtaskConfigLoader Integration[2m > [22m[2mConvenience Function[2m > [22m[2mshould work as backward compatibility function
[22m[39m[2m07:51:28[0m [90m⚪[0m [0m[38;5;208m[environment-config.js][0m[0m[0m[33m[EnvironmentConfig][0m[0m No environment overrides found[0m
[2m07:51:28[0m [90m⚪[0m [0m[38;5;208m[config-cache.js][0m[0m[0m[33m[ConfigCache][0m[0m Added new entry: {}[0m
[2m07:51:28[0m [36m🔵[0m [0m[38;5;208m[task-config-loader.js][0m[0m[0m[33m[ConfigLoader][0m[0m Configuration loaded successfully in 1ms[0m
[2m07:51:28[0m [90m⚪[0m [0m[38;5;208m[task-config-loader.js][0m[0m[0m[33m[ConfigLoader][0m[0m Cache stats: 0 hits, 1 loads[0m

[90mstdout[2m | tests/integration/task-config-loader.test.js[2m > [22m[2mtaskConfigLoader Integration[2m > [22m[2mConvenience Function[2m > [22m[2mshould pass payload to loader
[22m[39m[2m07:51:28[0m [36m🔵[0m [0m[38;5;208m[task-config-loader.js][0m[0m[0m[33m[ConfigLoader][0m[0m Loading configuration [95m(cache miss: {"cycles":25})[0m[0m[0m

[90mstdout[2m | tests/integration/task-config-loader.test.js[2m > [22m[2mtaskConfigLoader Integration[2m > [22m[2mConvenience Function[2m > [22m[2mshould pass payload to loader
[22m[39m[2m07:51:28[0m [90m⚪[0m [0m[38;5;208m[environment-config.js][0m[0m[0m[33m[EnvironmentConfig][0m[0m No environment overrides found[0m
[2m07:51:28[0m [90m⚪[0m [0m[38;5;208m[config-cache.js][0m[0m[0m[33m[ConfigCache][0m[0m Added new entry: {[93m"cycles"[0m[0m:25}[0m
[2m07:51:28[0m [36m🔵[0m [0m[38;5;208m[task-config-loader.js][0m[0m[0m[33m[ConfigLoader][0m[0m Configuration loaded successfully in 1ms[0m
[2m07:51:28[0m [90m⚪[0m [0m[38;5;208m[task-config-loader.js][0m[0m[0m[33m[ConfigLoader][0m[0m Cache stats: 0 hits, 2 loads[0m

[90mstdout[2m | tests/integration/task-config-loader.test.js[2m > [22m[2mtaskConfigLoader Integration[2m > [22m[2mError Handling[2m > [22m[2mshould handle empty payload gracefully
[22m[39m[2m07:51:28[0m [90m⚪[0m [0m[38;5;208m[config-cache.js][0m[0m[0m[33m[ConfigCache][0m[0m Cache hit: {}[0m
[2m07:51:28[0m [90m⚪[0m [0m[38;5;208m[task-config-loader.js][0m[0m[0m[33m[ConfigLoader][0m[0m Cache hit for key: {}[0m

[90mstdout[2m | tests/integration/task-config-loader.test.js[2m > [22m[2mtaskConfigLoader Integration[2m > [22m[2mError Handling[2m > [22m[2mshould handle undefined payload gracefully
[22m[39m[2m07:51:28[0m [90m⚪[0m [0m[38;5;208m[config-cache.js][0m[0m[0m[33m[ConfigCache][0m[0m Cache hit: {}[0m
[2m07:51:28[0m [90m⚪[0m [0m[38;5;208m[task-config-loader.js][0m[0m[0m[33m[ConfigLoader][0m[0m Cache hit for key: {}[0m

[90mstdout[2m | tests/unit/rate-limit-tracker.test.js[2m > [22m[2mrate-limit-tracker.js[2m > [22m[2mcheckKey[2m > [22m[2mshould return null on fetch error
[22m[39m[2m07:51:28[0m [33m🟡[0m [0m[38;5;208m[rate-limit-tracker.js][0m[33m[0m[33m[RateLimitTracker][0m[33m Failed to fetch key info: Network error[0m

[90mstdout[2m | tests/unit/rate-limit-tracker.test.js[2m > [22m[2mrate-limit-tracker.js[2m > [22m[2mcheckKey[2m > [22m[2mshould return null on non-ok response
[22m[39m[2m07:51:28[0m [33m🟡[0m [0m[38;5;208m[rate-limit-tracker.js][0m[33m[0m[33m[RateLimitTracker][0m[33m Failed to fetch key info: HTTP 401[0m

[90mstdout[2m | tests/unit/rate-limit-tracker.test.js[2m > [22m[2mrate-limit-tracker.js[2m > [22m[2mcheckKey[2m > [22m[2mshould handle fetch that throws after initial check
[22m[39m[2m07:51:28[0m [33m🟡[0m [0m[38;5;208m[rate-limit-tracker.js][0m[33m[0m[33m[RateLimitTracker][0m[33m Failed to fetch key info: Connection refused[0m

[90mstdout[2m | tests/unit/rate-limit-tracker.test.js[2m > [22m[2mrate-limit-tracker.js[2m > [22m[2minvalidateCache[2m > [22m[2mshould clear all cached data
[22m[39m[2m07:51:28[0m [36m🔵[0m [0m[38;5;208m[rate-limit-tracker.js][0m[0m[0m[33m[RateLimitTracker][0m[0m Cache cleared[0m

[33m[39m[32m·[39m[33m[39m[32m·[39m[33m[39m[32m·[39m[33m[39m[32m·[39m[33m[39m[32m·[39m[33m[39m[32m·[39m[33m[39m[32m·[39m[33m[39m[32m·[39m[33m[39m[32m·[39m[33m[39m[32m·[39m[33m[39m[32m·[39m[33m[39m[32m·[39m[33m[39m[32m·[39m[33m[39m[32m·[39m[33m[39m[32m·[39m[33m[39m[32m·[39m[33m[39m[32m·[39m[33m[39m[32m·[39m[33m[39m[32m·[39m[33m[39m[32m·[39m[33m[39m[32m·[39m[33m[39m[32m·[39m[33m[39m[32m·[39m[33m[39m[32m·[39m[33m[39m[32m·[39m[33m[39m[32m·[39m[33m[39m[32m·[39m[33m[39m[32m·[39m[33m[39m[32m·[39m[33m[39m[32m·[39m[33m[39m[32m·[39m[33m[39m[32m·[39m[33m[39m[32m·[39m[33m[39m[32m·[39m[33m[39m[32m·[39m[33m[39m[32m·[39m[33m[39m[32m·[39m[33m[39m[32m·[39m[33m[39m[32m·[39m[33m[39m[32m·[39m[33m[39m[32m·[39m[33m[39m[32m·[39m[33m[39m[32m·[39m[33m[39m[32m·[39m[33m[39m[32m·[39m[33m[39m[32m·[39m[33m[39m[32m·[39m[33m[39m[32m·[39m[33m[39m[32m·[39m[33m[39m[32m·[39m[33m[39m[32m·[39m[33m[39m[32m·[39m[33m[39m[32m·[39m[33m[39m[32m·[39m[33m[39m[32m·[39m[33m[39m[32m·[39m[33m[39m[32m·[39m[33m[39m[32m·[39m[33m[39m[32m·[39m[33m[39m[32m·[39m[33m[39m[32m·[39m[33m[39m[32m·[39m[33m[39m[32m·[39m[33m[39m[32m·[39m[33m[39m[32m·[39m[33m[39m[32m·[39m[33m[39m[32m·[39m[33m[39m[32m·[39m[33m[39m[32m·[39m[33m[39m[32m·[39m[33m[39m[32m·[39m[33m[39m[32m·[39m[33m[39m[32m·[39m[33m[39m[32m·[39m[33m[39m[32m·[39m[33m[39m[32m·[39m[33m[39m[32m·[39m[33m[39m[32m·[39m[33m[39m[32m·[39m[33m[39m[32m·[39m[33m[39m[32m·[39m[33m[39m[32m·[39m[33m[39m[32m·[39m[33m[39m[32m·[39m[33m[39m[32m·[39m[33m[39m[32m·[39m[33m[39m[32m·[39m[33m[39m[32m·[39m[33m[39m[32m·[39m[33m[39m[32m·[39m[33m[39m[32m·[39m[33m[39m[32m·[39m[33m[39m[32m·[39m[33m[39m[32m·[39m[33m[39m[32m·[39m[33m[39m[32m·[39m[33m[39m[32m·[39m[33m[39m[32m·[39m[33m[39m[32m·[39m[33m[39m[32m·[39m[33m[39m[32m·[39m[33m[39m[32m·[39m[33m[39m[32m·[39m[33m[39m[32m·[39m[33m[39m[32m·[39m[33m[39m[32m·[39m[33m[39m[32m·[39m[33m[39m[32m·[39m[33m[39m[32m·[39m[33m[39m[32m·[39m[33m[39m[32m·[39m[33m[39m[32m·[39m[33m[39m[32m·[39m[33m[39m[32m·[39m[33m[39m[32m·[39m[33m[39m[32m·[39m[33m[39m[32m·[39m[33m[39m[32m·[39m[33m[39m[32m·[39m[33m[39m[32m·[39m[33m[39m[32m·[39m[33m[39m[32m·[39m[33m[39m[32m·[39m[33m[39m[32m·[39m[33m[39m[32m·[39m[33m[39m[32m·[39m[33m[39m[32m·[39m[33m[39m[32m·[39m[33m[39m[32m·[39m[33m[39m[32m·[39m[33m[39m[32m·[39m[33m[39m[32m·[39m[33m[39m[32m·[39m[33m[39m[32m·[39m[33m[39m[32m·[39m[33m[39m[32m·[39m[33m[39m[32m·[39m[33m[39m[32m·[39m[33m[39m[32m·[39m[33m[39m[32m·[39m[33m[39m[32m·[39m[33m[39m[32m·[39m[33m[39m[32m·[39m[33m[39m[32m·[39m[33m[39m[32m·[39m[33m[39m[32m·[39m[33m[39m[32m·[39m[33m[39m[32m·[39m[33m[39m[32m·[39m[33m[39m[32m·[39m[33m[39m[32m·[39m[33m[39m[32m·[39m[33m[39m[32m·[39m[33m[39m[32m·[39m[33m[39m[32m·[39m[33m[39m[32m·[39m[33m[39m[32m·[39m[33m[39m[32m·[39m[33m[39m[32m·[39m[33m[39m[32m·[39m[33m[39m[32m·[39m[33m[39m[32m·[39m[33m[39m[32m·[39m[33m[39m[32m·[39m[33m[39m[32m·[39m[33m[39m[32m·[39m[33m[39m[32m·[39m[33m[39m[32m·[39m[33m[39m[32m·[39m[33m[39m[32m·[39m[33m[39m[32m·[39m[33m[39m[32m·[39m[33m[39m[32m·[39m[33m[39m[32m·[39m[33m[39m[32m·[39m[33m[39m[32m·[39m[33m[39m[32m·[39m[33m[39m[32m·[39m[33m[39m[32m·[39m[33m[39m[32m·[39m[33m[39m[32m·[39m[33m[39m[32m·[39m[33m[39m[32m·[39m[33m[39m[32m·[39m[33m[39m[32m·[39m[33m[39m[32m·[39m[33m[39m[32m·[39m[33m[39m[32m·[39m[33m[39m[32m·[39m[33m[39m[32m·[39m[33m[39m[32m·[39m[33m[39m[32m·[39m[33m[39m[32m·[39m[33m[39m[32m·[39m[33m[39m[32m·[39m[33m[39m[32m·[39m[33m[39m[32m·[39m[33m[39m[32m·[39m[33m[39m[32m·[39m[33m[39m[32m·[39m[33m[39m[32m·[39m[33m[39m[32m·[39m[33m[39m[32m·[39m[33m[39m[32m·[39m[33m[39m[32m·[39m[33m[39m[32m·[39m[33m[39m[32m·[39m[33m[39m[32m·[39m[33m[39m[32m·[39m[33m[39m[32m·[39m[33m[39m[32m·[39m[33m[39m[32m·[39m[33m[39m[32m·[39m[33m[39m[32m·[39m[33m[39m[32m·[39m[33m[39m[32m·[39m[33m[39m[32m·[39m[33m[39m[32m·[39m[33m[39m[32m·[39m[33m[39m[32m·[39m[33m[39m[32m·[39m[33m[39m[32m·[39m[33m[39m[32m·[39m[33m[39m[32m·[39m[33m[39m[32m·[39m[33m[39m[32m·[39m[33m[39m[32m·[39m[33m[39m[32m·[39m[33m[39m[32m·[39m[33m[39m[32m·[39m[33m[39m[32m·[39m[33m[39m[32m·[39m[33m[39m[32m·[39m[33m[39m[32m·[39m[33m[39m[32m·[39m[33m[39m[32m·[39m[33m[39m[32m·[39m[33m[39m[32m·[39m[33m[39m[32m·[39m[33m[39m[32m·[39m[33m[39m[32m·[39m[33m[39m[32m·[39m[33m[39m[32m·[39m[33m[39m[32m·[39m[33m[39m[32m·[39m[33m[39m[32m·[39m[33m[39m[32m·[39m[33m[39m[32m·[39m[33m[39m[32m·[39m[33m[39m[32m·[39m[33m[39m[32m·[39m[33m[39m[32m·[39m[33m[39m[32m·[39m[33m[39m[32m·[39m[33m[39m[32m·[39m[33m[39m[32m·[39m[33m[39m[32m·[39m[33m[39m[32m·[39m[33m[39m[32m·[39m[33m[39m[32m·[39m[33m[39m[32m·[39m[33m[39m[32m·[39m[33m[39m[32m·[39m[33m[39m[32m·[39m[33m[39m[32m·[39m[33m[39m[32m·[39m[33m[39m[32m·[39m[33m[39m[32m·[39m[33m[39m[32m·[39m[33m[39m[32m·[39m[33m[39m[32m·[39m[33m[39m[32m·[39m[33m[39m[32m·[39m[33m[39m[32m·[39m[33m[39m[32m·[39m[33m[39m[32m·[39m[33m[39m[32m·[39m[33m[39m[32m·[39m[33m[39m[32m·[39m[33m[39m[32m·[39m[33m[39m[32m·[39m[33m[39m[32m·[39m[33m[39m[32m·[39m[33m[39m[32m·[39m[33m[39m[32m·[39m[33m[39m[32m·[39m[33m[39m[32m·[39m[33m[39m[32m·[39m[33m[39m[32m·[39m[33m[39m[32m·[39m[33m[39m[32m·[39m[33m[39m[32m·[39m[33m[39m[32m·[39m[33m[39m[32m·[39m[33m[39m[32m·[39m[33m[39m[32m·[39m[33m[39m[32m·[39m[33m[39m[32m·[39m[33m[39m[32m·[39m[33m[39m[32m·[39m[33m[39m[32m·[39m[33m[39m[32m·[39m[33m[39m[32m·[39m[33m[39m[32m·[39m[33m[39m[32m·[39m[33m[39m[32m·[39m[33m[39m[32m·[39m[33m[39m[32m·[39m[33m[39m[32m·[39m[33m[39m[32m·[39m[33m[39m[32m·[39m[33m[39m[32m·[39m[33m[39m[32m·[39m[33m[39m[32m·[39m[33m[39m[32m·[39m[33m[39m[32m·[39m[33m[39m[32m·[39m[33m[39m[32m·[39m[33m[39m[32m·[39m[33m[39m[32m·[39m[33m[39m[32m·[39m[33m[39m[32m·[39m[33m[39m[32m·[39m[33m[39m[32m·[39m[33m[39m[32m·[39m[33m[39m[32m·[39m[33m[39m[32m·[39m[33m[39m[32m·[39m[33m[39m[32m·[39m[33m[39m[32m·[39m[33m[39m[32m·[39m[33m[39m[32m·[39m[33m[39m[32m·[39m[33m[39m[32m·[39m[33m[39m[32m·[39m[33m[39m[32m·[39m[33m[39m[32m·[39m[33m[39m[32m·[39m[33m[39m[32m·[39m[33m[39m[32m·[39m[33m[39m[32m·[39m[33m[39m[32m·[39m[33m[39m[32m·[39m[33m[39m[32m·[39m[33m[39m[32m·[39m[33m[39m[32m·[39m[33m[39m[32m·[39m[33m[39m[32m·[39m[33m[39m[32m·[39m[33m[39m[32m·[39m[33m[39m[32m·[39m[33m[39m[32m·[39m[33m[39m[32m·[39m[33m[39m[32m·[39m[33m[39m[32m·[39m[33m[39m[32m·[39m[33m[39m[32m·[39m[33m[39m[32m·[39m[33m[39m[32m·[39m[33m[39m[32m·[39m[33m[39m[32m·[39m[33m[39m[32m·[39m[33m[39m[32m·[39m[33m[39m[32m·[39m[33m[39m[32m·[39m[33m[39m[32m·[39m[33m[39m[32m·[39m[33m[39m[32m·[39m[33m[39m[32m·[39m[33m[39m[32m·[39m[33m[39m[32m·[39m[33m[39m[32m·[39m[33m[39m[32m·[39m[33m[39m[32m·[39m[33m[39m[32m·[39m[33m[39m[32m·[39m[33m[39m[32m·[39m[33m[39m[32m·[39m[33m[39m[32m·[39m[33m[39m[32m·[39m[33m[39m[32m·[39m[33m[39m[32m·[39m[33m[39m[32m·[39m[33m[39m[32m·[39m[33m[39m[32m·[39m[33m[39m[32m·[39m[33m[39m[32m·[39m[33m[39m[32m·[39m[33m[39m[32m·[39m[33m[39m[32m·[39m[33m[39m[32m·[39m[33m[39m[32m·[39m[33m[39m[32m·[39m[33m[39m[32m·[39m[33m[39m[32m·[39m[33m[39m[32m·[39m[33m[39m[32m·[39m[33m[39m[32m·[39m[33m[39m[32m·[39m[33m[39m[32m·[39m[33m[39m[32m·[39m[33m[39m[32m·[39m[33m[39m[32m·[39m[33m[39m[32m·[39m[33m[39m[32m·[39m[33m[39m[32m·[39m[33m[39m[32m·[39m[33m[39m[32m·[39m[33m[39m[32m·[39m[33m[39m[32m·[39m[33m[39m[32m·[39m[33m[39m[32m·[39m[33m[39m[32m·[39m[33m[39m[32m·[39m[33m[39m[32m·[39m[33m[39m[32m·[39m[33m[39m[32m·[39m[33m[39m[32m·[39m[33m[39m[32m·[39m[33m[39m[32m·[39m[90mstdout[2m | tests/unit/utils/twitter-agent/EngagementHandler.coverage.test.js
[22m[39m[2m07:51:28[0m [36m🔵[0m [0m[33m[EntropyController][0m[0m[0m[33m[session-1771635088561-da6owrdz0][0m[0m Session initialized with paceMultiplier=0.99[0m
[2m07:51:28[0m [36m🔵[0m [0m[33m[EntropyController][0m[0m[0m[33m[session-1771635088561-da6owrdz0][0m[0m Fatigue scheduled for T+3.9m[0m

[90mstdout[2m | tests/unit/logging-config.test.js
[22m[39m[2m07:51:28[0m [36m🔵[0m [0m[38;5;208m[async-queue.js][0m[0m[0m[33m[AsyncQueue][0m[0m ✓ Completed task: task1 in 1007ms[0m

[90mstdout[2m | tests/unit/ghostCursor.test.js[2m > [22m[2mGhostCursor[2m > [22m[2mGeneral Click[2m > [22m[2mshould track and click element
[22m[39m[2m07:51:28[0m [36m🔵[0m [0m[38;5;208m[ghostCursor.js][0m [0mghostCursor clicked x=225 y=225[0m

[33m[39m[32m·[39m[33m[39m[32m·[39m[33m[39m[32m·[39m[33m[39m[32m·[39m[33m[39m[32m·[39m[33m[39m[32m·[39m[33m[39m[32m·[39m[33m[39m[32m·[39m[33m[39m[32m·[39m[33m[39m[32m·[39m[33m[39m[32m·[39m[33m[39m[32m·[39m[33m[39m[32m·[39m[33m[39m[32m·[39m[33m[39m[32m·[39m[33m[39m[32m·[39m[33m[39m[32m·[39m[33m[39m[32m·[39m[33m[39m[32m·[39m[33m[39m[32m·[39m[33m[39m[32m·[39m[33m[39m[32m·[39m[33m[39m[32m·[39m[33m[39m[32m·[39m[33m[39m[32m·[39m[33m[39m[32m·[39m[33m[39m[32m·[39m[33m[39m[32m·[39m[33m[39m[32m·[39m[33m[39m[32m·[39m[33m[39m[32m·[39m[33m[39m[32m·[39m[33m[39m[32m·[39m[33m[39m[32m·[39m[33m[39m[32m·[39m[33m[39m[32m·[39m[33m[39m[32m·[39m[33m[39m[32m·[39m[33m[39m[32m·[39m[33m[39m[32m·[39m[33m[39m[32m·[39m[33m[39m[32m·[39m[33m[39m[32m·[39m[33m[39m[32m·[39m[33m[39m[32m·[39m[33m[39m[32m·[39m[33m[39m[32m·[39m[33m[39m[32m·[39m[33m[39m[32m·[39m[33m[39m[32m·[39m[33m[39m[32m·[39m[33m[39m[32m·[39m[33m[39m[32m·[39m[33m[39m[32m·[39m[33m[39m[32m·[39m[33m[39m[32m·[39m[33m[39m[32m·[39m[33m[39m[32m·[39m[33m[39m[32m·[39m[33m[39m[32m·[39m[33m[39m[32m·[39m[33m[39m[32m·[39m[33m[39m[32m·[39m[33m[39m[32m·[39m[33m[39m[32m·[39m[90mstdout[2m | tests/unit/environment-config.test.js[2m > [22m[2mEnvironmentConfig[2m > [22m[2mapplyEnvOverrides[2m > [22m[2mshould apply numeric override from env var
[22m[39m[2m07:51:28[0m [36m🔵[0m [0m[38;5;208m[environment-config.js][0m[0m[0m[33m[EnvironmentConfig][0m[0m Applied override: TWITTER_CYCLES = 50 [95m(number)[0m[0m[0m
[2m07:51:28[0m [36m🔵[0m [0m[38;5;208m[environment-config.js][0m[0m[0m[33m[EnvironmentConfig][0m[0m Applied 1 environment overrides[0m
[2m07:51:28[0m [90m⚪[0m [0m[38;5;208m[environment-config.js][0m[0m[0m[33m[EnvironmentConfig][0m[0m Applied overrides:[0m
[2m07:51:28[0m [90m⚪[0m [0m[38;5;208m[environment-config.js][0m [0m  TWITTER_CYCLES: undefined → 50 [95m(number)[0m[0m[0m

[90mstdout[2m | tests/unit/environment-config.test.js[2m > [22m[2mEnvironmentConfig[2m > [22m[2mapplyEnvOverrides[2m > [22m[2mshould apply boolean true override
[22m[39m[2m07:51:28[0m [36m🔵[0m [0m[38;5;208m[environment-config.js][0m[0m[0m[33m[EnvironmentConfig][0m[0m Applied override: AI_ENABLED = true [95m(boolean)[0m[0m[0m
[2m07:51:28[0m [36m🔵[0m [0m[38;5;208m[environment-config.js][0m[0m[0m[33m[EnvironmentConfig][0m[0m Applied 1 environment overrides[0m
[2m07:51:28[0m [90m⚪[0m [0m[38;5;208m[environment-config.js][0m[0m[0m[33m[EnvironmentConfig][0m[0m Applied overrides:[0m
[2m07:51:28[0m [90m⚪[0m [0m[38;5;208m[environment-config.js][0m [0m  AI_ENABLED: undefined → true [95m(boolean)[0m[0m[0m

[90mstdout[2m | tests/unit/environment-config.test.js[2m > [22m[2mEnvironmentConfig[2m > [22m[2mapplyEnvOverrides[2m > [22m[2mshould apply boolean false override
[22m[39m[2m07:51:28[0m [36m🔵[0m [0m[38;5;208m[environment-config.js][0m[0m[0m[33m[EnvironmentConfig][0m[0m Applied override: AI_ENABLED = false [95m(boolean)[0m[0m[0m
[2m07:51:28[0m [36m🔵[0m [0m[38;5;208m[environment-config.js][0m[0m[0m[33m[EnvironmentConfig][0m[0m Applied 1 environment overrides[0m
[2m07:51:28[0m [90m⚪[0m [0m[38;5;208m[environment-config.js][0m[0m[0m[33m[EnvironmentConfig][0m[0m Applied overrides:[0m
[2m07:51:28[0m [90m⚪[0m [0m[38;5;208m[environment-config.js][0m [0m  AI_ENABLED: undefined → false [95m(boolean)[0m[0m[0m

[90mstdout[2m | tests/unit/environment-config.test.js[2m > [22m[2mEnvironmentConfig[2m > [22m[2mapplyEnvOverrides[2m > [22m[2mshould not override when env var is empty string
[22m[39m[2m07:51:28[0m [90m⚪[0m [0m[38;5;208m[environment-config.js][0m[0m[0m[33m[EnvironmentConfig][0m[0m No environment overrides found[0m

[90mstdout[2m | tests/unit/environment-config.test.js[2m > [22m[2mEnvironmentConfig[2m > [22m[2mapplyEnvOverrides[2m > [22m[2mshould not override when env var is undefined
[22m[39m[2m07:51:28[0m [90m⚪[0m [0m[38;5;208m[environment-config.js][0m[0m[0m[33m[EnvironmentConfig][0m[0m No environment overrides found[0m

[33m[39m[32m·[39m[33m[39m[32m·[39m[33m[39m[32m·[39m[33m[39m[32m·[39m[33m[39m[32m·[39m[33m[39m[32m·[39m[33m[39m[32m·[39m[33m[39m[32m·[39m[33m[39m[32m·[39m[33m[39m[32m·[39m[33m[39m[32m·[39m[33m[39m[32m·[39m[33m[39m[32m·[39m[33m[39m[32m·[39m[33m[39m[32m·[39m[33m[39m[32m·[39m[33m[39m[32m·[39m[33m[39m[32m·[39m[33m[39m[32m·[39m[33m[39m[32m·[39m[33m[39m[32m·[39m[33m[39m[32m·[39m[33m[39m[32m·[39m[33m[39m[32m·[39m[33m[39m[32m·[39m[33m[39m[32m·[39m[33m[39m[32m·[39m[33m[39m[32m·[39m[33m[39m[32m·[39m[33m[39m[32m·[39m[33m[39m[32m·[39m[33m[39m[32m·[39m[33m[39m[32m·[39m[33m[39m[32m·[39m[33m[39m[32m·[39m[33m[39m[32m·[39m[33m[39m[32m·[39m[33m[39m[32m·[39m[33m[39m[32m·[39m[33m[39m[32m·[39m[33m[39m[32m·[39m[33m[39m[32m·[39m[33m[39m[32m·[39m[33m[39m[32m·[39m[33m[39m[32m·[39m[33m[39m[32m·[39m[33m[39m[32m·[39m[33m[39m[32m·[39m[33m[39m[32m·[39m[33m[39m[32m·[39m[33m[39m[32m·[39m[33m[39m[32m·[39m[33m[39m[32m·[39m[33m[39m[32m·[39m[33m[39m[32m·[39m[33m[39m[32m·[39m[33m[39m[32m·[39m[33m[39m[32m·[39m[33m[39m[32m·[39m[33m[39m[32m·[39m[33m[39m[32m·[39m[33m[39m[32m·[39m[33m[39m[32m·[39m[33m[39m[32m·[39m[33m[39m[32m·[39m[33m[39m[32m·[39m[33m[39m[32m·[39m[33m[39m[32m·[39m[33m[39m[32m·[39m[33m[39m[32m·[39m[33m[39m[32m·[39m[33m[39m[32m·[39m[33m[39m[32m·[39m[33m[39m[32m·[39m[33m[39m[32m·[39m[33m[39m[32m·[39m[33m[39m[32m·[39m[33m[39m[32m·[39m[33m[39m[32m·[39m[33m[39m[32m·[39m[33m[39m[32m·[39m[33m[39m[32m·[39m[33m[39m[32m·[39m[33m[39m[32m·[39m[33m[39m[32m·[39m[33m[39m[32m·[39m[33m[39m[32m·[39m[33m[39m[32m·[39m[33m[39m[32m·[39m[33m[39m[32m·[39m[33m[39m[32m·[39m[90mstdout[2m | tests/unit/tasks-twitter-tweet.test.js
[22m[39m[2m07:51:28[0m [36m🔵[0m [0m[33m[EntropyController][0m[0m[0m[33m[session-1771635088663-pll12sx04][0m[0m Session initialized with paceMultiplier=1.28[0m
[2m07:51:28[0m [36m🔵[0m [0m[33m[EntropyController][0m[0m[0m[33m[session-1771635088663-pll12sx04][0m[0m Fatigue scheduled for T+4.3m[0m

[33m[39m[32m·[39m[33m[39m[32m·[39m[33m[39m[32m·[39m[33m[39m[32m·[39m[33m[39m[32m·[39m[33m[39m[32m·[39m[33m[39m[32m·[39m[33m[39m[32m·[39m[33m[39m[32m·[39m[33m[39m[32m·[39m[33m[39m[32m·[39m[33m[39m[32m·[39m[33m[39m[32m·[39m[33m[39m[32m·[39m[33m[39m[32m·[39m[33m[39m[32m·[39m[33m[39m[32m·[39m[33m[39m[32m·[39m[33m[39m[32m·[39m[33m[39m[32m·[39m[33m[39m[32m·[39m[33m[39m[32m·[39m[33m[39m[32m·[39m[33m[39m[32m·[39m[33m[39m[32m·[39m[33m[39m[32m·[39m[33m[39m[32m·[39m[33m[39m[32m·[39m[33m[39m[32m·[39m[33m[39m[32m·[39m[33m[39m[32m·[39m[33m[39m[32m·[39m[33m[39m[32m·[39m[33m[39m[32m·[39m[33m[39m[32m·[39m[33m[39m[32m·[39m[33m[39m[32m·[39m[33m[39m[32m·[39m[33m[39m[32m·[39m[33m[39m[32m·[39m[33m[39m[32m·[39m[33m[39m[32m·[39m[33m[39m[32m·[39m[33m[39m[32m·[39m[33m[39m[32m·[39m[33m[39m[32m·[39m[33m[39m[32m·[39m[33m[39m[32m·[39m[33m[39m[32m·[39m[33m[39m[32m·[39m[33m[39m[32m·[39m[33m[39m[32m·[39m[33m[39m[32m·[39m[33m[39m[32m·[39m[33m[39m[32m·[39m[33m[39m[32m·[39m[33m[39m[32m·[39m[33m[39m[32m·[39m[33m[39m[32m·[39m[33m[39m[32m·[39m[33m[39m[32m·[39m[33m[39m[32m·[39m[33m[39m[32m·[39m[33m[39m[32m·[39m[33m[39m[32m·[39m[33m[39m[32m·[39m[33m[39m[32m·[39m[33m[39m[32m·[39m[33m[39m[32m·[39m[33m[39m[32m·[39m[33m[39m[32m·[39m[33m[39m[32m·[39m[33m[39m[32m·[39m[33m[39m[32m·[39m[33m[39m[32m·[39m[33m[39m[32m·[39m[33m[39m[32m·[39m[33m[39m[32m·[39m[33m[39m[32m·[39m[33m[39m[32m·[39m[33m[39m[32m·[39m[33m[39m[32m·[39m[33m[39m[32m·[39m[33m[39m[32m·[39m[33m[39m[32m·[39m[33m[39m[32m·[39m[33m[39m[32m·[39m[33m[39m[32m·[39m[33m[39m[32m·[39m[33m[39m[32m·[39m[33m[39m[32m·[39m[33m[39m[32m·[39m[33m[39m[32m·[39m[33m[39m[32m·[39m[33m[39m[32m·[39m[33m[39m[32m·[39m[33m[39m[32m·[39m[33m[39m[32m·[39m[33m[39m[32m·[39m[33m[39m[32m·[39m[33m[39m[32m·[39m[33m[39m[32m·[39m[33m[39m[32m·[39m[33m[39m[32m·[39m[33m[39m[32m·[39m[33m[39m[32m·[39m[33m[39m[32m·[39m[33m[39m[32m·[39m[33m[39m[32m·[39m[33m[39m[32m·[39m[33m[39m[32m·[39m[33m[39m[32m·[39m[33m[39m[32m·[39m[33m[39m[32m·[39m[90mstdout[2m | tests/unit/utils/twitter-agent/EngagementHandler.gap.test.js
[22m[39m[2m07:51:28[0m [36m🔵[0m [0m[33m[EntropyController][0m[0m[0m[33m[session-1771635088709-a8duq4oen][0m[0m Session initialized with paceMultiplier=0.85[0m
[2m07:51:28[0m [36m🔵[0m [0m[33m[EntropyController][0m[0m[0m[33m[session-1771635088709-a8duq4oen][0m[0m Fatigue scheduled for T+4.0m[0m

[90mstdout[2m | tests/unit/semantic-parser-new.test.js[2m > [22m[2mSemanticParser[2m > [22m[2mconstructor[2m > [22m[2mshould initialize with correct interactive roles
[22m[39m[2m07:51:28[0m [36m🔵[0m [0m[38;5;208m[semantic-parser.js][0m [0mSemanticParser initialized[0m

[90mstdout[2m | tests/unit/semantic-parser-new.test.js[2m > [22m[2mSemanticParser[2m > [22m[2m_extractInteractiveElements[2m > [22m[2mshould extract interactive elements with correct properties
[22m[39m[2m07:51:28[0m [36m🔵[0m [0m[38;5;208m[semantic-parser.js][0m [0mSemanticParser initialized[0m

[90mstdout[2m | tests/unit/semantic-parser-new.test.js[2m > [22m[2mSemanticParser[2m > [22m[2m_extractInteractiveElements[2m > [22m[2mshould filter out invisible or disabled elements
[22m[39m[2m07:51:28[0m [36m🔵[0m [0m[38;5;208m[semantic-parser.js][0m [0mSemanticParser initialized[0m

[90mstdout[2m | tests/unit/semantic-parser-new.test.js[2m > [22m[2mSemanticParser[2m > [22m[2m_extractInteractiveElements[2m > [22m[2mshould handle extraction errors gracefully
[22m[39m[2m07:51:28[0m [36m🔵[0m [0m[38;5;208m[semantic-parser.js][0m [0mSemanticParser initialized[0m

[90mstdout[2m | tests/unit/semantic-parser-new.test.js[2m > [22m[2mSemanticParser[2m > [22m[2m_extractInteractiveElements[2m > [22m[2mshould handle extraction errors gracefully
[22m[39m[2m07:51:28[0m [31m🔴[0m [0m[38;5;208m[semantic-parser.js][0m[31m[0m[33m[SemanticParser][0m[31m Interactive element extraction failed:[0m Extraction error

[90mstdout[2m | tests/unit/semantic-parser-new.test.js[2m > [22m[2mSemanticParser[2m > [22m[2mextractSemanticTree[2m > [22m[2mshould extract semantic tree with page title, URL, and elements
[22m[39m[2m07:51:28[0m [36m🔵[0m [0m[38;5;208m[semantic-parser.js][0m [0mSemanticParser initialized[0m

[90mstdout[2m | tests/unit/semantic-parser-new.test.js[2m > [22m[2mSemanticParser[2m > [22m[2mextractSemanticTree[2m > [22m[2mshould extract semantic tree with page title, URL, and elements
[22m[39m[2m07:51:28[0m [90m⚪[0m [0m[38;5;208m[semantic-parser.js][0m[0m[0m[33m[SemanticParser][0m[0m Extracting semantic tree...[0m

[90mstdout[2m | tests/unit/semantic-parser-new.test.js[2m > [22m[2mSemanticParser[2m > [22m[2mextractSemanticTree[2m > [22m[2mshould extract semantic tree with page title, URL, and elements
[22m[39m[2m07:51:28[0m [36m🔵[0m [0m[38;5;208m[semantic-parser.js][0m[0m[0m[33m[SemanticParser][0m[0m Extracted 2 interactive elements, 2 landmarks[0m

[90mstdout[2m | tests/unit/semantic-parser-new.test.js[2m > [22m[2mSemanticParser[2m > [22m[2mextractSemanticTree[2m > [22m[2mshould handle extraction errors gracefully
[22m[39m[2m07:51:28[0m [36m🔵[0m [0m[38;5;208m[semantic-parser.js][0m [0mSemanticParser initialized[0m

[90mstdout[2m | tests/unit/semantic-parser-new.test.js[2m > [22m[2mSemanticParser[2m > [22m[2mextractSemanticTree[2m > [22m[2mshould handle extraction errors gracefully
[22m[39m[2m07:51:28[0m [90m⚪[0m [0m[38;5;208m[semantic-parser.js][0m[0m[0m[33m[SemanticParser][0m[0m Extracting semantic tree...[0m

[90mstdout[2m | tests/unit/semantic-parser-new.test.js[2m > [22m[2mSemanticParser[2m > [22m[2mextractSemanticTree[2m > [22m[2mshould handle extraction errors gracefully
[22m[39m[2m07:51:28[0m [31m🔴[0m [0m[38;5;208m[semantic-parser.js][0m[31m[0m[33m[SemanticParser][0m[31m Semantic tree extraction failed:[0m Page title error

[90mstdout[2m | tests/unit/semantic-parser-new.test.js[2m > [22m[2mSemanticParser[2m > [22m[2m_extractLandmarks[2m > [22m[2mshould extract landmarks with correct properties
[22m[39m[2m07:51:28[0m [36m🔵[0m [0m[38;5;208m[semantic-parser.js][0m [0mSemanticParser initialized[0m

[90mstdout[2m | tests/unit/semantic-parser-new.test.js[2m > [22m[2mSemanticParser[2m > [22m[2m_extractLandmarks[2m > [22m[2mshould filter out invisible landmarks
[22m[39m[2m07:51:28[0m [36m🔵[0m [0m[38;5;208m[semantic-parser.js][0m [0mSemanticParser initialized[0m

[90mstdout[2m | tests/unit/semantic-parser-new.test.js[2m > [22m[2mSemanticParser[2m > [22m[2m_extractLandmarks[2m > [22m[2mshould handle extraction errors gracefully
[22m[39m[2m07:51:28[0m [36m🔵[0m [0m[38;5;208m[semantic-parser.js][0m [0mSemanticParser initialized[0m

[90mstdout[2m | tests/unit/semantic-parser-new.test.js[2m > [22m[2mSemanticParser[2m > [22m[2m_extractLandmarks[2m > [22m[2mshould handle extraction errors gracefully
[22m[39m[2m07:51:28[0m [31m🔴[0m [0m[38;5;208m[semantic-parser.js][0m[31m[0m[33m[SemanticParser][0m[31m Landmark extraction failed:[0m Extraction error

[90mstdout[2m | tests/unit/semantic-parser-new.test.js[2m > [22m[2mSemanticParser[2m > [22m[2mEdge Cases[2m > [22m[2mshould handle empty semantic tree
[22m[39m[2m07:51:28[0m [36m🔵[0m [0m[38;5;208m[semantic-parser.js][0m [0mSemanticParser initialized[0m

[90mstdout[2m | tests/unit/semantic-parser-new.test.js[2m > [22m[2mSemanticParser[2m > [22m[2mEdge Cases[2m > [22m[2mshould handle null inputs gracefully
[22m[39m[2m07:51:28[0m [36m🔵[0m [0m[38;5;208m[semantic-parser.js][0m [0mSemanticParser initialized[0m

[90mstdout[2m | tests/unit/semantic-parser-new.test.js[2m > [22m[2mSemanticParser[2m > [22m[2mEdge Cases[2m > [22m[2mshould handle missing properties
[22m[39m[2m07:51:28[0m [36m🔵[0m [0m[38;5;208m[semantic-parser.js][0m [0mSemanticParser initialized[0m

[90mstdout[2m | tests/unit/engagement-limits.test.js[2m > [22m[2mengagement-limits[2m > [22m[2mrecord[2m > [22m[2mshould return false when at limit
[22m[39m[engagement-limits.js] Limit reached for likes (5/5)

[90mstdout[2m | tests/unit/engagement-limits.test.js[2m > [22m[2mengagement-limits[2m > [22m[2mrecordIfAllowed[2m > [22m[2mshould not record when not allowed
[22m[39m[engagement-limits.js] Limit reached for likes (5/5)

[33m[39m[32m·[39m[33m[39m[32m·[39m[33m[39m[32m·[39m[33m[39m[32m·[39m[33m[39m[32m·[39m[33m[39m[32m·[39m[33m[39m[32m·[39m[33m[39m[32m·[39m[33m[39m[32m·[39m[33m[39m[32m·[39m[33m[39m[32m·[39m[33m[39m[32m·[39m[33m[39m[32m·[39m[33m[39m[32m·[39m[33m[39m[32m·[39m[33m[39m[32m·[39m[33m[39m[32m·[39m[33m[39m[32m·[39m[33m[39m[32m·[39m[33m[39m[32m·[39m[33m[39m[32m·[39m[33m[39m[32m·[39m[33m[39m[32m·[39m[33m[39m[32m·[39m[33m[39m[32m·[39m[33m[39m[32m·[39m[33m[39m[32m·[39m[33m[39m[32m·[39m[33m[39m[32m·[39m[33m[39m[32m·[39m[33m[39m[32m·[39m[33m[39m[32m·[39m[33m[39m[32m·[39m[33m[39m[32m·[39m[33m[39m[32m·[39m[33m[39m[32m·[39m[33m[39m[32m·[39m[33m[39m[32m·[39m[33m[39m[32m·[39m[33m[39m[32m·[39m[33m[39m[32m·[39m[33m[39m[32m·[39m[33m[39m[32m·[39m[33m[39m[32m·[39m[33m[39m[32m·[39m[33m[39m[32m·[39m[33m[39m[32m·[39m[33m[39m[32m·[39m[33m[39m[32m·[39m[33m[39m[32m·[39m[33m[39m[32m·[39m[33m[39m[32m·[39m[33m[39m[32m·[39m[33m[39m[32m·[39m[33m[39m[32m·[39m[33m[39m[32m·[39m[33m[39m[32m·[39m[33m[39m[32m·[39m[33m[39m[32m·[39m[33m[39m[32m·[39m[33m[39m[32m·[39m[33m[39m[32m·[39m[33m[39m[32m·[39m[33m[39m[32m·[39m[33m[39m[32m·[39m[33m[39m[32m·[39m[33m[39m[32m·[39m[33m[39m[32m·[39m[33m[39m[32m·[39m[33m[39m[32m·[39m[33m[39m[32m·[39m[33m[39m[32m·[39m[33m[39m[32m·[39m[33m[39m[32m·[39m[33m[39m[32m·[39m[33m[39m[32m·[39m[33m[39m[32m·[39m[33m[39m[32m·[39m[33m[39m[32m·[39m[33m[39m[32m·[39m[33m[39m[32m·[39m[33m[39m[32m·[39m[33m[39m[32m·[39m[33m[39m[32m·[39m[33m[39m[32m·[39m[33m[39m[32m·[39m[33m[39m[32m·[39m[33m[39m[32m·[39m[33m[39m[32m·[39m[33m[39m[32m·[39m[33m[39m[32m·[39m[33m[39m[32m·[39m[33m[39m[32m·[39m[33m[39m[32m·[39m[33m[39m[32m·[39m[33m[39m[32m·[39m[33m[39m[32m·[39m[33m[39m[32m·[39m[33m[39m[32m·[39m[33m[39m[32m·[39m[33m[39m[32m·[39m[33m[39m[32m·[39m[33m[39m[32m·[39m[33m[39m[32m·[39m[33m[39m[32m·[39m[33m[39m[32m·[39m[33m[39m[32m·[39m[33m[39m[32m·[39m[33m[39m[32m·[39m[33m[39m[32m·[39m[33m[39m[32m·[39m[33m[39m[32m·[39m[33m[39m[32m·[39m[33m[39m[32m·[39m[33m[39m[32m·[39m[33m[39m[32m·[39m[33m[39m[32m·[39m[33m[39m[32m·[39m[33m[39m[32m·[39m[33m[39m[32m·[39m[33m[39m[32m·[39m[33m[39m[32m·[39m[33m[39m[32m·[39m[33m[39m[32m·[39m[33m[39m[32m·[39m[33m[39m[32m·[39m[33m[39m[32m·[39m[33m[39m[32m·[39m[33m[39m[32m·[39m[33m[39m[32m·[39m[33m[39m[32m·[39m[33m[39m[32m·[39m[33m[39m[32m·[39m[33m[39m[32m·[39m[33m[39m[32m·[39m[33m[39m[32m·[39m[33m[39m[32m·[39m[33m[39m[32m·[39m[33m[39m[32m·[39m[33m[39m[32m·[39m[33m[39m[32m·[39m[33m[39m[32m·[39m[33m[39m[32m·[39m[33m[39m[32m·[39m[33m[39m[32m·[39m[33m[39m[32m·[39m[33m[39m[32m·[39m[33m[39m[32m·[39m[33m[39m[32m·[39m[33m[39m[32m·[39m[33m[39m[32m·[39m[33m[39m[32m·[39m[33m[39m[32m·[39m[33m[39m[32m·[39m[33m[39m[32m·[39m[33m[39m[32m·[39m[33m[39m[32m·[39m[33m[39m[32m·[39m[33m[39m[32m·[39m[33m[39m[32m·[39m[33m[39m[32m·[39m[33m[39m[32m·[39m[33m[39m[32m·[39m[33m[39m[32m·[39m[33m[39m[32m·[39m[33m[39m[32m·[39m[33m[39m[32m·[39m[33m[39m[32m·[39m[33m[39m[32m·[39m[33m[39m[32m·[39m[33m[39m[32m·[39m[33m[39m[32m·[39m[33m[39m[32m·[39m[33m[39m[32m·[39m[33m[39m[32m·[39m[33m[39m[32m·[39m[33m[39m[32m·[39m[33m[39m[32m·[39m[33m[39m[32m·[39m[33m[39m[32m·[39m[33m[39m[32m·[39m[33m[39m[32m·[39m[33m[39m[32m·[39m[33m[39m[32m·[39m[33m[39m[32m·[39m[33m[39m[32m·[39m[33m[39m[32m·[39m[33m[39m[32m·[39m[33m[39m[32m·[39m[33m[39m[32m·[39m[33m[39m[32m·[39m[33m[39m[32m·[39m[33m[39m[32m·[39m[33m[39m[32m·[39m[33m[39m[32m·[39m[33m[39m[32m·[39m[33m[39m[32m·[39m[33m[39m[32m·[39m[33m[39m[32m·[39m[33m[39m[32m·[39m[33m[39m[32m·[39m[33m[39m[32m·[39m[33m[39m[32m·[39m[33m[39m[32m·[39m[33m[39m[32m·[39m[33m[39m[32m·[39m[33m[39m[32m·[39m[33m[39m[32m·[39m[33m[39m[32m·[39m[33m[39m[32m·[39m[33m[39m[32m·[39m[33m[39m[32m·[39m[33m[39m[32m·[39m[33m[39m[32m·[39m[90mstdout[2m | tests/unit/urlReferrer.extra.test.js[2m > [22m[2mReferrerEngine Extra Coverage[2m > [22m[2mTrampoline Navigation Edge Cases[2m > [22m[2mshould continue navigation if page.click fails
[22m[39m[ReferrerEngine] Strategy: google_search
[ReferrerEngine] Target: https://target.com/?utm_source=google&utm_medium=organic
[ReferrerEngine] Spoofed Origin: https://www.google.com/search?q=playwright%20roadmap&sourceid=chrome&ie=UTF-8&ved=2ahUKEwj1xsHEqb2RAxXA2DgGHR4kCtAQ6scEKAN6BAhAEAU&ei=i36NdYEB8bSQ

[90mstdout[2m | tests/unit/urlReferrer.extra.test.js[2m > [22m[2mReferrerEngine Extra Coverage[2m > [22m[2mTrampoline Navigation Edge Cases[2m > [22m[2mshould fallback to direct goto if trampoline setup fails (route error)
[22m[39m[ReferrerEngine] Strategy: google_search
[ReferrerEngine] Target: https://target.com/?utm_source=google&utm_medium=organic
[ReferrerEngine] Spoofed Origin: https://www.google.com/search?q=playwright%20roadmap&sourceid=chrome&ie=UTF-8&ved=2ahUKEwj1xsHEqb2RAxXA2DgGHR4kCtAQ6scEKAN6BAhAEAU&ei=vGeM8bkEc34n

[33m[39m[32m·[39m[33m[39m[32m·[39m[33m[39m[32m·[39m[33m[39m[32m·[39m[33m[39m[32m·[39m[33m[39m[32m·[39m[33m[39m[32m·[39m[33m[39m[32m·[39m[33m[39m[32m·[39m[33m[39m[32m·[39m[33m[39m[32m·[39m[33m[39m[32m·[39m[33m[39m[32m·[39m[33m[39m[32m·[39m[33m[39m[32m·[39m[33m[39m[32m·[39m[33m[39m[32m·[39m[33m[39m[32m·[39m[33m[39m[32m·[39m[33m[39m[32m·[39m[33m[39m[32m·[39m[33m[39m[32m·[39m[33m[39m[32m·[39m[33m[39m[32m·[39m[33m[39m[32m·[39m[33m[39m[32m·[39m[33m[39m[32m·[39m[33m[39m[32m·[39m[33m[39m[32m·[39m[33m[39m[32m·[39m[33m[39m[32m·[39m[33m[39m[32m·[39m[33m[39m[32m·[39m[33m[39m[32m·[39m[33m[39m[32m·[39m[33m[39m[32m·[39m[33m[39m[32m·[39m[33m[39m[32m·[39m[33m[39m[32m·[39m[33m[39m[32m·[39m[33m[39m[32m·[39m[33m[39m[32m·[39m[33m[39m[32m·[39m[33m[39m[32m·[39m[33m[39m[32m·[39m[33m[39m[32m·[39m[33m[39m[32m·[39m[33m[39m[32m·[39m[33m[39m[32m·[39m[33m[39m[32m·[39m[33m[39m[32m·[39m[33m[39m[32m·[39m[33m[39m[32m·[39m[33m[39m[32m·[39m[33m[39m[32m·[39m[33m[39m[32m·[39m[33m[39m[32m·[39m[33m[39m[32m·[39m[33m[39m[32m·[39m[33m[39m[32m·[39m[33m[39m[32m·[39m[33m[39m[32m·[39m[33m[39m[32m·[39m[33m[39m[32m·[39m[33m[39m[32m·[39m[33m[39m[32m·[39m[33m[39m[32m·[39m[33m[39m[32m·[39m[33m[39m[32m·[39m[33m[39m[32m·[39m[33m[39m[32m·[39m[33m[39m[32m·[39m[33m[39m[32m·[39m[33m[39m[32m·[39m[33m[39m[32m·[39m[33m[39m[32m·[39m[33m[39m[32m·[39m[33m[39m[32m·[39m[33m[39m[32m·[39m[33m[39m[32m·[39m[33m[39m[32m·[39m[33m[39m[32m·[39m[33m[39m[32m·[39m[33m[39m[32m·[39m[33m[39m[32m·[39m[33m[39m[32m·[39m[33m[39m[32m·[39m[33m[39m[32m·[39m[33m[39m[32m·[39m[33m[39m[32m·[39m[33m[39m[32m·[39m[33m[39m[32m·[39m[33m[39m[32m·[39m[33m[39m[32m·[39m[33m[39m[32m·[39m[33m[39m[32m·[39m[33m[39m[32m·[39m[33m[39m[32m·[39m[33m[39m[32m·[39m[33m[39m[32m·[39m[33m[39m[32m·[39m[33m[39m[32m·[39m[33m[39m[32m·[39m[33m[39m[32m·[39m[33m[39m[32m·[39m[33m[39m[32m·[39m[33m[39m[32m·[39m[33m[39m[32m·[39m[33m[39m[32m·[39m[33m[39m[32m·[39m[33m[39m[32m·[39m[33m[39m[32m·[39m[33m[39m[32m·[39m[33m[39m[32m·[39m[33m[39m[32m·[39m[33m[39m[32m·[39m[33m[39m[32m·[39m[33m[39m[32m·[39m[33m[39m[32m·[39m[33m[39m[32m·[39m[33m[39m[32m·[39m[33m[39m[32m·[39m[33m[39m[32m·[39m[33m[39m[32m·[39m[33m[39m[32m·[39m[33m[39m[32m·[39m[33m[39m[32m·[39m[33m[39m[32m·[39m[33m[39m[32m·[39m[33m[39m[32m·[39m[33m[39m[32m·[39m[33m[39m[32m·[39m[33m[39m[32m·[39m[33m[39m[32m·[39m[33m[39m[32m·[39m[33m[39m[32m·[39m[33m[39m[32m·[39m[33m[39m[32m·[39m[33m[39m[32m·[39m[33m[39m[32m·[39m[33m[39m[32m·[39m[33m[39m[32m·[39m[90mstdout[2m | tests/unit/content-depth.test.js[2m > [22m[2mcontent-depth[2m > [22m[2mreturns copy_option_not_found when copy option is missing
[22m[39m[Content] Copying link (shadow sharing)

[90mstdout[2m | tests/unit/utils/twitter-agent/InteractionHandler.test.js
[22m[39m[2m07:51:28[0m [33m🟡[0m [0m[38;5;208m[async-queue.js][0m[33m[0m[33m[AsyncQueue][0m[33m ⚠ Task timeout reached: 1000ms for task2[0m

[90mstdout[2m | tests/unit/utils/twitter-agent/InteractionHandler.test.js
[22m[39m[2m07:51:28[0m [33m🟡[0m [0m[38;5;208m[async-queue.js][0m[33m[0m[33m[AsyncQueue][0m[33m ⚠ Task timed out: task2 after 1010ms[0m

[33m[39m[32m·[39m[33m[39m[32m·[39m[33m[39m[32m·[39m[33m[39m[32m·[39m[33m[39m[32m·[39m[33m[39m[32m·[39m[33m[39m[32m·[39m[33m[39m[32m·[39m[33m[39m[32m·[39m[33m[39m[32m·[39m[33m[39m[32m·[39m[33m[39m[32m·[39m[33m[39m[32m·[39m[33m[39m[32m·[39m[33m[39m[32m·[39m[90mstdout[2m | tests/unit/ghostCursor.test.js[2m > [22m[2mGhostCursor[2m > [22m[2mGeneral Click[2m > [22m[2mshould use high precision targeting
[22m[39m[2m07:51:28[0m [36m🔵[0m [0m[38;5;208m[ghostCursor.js][0m [0mghostCursor moving to x=125 y=125[0m

[33m[39m[32m·[39m[33m[39m[32m·[39m[33m[39m[32m·[39m[33m[39m[32m·[39m[33m[39m[32m·[39m[33m[39m[32m·[39m[33m[39m[32m·[39m[33m[39m[32m·[39m[90mstdout[2m | tests/unit/navigation-diversity.test.js[2m > [22m[2mNavigationDiversity[2m > [22m[2mshould navigate between states
[22m[39m[Nav] FEED → PROFILE (clickAvatar)

[33m[39m[32m·[39m[33m[39m[32m·[39m[33m[39m[32m·[39m[33m[39m[32m·[39m[33m[39m[32m·[39m[33m[39m[32m·[39m[33m[39m[32m·[39m[33m[39m[32m·[39m[33m[39m[32m·[39m[33m[39m[32m·[39m[33m[39m[32m·[39m[33m[39m[32m·[39m[33m[39m[32m·[39m[33m[39m[32m·[39m[33m[39m[32m·[39m[33m[39m[32m·[39m[33m[39m[32m·[39m[33m[39m[32m·[39m[33m[39m[32m·[39m[33m[39m[32m·[39m[33m[39m[32m·[39m[33m[39m[32m·[39m[33m[39m[32m·[39m[33m[39m[32m·[39m[33m[39m[32m·[39m[33m[39m[32m·[39m[90mstdout[2m | tests/unit/navigation-diversity.test.js[2m > [22m[2mNavigationDiversity[2m > [22m[2mshould return to FEED
[22m[39m[Nav] Returning to FEED from PROFILE
[Nav] PROFILE → FEED (clickBack)

[90mstdout[2m | tests/unit/navigation-diversity.test.js[2m > [22m[2mNavigationDiversity[2m > [22m[2mshould execute rabbit hole sequence
[22m[39m[RabbitHole] Starting navigation rabbit hole (max depth: 3)
[Nav] FEED → PROFILE (clickAvatar)

[90mstdout[2m | tests/unit/navigation-diversity.test.js[2m > [22m[2mNavigationDiversity[2m > [22m[2mshould execute rabbit hole sequence
[22m[39m[Nav] PROFILE → THREAD (clickTweet)

[90mstdout[2m | tests/unit/navigation-diversity.test.js[2m > [22m[2mNavigationDiversity[2m > [22m[2mshould execute rabbit hole sequence
[22m[39m[Nav] THREAD → PROFILE (clickBack)

[90mstdout[2m | tests/unit/navigation-diversity.test.js[2m > [22m[2mNavigationDiversity[2m > [22m[2mshould execute rabbit hole sequence
[22m[39m[RabbitHole] Completed. Depth: 3, Actions: 3

[33m[39m[32m·[39m[33m[39m[32m·[39m[33m[39m[32m·[39m[33m[39m[32m·[39m[33m[39m[32m·[39m[33m[39m[32m·[39m[33m[39m[32m·[39m[33m[39m[32m·[39m[33m[39m[32m·[39m[33m[39m[32m·[39m[33m[39m[32m·[39m[33m[39m[32m·[39m[33m[39m[32m·[39m[90mstdout[2m | tests/unit/mistake-engine.test.js[2m > [22m[2mMistakeEngine[2m > [22m[2mshould simulate misclick
[22m[39m[MistakeEngine] Misclick simulation: aiming at (10, 10) → missing at (14, 13)

[90mstdout[2m | tests/unit/mistake-engine.test.js[2m > [22m[2mMistakeEngine[2m > [22m[2mshould simulate abandonment
[22m[39m[MistakeEngine] Abandoning action (change of mind) for 1164ms...

[33m[39m[32m·[39m[33m[39m[32m·[39m[33m[39m[32m·[39m[33m[39m[32m·[39m[33m[39m[32m·[39m[33m[39m[32m·[39m[90mstdout[2m | tests/unit/mistake-engine.test.js[2m > [22m[2mMistakeEngine[2m > [22m[2mshould simulate navigation error
[22m[39m[MistakeEngine] Navigation error simulation

[90mstdout[2m | tests/unit/mistake-engine.test.js[2m > [22m[2mMistakeEngine[2m > [22m[2mshould execute with mistakes (misclick)
[22m[39m[MistakeEngine] Misclick simulation: aiming at (10, 10) → missing at (16, 15)

[90mstdout[2m | tests/unit/mistake-engine.test.js[2m > [22m[2mMistakeEngine[2m > [22m[2mshould execute with mistakes (misclick)
[22m[39m[MistakeEngine] Recovering from misclick after 543ms...

[90mstdout[2m | tests/unit/mistake-engine.test.js[2m > [22m[2mMistakeEngine[2m > [22m[2mshould execute with mistakes (abandonment)
[22m[39m[MistakeEngine] Abandoning action (change of mind) for 1943ms...

[90mstdout[2m | tests/unit/mistake-engine.test.js[2m > [22m[2mMistakeEngine[2m > [22m[2mshould create humanized click
[22m[39m[HumanizedClick] Misclick corrected: (60, 60) → (55, 52)

[90mstdout[2m | tests/unit/tasks-twitter-follow.test.js
[22m[39m[2m07:51:28[0m [36m🔵[0m [0m[33m[EntropyController][0m[0m[0m[33m[session-1771635088944-0xr7z3ax9][0m[0m Session initialized with paceMultiplier=1.18[0m
[2m07:51:28[0m [36m🔵[0m [0m[33m[EntropyController][0m[0m[0m[33m[session-1771635088944-0xr7z3ax9][0m[0m Fatigue scheduled for T+3.9m[0m

[33m[39m[32m·[39m[33m[39m[32m·[39m[33m[39m[32m·[39m[33m[39m[32m·[39m[33m[39m[32m·[39m[33m[39m[32m·[39m[33m[39m[32m·[39m[33m[39m[32m·[39m[33m[39m[32m·[39m[33m[39m[32m·[39m[33m[39m[32m·[39m[33m[39m[32m·[39m[33m[39m[32m·[39m[90mstdout[2m | tests/unit/stuck-detector.test.js[2m > [22m[2mStuckDetector[2m > [22m[2mshould detect stuck state after threshold is reached
[22m[39m[2m07:51:28[0m [33m🟡[0m [0m[38;5;208m[stuck-detector.js][0m [33mSTUCK DETECTED: Counter at 3/3[0m

[33m[39m[32m·[39m[33m[39m[32m·[39m[33m[39m[32m·[39m[33m[39m[32m·[39m[33m[39m[32m·[39m[33m[39m[32m·[39m[33m[39m[32m·[39m[33m[39m[32m·[39m[33m[39m[32m·[39m[33m[39m[32m·[39m[33m[39m[32m·[39m[33m[39m[32m·[39m[33m[39m[32m·[39m[33m[39m[32m·[39m[33m[39m[32m·[39m[33m[39m[32m·[39m[90mstdout[2m | tests/unit/utils/twitter-agent/InteractionHandler.test.js
[22m[39m[2m07:51:28[0m [36m🔵[0m [0m[33m[EntropyController][0m[0m[0m[33m[session-1771635088984-kqgv4ide8][0m[0m Session initialized with paceMultiplier=1.20[0m
[2m07:51:28[0m [36m🔵[0m [0m[33m[EntropyController][0m[0m[0m[33m[session-1771635088984-kqgv4ide8][0m[0m Fatigue scheduled for T+4.3m[0m

[33m[39m[32m·[39m[33m[39m[32m·[39m[33m[39m[32m·[39m[33m[39m[32m·[39m[33m[39m[32m·[39m[33m[39m[32m·[39m[33m[39m[32m·[39m[33m[39m[32m·[39m[33m[39m[32m·[39m[33m[39m[32m·[39m[33m[39m[32m·[39m[33m[39m[32m·[39m[33m[39m[32m·[39m[33m[39m[32m·[39m[33m[39m[32m·[39m[33m[39m[32m·[39m[33m[39m[32m·[39m[33m[39m[32m·[39m[33m[39m[32m·[39m[33m[39m[32m·[39m[33m[39m[32m·[39m[33m[39m[32m·[39m[33m[39m[32m·[39m[33m[39m[32m·[39m[33m[39m[32m·[39m[33m[39m[32m·[39m[33m[39m[32m·[39m[33m[39m[32m·[39m[33m[39m[32m·[39m[33m[39m[32m·[39m[33m[39m[32m·[39m[33m[39m[32m·[39m[33m[39m[32m·[39m[33m[39m[32m·[39m[33m[39m[32m·[39m[33m[39m[32m·[39m[33m[39m[32m·[39m[33m[39m[32m·[39m[33m[39m[32m·[39m[33m[39m[32m·[39m[33m[39m[32m·[39m[33m[39m[32m·[39m[33m[39m[32m·[39m[33m[39m[32m·[39m[33m[39m[32m·[39m[33m[39m[32m·[39m[33m[39m[32m·[39m[33m[39m[32m·[39m[33m[39m[32m·[39m[33m[39m[32m·[39m[33m[39m[32m·[39m[33m[39m[32m·[39m[33m[39m[32m·[39m[33m[39m[32m·[39m[33m[39m[32m·[39m[33m[39m[32m·[39m[33m[39m[32m·[39m[33m[39m[32m·[39m[33m[39m[32m·[39m[33m[39m[32m·[39m[33m[39m[32m·[39m[33m[39m[32m·[39m[33m[39m[32m·[39m[33m[39m[32m·[39m[33m[39m[32m·[39m[33m[39m[32m·[39m[33m[39m[32m·[39m[33m[39m[32m·[39m[33m[39m[32m·[39m[90mstdout[2m | tests/unit/screenshot.test.js[2m > [22m[2mscreenshot.js[2m > [22m[2mtakeScreenshot[2m > [22m[2mshould take a screenshot with default parameters
[22m[39m[2m07:51:29[0m [36m🔵[0m [0m[38;5;208m[screenshot.js][0m [0m📸 Screenshot saved: 2026-02-21-07h-51m-29s-[0m[33m[unknown][0m[0m.jpg [95m(0x0)[0m[0m[0m

[90mstdout[2m | tests/unit/screenshot.test.js[2m > [22m[2mscreenshot.js[2m > [22m[2mtakeScreenshot[2m > [22m[2mshould take screenshot with session name
[22m[39m[2m07:51:29[0m [36m🔵[0m [0m[38;5;208m[screenshot.js][0m [0m📸 Screenshot saved: 2026-02-21-07h-51m-29s-[0m[33m[my-session][0m[0m.jpg [95m(0x0)[0m[0m[0m

[90mstdout[2m | tests/unit/screenshot.test.js[2m > [22m[2mscreenshot.js[2m > [22m[2mtakeScreenshot[2m > [22m[2mshould take screenshot with suffix
[22m[39m[2m07:51:29[0m [36m🔵[0m [0m[38;5;208m[screenshot.js][0m [0m📸 Screenshot saved: 2026-02-21-07h-51m-29s-[0m[33m[session-1][0m[0m-Task-1.jpg [95m(0x0)[0m[0m[0m

[90mstdout[2m | tests/unit/screenshot.test.js[2m > [22m[2mscreenshot.js[2m > [22m[2mtakeScreenshot[2m > [22m[2mshould return null on screenshot failure
[22m[39m[2m07:51:29[0m [31m🔴[0m [0m[38;5;208m[screenshot.js][0m [31mFailed to take screenshot: Capture failed[0m

[90mstdout[2m | tests/unit/screenshot.test.js[2m > [22m[2mscreenshot.js[2m > [22m[2mtakeScreenshot[2m > [22m[2mshould sanitize invalid characters from session name
[22m[39m[2m07:51:29[0m [36m🔵[0m [0m[38;5;208m[screenshot.js][0m [0m📸 Screenshot saved: 2026-02-21-07h-51m-29s-[0m[33m[session-1-test][0m[0m.jpg [95m(0x0)[0m[0m[0m

[33m[39m[32m·[39m[33m[39m[32m·[39m[33m[39m[32m·[39m[33m[39m[32m·[39m[33m[39m[32m·[39m[33m[39m[32m·[39m[33m[39m[32m·[39m[33m[39m[32m·[39m[33m[39m[32m·[39m[33m[39m[32m·[39m[33m[39m[32m·[39m[33m[39m[32m·[39m[33m[39m[32m·[39m[33m[39m[32m·[39m[33m[39m[32m·[39m[33m[39m[2m[90m-[39m[22m[33m[39m[2m[90m-[39m[22m[33m[39m[32m·[39m[33m[39m[32m·[39m[33m[39m[32m·[39m[33m[39m[32m·[39m[33m[39m[32m·[39m[33m[39m[32m·[39m[33m[39m[32m·[39m[33m[39m[32m·[39m[33m[39m[32m·[39m[33m[39m[32m·[39m[33m[39m[32m·[39m[33m[39m[32m·[39m[33m[39m[32m·[39m[33m[39m[32m·[39m[33m[39m[32m·[39m[33m[39m[32m·[39m[33m[39m[32m·[39m[33m[39m[32m·[39m[33m[39m[32m·[39m[33m[39m[32m·[39m[33m[39m[32m·[39m[33m[39m[32m·[39m[33m[39m[32m·[39m[33m[39m[32m·[39m[33m[39m[32m·[39m[33m[39m[32m·[39m[33m[39m[32m·[39m[33m[39m[32m·[39m[90mstdout[2m | tests/integration/circuit-breaker.test.js[2m > [22m[2mCircuitBreaker[2m > [22m[2mCircuit States[2m > [22m[2mshould open after failure threshold
[22m[39m[2m07:51:29[0m [33m🟡[0m [0m[38;5;208m[circuit-breaker.js][0m[33m[0m[33m[test-model][0m[33m Circuit breaker OPEN [95m(failure rate: 100%)[0m[33m[0m

[90mstdout[2m | tests/integration/circuit-breaker.test.js[2m > [22m[2mCircuitBreaker[2m > [22m[2mCircuit States[2m > [22m[2mshould reject calls when open
[22m[39m[2m07:51:29[0m [33m🟡[0m [0m[38;5;208m[circuit-breaker.js][0m[33m[0m[33m[test-model][0m[33m Circuit breaker OPEN [95m(failure rate: 100%)[0m[33m[0m

[90mstdout[2m | tests/integration/circuit-breaker.test.js[2m > [22m[2mCircuitBreaker[2m > [22m[2mManual Control[2m > [22m[2mshould force open breaker
[22m[39m[2m07:51:29[0m [36m🔵[0m [0m[38;5;208m[circuit-breaker.js][0m[0m[0m[33m[test-model][0m[0m Circuit breaker FORCED OPEN[0m

[90mstdout[2m | tests/integration/circuit-breaker.test.js[2m > [22m[2mCircuitBreaker[2m > [22m[2mManual Control[2m > [22m[2mshould force close breaker
[22m[39m[2m07:51:29[0m [36m🔵[0m [0m[38;5;208m[circuit-breaker.js][0m[0m[0m[33m[test-model][0m[0m Circuit breaker FORCED CLOSED[0m

[33m[39m[32m·[39m[33m[39m[32m·[39m[33m[39m[32m·[39m[33m[39m[32m·[39m[33m[39m[32m·[39m[33m[39m[32m·[39m[33m[39m[32m·[39m[33m[39m[32m·[39m[33m[39m[32m·[39m[33m[39m[32m·[39m[33m[39m[32m·[39m[33m[39m[32m·[39m[33m[39m[32m·[39m[33m[39m[32m·[39m[33m[39m[32m·[39m[33m[39m[32m·[39m[33m[39m[32m·[39m[33m[39m[32m·[39m[33m[39m[32m·[39m[33m[39m[32m·[39m[33m[39m[32m·[39m[33m[39m[32m·[39m[33m[39m[32m·[39m[33m[39m[32m·[39m[33m[39m[32m·[39m[33m[39m[32m·[39m[33m[39m[32m·[39m[33m[39m[32m·[39m[33m[39m[32m·[39m[33m[39m[32m·[39m[33m[39m[32m·[39m[33m[39m[32m·[39m[33m[39m[32m·[39m[33m[39m[32m·[39m[33m[39m[32m·[39m[33m[39m[32m·[39m[33m[39m[32m·[39m[33m[39m[32m·[39m[33m[39m[32m·[39m[33m[39m[32m·[39m[33m[39m[32m·[39m[33m[39m[32m·[39m[33m[39m[32m·[39m[33m[39m[32m·[39m[33m[39m[32m·[39m[33m[39m[32m·[39m[33m[39m[32m·[39m[33m[39m[32m·[39m[33m[39m[32m·[39m[33m[39m[32m·[39m[33m[39m[32m·[39m[33m[39m[32m·[39m[33m[39m[32m·[39m[33m[39m[32m·[39m[33m[39m[32m·[39m[33m[39m[32m·[39m[33m[39m[32m·[39m[33m[39m[32m·[39m[33m[39m[32m·[39m[33m[39m[32m·[39m[33m[39m[32m·[39m[33m[39m[32m·[39m[33m[39m[32m·[39m[33m[39m[32m·[39m[33m[39m[32m·[39m[33m[39m[32m·[39m[33m[39m[32m·[39m[33m[39m[32m·[39m[33m[39m[32m·[39m[33m[39m[32m·[39m[33m[39m[32m·[39m[33m[39m[32m·[39m[33m[39m[32m·[39m[33m[39m[32m·[39m[33m[39m[32m·[39m[33m[39m[32m·[39m[33m[39m[32m·[39m[33m[39m[32m·[39m[33m[39m[32m·[39m[33m[39m[32m·[39m[33m[39m[32m·[39m[90mstdout[2m | tests/unit/simple-semantic-parser.test.js[2m > [22m[2mSemanticParser[2m > [22m[2mshould initialize with correct interactive roles
[22m[39m[2m07:51:29[0m [36m🔵[0m [0m[38;5;208m[semantic-parser.js][0m [0mSemanticParser initialized[0m

[33m[39m[32m·[39m[33m[39m[32m·[39m[33m[39m[32m·[39m[33m[39m[32m·[39m[33m[39m[32m·[39m[33m[39m[32m·[39m[33m[39m[32m·[39m[33m[39m[32m·[39m[33m[39m[32m·[39m[33m[39m[32m·[39m[33m[39m[32m·[39m[33m[39m[32m·[39m[33m[39m[32m·[39m[33m[39m[32m·[39m[33m[39m[32m·[39m[33m[39m[32m·[39m[33m[39m[32m·[39m[33m[39m[32m·[39m[33m[39m[32m·[39m[33m[39m[32m·[39m[33m[39m[32m·[39m[33m[39m[32m·[39m[33m[39m[32m·[39m[33m[39m[32m·[39m[33m[39m[32m·[39m[33m[39m[32m·[39m[33m[39m[32m·[39m[33m[39m[32m·[39m[33m[39m[32m·[39m[33m[39m[32m·[39m[33m[39m[32m·[39m[33m[39m[32m·[39m[33m[39m[32m·[39m[33m[39m[32m·[39m[33m[39m[32m·[39m[33m[39m[32m·[39m[33m[39m[32m·[39m[33m[39m[32m·[39m[33m[39m[32m·[39m[33m[39m[32m·[39m[33m[39m[32m·[39m[33m[39m[32m·[39m[33m[39m[32m·[39m[33m[39m[32m·[39m[33m[39m[32m·[39m[33m[39m[32m·[39m[33m[39m[32m·[39m[33m[39m[32m·[39m[33m[39m[32m·[39m[33m[39m[32m·[39m[33m[39m[32m·[39m[33m[39m[32m·[39m[33m[39m[32m·[39m[33m[39m[32m·[39m[33m[39m[32m·[39m[33m[39m[32m·[39m[33m[39m[32m·[39m[33m[39m[32m·[39m[33m[39m[32m·[39m[33m[39m[32m·[39m[33m[39m[32m·[39m[33m[39m[32m·[39m[33m[39m[32m·[39m[33m[39m[32m·[39m[33m[39m[32m·[39m[33m[39m[32m·[39m[33m[39m[32m·[39m[33m[39m[32m·[39m[33m[39m[32m·[39m[33m[39m[32m·[39m[33m[39m[32m·[39m[33m[39m[32m·[39m[90mstdout[2m | tests/unit/random-scrolling.test.js[2m > [22m[2mrandomScrolling.js[2m > [22m[2mcreateRandomScroller[2m > [22m[2mshould perform scroll actions
[22m[39m[2m07:51:29[0m [90m⚪[0m [0m[38;5;208m[randomScrolling.js][0m [0mScrolling simulation finished.[0m

[33m[39m[32m·[39m[90mstdout[2m | tests/unit/random-scrolling.test.js[2m > [22m[2mrandomScrolling.js[2m > [22m[2mcreateRandomScroller[2m > [22m[2mshould scroll to top at end
[22m[39m[2m07:51:29[0m [90m⚪[0m [0m[38;5;208m[randomScrolling.js][0m [0mStarting human-like scrolling for 0.02 seconds.[0m

[90mstdout[2m | tests/unit/random-scrolling.test.js[2m > [22m[2mrandomScrolling.js[2m > [22m[2mcreateRandomScroller[2m > [22m[2mshould scroll to top at end
[22m[39m[2m07:51:29[0m [31m🔴[0m [0m[38;5;208m[randomScrolling.js][0m [31mError during scroll action: Cannot read properties of undefined [95m(reading 'wheel')[0m[31m[0m

[90mstdout[2m | tests/unit/random-scrolling.test.js[2m > [22m[2mrandomScrolling.js[2m > [22m[2mcreateRandomScroller[2m > [22m[2mshould scroll to top at end
[22m[39m[2m07:51:29[0m [31m🔴[0m [0m[38;5;208m[randomScrolling.js][0m [31mError during scroll action: Cannot read properties of undefined [95m(reading 'wheel')[0m[31m[0m

[90mstdout[2m | tests/unit/random-scrolling.test.js[2m > [22m[2mrandomScrolling.js[2m > [22m[2mcreateRandomScroller[2m > [22m[2mshould scroll to top at end
[22m[39m[2m07:51:29[0m [31m🔴[0m [0m[38;5;208m[randomScrolling.js][0m [31mError during scroll action: Cannot read properties of undefined [95m(reading 'wheel')[0m[31m[0m

[90mstdout[2m | tests/unit/random-scrolling.test.js[2m > [22m[2mrandomScrolling.js[2m > [22m[2mcreateRandomScroller[2m > [22m[2mshould scroll to top at end
[22m[39m[2m07:51:29[0m [31m🔴[0m [0m[38;5;208m[randomScrolling.js][0m [31mError during scroll action: Cannot read properties of undefined [95m(reading 'wheel')[0m[31m[0m

[90mstdout[2m | tests/unit/random-scrolling.test.js[2m > [22m[2mrandomScrolling.js[2m > [22m[2mcreateRandomScroller[2m > [22m[2mshould scroll to top at end
[22m[39m[2m07:51:29[0m [31m🔴[0m [0m[38;5;208m[randomScrolling.js][0m [31mError during scroll action: Cannot read properties of undefined [95m(reading 'wheel')[0m[31m[0m

[90mstdout[2m | tests/unit/random-scrolling.test.js[2m > [22m[2mrandomScrolling.js[2m > [22m[2mcreateRandomScroller[2m > [22m[2mshould scroll to top at end
[22m[39m[2m07:51:29[0m [31m🔴[0m [0m[38;5;208m[randomScrolling.js][0m [31mError during scroll action: Cannot read properties of undefined [95m(reading 'wheel')[0m[31m[0m

[90mstdout[2m | tests/unit/random-scrolling.test.js[2m > [22m[2mrandomScrolling.js[2m > [22m[2mcreateRandomScroller[2m > [22m[2mshould scroll to top at end
[22m[39m[2m07:51:29[0m [31m🔴[0m [0m[38;5;208m[randomScrolling.js][0m [31mError during scroll action: Cannot read properties of undefined [95m(reading 'wheel')[0m[31m[0m

[90mstdout[2m | tests/unit/random-scrolling.test.js[2m > [22m[2mrandomScrolling.js[2m > [22m[2mcreateRandomScroller[2m > [22m[2mshould scroll to top at end
[22m[39m[2m07:51:29[0m [31m🔴[0m [0m[38;5;208m[randomScrolling.js][0m [31mError during scroll action: Cannot read properties of undefined [95m(reading 'wheel')[0m[31m[0m

[90mstdout[2m | tests/unit/random-scrolling.test.js[2m > [22m[2mrandomScrolling.js[2m > [22m[2mcreateRandomScroller[2m > [22m[2mshould scroll to top at end
[22m[39m[2m07:51:29[0m [31m🔴[0m [0m[38;5;208m[randomScrolling.js][0m [31mError during scroll action: Cannot read properties of undefined [95m(reading 'wheel')[0m[31m[0m

[90mstdout[2m | tests/unit/random-scrolling.test.js[2m > [22m[2mrandomScrolling.js[2m > [22m[2mcreateRandomScroller[2m > [22m[2mshould scroll to top at end
[22m[39m[2m07:51:29[0m [31m🔴[0m [0m[38;5;208m[randomScrolling.js][0m [31mError during scroll action: Cannot read properties of undefined [95m(reading 'wheel')[0m[31m[0m

[90mstdout[2m | tests/unit/random-scrolling.test.js[2m > [22m[2mrandomScrolling.js[2m > [22m[2mcreateRandomScroller[2m > [22m[2mshould scroll to top at end
[22m[39m[2m07:51:29[0m [31m🔴[0m [0m[38;5;208m[randomScrolling.js][0m [31mError during scroll action: Cannot read properties of undefined [95m(reading 'wheel')[0m[31m[0m

[90mstdout[2m | tests/unit/random-scrolling.test.js[2m > [22m[2mrandomScrolling.js[2m > [22m[2mcreateRandomScroller[2m > [22m[2mshould scroll to top at end
[22m[39m[2m07:51:29[0m [31m🔴[0m [0m[38;5;208m[randomScrolling.js][0m [31mError during scroll action: Cannot read properties of undefined [95m(reading 'wheel')[0m[31m[0m

[90mstdout[2m | tests/unit/random-scrolling.test.js[2m > [22m[2mrandomScrolling.js[2m > [22m[2mcreateRandomScroller[2m > [22m[2mshould scroll to top at end
[22m[39m[2m07:51:29[0m [31m🔴[0m [0m[38;5;208m[randomScrolling.js][0m [31mError during scroll action: Cannot read properties of undefined [95m(reading 'wheel')[0m[31m[0m

[90mstdout[2m | tests/unit/random-scrolling.test.js[2m > [22m[2mrandomScrolling.js[2m > [22m[2mcreateRandomScroller[2m > [22m[2mshould scroll to top at end
[22m[39m[2m07:51:29[0m [31m🔴[0m [0m[38;5;208m[randomScrolling.js][0m [31mError during scroll action: Cannot read properties of undefined [95m(reading 'wheel')[0m[31m[0m

[90mstdout[2m | tests/unit/random-scrolling.test.js[2m > [22m[2mrandomScrolling.js[2m > [22m[2mcreateRandomScroller[2m > [22m[2mshould scroll to top at end
[22m[39m[2m07:51:29[0m [31m🔴[0m [0m[38;5;208m[randomScrolling.js][0m [31mError during scroll action: Cannot read properties of undefined [95m(reading 'wheel')[0m[31m[0m

[90mstdout[2m | tests/unit/random-scrolling.test.js[2m > [22m[2mrandomScrolling.js[2m > [22m[2mcreateRandomScroller[2m > [22m[2mshould scroll to top at end
[22m[39m[2m07:51:29[0m [31m🔴[0m [0m[38;5;208m[randomScrolling.js][0m [31mError during scroll action: Cannot read properties of undefined [95m(reading 'wheel')[0m[31m[0m

[90mstdout[2m | tests/unit/random-scrolling.test.js[2m > [22m[2mrandomScrolling.js[2m > [22m[2mcreateRandomScroller[2m > [22m[2mshould scroll to top at end
[22m[39m[2m07:51:29[0m [31m🔴[0m [0m[38;5;208m[randomScrolling.js][0m [31mError during scroll action: Cannot read properties of undefined [95m(reading 'wheel')[0m[31m[0m

[90mstdout[2m | tests/unit/random-scrolling.test.js[2m > [22m[2mrandomScrolling.js[2m > [22m[2mcreateRandomScroller[2m > [22m[2mshould scroll to top at end
[22m[39m[2m07:51:29[0m [31m🔴[0m [0m[38;5;208m[randomScrolling.js][0m [31mError during scroll action: Cannot read properties of undefined [95m(reading 'wheel')[0m[31m[0m

[90mstdout[2m | tests/unit/random-scrolling.test.js[2m > [22m[2mrandomScrolling.js[2m > [22m[2mcreateRandomScroller[2m > [22m[2mshould scroll to top at end
[22m[39m[2m07:51:29[0m [31m🔴[0m [0m[38;5;208m[randomScrolling.js][0m [31mError during scroll action: Cannot read properties of undefined [95m(reading 'wheel')[0m[31m[0m

[90mstdout[2m | tests/unit/random-scrolling.test.js[2m > [22m[2mrandomScrolling.js[2m > [22m[2mcreateRandomScroller[2m > [22m[2mshould scroll to top at end
[22m[39m[2m07:51:29[0m [31m🔴[0m [0m[38;5;208m[randomScrolling.js][0m [31mError during scroll action: Cannot read properties of undefined [95m(reading 'wheel')[0m[31m[0m

[90mstdout[2m | tests/unit/random-scrolling.test.js[2m > [22m[2mrandomScrolling.js[2m > [22m[2mcreateRandomScroller[2m > [22m[2mshould scroll to top at end
[22m[39m[2m07:51:29[0m [31m🔴[0m [0m[38;5;208m[randomScrolling.js][0m [31mError during scroll action: Cannot read properties of undefined [95m(reading 'wheel')[0m[31m[0m

[90mstdout[2m | tests/unit/random-scrolling.test.js[2m > [22m[2mrandomScrolling.js[2m > [22m[2mcreateRandomScroller[2m > [22m[2mshould scroll to top at end
[22m[39m[2m07:51:29[0m [31m🔴[0m [0m[38;5;208m[randomScrolling.js][0m [31mError during scroll action: Cannot read properties of undefined [95m(reading 'wheel')[0m[31m[0m

[90mstdout[2m | tests/unit/random-scrolling.test.js[2m > [22m[2mrandomScrolling.js[2m > [22m[2mcreateRandomScroller[2m > [22m[2mshould scroll to top at end
[22m[39m[2m07:51:29[0m [31m🔴[0m [0m[38;5;208m[randomScrolling.js][0m [31mError during scroll action: Cannot read properties of undefined [95m(reading 'wheel')[0m[31m[0m

[90mstdout[2m | tests/unit/random-scrolling.test.js[2m > [22m[2mrandomScrolling.js[2m > [22m[2mcreateRandomScroller[2m > [22m[2mshould scroll to top at end
[22m[39m[2m07:51:29[0m [31m🔴[0m [0m[38;5;208m[randomScrolling.js][0m [31mError during scroll action: Cannot read properties of undefined [95m(reading 'wheel')[0m[31m[0m

[90mstdout[2m | tests/unit/random-scrolling.test.js[2m > [22m[2mrandomScrolling.js[2m > [22m[2mcreateRandomScroller[2m > [22m[2mshould scroll to top at end
[22m[39m[2m07:51:29[0m [31m🔴[0m [0m[38;5;208m[randomScrolling.js][0m [31mError during scroll action: Cannot read properties of undefined [95m(reading 'wheel')[0m[31m[0m

[90mstdout[2m | tests/unit/random-scrolling.test.js[2m > [22m[2mrandomScrolling.js[2m > [22m[2mcreateRandomScroller[2m > [22m[2mshould scroll to top at end
[22m[39m[2m07:51:29[0m [31m🔴[0m [0m[38;5;208m[randomScrolling.js][0m [31mError during scroll action: Cannot read properties of undefined [95m(reading 'wheel')[0m[31m[0m

[90mstdout[2m | tests/unit/random-scrolling.test.js[2m > [22m[2mrandomScrolling.js[2m > [22m[2mcreateRandomScroller[2m > [22m[2mshould scroll to top at end
[22m[39m[2m07:51:29[0m [31m🔴[0m [0m[38;5;208m[randomScrolling.js][0m [31mError during scroll action: Cannot read properties of undefined [95m(reading 'wheel')[0m[31m[0m

[90mstdout[2m | tests/unit/random-scrolling.test.js[2m > [22m[2mrandomScrolling.js[2m > [22m[2mcreateRandomScroller[2m > [22m[2mshould scroll to top at end
[22m[39m[2m07:51:29[0m [31m🔴[0m [0m[38;5;208m[randomScrolling.js][0m [31mError during scroll action: Cannot read properties of undefined [95m(reading 'wheel')[0m[31m[0m

[90mstdout[2m | tests/unit/random-scrolling.test.js[2m > [22m[2mrandomScrolling.js[2m > [22m[2mcreateRandomScroller[2m > [22m[2mshould scroll to top at end
[22m[39m[2m07:51:29[0m [31m🔴[0m [0m[38;5;208m[randomScrolling.js][0m [31mError during scroll action: Cannot read properties of undefined [95m(reading 'wheel')[0m[31m[0m

[90mstdout[2m | tests/unit/random-scrolling.test.js[2m > [22m[2mrandomScrolling.js[2m > [22m[2mcreateRandomScroller[2m > [22m[2mshould scroll to top at end
[22m[39m[2m07:51:29[0m [31m🔴[0m [0m[38;5;208m[randomScrolling.js][0m [31mError during scroll action: Cannot read properties of undefined [95m(reading 'wheel')[0m[31m[0m

[90mstdout[2m | tests/unit/random-scrolling.test.js[2m > [22m[2mrandomScrolling.js[2m > [22m[2mcreateRandomScroller[2m > [22m[2mshould scroll to top at end
[22m[39m[2m07:51:29[0m [31m🔴[0m [0m[38;5;208m[randomScrolling.js][0m [31mError during scroll action: Cannot read properties of undefined [95m(reading 'wheel')[0m[31m[0m

[90mstdout[2m | tests/unit/random-scrolling.test.js[2m > [22m[2mrandomScrolling.js[2m > [22m[2mcreateRandomScroller[2m > [22m[2mshould scroll to top at end
[22m[39m[2m07:51:29[0m [31m🔴[0m [0m[38;5;208m[randomScrolling.js][0m [31mError during scroll action: Cannot read properties of undefined [95m(reading 'wheel')[0m[31m[0m

[90mstdout[2m | tests/unit/random-scrolling.test.js[2m > [22m[2mrandomScrolling.js[2m > [22m[2mcreateRandomScroller[2m > [22m[2mshould scroll to top at end
[22m[39m[2m07:51:29[0m [31m🔴[0m [0m[38;5;208m[randomScrolling.js][0m [31mError during scroll action: Cannot read properties of undefined [95m(reading 'wheel')[0m[31m[0m

[90mstdout[2m | tests/unit/random-scrolling.test.js[2m > [22m[2mrandomScrolling.js[2m > [22m[2mcreateRandomScroller[2m > [22m[2mshould scroll to top at end
[22m[39m[2m07:51:29[0m [31m🔴[0m [0m[38;5;208m[randomScrolling.js][0m [31mError during scroll action: Cannot read properties of undefined [95m(reading 'wheel')[0m[31m[0m

[90mstdout[2m | tests/unit/random-scrolling.test.js[2m > [22m[2mrandomScrolling.js[2m > [22m[2mcreateRandomScroller[2m > [22m[2mshould scroll to top at end
[22m[39m[2m07:51:29[0m [31m🔴[0m [0m[38;5;208m[randomScrolling.js][0m [31mError during scroll action: Cannot read properties of undefined [95m(reading 'wheel')[0m[31m[0m

[90mstdout[2m | tests/unit/random-scrolling.test.js[2m > [22m[2mrandomScrolling.js[2m > [22m[2mcreateRandomScroller[2m > [22m[2mshould scroll to top at end
[22m[39m[2m07:51:29[0m [31m🔴[0m [0m[38;5;208m[randomScrolling.js][0m [31mError during scroll action: Cannot read properties of undefined [95m(reading 'wheel')[0m[31m[0m

[90mstdout[2m | tests/unit/random-scrolling.test.js[2m > [22m[2mrandomScrolling.js[2m > [22m[2mcreateRandomScroller[2m > [22m[2mshould scroll to top at end
[22m[39m[2m07:51:29[0m [31m🔴[0m [0m[38;5;208m[randomScrolling.js][0m [31mError during scroll action: Cannot read properties of undefined [95m(reading 'wheel')[0m[31m[0m

[90mstdout[2m | tests/unit/random-scrolling.test.js[2m > [22m[2mrandomScrolling.js[2m > [22m[2mcreateRandomScroller[2m > [22m[2mshould scroll to top at end
[22m[39m[2m07:51:29[0m [31m🔴[0m [0m[38;5;208m[randomScrolling.js][0m [31mError during scroll action: Cannot read properties of undefined [95m(reading 'wheel')[0m[31m[0m

[90mstdout[2m | tests/unit/random-scrolling.test.js[2m > [22m[2mrandomScrolling.js[2m > [22m[2mcreateRandomScroller[2m > [22m[2mshould scroll to top at end
[22m[39m[2m07:51:29[0m [31m🔴[0m [0m[38;5;208m[randomScrolling.js][0m [31mError during scroll action: Cannot read properties of undefined [95m(reading 'wheel')[0m[31m[0m

[90mstdout[2m | tests/unit/random-scrolling.test.js[2m > [22m[2mrandomScrolling.js[2m > [22m[2mcreateRandomScroller[2m > [22m[2mshould scroll to top at end
[22m[39m[2m07:51:29[0m [31m🔴[0m [0m[38;5;208m[randomScrolling.js][0m [31mError during scroll action: Cannot read properties of undefined [95m(reading 'wheel')[0m[31m[0m

[90mstdout[2m | tests/unit/random-scrolling.test.js[2m > [22m[2mrandomScrolling.js[2m > [22m[2mcreateRandomScroller[2m > [22m[2mshould scroll to top at end
[22m[39m[2m07:51:29[0m [31m🔴[0m [0m[38;5;208m[randomScrolling.js][0m [31mError during scroll action: Cannot read properties of undefined [95m(reading 'wheel')[0m[31m[0m

[90mstdout[2m | tests/unit/random-scrolling.test.js[2m > [22m[2mrandomScrolling.js[2m > [22m[2mcreateRandomScroller[2m > [22m[2mshould scroll to top at end
[22m[39m[2m07:51:29[0m [31m🔴[0m [0m[38;5;208m[randomScrolling.js][0m [31mError during scroll action: Cannot read properties of undefined [95m(reading 'wheel')[0m[31m[0m

[90mstdout[2m | tests/unit/random-scrolling.test.js[2m > [22m[2mrandomScrolling.js[2m > [22m[2mcreateRandomScroller[2m > [22m[2mshould scroll to top at end
[22m[39m[2m07:51:29[0m [31m🔴[0m [0m[38;5;208m[randomScrolling.js][0m [31mError during scroll action: Cannot read properties of undefined [95m(reading 'wheel')[0m[31m[0m

[90mstdout[2m | tests/unit/random-scrolling.test.js[2m > [22m[2mrandomScrolling.js[2m > [22m[2mcreateRandomScroller[2m > [22m[2mshould scroll to top at end
[22m[39m[2m07:51:29[0m [31m🔴[0m [0m[38;5;208m[randomScrolling.js][0m [31mError during scroll action: Cannot read properties of undefined [95m(reading 'wheel')[0m[31m[0m

[90mstdout[2m | tests/unit/random-scrolling.test.js[2m > [22m[2mrandomScrolling.js[2m > [22m[2mcreateRandomScroller[2m > [22m[2mshould scroll to top at end
[22m[39m[2m07:51:29[0m [31m🔴[0m [0m[38;5;208m[randomScrolling.js][0m [31mError during scroll action: Cannot read properties of undefined [95m(reading 'wheel')[0m[31m[0m

[90mstdout[2m | tests/unit/random-scrolling.test.js[2m > [22m[2mrandomScrolling.js[2m > [22m[2mcreateRandomScroller[2m > [22m[2mshould scroll to top at end
[22m[39m[2m07:51:29[0m [31m🔴[0m [0m[38;5;208m[randomScrolling.js][0m [31mError during scroll action: Cannot read properties of undefined [95m(reading 'wheel')[0m[31m[0m

[90mstdout[2m | tests/unit/random-scrolling.test.js[2m > [22m[2mrandomScrolling.js[2m > [22m[2mcreateRandomScroller[2m > [22m[2mshould scroll to top at end
[22m[39m[2m07:51:29[0m [31m🔴[0m [0m[38;5;208m[randomScrolling.js][0m [31mError during scroll action: Cannot read properties of undefined [95m(reading 'wheel')[0m[31m[0m

[90mstdout[2m | tests/unit/random-scrolling.test.js[2m > [22m[2mrandomScrolling.js[2m > [22m[2mcreateRandomScroller[2m > [22m[2mshould scroll to top at end
[22m[39m[2m07:51:29[0m [31m🔴[0m [0m[38;5;208m[randomScrolling.js][0m [31mError during scroll action: Cannot read properties of undefined [95m(reading 'wheel')[0m[31m[0m

[90mstdout[2m | tests/unit/random-scrolling.test.js[2m > [22m[2mrandomScrolling.js[2m > [22m[2mcreateRandomScroller[2m > [22m[2mshould scroll to top at end
[22m[39m[2m07:51:29[0m [31m🔴[0m [0m[38;5;208m[randomScrolling.js][0m [31mError during scroll action: Cannot read properties of undefined [95m(reading 'wheel')[0m[31m[0m

[90mstdout[2m | tests/unit/random-scrolling.test.js[2m > [22m[2mrandomScrolling.js[2m > [22m[2mcreateRandomScroller[2m > [22m[2mshould scroll to top at end
[22m[39m[2m07:51:29[0m [31m🔴[0m [0m[38;5;208m[randomScrolling.js][0m [31mError during scroll action: Cannot read properties of undefined [95m(reading 'wheel')[0m[31m[0m

[90mstdout[2m | tests/unit/random-scrolling.test.js[2m > [22m[2mrandomScrolling.js[2m > [22m[2mcreateRandomScroller[2m > [22m[2mshould scroll to top at end
[22m[39m[2m07:51:29[0m [31m🔴[0m [0m[38;5;208m[randomScrolling.js][0m [31mError during scroll action: Cannot read properties of undefined [95m(reading 'wheel')[0m[31m[0m

[90mstdout[2m | tests/unit/random-scrolling.test.js[2m > [22m[2mrandomScrolling.js[2m > [22m[2mcreateRandomScroller[2m > [22m[2mshould scroll to top at end
[22m[39m[2m07:51:29[0m [31m🔴[0m [0m[38;5;208m[randomScrolling.js][0m [31mError during scroll action: Cannot read properties of undefined [95m(reading 'wheel')[0m[31m[0m

[90mstdout[2m | tests/unit/random-scrolling.test.js[2m > [22m[2mrandomScrolling.js[2m > [22m[2mcreateRandomScroller[2m > [22m[2mshould scroll to top at end
[22m[39m[2m07:51:29[0m [90m⚪[0m [0m[38;5;208m[randomScrolling.js][0m [0mScrolling simulation finished.[0m

[90mstdout[2m | tests/unit/random-scrolling.test.js[2m > [22m[2mrandomScrolling.js[2m > [22m[2mcreateRandomScroller[2m > [22m[2mshould handle scroll error gracefully
[22m[39m[2m07:51:29[0m [90m⚪[0m [0m[38;5;208m[randomScrolling.js][0m [0mStarting human-like scrolling for 0.01 seconds.[0m

[90mstdout[2m | tests/unit/random-scrolling.test.js[2m > [22m[2mrandomScrolling.js[2m > [22m[2mcreateRandomScroller[2m > [22m[2mshould handle scroll error gracefully
[22m[39m[2m07:51:29[0m [31m🔴[0m [0m[38;5;208m[randomScrolling.js][0m [31mError during scroll action: Cannot read properties of undefined [95m(reading 'wheel')[0m[31m[0m

[90mstdout[2m | tests/unit/random-scrolling.test.js[2m > [22m[2mrandomScrolling.js[2m > [22m[2mcreateRandomScroller[2m > [22m[2mshould handle scroll error gracefully
[22m[39m[2m07:51:29[0m [31m🔴[0m [0m[38;5;208m[randomScrolling.js][0m [31mError during scroll action: Cannot read properties of undefined [95m(reading 'wheel')[0m[31m[0m

[90mstdout[2m | tests/unit/random-scrolling.test.js[2m > [22m[2mrandomScrolling.js[2m > [22m[2mcreateRandomScroller[2m > [22m[2mshould handle scroll error gracefully
[22m[39m[2m07:51:29[0m [31m🔴[0m [0m[38;5;208m[randomScrolling.js][0m [31mError during scroll action: Cannot read properties of undefined [95m(reading 'wheel')[0m[31m[0m

[90mstdout[2m | tests/unit/random-scrolling.test.js[2m > [22m[2mrandomScrolling.js[2m > [22m[2mcreateRandomScroller[2m > [22m[2mshould handle scroll error gracefully
[22m[39m[2m07:51:29[0m [31m🔴[0m [0m[38;5;208m[randomScrolling.js][0m [31mError during scroll action: Cannot read properties of undefined [95m(reading 'wheel')[0m[31m[0m

[90mstdout[2m | tests/unit/random-scrolling.test.js[2m > [22m[2mrandomScrolling.js[2m > [22m[2mcreateRandomScroller[2m > [22m[2mshould handle scroll error gracefully
[22m[39m[2m07:51:29[0m [31m🔴[0m [0m[38;5;208m[randomScrolling.js][0m [31mError during scroll action: Cannot read properties of undefined [95m(reading 'wheel')[0m[31m[0m

[90mstdout[2m | tests/unit/random-scrolling.test.js[2m > [22m[2mrandomScrolling.js[2m > [22m[2mcreateRandomScroller[2m > [22m[2mshould handle scroll error gracefully
[22m[39m[2m07:51:29[0m [31m🔴[0m [0m[38;5;208m[randomScrolling.js][0m [31mError during scroll action: Cannot read properties of undefined [95m(reading 'wheel')[0m[31m[0m

[90mstdout[2m | tests/unit/random-scrolling.test.js[2m > [22m[2mrandomScrolling.js[2m > [22m[2mcreateRandomScroller[2m > [22m[2mshould handle scroll error gracefully
[22m[39m[2m07:51:29[0m [31m🔴[0m [0m[38;5;208m[randomScrolling.js][0m [31mError during scroll action: Cannot read properties of undefined [95m(reading 'wheel')[0m[31m[0m

[90mstdout[2m | tests/unit/random-scrolling.test.js[2m > [22m[2mrandomScrolling.js[2m > [22m[2mcreateRandomScroller[2m > [22m[2mshould handle scroll error gracefully
[22m[39m[2m07:51:29[0m [31m🔴[0m [0m[38;5;208m[randomScrolling.js][0m [31mError during scroll action: Cannot read properties of undefined [95m(reading 'wheel')[0m[31m[0m

[90mstdout[2m | tests/unit/random-scrolling.test.js[2m > [22m[2mrandomScrolling.js[2m > [22m[2mcreateRandomScroller[2m > [22m[2mshould handle scroll error gracefully
[22m[39m[2m07:51:29[0m [31m🔴[0m [0m[38;5;208m[randomScrolling.js][0m [31mError during scroll action: Cannot read properties of undefined [95m(reading 'wheel')[0m[31m[0m

[90mstdout[2m | tests/unit/random-scrolling.test.js[2m > [22m[2mrandomScrolling.js[2m > [22m[2mcreateRandomScroller[2m > [22m[2mshould handle scroll error gracefully
[22m[39m[2m07:51:29[0m [31m🔴[0m [0m[38;5;208m[randomScrolling.js][0m [31mError during scroll action: Cannot read properties of undefined [95m(reading 'wheel')[0m[31m[0m

[90mstdout[2m | tests/unit/random-scrolling.test.js[2m > [22m[2mrandomScrolling.js[2m > [22m[2mcreateRandomScroller[2m > [22m[2mshould handle scroll error gracefully
[22m[39m[2m07:51:29[0m [31m🔴[0m [0m[38;5;208m[randomScrolling.js][0m [31mError during scroll action: Cannot read properties of undefined [95m(reading 'wheel')[0m[31m[0m

[90mstdout[2m | tests/unit/random-scrolling.test.js[2m > [22m[2mrandomScrolling.js[2m > [22m[2mcreateRandomScroller[2m > [22m[2mshould handle scroll error gracefully
[22m[39m[2m07:51:29[0m [31m🔴[0m [0m[38;5;208m[randomScrolling.js][0m [31mError during scroll action: Cannot read properties of undefined [95m(reading 'wheel')[0m[31m[0m

[90mstdout[2m | tests/unit/random-scrolling.test.js[2m > [22m[2mrandomScrolling.js[2m > [22m[2mcreateRandomScroller[2m > [22m[2mshould handle scroll error gracefully
[22m[39m[2m07:51:29[0m [31m🔴[0m [0m[38;5;208m[randomScrolling.js][0m [31mError during scroll action: Cannot read properties of undefined [95m(reading 'wheel')[0m[31m[0m

[90mstdout[2m | tests/unit/random-scrolling.test.js[2m > [22m[2mrandomScrolling.js[2m > [22m[2mcreateRandomScroller[2m > [22m[2mshould handle scroll error gracefully
[22m[39m[2m07:51:29[0m [31m🔴[0m [0m[38;5;208m[randomScrolling.js][0m [31mError during scroll action: Cannot read properties of undefined [95m(reading 'wheel')[0m[31m[0m

[90mstdout[2m | tests/unit/random-scrolling.test.js[2m > [22m[2mrandomScrolling.js[2m > [22m[2mcreateRandomScroller[2m > [22m[2mshould handle scroll error gracefully
[22m[39m[2m07:51:29[0m [31m🔴[0m [0m[38;5;208m[randomScrolling.js][0m [31mError during scroll action: Cannot read properties of undefined [95m(reading 'wheel')[0m[31m[0m

[90mstdout[2m | tests/unit/random-scrolling.test.js[2m > [22m[2mrandomScrolling.js[2m > [22m[2mcreateRandomScroller[2m > [22m[2mshould handle scroll error gracefully
[22m[39m[2m07:51:29[0m [31m🔴[0m [0m[38;5;208m[randomScrolling.js][0m [31mError during scroll action: Cannot read properties of undefined [95m(reading 'wheel')[0m[31m[0m

[90mstdout[2m | tests/unit/random-scrolling.test.js[2m > [22m[2mrandomScrolling.js[2m > [22m[2mcreateRandomScroller[2m > [22m[2mshould handle scroll error gracefully
[22m[39m[2m07:51:29[0m [31m🔴[0m [0m[38;5;208m[randomScrolling.js][0m [31mError during scroll action: Cannot read properties of undefined [95m(reading 'wheel')[0m[31m[0m

[90mstdout[2m | tests/unit/random-scrolling.test.js[2m > [22m[2mrandomScrolling.js[2m > [22m[2mcreateRandomScroller[2m > [22m[2mshould handle scroll error gracefully
[22m[39m[2m07:51:29[0m [31m🔴[0m [0m[38;5;208m[randomScrolling.js][0m [31mError during scroll action: Cannot read properties of undefined [95m(reading 'wheel')[0m[31m[0m

[90mstdout[2m | tests/unit/random-scrolling.test.js[2m > [22m[2mrandomScrolling.js[2m > [22m[2mcreateRandomScroller[2m > [22m[2mshould handle scroll error gracefully
[22m[39m[2m07:51:29[0m [31m🔴[0m [0m[38;5;208m[randomScrolling.js][0m [31mError during scroll action: Cannot read properties of undefined [95m(reading 'wheel')[0m[31m[0m

[90mstdout[2m | tests/unit/random-scrolling.test.js[2m > [22m[2mrandomScrolling.js[2m > [22m[2mcreateRandomScroller[2m > [22m[2mshould handle scroll error gracefully
[22m[39m[2m07:51:29[0m [31m🔴[0m [0m[38;5;208m[randomScrolling.js][0m [31mError during scroll action: Cannot read properties of undefined [95m(reading 'wheel')[0m[31m[0m

[90mstdout[2m | tests/unit/random-scrolling.test.js[2m > [22m[2mrandomScrolling.js[2m > [22m[2mcreateRandomScroller[2m > [22m[2mshould handle scroll error gracefully
[22m[39m[2m07:51:29[0m [31m🔴[0m [0m[38;5;208m[randomScrolling.js][0m [31mError during scroll action: Cannot read properties of undefined [95m(reading 'wheel')[0m[31m[0m

[90mstdout[2m | tests/unit/random-scrolling.test.js[2m > [22m[2mrandomScrolling.js[2m > [22m[2mcreateRandomScroller[2m > [22m[2mshould handle scroll error gracefully
[22m[39m[2m07:51:29[0m [31m🔴[0m [0m[38;5;208m[randomScrolling.js][0m [31mError during scroll action: Cannot read properties of undefined [95m(reading 'wheel')[0m[31m[0m

[90mstdout[2m | tests/unit/random-scrolling.test.js[2m > [22m[2mrandomScrolling.js[2m > [22m[2mcreateRandomScroller[2m > [22m[2mshould handle scroll error gracefully
[22m[39m[2m07:51:29[0m [31m🔴[0m [0m[38;5;208m[randomScrolling.js][0m [31mError during scroll action: Cannot read properties of undefined [95m(reading 'wheel')[0m[31m[0m

[90mstdout[2m | tests/unit/random-scrolling.test.js[2m > [22m[2mrandomScrolling.js[2m > [22m[2mcreateRandomScroller[2m > [22m[2mshould handle scroll error gracefully
[22m[39m[2m07:51:29[0m [31m🔴[0m [0m[38;5;208m[randomScrolling.js][0m [31mError during scroll action: Cannot read properties of undefined [95m(reading 'wheel')[0m[31m[0m

[90mstdout[2m | tests/unit/random-scrolling.test.js[2m > [22m[2mrandomScrolling.js[2m > [22m[2mcreateRandomScroller[2m > [22m[2mshould handle scroll error gracefully
[22m[39m[2m07:51:29[0m [31m🔴[0m [0m[38;5;208m[randomScrolling.js][0m [31mError during scroll action: Cannot read properties of undefined [95m(reading 'wheel')[0m[31m[0m

[90mstdout[2m | tests/unit/random-scrolling.test.js[2m > [22m[2mrandomScrolling.js[2m > [22m[2mcreateRandomScroller[2m > [22m[2mshould handle scroll error gracefully
[22m[39m[2m07:51:29[0m [90m⚪[0m [0m[38;5;208m[randomScrolling.js][0m [0mScrolling simulation finished.[0m

[90mstdout[2m | tests/unit/random-scrolling.test.js[2m > [22m[2mrandomScrolling.js[2m > [22m[2mcreateRandomScroller[2m > [22m[2mshould perform scroll up when random > 0.75 and lastScrollDown
[22m[39m[2m07:51:29[0m [90m⚪[0m [0m[38;5;208m[randomScrolling.js][0m [0mStarting human-like scrolling for 0.01 seconds.[0m

[90mstdout[2m | tests/unit/random-scrolling.test.js[2m > [22m[2mrandomScrolling.js[2m > [22m[2mcreateRandomScroller[2m > [22m[2mshould perform scroll up when random > 0.75 and lastScrollDown
[22m[39m[2m07:51:29[0m [31m🔴[0m [0m[38;5;208m[randomScrolling.js][0m [31mError during scroll action: Cannot read properties of undefined [95m(reading 'wheel')[0m[31m[0m

[90mstdout[2m | tests/unit/random-scrolling.test.js[2m > [22m[2mrandomScrolling.js[2m > [22m[2mcreateRandomScroller[2m > [22m[2mshould perform scroll up when random > 0.75 and lastScrollDown
[22m[39m[2m07:51:29[0m [31m🔴[0m [0m[38;5;208m[randomScrolling.js][0m [31mError during scroll action: Cannot read properties of undefined [95m(reading 'wheel')[0m[31m[0m

[90mstdout[2m | tests/unit/random-scrolling.test.js[2m > [22m[2mrandomScrolling.js[2m > [22m[2mcreateRandomScroller[2m > [22m[2mshould perform scroll up when random > 0.75 and lastScrollDown
[22m[39m[2m07:51:29[0m [31m🔴[0m [0m[38;5;208m[randomScrolling.js][0m [31mError during scroll action: Cannot read properties of undefined [95m(reading 'wheel')[0m[31m[0m

[90mstdout[2m | tests/unit/random-scrolling.test.js[2m > [22m[2mrandomScrolling.js[2m > [22m[2mcreateRandomScroller[2m > [22m[2mshould perform scroll up when random > 0.75 and lastScrollDown
[22m[39m[2m07:51:29[0m [31m🔴[0m [0m[38;5;208m[randomScrolling.js][0m [31mError during scroll action: Cannot read properties of undefined [95m(reading 'wheel')[0m[31m[0m

[90mstdout[2m | tests/unit/random-scrolling.test.js[2m > [22m[2mrandomScrolling.js[2m > [22m[2mcreateRandomScroller[2m > [22m[2mshould perform scroll up when random > 0.75 and lastScrollDown
[22m[39m[2m07:51:29[0m [31m🔴[0m [0m[38;5;208m[randomScrolling.js][0m [31mError during scroll action: Cannot read properties of undefined [95m(reading 'wheel')[0m[31m[0m

[90mstdout[2m | tests/unit/random-scrolling.test.js[2m > [22m[2mrandomScrolling.js[2m > [22m[2mcreateRandomScroller[2m > [22m[2mshould perform scroll up when random > 0.75 and lastScrollDown
[22m[39m[2m07:51:29[0m [31m🔴[0m [0m[38;5;208m[randomScrolling.js][0m [31mError during scroll action: Cannot read properties of undefined [95m(reading 'wheel')[0m[31m[0m

[90mstdout[2m | tests/unit/random-scrolling.test.js[2m > [22m[2mrandomScrolling.js[2m > [22m[2mcreateRandomScroller[2m > [22m[2mshould perform scroll up when random > 0.75 and lastScrollDown
[22m[39m[2m07:51:29[0m [31m🔴[0m [0m[38;5;208m[randomScrolling.js][0m [31mError during scroll action: Cannot read properties of undefined [95m(reading 'wheel')[0m[31m[0m

[90mstdout[2m | tests/unit/random-scrolling.test.js[2m > [22m[2mrandomScrolling.js[2m > [22m[2mcreateRandomScroller[2m > [22m[2mshould perform scroll up when random > 0.75 and lastScrollDown
[22m[39m[2m07:51:29[0m [31m🔴[0m [0m[38;5;208m[randomScrolling.js][0m [31mError during scroll action: Cannot read properties of undefined [95m(reading 'wheel')[0m[31m[0m

[90mstdout[2m | tests/unit/random-scrolling.test.js[2m > [22m[2mrandomScrolling.js[2m > [22m[2mcreateRandomScroller[2m > [22m[2mshould perform scroll up when random > 0.75 and lastScrollDown
[22m[39m[2m07:51:29[0m [31m🔴[0m [0m[38;5;208m[randomScrolling.js][0m [31mError during scroll action: Cannot read properties of undefined [95m(reading 'wheel')[0m[31m[0m

[90mstdout[2m | tests/unit/random-scrolling.test.js[2m > [22m[2mrandomScrolling.js[2m > [22m[2mcreateRandomScroller[2m > [22m[2mshould perform scroll up when random > 0.75 and lastScrollDown
[22m[39m[2m07:51:29[0m [31m🔴[0m [0m[38;5;208m[randomScrolling.js][0m [31mError during scroll action: Cannot read properties of undefined [95m(reading 'wheel')[0m[31m[0m

[90mstdout[2m | tests/unit/random-scrolling.test.js[2m > [22m[2mrandomScrolling.js[2m > [22m[2mcreateRandomScroller[2m > [22m[2mshould perform scroll up when random > 0.75 and lastScrollDown
[22m[39m[2m07:51:29[0m [31m🔴[0m [0m[38;5;208m[randomScrolling.js][0m [31mError during scroll action: Cannot read properties of undefined [95m(reading 'wheel')[0m[31m[0m

[90mstdout[2m | tests/unit/random-scrolling.test.js[2m > [22m[2mrandomScrolling.js[2m > [22m[2mcreateRandomScroller[2m > [22m[2mshould perform scroll up when random > 0.75 and lastScrollDown
[22m[39m[2m07:51:29[0m [31m🔴[0m [0m[38;5;208m[randomScrolling.js][0m [31mError during scroll action: Cannot read properties of undefined [95m(reading 'wheel')[0m[31m[0m

[90mstdout[2m | tests/unit/random-scrolling.test.js[2m > [22m[2mrandomScrolling.js[2m > [22m[2mcreateRandomScroller[2m > [22m[2mshould perform scroll up when random > 0.75 and lastScrollDown
[22m[39m[2m07:51:29[0m [31m🔴[0m [0m[38;5;208m[randomScrolling.js][0m [31mError during scroll action: Cannot read properties of undefined [95m(reading 'wheel')[0m[31m[0m

[90mstdout[2m | tests/unit/random-scrolling.test.js[2m > [22m[2mrandomScrolling.js[2m > [22m[2mcreateRandomScroller[2m > [22m[2mshould perform scroll up when random > 0.75 and lastScrollDown
[22m[39m[2m07:51:29[0m [31m🔴[0m [0m[38;5;208m[randomScrolling.js][0m [31mError during scroll action: Cannot read properties of undefined [95m(reading 'wheel')[0m[31m[0m

[90mstdout[2m | tests/unit/random-scrolling.test.js[2m > [22m[2mrandomScrolling.js[2m > [22m[2mcreateRandomScroller[2m > [22m[2mshould perform scroll up when random > 0.75 and lastScrollDown
[22m[39m[2m07:51:29[0m [31m🔴[0m [0m[38;5;208m[randomScrolling.js][0m [31mError during scroll action: Cannot read properties of undefined [95m(reading 'wheel')[0m[31m[0m

[90mstdout[2m | tests/unit/random-scrolling.test.js[2m > [22m[2mrandomScrolling.js[2m > [22m[2mcreateRandomScroller[2m > [22m[2mshould perform scroll up when random > 0.75 and lastScrollDown
[22m[39m[2m07:51:29[0m [31m🔴[0m [0m[38;5;208m[randomScrolling.js][0m [31mError during scroll action: Cannot read properties of undefined [95m(reading 'wheel')[0m[31m[0m

[90mstdout[2m | tests/unit/random-scrolling.test.js[2m > [22m[2mrandomScrolling.js[2m > [22m[2mcreateRandomScroller[2m > [22m[2mshould perform scroll up when random > 0.75 and lastScrollDown
[22m[39m[2m07:51:29[0m [31m🔴[0m [0m[38;5;208m[randomScrolling.js][0m [31mError during scroll action: Cannot read properties of undefined [95m(reading 'wheel')[0m[31m[0m

[90mstdout[2m | tests/unit/random-scrolling.test.js[2m > [22m[2mrandomScrolling.js[2m > [22m[2mcreateRandomScroller[2m > [22m[2mshould perform scroll up when random > 0.75 and lastScrollDown
[22m[39m[2m07:51:29[0m [31m🔴[0m [0m[38;5;208m[randomScrolling.js][0m [31mError during scroll action: Cannot read properties of undefined [95m(reading 'wheel')[0m[31m[0m

[90mstdout[2m | tests/unit/random-scrolling.test.js[2m > [22m[2mrandomScrolling.js[2m > [22m[2mcreateRandomScroller[2m > [22m[2mshould perform scroll up when random > 0.75 and lastScrollDown
[22m[39m[2m07:51:29[0m [31m🔴[0m [0m[38;5;208m[randomScrolling.js][0m [31mError during scroll action: Cannot read properties of undefined [95m(reading 'wheel')[0m[31m[0m

[90mstdout[2m | tests/unit/random-scrolling.test.js[2m > [22m[2mrandomScrolling.js[2m > [22m[2mcreateRandomScroller[2m > [22m[2mshould perform scroll up when random > 0.75 and lastScrollDown
[22m[39m[2m07:51:29[0m [31m🔴[0m [0m[38;5;208m[randomScrolling.js][0m [31mError during scroll action: Cannot read properties of undefined [95m(reading 'wheel')[0m[31m[0m

[90mstdout[2m | tests/unit/random-scrolling.test.js[2m > [22m[2mrandomScrolling.js[2m > [22m[2mcreateRandomScroller[2m > [22m[2mshould perform scroll up when random > 0.75 and lastScrollDown
[22m[39m[2m07:51:29[0m [31m🔴[0m [0m[38;5;208m[randomScrolling.js][0m [31mError during scroll action: Cannot read properties of undefined [95m(reading 'wheel')[0m[31m[0m

[90mstdout[2m | tests/unit/random-scrolling.test.js[2m > [22m[2mrandomScrolling.js[2m > [22m[2mcreateRandomScroller[2m > [22m[2mshould perform scroll up when random > 0.75 and lastScrollDown
[22m[39m[2m07:51:29[0m [31m🔴[0m [0m[38;5;208m[randomScrolling.js][0m [31mError during scroll action: Cannot read properties of undefined [95m(reading 'wheel')[0m[31m[0m

[90mstdout[2m | tests/unit/random-scrolling.test.js[2m > [22m[2mrandomScrolling.js[2m > [22m[2mcreateRandomScroller[2m > [22m[2mshould perform scroll up when random > 0.75 and lastScrollDown
[22m[39m[2m07:51:29[0m [31m🔴[0m [0m[38;5;208m[randomScrolling.js][0m [31mError during scroll action: Cannot read properties of undefined [95m(reading 'wheel')[0m[31m[0m

[90mstdout[2m | tests/unit/random-scrolling.test.js[2m > [22m[2mrandomScrolling.js[2m > [22m[2mcreateRandomScroller[2m > [22m[2mshould perform scroll up when random > 0.75 and lastScrollDown
[22m[39m[2m07:51:29[0m [31m🔴[0m [0m[38;5;208m[randomScrolling.js][0m [31mError during scroll action: Cannot read properties of undefined [95m(reading 'wheel')[0m[31m[0m

[90mstdout[2m | tests/unit/random-scrolling.test.js[2m > [22m[2mrandomScrolling.js[2m > [22m[2mcreateRandomScroller[2m > [22m[2mshould perform scroll up when random > 0.75 and lastScrollDown
[22m[39m[2m07:51:29[0m [31m🔴[0m [0m[38;5;208m[randomScrolling.js][0m [31mError during scroll action: Cannot read properties of undefined [95m(reading 'wheel')[0m[31m[0m

[90mstdout[2m | tests/unit/random-scrolling.test.js[2m > [22m[2mrandomScrolling.js[2m > [22m[2mcreateRandomScroller[2m > [22m[2mshould perform scroll up when random > 0.75 and lastScrollDown
[22m[39m[2m07:51:29[0m [90m⚪[0m [0m[38;5;208m[randomScrolling.js][0m [0mScrolling simulation finished.[0m

[33m[39m[32m·[39m[33m[39m[32m·[39m[33m[39m[32m·[39m[33m[39m[32m·[39m[33m[39m[32m·[39m[33m[39m[32m·[39m[33m[39m[32m·[39m[33m[39m[32m·[39m[33m[39m[32m·[39m[33m[39m[32m·[39m[33m[39m[32m·[39m[33m[39m[32m·[39m[33m[39m[32m·[39m[33m[39m[32m·[39m[33m[39m[32m·[39m[90mstdout[2m | tests/unit/ghostCursor.test.js[2m > [22m[2mGhostCursor[2m > [22m[2mGeneral Click[2m > [22m[2mshould use high precision targeting
[22m[39m[2m07:51:29[0m [36m🔵[0m [0m[38;5;208m[ghostCursor.js][0m [0mghostCursor clicked x=225 y=225[0m

[33m[39m[32m·[39m[33m[39m[32m·[39m[33m[39m[32m·[39m[33m[39m[32m·[39m[33m[39m[32m·[39m[33m[39m[32m·[39m[33m[39m[32m·[39m[33m[39m[32m·[39m[33m[39m[32m·[39m[33m[39m[32m·[39m[33m[39m[32m·[39m[33m[39m[32m·[39m[33m[39m[32m·[39m[33m[39m[32m·[39m[33m[39m[32m·[39m[33m[39m[32m·[39m[33m[39m[32m·[39m[33m[39m[32m·[39m[33m[39m[32m·[39m[90mstdout[2m | tests/unit/ghostCursor.test.js[2m > [22m[2mGhostCursor[2m > [22m[2mGeneral Click[2m > [22m[2mshould handle click with different mouse buttons
[22m[39m[2m07:51:29[0m [36m🔵[0m [0m[38;5;208m[ghostCursor.js][0m [0mghostCursor moving to x=125 y=125[0m

[33m[39m[32m·[39m[33m[39m[32m·[39m[33m[39m[32m·[39m[33m[39m[32m·[39m[90mstdout[2m | tests/unit/ghostCursor.test.js[2m > [22m[2mGhostCursor[2m > [22m[2mGeneral Click[2m > [22m[2mshould handle click with different mouse buttons
[22m[39m[2m07:51:30[0m [36m🔵[0m [0m[38;5;208m[ghostCursor.js][0m [0mghostCursor clicked x=225 y=225[0m

[33m[39m[32m·[39m[33m[39m[32m·[39m[33m[39m[32m·[39m[90mstdout[2m | tests/unit/ghostCursor.test.js[2m > [22m[2mGhostCursor[2m > [22m[2mGeneral Click[2m > [22m[2mshould break loop when click throws error
[22m[39m[2m07:51:30[0m [36m🔵[0m [0m[38;5;208m[ghostCursor.js][0m [0mghostCursor moving to x=125 y=125[0m

[33m[39m[32m·[39m[33m[39m[32m·[39m[33m[39m[32m·[39m[33m[39m[32m·[39m[33m[39m[32m·[39m[33m[39m[32m·[39m[90mstdout[2m | tests/unit/ghostCursor.test.js[2m > [22m[2mGhostCursor[2m > [22m[2mGeneral Click[2m > [22m[2mshould use fallback when all tracking attempts exhausted
[22m[39m[2m07:51:31[0m [36m🔵[0m [0m[38;5;208m[ghostCursor.js][0m [0mghostCursor moving to x=1025 y=1025[0m

[90mstdout[2m | tests/unit/ghostCursor.test.js[2m > [22m[2mGhostCursor[2m > [22m[2mGeneral Click[2m > [22m[2mshould use fallback when all tracking attempts exhausted
[22m[39m[2m07:51:31[0m [36m🔵[0m [0m[38;5;208m[ghostCursor.js][0m [0mghostCursor moving to x=1025 y=1025[0m

[90mstdout[2m | tests/unit/ghostCursor.test.js[2m > [22m[2mGhostCursor[2m > [22m[2mGeneral Click[2m > [22m[2mshould use fallback when all tracking attempts exhausted
[22m[39m[2m07:51:31[0m [36m🔵[0m [0m[38;5;208m[ghostCursor.js][0m [0mghostCursor moving to x=1025 y=1025[0m

[33m[39m[32m·[39m[33m[39m[32m·[39m[33m[39m[32m·[39m[90mstdout[2m | tests/unit/ghostCursor.test.js[2m > [22m[2mGhostCursor[2m > [22m[2mGeneral Click[2m > [22m[2mshould handle fallback click error
[22m[39m[2m07:51:32[0m [36m🔵[0m [0m[38;5;208m[ghostCursor.js][0m [0mghostCursor moving to x=1025 y=1025[0m

[33m[39m[32m·[39m[90mstdout[2m | tests/unit/ghostCursor.test.js[2m > [22m[2mGhostCursor[2m > [22m[2mGeneral Click[2m > [22m[2mshould handle fallback click error
[22m[39m[2m07:51:32[0m [36m🔵[0m [0m[38;5;208m[ghostCursor.js][0m [0mghostCursor moving to x=1025 y=1025[0m

[33m[39m[32m·[39m[90mstdout[2m | tests/unit/ghostCursor.test.js[2m > [22m[2mGhostCursor[2m > [22m[2mGeneral Click[2m > [22m[2mshould handle fallback click error
[22m[39m[2m07:51:32[0m [36m🔵[0m [0m[38;5;208m[ghostCursor.js][0m [0mghostCursor moving to x=1025 y=1025[0m

[33m[39m[32m·[39m[90mstdout[2m | tests/unit/ghostCursor.test.js[2m > [22m[2mGhostCursor[2m > [22m[2mGeneral Click[2m > [22m[2mshould retry tracking when element moves
[22m[39m[2m07:51:32[0m [36m🔵[0m [0m[38;5;208m[ghostCursor.js][0m [0mghostCursor moving to x=125 y=125[0m

[33m[39m[32m·[39m[33m[39m[32m·[39m[33m[39m[32m·[39m[90mstdout[2m | tests/unit/ghostCursor.test.js[2m > [22m[2mGhostCursor[2m > [22m[2mGeneral Click[2m > [22m[2mshould retry tracking when element moves
[22m[39m[2m07:51:32[0m [36m🔵[0m [0m[38;5;208m[ghostCursor.js][0m [0mghostCursor moving to x=175 y=175[0m

[33m[39m[32m·[39m[33m[39m[32m·[39m[33m[39m[32m·[39m[33m[39m[32m·[39m[33m[39m[32m·[39m[33m[39m[32m·[39m[33m[39m[32m·[39m[33m[39m[32m·[39m[90mstdout[2m | tests/unit/ghostCursor.test.js[2m > [22m[2mGhostCursor[2m > [22m[2mGeneral Click[2m > [22m[2mshould retry tracking when element moves
[22m[39m[2m07:51:32[0m [36m🔵[0m [0m[38;5;208m[ghostCursor.js][0m [0mghostCursor clicked x=275 y=275[0m

[33m[39m[32m·[39m[33m[39m[32m·[39m[33m[39m[32m·[39m[33m[39m[32m·[39m[33m[39m[32m·[39m[33m[39m[32m·[39m[33m[39m[32m·[39m[33m[39m[32m·[39m[33m[39m[32m·[39m[33m[39m[32m·[39m[33m[39m[32m·[39m[33m[39m[32m·[39m[33m[39m[32m·[39m[33m[39m[32m·[39m[33m[39m[32m·[39m[33m[39m[32m·[39m[33m[39m[32m·[39m[33m[39m[32m·[39m[33m[39m[32m·[39m[33m[39m[32m·[39m[33m[39m[32m·[39m[33m[39m[32m·[39m[33m[39m[32m·[39m[33m[39m[32m·[39m[33m[39m[32m·[39m[33m[39m[32m·[39m[33m[39m[32m·[39m[33m[39m[32m·[39m[33m[39m[32m·[39m[33m[39m[32m·[39m[33m[39m[32m·[39m[33m[39m[32m·[39m[33m[39m[32m·[39m[33m[39m[32m·[39m[33m[39m[32m·[39m[33m[39m[32m·[39m[33m[39m[32m·[39m[90mstdout[2m | tests/unit/human-interaction.test.js[2m > [22m[2mHumanInteraction[2m > [22m[2mhumanClick without ghost[2m > [22m[2mshould throw when no page or ghost
[22m[39m[2m07:51:34[0m [33m🟡[0m [0m[38;5;208m[human-interaction.js][0m[33m[0m[33m[humanClick][0m[33m No page/ghost initialized[0m

[90mstdout[2m | tests/unit/human-interaction.test.js[2m > [22m[2mHumanInteraction[2m > [22m[2mhumanClick without ghost[2m > [22m[2mshould throw when no page or ghost even if click exists
[22m[39m[2m07:51:34[0m [33m🟡[0m [0m[38;5;208m[human-interaction.js][0m[33m[0m[33m[humanClick][0m[33m No page/ghost initialized[0m

[90mstdout[2m | tests/unit/human-interaction.test.js[2m > [22m[2mHumanInteraction[2m > [22m[2msafeHumanClick failures[2m > [22m[2mshould return false after retries
[22m[39m[2m07:51:34[0m [33m🟡[0m [0m[38;5;208m[human-interaction.js][0m[33m[0m[33m[safeHumanClick][0m[33m [0m[33m[RetryFail][0m[33m Attempt 1/2 failed: fail[0m

[90mstdout[2m | tests/unit/human-interaction.test.js[2m > [22m[2mHumanInteraction[2m > [22m[2msafeHumanClick failures[2m > [22m[2mshould return false after retries
[22m[39m[2m07:51:35[0m [33m🟡[0m [0m[38;5;208m[human-interaction.js][0m[33m[0m[33m[safeHumanClick][0m[33m [0m[33m[RetryFail][0m[33m Attempt 2/2 failed: fail[0m
[2m07:51:35[0m [33m🟡[0m [0m[38;5;208m[human-interaction.js][0m[33m[0m[33m[safeHumanClick][0m[33m [0m[33m[RetryFail][0m[33m All retries exhausted. Errors: Attempt 1: fail; Attempt 2: fail[0m

[33m[39m[32m·[39m[33m[39m[32m·[39m[33m[39m[32m·[39m[33m[39m[32m·[39m[33m[39m[32m·[39m[33m[39m[32m·[39m[33m[39m[32m·[39m[33m[39m[32m·[39m[33m[39m[32m·[39m[33m[39m[32m·[39m[33m[39m[32m·[39m[33m[39m[32m·[39m[33m[39m[32m·[39m[33m[39m[32m·[39m[33m[39m[32m·[39m[33m[39m[32m·[39m[33m[39m[32m·[39m[33m[39m[32m·[39m[33m[39m[32m·[39m[33m[39m[32m·[39m[33m[39m[32m·[39m[33m[39m[32m·[39m[33m[39m[32m·[39m[33m[39m[32m·[39m[33m[39m[32m·[39m[33m[39m[32m·[39m[33m[39m[32m·[39m[33m[39m[32m·[39m[33m[39m[32m·[39m[33m[39m[32m·[39m[33m[39m[32m·[39m[33m[39m[32m·[39m[33m[39m[32m·[39m[33m[39m[32m·[39m[33m[39m[32m·[39m[33m[39m[32m·[39m[33m[39m[32m·[39m[33m[39m[32m·[39m[33m[39m[32m·[39m[33m[39m[32m·[39m[33m[39m[32m·[39m[33m[39m[32m·[39m[33m[39m[32m·[39m[33m[39m[32m·[39m[33m[39m[32m·[39m[33m[39m[32m·[39m[33m[39m[32m·[39m[33m[39m[32m·[39m[33m[39m[32m·[39m[33m[39m[32m·[39m[33m[39m[32m·[39m[33m[39m[32m·[39m[33m[39m[32m·[39m[33m[39m[32m·[39m[33m[39m[32m·[39m[33m[39m[32m·[39m[33m[39m[32m·[39m[33m[39m[32m·[39m[33m[39m[32m·[39m[33m[39m[32m·[39m[33m[39m[32m·[39m[90mstdout[2m | tests/unit/human-interaction.test.js[2m > [22m[2mHumanInteraction[2m > [22m[2mtypeText[2m > [22m[2mshould type text and use fallback click when not focused
[22m[39m[2m07:51:37[0m [33m🟡[0m [0m[38;5;208m[human-interaction.js][0m[33m[0m[33m[Type][0m[33m Could not focus element, trying alternative approach...[0m

[33m[39m[32m·[39m[33m[39m[32m·[39m[33m[39m[32m·[39m[33m[39m[32m·[39m[33m[39m[32m·[39m[33m[39m[32m·[39m[33m[39m[32m·[39m[33m[39m[32m·[39m[33m[39m[32m·[39m[33m[39m[32m·[39m[33m[39m[32m·[39m[33m[39m[32m·[39m[33m[39m[32m·[39m[33m[39m[32m·[39m[33m[39m[32m·[39m[33m[39m[32m·[39m[33m[39m[32m·[39m[33m[39m[32m·[39m[33m[39m[32m·[39m[33m[39m[32m·[39m[33m[39m[32m·[39m[33m[39m[32m·[39m[33m[39m[32m·[39m[33m[39m[32m·[39m[33m[39m[32m·[39m[33m[39m[32m·[39m[33m[39m[32m·[39m[33m[39m[32m·[39m[33m[39m[32m·[39m[33m[39m[32m·[39m[33m[39m[32m·[39m[33m[39m[32m·[39m[33m[39m[32m·[39m[33m[39m[32m·[39m[33m[39m[32m·[39m[33m[39m[32m·[39m[33m[39m[32m·[39m[33m[39m[32m·[39m[33m[39m[32m·[39m[33m[39m[32m·[39m[33m[39m[32m·[39m[33m[39m[32m·[39m[33m[39m[32m·[39m[33m[39m[32m·[39m[33m[39m[32m·[39m[33m[39m[32m·[39m[33m[39m[32m·[39m[33m[39m[32m·[39m[33m[39m[32m·[39m[33m[39m[32m·[39m[33m[39m[32m·[39m[33m[39m[32m·[39m[33m[39m[32m·[39m[33m[39m[32m·[39m[33m[39m[32m·[39m[33m[39m[32m·[39m[33m[39m[32m·[39m[33m[39m[32m·[39m[33m[39m[32m·[39m[90mstdout[2m | tests/unit/human-interaction.test.js[2m > [22m[2mHumanInteraction[2m > [22m[2mpostTweet[2m > [22m[2mshould return failure when button click throws and no method works
[22m[39m[2m07:51:46[0m [33m🟡[0m [0m[38;5;208m[human-interaction.js][0m[33m[0m[33m[Post][0m[33m Clicked [0m[33m[data-testid=[93m"tweetButton"[0m[33m][0m[33m but verify failed. Trying force click...[0m

[90mstdout[2m | tests/unit/human-interaction.test.js[2m > [22m[2mHumanInteraction[2m > [22m[2mpostTweet[2m > [22m[2mshould return failure when button click throws and no method works
[22m[39m[2m07:51:46[0m [33m🟡[0m [0m[38;5;208m[human-interaction.js][0m[33m[0m[33m[Post][0m[33m Failed - no method worked[0m

[33m[39m[32m·[39m[90mstdout[2m | tests/unit/human-interaction.test.js[2m > [22m[2mHumanInteraction[2m > [22m[2mfallback helpers[2m > [22m[2mshould handle errors when searching fallback selectors
[22m[39m[2m07:51:46[0m [33m🟡[0m [0m[38;5;208m[human-interaction.js][0m[33m[0m[33m[Fallback][0m[33m All 1 selectors failed[0m

[90mstdout[2m | tests/unit/human-interaction.test.js[2m > [22m[2mHumanInteraction[2m > [22m[2mfallback helpers[2m > [22m[2mshould treat visibility errors as not visible in fallback search
[22m[39m[2m07:51:46[0m [33m🟡[0m [0m[38;5;208m[human-interaction.js][0m[33m[0m[33m[Fallback][0m[33m All 1 selectors failed[0m

[90mstdout[2m | tests/unit/human-interaction.test.js[2m > [22m[2mHumanInteraction[2m > [22m[2mfallback helpers[2m > [22m[2mshould return null when fallback selectors fail
[22m[39m[2m07:51:46[0m [33m🟡[0m [0m[38;5;208m[human-interaction.js][0m[33m[0m[33m[Fallback][0m[33m Timeout reached after 10ms, stopping search[0m
[2m07:51:46[0m [33m🟡[0m [0m[38;5;208m[human-interaction.js][0m[33m[0m[33m[Fallback][0m[33m All 1 selectors failed[0m

[90mstdout[2m | tests/unit/human-interaction.test.js[2m > [22m[2mHumanInteraction[2m > [22m[2mfallback helpers[2m > [22m[2mshould handle selector errors during click fallback
[22m[39m[2m07:51:46[0m [33m🟡[0m [0m[38;5;208m[human-interaction.js][0m[33m[0m[33m[ClickFallback][0m[33m All selectors failed for: Target[0m

[90mstdout[2m | tests/unit/human-interaction.test.js[2m > [22m[2mHumanInteraction[2m > [22m[2mfallback helpers[2m > [22m[2mshould return false when click fallback fails
[22m[39m[2m07:51:46[0m [33m🟡[0m [0m[38;5;208m[human-interaction.js][0m[33m[0m[33m[ClickFallback][0m[33m All selectors failed for: Target[0m

[90mstdout[2m | tests/unit/human-interaction.test.js[2m > [22m[2mHumanInteraction[2m > [22m[2mfallback helpers[2m > [22m[2mshould skip elements that error on visibility check in click fallback
[22m[39m[2m07:51:46[0m [33m🟡[0m [0m[38;5;208m[human-interaction.js][0m[33m[0m[33m[ClickFallback][0m[33m All selectors failed for: Target[0m

[33m[39m[32m·[39m[33m[39m[32m·[39m[33m[39m[32m·[39m[33m[39m[32m·[39m[33m[39m[32m·[39m[33m[39m[32m·[39m[33m[39m[32m·[39m[33m[39m[32m·[39m[33m[39m[32m·[39m[33m[39m[32m·[39m[33m[39m[32m·[39m[33m[39m[32m·[39m[33m[39m[32m·[39m[33m[39m[32m·[39m[33m[39m[32m·[39m[33m[39m[32m·[39m[33m[39m[32m·[39m[33m[39m[32m·[39m[33m[39m[32m·[39m[33m[39m[32m·[39m[33m[39m[32m·[39m[33m[39m[32m·[39m[33m[39m[32m·[39m[33m[39m[32m·[39m[33m[39m[32m·[39m[33m[39m[32m·[39m[33m[39m[32m·[39m[33m[39m[32m·[39m[33m[39m[32m·[39m[33m[39m[32m·[39m[33m[39m[32m·[39m[33m[39m[32m·[39m[33m[39m[32m·[39m[33m[39m[32m·[39m[33m[39m[32m·[39m[33m[39m[32m·[39m

[2m Test Files [22m [1m[32m162 passed[39m[22m[90m (162)[39m
[2m      Tests [22m [1m[32m4514 passed[39m[22m[2m | [22m[33m65 skipped[39m[90m (4579)[39m
[2m   Start at [22m 07:51:25
[2m   Duration [22m 42.55s[2m (transform 38.46s, setup 5.73s, import 48.27s, tests 128.42s, environment 1.24s)[22m

