
> multi-browser-automation@0.0.30 test:coverage
> npx vitest run -c config/vitest.config.js --coverage --silent --reporter=dot api/tests/unit/api-math.test.js


[1m[46m RUN [49m[22m [36mv4.0.18 [39m[90mc:/My Script/auto-ai[39m
      [2mCoverage enabled with [22m[33mv8[39m



[31m⎯⎯⎯⎯⎯⎯[39m[1m[41m Failed Suites 1 [49m[22m[31m⎯⎯⎯⎯⎯⎯⎯[39m

[41m[1m FAIL [22m[49m api/tests/unit/api-math.test.js[2m [ api/tests/unit/api-math.test.js ][22m
[31m[1mError[22m: No test suite found in file c:/My Script/auto-ai/api/tests/unit/api-math.test.js[39m
[31m[2m⎯⎯⎯⎯⎯⎯⎯⎯⎯⎯⎯⎯⎯⎯⎯⎯⎯⎯⎯⎯⎯⎯⎯⎯[1/1]⎯[22m[39m


[2m Test Files [22m [1m[31m1 failed[39m[22m[90m (1)[39m
[2m      Tests [22m [2mno tests[22m
[2m   Start at [22m 03:16:04
[2m   Duration [22m 2.02s[2m (transform 32ms, setup 21ms, import 103ms, tests 0ms, environment 0ms)[22m

