
[1m[46m RUN [49m[22m [36mv4.0.18 [39m[90mC:/My Script/auto-ai[39m

[33m[39m[2m[90m-[39m[22m[33m[39m[2m[90m-[39m[22m[33m[39m[2m[90m-[39m[22m[33m[39m[2m[90m-[39m[22m[33m[39m[2m[90m-[39m[22m[33m[39m[2m[90m-[39m[22m[33m[39m[2m[90m-[39m[22m[33m[39m[2m[90m-[39m[22m[33m[39m[2m[90m-[39m[22m[33m[39m[2m[90m-[39m[22m[33m[39m[2m[90m-[39m[22m[33m[39m[2m[90m-[39m[22m[33m[39m[2m[90m-[39m[22m[33m[39m[2m[90m-[39m[22m[33m[39m[2m[90m-[39m[22m[33m[39m[2m[90m-[39m[22m[33m[39m[2m[90m-[39m[22m[90mstdout[2m | api/tests/unit/ai-quote-engine.test.js[2m > [22m[2mai-quote-engine[2m > [22m[2mexecutes quote methods and fallback
[22m[39m[INFO][EntropyController] [session-1772650321490-xhcaq3igo] Session initialized with paceMultiplier=0.90
[INFO][EntropyController] [session-1772650321490-xhcaq3igo] Fatigue scheduled for T+3.9m

[90mstdout[2m | api/tests/unit/ai-quote-engine.test.js[2m > [22m[2mai-quote-engine[2m > [22m[2mexecutes quote methods and fallback
[22m[39m[INFO][ai-quote-engine.js] [AIQuoteEngine] Initialized (probability: 0.5)

[90mstdout[2m | api/tests/unit/ai-quote-engine.test.js[2m > [22m[2mai-quote-engine[2m > [22m[2mexecutes quote methods and fallback
[22m[39m[INFO][ai-quote-engine.js] [QuoteMethodA] Starting keyboard compose method

[90mstdout[2m | api/tests/unit/ai-quote-engine.test.js[2m > [22m[2mai-quote-engine[2m > [22m[2mexecutes quote methods and fallback
[22m[39m[INFO][ai-quote-engine.js] [QuoteMethodA] Tweet text focused

[90mstdout[2m | api/tests/unit/ai-quote-engine.test.js[2m > [22m[2mai-quote-engine[2m > [22m[2mexecutes quote methods and fallback
[22m[39m[INFO][ai-quote-engine.js] [QuoteMethodA] Quote preview confirmed
[INFO][ai-quote-engine.js] [QuoteMethodA] Typing quote (10 chars, ghost cursor)...

[90mstdout[2m | api/tests/unit/ai-quote-engine.test.js[2m > [22m[2mai-quote-engine[2m > [22m[2mexecutes quote methods and fallback
[22m[39m[INFO][ai-quote-engine.js] [QuoteMethodB] Starting retweet menu method

[90mstdout[2m | api/tests/unit/ai-quote-engine.test.js[2m > [22m[2mai-quote-engine[2m > [22m[2mexecutes quote methods and fallback
[22m[39m[INFO][ai-quote-engine.js] [QuoteMethodB] Clicking retweet button using selector: #mock-selector
[INFO][ai-quote-engine.js] [QuoteMethodB] Clicking retweet button (ghost cursor)...

[90mstdout[2m | api/tests/unit/ai-quote-engine.test.js[2m > [22m[2mai-quote-engine[2m > [22m[2mexecutes quote methods and fallback
[22m[39m[INFO][ai-quote-engine.js] [QuoteMethodB] Clicking Quote option (ghost cursor)...

[90mstdout[2m | api/tests/unit/ai-quote-engine.test.js[2m > [22m[2mai-quote-engine[2m > [22m[2mexecutes quote methods and fallback
[22m[39m[INFO][ai-quote-engine.js] [QuoteMethodB] Typing quote (10 chars, ghost cursor)...

[90mstdout[2m | api/tests/unit/ai-quote-engine.test.js[2m > [22m[2mai-quote-engine[2m > [22m[2mexecutes quote methods and fallback
[22m[39m[INFO][ai-quote-engine.js] [QuoteMethodC] Starting new post + paste URL method

[90mstdout[2m | api/tests/unit/ai-quote-engine.test.js[2m > [22m[2mai-quote-engine[2m > [22m[2mexecutes quote methods and fallback
[22m[39m[INFO][ai-quote-engine.js] [QuoteMethodC] Current URL: https://x.com/status/1

[90mstdout[2m | api/tests/unit/ai-quote-engine.test.js[2m > [22m[2mai-quote-engine[2m > [22m[2mexecutes quote methods and fallback
[22m[39m[INFO][ai-quote-engine.js] [QuoteMethodC] Typing comment (10 chars, ghost cursor)...

[90mstdout[2m | api/tests/unit/ai-quote-engine.test.js[2m > [22m[2mai-quote-engine[2m > [22m[2mexecutes quote methods and fallback
[22m[39m[INFO][ai-quote-engine.js] [QuoteMethodC] Pasting tweet URL...

[90mstdout[2m | api/tests/unit/ai-quote-engine.test.js[2m > [22m[2mai-quote-engine[2m > [22m[2mexecutes quote methods and fallback
[22m[39m[INFO][ai-quote-engine.js] [AIQuote] Executing quote (14 chars)...
[INFO][ai-quote-engine.js] [AIQuote] Selected strategy: retweet_menu
[INFO][ai-quote-engine.js] [QuoteMethodB] Starting retweet menu method

[90mstdout[2m | api/tests/unit/ai-quote-engine.test.js[2m > [22m[2mai-quote-engine[2m > [22m[2mexecutes quote methods and fallback
[22m[39m[INFO][ai-quote-engine.js] [QuoteMethodB] Clicking retweet button using selector: #mock-selector
[INFO][ai-quote-engine.js] [QuoteMethodB] Clicking retweet button (ghost cursor)...

[90mstdout[2m | api/tests/unit/ai-quote-engine.test.js[2m > [22m[2mai-quote-engine[2m > [22m[2mexecutes quote methods and fallback
[22m[39m[INFO][ai-quote-engine.js] [QuoteMethodB] Clicking Quote option (ghost cursor)...

[90mstdout[2m | api/tests/unit/ai-quote-engine.test.js[2m > [22m[2mai-quote-engine[2m > [22m[2mexecutes quote methods and fallback
[22m[39m[INFO][ai-quote-engine.js] [QuoteMethodB] Typing quote (14 chars, ghost cursor)...

stderr | api/tests/unit/ai-quote-engine.test.js > ai-quote-engine > executes quote methods and fallback
[ERROR][ai-quote-engine.js] [AIQuote] Method retweet_menu failed: e.getAttribute is not a function 
[WARN][ai-quote-engine.js] [AIQuote] Trying fallback: retweet_menu

[90mstdout[2m | api/tests/unit/ai-quote-engine.test.js[2m > [22m[2mai-quote-engine[2m > [22m[2mexecutes quote methods and fallback
[22m[39m[INFO][ai-quote-engine.js] [QuoteMethodB] Starting retweet menu method

[90mstdout[2m | api/tests/unit/ai-quote-engine.test.js[2m > [22m[2mai-quote-engine[2m > [22m[2mexecutes quote methods and fallback
[22m[39m[INFO][ai-quote-engine.js] [QuoteMethodB] Clicking retweet button using selector: #mock-selector
[INFO][ai-quote-engine.js] [QuoteMethodB] Clicking retweet button (ghost cursor)...

[90mstdout[2m | api/tests/unit/ai-quote-engine.test.js[2m > [22m[2mai-quote-engine[2m > [22m[2mexecutes quote methods and fallback
[22m[39m[INFO][ai-quote-engine.js] [QuoteMethodB] Clicking Quote option (ghost cursor)...

[90mstdout[2m | api/tests/unit/ai-quote-engine.test.js[2m > [22m[2mai-quote-engine[2m > [22m[2mexecutes quote methods and fallback
[22m[39m[INFO][ai-quote-engine.js] [QuoteMethodB] Typing quote (14 chars, ghost cursor)...

[33m[39m[31mx[39m[33m[39m[2m[90m-[39m[22m[33m[39m[2m[90m-[39m[22m[33m[39m[2m[90m-[39m[22m[33m[39m[2m[90m-[39m[22m[33m[39m[2m[90m-[39m[22m[33m[39m[2m[90m-[39m[22m[33m[39m[2m[90m-[39m[22m[33m[39m[2m[90m-[39m[22m[33m[39m[2m[90m-[39m[22m[33m[39m[2m[90m-[39m[22m[33m[39m[2m[90m-[39m[22m[33m[39m[2m[90m-[39m[22m[33m[39m[2m[90m-[39m[22m[33m[39m[2m[90m-[39m[22m[33m[39m[2m[90m-[39m[22m[33m[39m[2m[90m-[39m[22m[33m[39m[2m[90m-[39m[22m[33m[39m[2m[90m-[39m[22m[33m[39m[2m[90m-[39m[22m[33m[39m[2m[90m-[39m[22m[33m[39m[2m[90m-[39m[22m[33m[39m[2m[90m-[39m[22m[33m[39m[2m[90m-[39m[22m[33m[39m[2m[90m-[39m[22m[33m[39m[2m[90m-[39m[22m[33m[39m[2m[90m-[39m[22m[33m[39m[2m[90m-[39m[22m[33m[39m[2m[90m-[39m[22m[33m[39m[2m[90m-[39m[22m[33m[39m[2m[90m-[39m[22m[33m[39m[2m[90m-[39m[22m[33m[39m[2m[90m-[39m[22m[33m[39m[2m[90m-[39m[22m[33m[39m[2m[90m-[39m[22m[33m[39m[2m[90m-[39m[22m[33m[39m[2m[90m-[39m[22m[33m[39m[2m[90m-[39m[22m[33m[39m[2m[90m-[39m[22m[33m[39m[2m[90m-[39m[22m[33m[39m[2m[90m-[39m[22m[33m[39m[2m[90m-[39m[22m[33m[39m[2m[90m-[39m[22m[33m[39m[2m[90m-[39m[22m[33m[39m[2m[90m-[39m[22m[33m[39m[2m[90m-[39m[22m[33m[39m[2m[90m-[39m[22m[33m[39m[2m[90m-[39m[22m[33m[39m[2m[90m-[39m[22m

ΓÄ»ΓÄ»ΓÄ»ΓÄ»ΓÄ»ΓÄ»ΓÄ» Failed Tests 1 ΓÄ»ΓÄ»ΓÄ»ΓÄ»ΓÄ»ΓÄ»ΓÄ»

 FAIL  api/tests/unit/ai-quote-engine.test.js > ai-quote-engine > executes quote methods and fallback
AssertionError: expected false to be true // Object.is equality

- Expected
+ Received

- true
+ false

 Γ¥» api/tests/unit/ai-quote-engine.test.js:467:30
    465|     selectMethodImpl = null;
    466|     timeoutSpy.mockRestore();
    467|     expect(fallback.success).toBe(true);
       |                              ^
    468|   });
    469| 

ΓÄ»ΓÄ»ΓÄ»ΓÄ»ΓÄ»ΓÄ»ΓÄ»ΓÄ»ΓÄ»ΓÄ»ΓÄ»ΓÄ»ΓÄ»ΓÄ»ΓÄ»ΓÄ»ΓÄ»ΓÄ»ΓÄ»ΓÄ»ΓÄ»ΓÄ»ΓÄ»ΓÄ»[1/1]ΓÄ»


[2m Test Files [22m [1m[31m1 failed[39m[22m[90m (1)[39m
[2m      Tests [22m [1m[31m1 failed[39m[22m[2m | [22m[33m65 skipped[39m[90m (66)[39m
[2m   Start at [22m 01:52:00
[2m   Duration [22m 1.09s[2m (transform 417ms, setup 26ms, import 341ms, tests 504ms, environment 0ms)[22m

